it       0 T  30.000 step  6.00 cur     825.6 best     825.6
it   30000 T  21.788 step  5.56 cur    1719.7 best     873.7
it   60000 T  15.824 step  5.12 cur    1369.0 best     930.5
it   90000 T  11.492 step  4.70 cur    1330.7 best     997.4
it  120000 T   8.346 step  4.29 cur    1056.2 best    1037.5
it  150000 T   6.062 step  3.90 cur     967.8 best     924.8
it  180000 T   4.402 step  3.51 cur     970.9 best     928.2
it  210000 T   3.197 step  3.14 cur     969.3 best     969.3
it  240000 T   2.322 step  2.79 cur    1025.1 best    1018.8
it  270000 T   1.686 step  2.45 cur    1092.5 best    1081.1
it  300000 T   1.225 step  2.12 cur    1151.2 best    1148.8
it  330000 T   0.889 step  1.81 cur    1237.8 best    1233.3
it  360000 T   0.646 step  1.52 cur    1350.9 best    1347.2
it  390000 T   0.469 step  1.24 cur    1476.6 best    1475.2
it  420000 T   0.341 step  0.99 cur    1614.0 best    1613.7
it  450000 T   0.247 step  0.75 cur    1597.8 best    1597.5
it  480000 T   0.180 step  0.54 cur    1591.7 best    1591.6
it  510000 T   0.131 step  0.35 cur    1585.8 best    1585.7
it  540000 T   0.095 step  0.20 cur    1578.6 best    1578.4
it  570000 T   0.069 step  0.20 cur    1573.0 best    1573.0
final exact cost 1570.7 (tracked 1570.7)
