it       0 T  60.000 step  6.00 cur    4043.4 best    4043.4
it   30000 T  42.091 step  5.56 cur    6065.1 best    4076.9
it   60000 T  29.528 step  5.12 cur    5469.4 best    4116.3
it   90000 T  20.714 step  4.70 cur    4796.8 best    4162.7
it  120000 T  14.532 step  4.29 cur    4648.6 best    4217.5
it  150000 T  10.194 step  3.90 cur    4670.8 best    4282.1
it  180000 T   7.151 step  3.51 cur    4497.4 best    4381.6
it  210000 T   5.017 step  3.14 cur    4377.7 best    4374.8
it  240000 T   3.519 step  2.79 cur    4455.0 best    4445.2
it  270000 T   2.469 step  2.45 cur    4628.0 best    4605.8
it  300000 T   1.732 step  2.12 cur    4774.9 best    4766.0
it  330000 T   1.215 step  1.81 cur    4980.2 best    4976.7
it  360000 T   0.852 step  1.52 cur    5187.4 best    5185.1
it  390000 T   0.598 step  1.24 cur    5471.5 best    5471.0
it  420000 T   0.419 step  0.99 cur    5776.3 best    5775.4
it  450000 T   0.294 step  0.75 cur    5737.8 best    5737.8
it  480000 T   0.206 step  0.54 cur    5722.5 best    5722.4
it  510000 T   0.145 step  0.35 cur    5700.1 best    5700.1
it  540000 T   0.102 step  0.20 cur    5693.2 best    5693.2
it  570000 T   0.071 step  0.20 cur    5679.7 best    5679.7
final exact cost 5675.6 (tracked 5675.6)
