it       0 T  60.000 step  6.00 cur    4043.4 best    4043.4
it   30000 T  42.091 step  5.56 cur    5781.6 best    4076.9
it   60000 T  29.528 step  5.12 cur    5403.0 best    4116.3
it   90000 T  20.714 step  4.70 cur    4659.9 best    4162.7
it  120000 T  14.532 step  4.29 cur    4269.4 best    4228.2
it  150000 T  10.194 step  3.90 cur    4258.7 best    4104.4
it  180000 T   7.151 step  3.51 cur    4234.6 best    4169.0
it  210000 T   5.017 step  3.14 cur    4115.0 best    4106.2
it  240000 T   3.519 step  2.79 cur    4215.4 best    4196.5
it  270000 T   2.469 step  2.45 cur    4358.4 best    4346.9
it  300000 T   1.732 step  2.12 cur    4527.6 best    4506.1
it  330000 T   1.215 step  1.81 cur    4740.5 best    4740.1
it  360000 T   0.852 step  1.52 cur    5042.0 best    5034.7
it  390000 T   0.598 step  1.24 cur    5335.2 best    5335.2
it  420000 T   0.419 step  0.99 cur    5694.5 best    5694.5
it  450000 T   0.294 step  0.75 cur    5689.8 best    5689.1
it  480000 T   0.206 step  0.54 cur    5673.6 best    5673.6
it  510000 T   0.145 step  0.35 cur    5665.6 best    5665.4
it  540000 T   0.102 step  0.20 cur    5644.9 best    5644.5
it  570000 T   0.071 step  0.20 cur    5639.5 best    5639.2
final exact cost 5634.6 (tracked 5634.6)
