it       0 T  60.000 step  6.00 cur    4043.4 best    4043.4
it   30000 T  42.091 step  5.56 cur    5635.6 best    4076.9
it   60000 T  29.528 step  5.12 cur    4954.6 best    4116.3
it   90000 T  20.714 step  4.70 cur    4368.3 best    4194.0
it  120000 T  14.532 step  4.29 cur    3896.7 best    3850.3
it  150000 T  10.194 step  3.90 cur    4059.6 best    3943.0
it  180000 T   7.151 step  3.51 cur    4046.8 best    3949.2
it  210000 T   5.017 step  3.14 cur    3923.4 best    3920.6
it  240000 T   3.519 step  2.79 cur    3917.6 best    3910.4
it  270000 T   2.469 step  2.45 cur    4010.6 best    4010.6
it  300000 T   1.732 step  2.12 cur    4155.3 best    4155.3
it  330000 T   1.215 step  1.81 cur    4261.7 best    4258.3
it  360000 T   0.852 step  1.52 cur    4453.7 best    4453.0
it  390000 T   0.598 step  1.24 cur    4672.1 best    4672.1
it  420000 T   0.419 step  0.99 cur    4920.8 best    4920.3
it  450000 T   0.294 step  0.75 cur    4903.8 best    4903.8
it  480000 T   0.206 step  0.54 cur    4896.8 best    4896.7
it  510000 T   0.145 step  0.35 cur    4881.0 best    4881.0
it  540000 T   0.102 step  0.20 cur    4873.6 best    4873.6
it  570000 T   0.071 step  0.20 cur    4864.4 best    4864.4
final exact cost 4862.0 (tracked 4862.0)
