it       0 T  60.000 step  6.00 cur    4043.4 best    4043.4
it   30000 T  42.091 step  5.56 cur    5327.9 best    4076.9
it   60000 T  29.528 step  5.12 cur    4421.5 best    4198.6
it   90000 T  20.714 step  4.70 cur    4058.9 best    3889.4
it  120000 T  14.532 step  4.29 cur    3968.1 best    3682.2
it  150000 T  10.194 step  3.90 cur    3719.4 best    3718.6
it  180000 T   7.151 step  3.51 cur    3816.2 best    3746.8
it  210000 T   5.017 step  3.14 cur    3853.1 best    3772.5
it  240000 T   3.519 step  2.79 cur    3900.1 best    3882.9
it  270000 T   2.469 step  2.45 cur    3914.8 best    3911.8
it  300000 T   1.732 step  2.12 cur    3861.7 best    3849.3
it  330000 T   1.215 step  1.81 cur    3939.5 best    3939.4
it  360000 T   0.852 step  1.52 cur    4101.9 best    4100.1
it  390000 T   0.598 step  1.24 cur    4276.2 best    4276.2
it  420000 T   0.419 step  0.99 cur    4486.2 best    4486.2
it  450000 T   0.294 step  0.75 cur    4386.2 best    4385.0
it  480000 T   0.206 step  0.54 cur    4371.1 best    4369.8
it  510000 T   0.145 step  0.35 cur    4359.7 best    4358.6
it  540000 T   0.102 step  0.20 cur    4347.3 best    4347.3
it  570000 T   0.071 step  0.20 cur    4337.8 best    4337.8
final exact cost 4335.9 (tracked 4335.9)
