it       0 T  60.000 step  6.00 cur    4043.4 best    4043.4
it   30000 T  42.091 step  5.56 cur    5294.9 best    4076.9
it   60000 T  29.528 step  5.12 cur    4815.6 best    4116.3
it   90000 T  20.714 step  4.70 cur    4678.7 best    4162.7
it  120000 T  14.532 step  4.29 cur    4164.0 best    4120.6
it  150000 T  10.194 step  3.90 cur    4198.3 best    4154.5
it  180000 T   7.151 step  3.51 cur    4268.1 best    4224.1
it  210000 T   5.017 step  3.14 cur    4303.7 best    4270.0
it  240000 T   3.519 step  2.79 cur    4408.2 best    4398.5
it  270000 T   2.469 step  2.45 cur    4504.4 best    4502.8
it  300000 T   1.732 step  2.12 cur    4753.2 best    4741.7
it  330000 T   1.215 step  1.81 cur    4999.3 best    4996.9
it  360000 T   0.852 step  1.52 cur    5273.4 best    5272.9
it  390000 T   0.598 step  1.24 cur    5625.5 best    5624.5
it  420000 T   0.419 step  0.99 cur    6046.3 best    6046.2
it  450000 T   0.294 step  0.75 cur    5954.0 best    5953.8
it  480000 T   0.206 step  0.54 cur    5851.6 best    5851.0
it  510000 T   0.145 step  0.35 cur    5838.5 best    5838.5
it  540000 T   0.102 step  0.20 cur    5834.4 best    5834.4
it  570000 T   0.071 step  0.20 cur    5827.2 best    5827.2
final exact cost 5821.0 (tracked 5821.0)
