it       0 T  60.000 step  6.00 cur    4043.4 best    4043.4
it   30000 T  42.091 step  5.56 cur    5049.5 best    4076.9
it   60000 T  29.528 step  5.12 cur    4564.8 best    4116.3
it   90000 T  20.714 step  4.70 cur    4049.2 best    3859.2
it  120000 T  14.532 step  4.29 cur    3927.1 best    3854.5
it  150000 T  10.194 step  3.90 cur    3783.8 best    3766.2
it  180000 T   7.151 step  3.51 cur    3857.1 best    3792.5
it  210000 T   5.017 step  3.14 cur    3866.2 best    3866.2
it  240000 T   3.519 step  2.79 cur    3864.4 best    3855.4
it  270000 T   2.469 step  2.45 cur    3964.8 best    3962.0
it  300000 T   1.732 step  2.12 cur    4165.5 best    4155.1
it  330000 T   1.215 step  1.81 cur    4372.4 best    4368.8
it  360000 T   0.852 step  1.52 cur    4664.8 best    4661.9
it  390000 T   0.598 step  1.24 cur    4999.9 best    4999.4
it  420000 T   0.419 step  0.99 cur    5388.8 best    5388.0
it  450000 T   0.294 step  0.75 cur    5380.8 best    5379.3
it  480000 T   0.206 step  0.54 cur    5371.1 best    5371.1
it  510000 T   0.145 step  0.35 cur    5359.3 best    5359.3
it  540000 T   0.102 step  0.20 cur    5351.2 best    5351.2
it  570000 T   0.071 step  0.20 cur    5346.5 best    5346.5
final exact cost 5345.2 (tracked 5345.2)
