it       0 T  60.000 step  6.00 cur    4043.4 best    4043.4
it   30000 T  42.091 step  5.56 cur    4786.4 best    4076.9
it   60000 T  29.528 step  5.12 cur    4878.9 best    4116.3
it   90000 T  20.714 step  4.70 cur    4344.8 best    4021.8
it  120000 T  14.532 step  4.29 cur    3733.6 best    3733.6
it  150000 T  10.194 step  3.90 cur    4022.2 best    3930.2
it  180000 T   7.151 step  3.51 cur    3805.6 best    3743.6
it  210000 T   5.017 step  3.14 cur    3902.8 best    3879.7
it  240000 T   3.519 step  2.79 cur    3911.3 best    3896.9
it  270000 T   2.469 step  2.45 cur    4032.8 best    4032.8
it  300000 T   1.732 step  2.12 cur    4201.6 best    4200.0
it  330000 T   1.215 step  1.81 cur    4449.5 best    4445.0
it  360000 T   0.852 step  1.52 cur    4728.8 best    4721.1
it  390000 T   0.598 step  1.24 cur    5060.8 best    5060.4
it  420000 T   0.419 step  0.99 cur    5480.2 best    5479.7
it  450000 T   0.294 step  0.75 cur    5463.2 best    5463.2
it  480000 T   0.206 step  0.54 cur    5398.1 best    5398.1
it  510000 T   0.145 step  0.35 cur    5360.1 best    5359.8
it  540000 T   0.102 step  0.20 cur    5346.6 best    5346.6
it  570000 T   0.071 step  0.20 cur    5339.3 best    5339.3
final exact cost 5337.6 (tracked 5337.6)
