it       0 T  60.000 step  6.00 cur    4043.4 best    4043.4
it   30000 T  42.091 step  5.56 cur    6564.1 best    4076.9
it   60000 T  29.528 step  5.12 cur    5011.0 best    4116.3
it   90000 T  20.714 step  4.70 cur    4774.1 best    4162.7
it  120000 T  14.532 step  4.29 cur    4395.9 best    4271.3
it  150000 T  10.194 step  3.90 cur    4070.5 best    3975.7
it  180000 T   7.151 step  3.51 cur    3902.9 best    3892.5
it  210000 T   5.017 step  3.14 cur    4008.9 best    3951.1
it  240000 T   3.519 step  2.79 cur    3798.1 best    3770.2
it  270000 T   2.469 step  2.45 cur    3862.5 best    3837.8
it  300000 T   1.732 step  2.12 cur    3974.7 best    3974.7
it  330000 T   1.215 step  1.81 cur    4109.9 best    4106.0
it  360000 T   0.852 step  1.52 cur    4255.4 best    4254.7
it  390000 T   0.598 step  1.24 cur    4454.1 best    4452.9
it  420000 T   0.419 step  0.99 cur    4711.5 best    4711.4
it  450000 T   0.294 step  0.75 cur    4676.8 best    4676.8
it  480000 T   0.206 step  0.54 cur    4659.9 best    4659.9
it  510000 T   0.145 step  0.35 cur    4584.4 best    4584.4
it  540000 T   0.102 step  0.20 cur    4552.4 best    4552.4
it  570000 T   0.071 step  0.20 cur    4541.7 best    4541.7
final exact cost 4538.6 (tracked 4538.6)
