it       0 T  60.000 step  6.00 cur    4043.4 best    4043.4
it   30000 T  42.091 step  5.56 cur    5841.9 best    4076.9
it   60000 T  29.528 step  5.12 cur    4904.1 best    4116.3
it   90000 T  20.714 step  4.70 cur    5198.8 best    4162.7
it  120000 T  14.532 step  4.29 cur    4663.3 best    4217.5
it  150000 T  10.194 step  3.90 cur    4545.2 best    4475.9
it  180000 T   7.151 step  3.51 cur    4571.7 best    4539.0
it  210000 T   5.017 step  3.14 cur    4841.1 best    4810.6
it  240000 T   3.519 step  2.79 cur    5026.0 best    5026.0
it  270000 T   2.469 step  2.45 cur    5421.2 best    5375.8
it  300000 T   1.732 step  2.12 cur    5771.5 best    5771.5
it  330000 T   1.215 step  1.81 cur    6159.5 best    6156.2
it  360000 T   0.852 step  1.52 cur    6591.6 best    6591.6
it  390000 T   0.598 step  1.24 cur    7183.7 best    7183.7
it  420000 T   0.419 step  0.99 cur    7927.9 best    7927.0
it  450000 T   0.294 step  0.75 cur    7901.3 best    7901.3
it  480000 T   0.206 step  0.54 cur    7871.5 best    7871.4
it  510000 T   0.145 step  0.35 cur    7851.5 best    7851.3
it  540000 T   0.102 step  0.20 cur    7824.0 best    7823.9
it  570000 T   0.071 step  0.20 cur    7809.6 best    7809.6
final exact cost 7806.2 (tracked 7806.2)
