it       0 T  60.000 step  6.00 cur    4043.4 best    4043.4
it   30000 T  42.091 step  5.56 cur    6105.8 best    4076.9
it   60000 T  29.528 step  5.12 cur    4450.6 best    4116.3
it   90000 T  20.714 step  4.70 cur    4371.1 best    4222.6
it  120000 T  14.532 step  4.29 cur    4050.0 best    3787.9
it  150000 T  10.194 step  3.90 cur    3760.4 best    3743.1
it  180000 T   7.151 step  3.51 cur    3785.8 best    3691.6
it  210000 T   5.017 step  3.14 cur    3781.4 best    3780.3
it  240000 T   3.519 step  2.79 cur    3826.1 best    3825.8
it  270000 T   2.469 step  2.45 cur    3804.7 best    3804.7
it  300000 T   1.732 step  2.12 cur    3893.4 best    3886.4
it  330000 T   1.215 step  1.81 cur    4015.5 best    4013.2
it  360000 T   0.852 step  1.52 cur    4168.8 best    4167.4
it  390000 T   0.598 step  1.24 cur    4354.7 best    4354.7
it  420000 T   0.419 step  0.99 cur    4590.0 best    4589.1
it  450000 T   0.294 step  0.75 cur    4587.3 best    4586.1
it  480000 T   0.206 step  0.54 cur    4569.3 best    4569.3
it  510000 T   0.145 step  0.35 cur    4561.8 best    4561.7
it  540000 T   0.102 step  0.20 cur    4551.9 best    4551.9
it  570000 T   0.071 step  0.20 cur    4546.1 best    4546.1
final exact cost 4545.4 (tracked 4545.4)
