it       0 T  80.000 step  4.00 cur    5860.6 best    5860.6
it   12500 T  55.320 step  3.70 cur    3523.8 best    3523.8
it   25000 T  38.254 step  3.42 cur    3651.5 best    3504.0
it   37500 T  26.453 step  3.13 cur    3567.3 best    3504.0
it   50000 T  18.292 step  2.86 cur    3543.9 best    3504.0
it   62500 T  12.649 step  2.60 cur    3509.7 best    3490.5
it   75000 T   8.747 step  2.34 cur    3491.9 best    3490.5
it   87500 T   6.049 step  2.10 cur    3503.4 best    3490.5
it  100000 T   4.183 step  1.86 cur    3500.0 best    3490.5
it  112500 T   2.892 step  1.63 cur    3494.4 best    3490.5
it  125000 T   2.000 step  1.41 cur    3497.7 best    3490.5
it  137500 T   1.383 step  1.21 cur    3489.0 best    3487.0
it  150000 T   0.956 step  1.01 cur    3480.4 best    3480.4
it  162500 T   0.661 step  0.83 cur    3482.5 best    3480.4
it  175000 T   0.457 step  0.66 cur    3481.2 best    3480.4
it  187500 T   0.316 step  0.50 cur    3477.0 best    3476.9
it  200000 T   0.219 step  0.36 cur    3476.9 best    3476.5
it  212500 T   0.151 step  0.23 cur    3476.6 best    3476.5
it  225000 T   0.105 step  0.20 cur    3476.6 best    3476.5
it  237500 T   0.072 step  0.20 cur    3476.6 best    3476.5
final exact cost 3476.5 (tracked 3476.5)
