it       0 T  80.000 step  4.00 cur    5860.6 best    5860.6
it   12500 T  55.320 step  3.70 cur    3826.6 best    3536.9
it   25000 T  38.254 step  3.42 cur    3577.6 best    3536.9
it   37500 T  26.453 step  3.13 cur    3595.9 best    3523.7
it   50000 T  18.292 step  2.86 cur    3544.6 best    3523.7
it   62500 T  12.649 step  2.60 cur    3542.2 best    3516.0
it   75000 T   8.747 step  2.34 cur    3503.5 best    3485.2
it   87500 T   6.049 step  2.10 cur    3496.0 best    3482.2
it  100000 T   4.183 step  1.86 cur    3483.0 best    3482.2
it  112500 T   2.892 step  1.63 cur    3484.8 best    3482.2
it  125000 T   2.000 step  1.41 cur    3485.2 best    3482.2
it  137500 T   1.383 step  1.21 cur    3483.9 best    3482.2
it  150000 T   0.956 step  1.01 cur    3484.6 best    3482.2
it  162500 T   0.661 step  0.83 cur    3480.1 best    3479.3
it  175000 T   0.457 step  0.66 cur    3477.3 best    3477.3
it  187500 T   0.316 step  0.50 cur    3477.3 best    3477.3
it  200000 T   0.219 step  0.36 cur    3477.3 best    3477.3
it  212500 T   0.151 step  0.23 cur    3476.7 best    3476.6
it  225000 T   0.105 step  0.20 cur    3476.6 best    3476.6
it  237500 T   0.072 step  0.20 cur    3476.6 best    3476.6
final exact cost 3476.3 (tracked 3476.3)
