it       0 T  80.000 step  4.00 cur    5860.6 best    5860.6
it   12500 T  55.320 step  3.70 cur    3684.1 best    3681.7
it   25000 T  38.254 step  3.42 cur    3874.9 best    3671.4
it   37500 T  26.453 step  3.13 cur    3556.5 best    3498.8
it   50000 T  18.292 step  2.86 cur    3527.4 best    3498.8
it   62500 T  12.649 step  2.60 cur    3502.0 best    3481.5
it   75000 T   8.747 step  2.34 cur    3483.2 best    3479.9
it   87500 T   6.049 step  2.10 cur    3514.1 best    3479.9
it  100000 T   4.183 step  1.86 cur    3514.0 best    3479.9
it  112500 T   2.892 step  1.63 cur    3492.1 best    3479.9
it  125000 T   2.000 step  1.41 cur    3496.6 best    3479.9
it  137500 T   1.383 step  1.21 cur    3485.8 best    3479.9
it  150000 T   0.956 step  1.01 cur    3485.2 best    3479.9
it  162500 T   0.661 step  0.83 cur    3481.8 best    3479.9
it  175000 T   0.457 step  0.66 cur    3478.3 best    3478.3
it  187500 T   0.316 step  0.50 cur    3476.5 best    3476.5
it  200000 T   0.219 step  0.36 cur    3476.4 best    3476.4
it  212500 T   0.151 step  0.23 cur    3476.6 best    3476.4
it  225000 T   0.105 step  0.20 cur    3476.5 best    3476.3
it  237500 T   0.072 step  0.20 cur    3476.3 best    3476.3
final exact cost 3476.3 (tracked 3476.3)
