it       0 T 120.000 step  4.00 cur    5860.6 best    5860.6
it   17500 T  81.315 step  3.70 cur    3830.0 best    3804.0
it   35000 T  55.101 step  3.42 cur    3800.1 best    3617.6
it   52500 T  37.338 step  3.13 cur    3680.2 best    3605.5
it   70000 T  25.301 step  2.86 cur    3738.4 best    3571.2
it   87500 T  17.145 step  2.60 cur    3657.5 best    3571.2
it  105000 T  11.618 step  2.34 cur    3651.1 best    3571.2
it  122500 T   7.872 step  2.10 cur    3567.8 best    3563.8
it  140000 T   5.335 step  1.86 cur    3529.0 best    3529.0
it  157500 T   3.615 step  1.63 cur    3543.1 best    3527.3
it  175000 T   2.449 step  1.41 cur    3496.4 best    3489.4
it  192500 T   1.660 step  1.21 cur    3487.9 best    3487.9
it  210000 T   1.125 step  1.01 cur    3483.6 best    3483.6
it  227500 T   0.762 step  0.83 cur    3479.2 best    3479.0
it  245000 T   0.516 step  0.66 cur    3472.0 best    3472.0
it  262500 T   0.350 step  0.50 cur    3470.5 best    3470.5
it  280000 T   0.237 step  0.36 cur    3470.4 best    3469.5
it  297500 T   0.161 step  0.23 cur    3469.1 best    3468.2
it  315000 T   0.109 step  0.20 cur    3467.5 best    3467.5
it  332500 T   0.074 step  0.20 cur    3466.6 best    3466.5
final exact cost 3466.4 (tracked 3466.4)
