it       0 T 120.000 step  4.00 cur    5860.6 best    5860.6
it   17500 T  81.315 step  3.70 cur    4402.2 best    3897.0
it   35000 T  55.101 step  3.42 cur    3918.9 best    3717.6
it   52500 T  37.338 step  3.13 cur    4021.5 best    3717.6
it   70000 T  25.301 step  2.86 cur    3778.0 best    3701.1
it   87500 T  17.145 step  2.60 cur    3600.0 best    3584.2
it  105000 T  11.618 step  2.34 cur    3590.3 best    3583.6
it  122500 T   7.872 step  2.10 cur    3609.8 best    3550.9
it  140000 T   5.335 step  1.86 cur    3599.0 best    3550.9
it  157500 T   3.615 step  1.63 cur    3535.6 best    3534.0
it  175000 T   2.449 step  1.41 cur    3547.7 best    3528.5
it  192500 T   1.660 step  1.21 cur    3519.7 best    3514.8
it  210000 T   1.125 step  1.01 cur    3519.1 best    3510.7
it  227500 T   0.762 step  0.83 cur    3510.5 best    3509.3
it  245000 T   0.516 step  0.66 cur    3508.3 best    3507.9
it  262500 T   0.350 step  0.50 cur    3506.1 best    3505.9
it  280000 T   0.237 step  0.36 cur    3505.4 best    3505.4
it  297500 T   0.161 step  0.23 cur    3506.4 best    3505.3
it  315000 T   0.109 step  0.20 cur    3504.7 best    3504.7
it  332500 T   0.074 step  0.20 cur    3504.6 best    3504.6
final exact cost 3504.4 (tracked 3504.4)
