it       0 T 120.000 step  4.00 cur    5860.6 best    5860.6
it   17500 T  81.315 step  3.70 cur    4067.3 best    3935.1
it   35000 T  55.101 step  3.42 cur    4141.0 best    3681.2
it   52500 T  37.338 step  3.13 cur    3698.8 best    3673.5
it   70000 T  25.301 step  2.86 cur    3581.3 best    3564.4
it   87500 T  17.145 step  2.60 cur    3731.9 best    3564.4
it  105000 T  11.618 step  2.34 cur    3570.7 best    3531.2
it  122500 T   7.872 step  2.10 cur    3522.2 best    3516.4
it  140000 T   5.335 step  1.86 cur    3523.5 best    3516.4
it  157500 T   3.615 step  1.63 cur    3539.3 best    3509.4
it  175000 T   2.449 step  1.41 cur    3522.0 best    3508.6
it  192500 T   1.660 step  1.21 cur    3505.0 best    3502.2
it  210000 T   1.125 step  1.01 cur    3499.8 best    3496.3
it  227500 T   0.762 step  0.83 cur    3479.8 best    3479.8
it  245000 T   0.516 step  0.66 cur    3479.3 best    3479.1
it  262500 T   0.350 step  0.50 cur    3479.5 best    3479.1
it  280000 T   0.237 step  0.36 cur    3471.7 best    3470.6
it  297500 T   0.161 step  0.23 cur    3470.1 best    3470.0
it  315000 T   0.109 step  0.20 cur    3467.6 best    3467.6
it  332500 T   0.074 step  0.20 cur    3467.4 best    3467.0
final exact cost 3466.8 (tracked 3466.8)
