it       0 T 120.000 step  4.00 cur    5860.6 best    5860.6
it   17500 T  81.315 step  3.70 cur    3916.0 best    3814.4
it   35000 T  55.101 step  3.42 cur    3810.9 best    3615.2
it   52500 T  37.338 step  3.13 cur    3913.9 best    3615.2
it   70000 T  25.301 step  2.86 cur    3819.8 best    3615.2
it   87500 T  17.145 step  2.60 cur    3806.6 best    3615.2
it  105000 T  11.618 step  2.34 cur    3562.4 best    3550.7
it  122500 T   7.872 step  2.10 cur    3630.9 best    3546.1
it  140000 T   5.335 step  1.86 cur    3545.7 best    3545.7
it  157500 T   3.615 step  1.63 cur    3554.6 best    3542.2
it  175000 T   2.449 step  1.41 cur    3511.5 best    3506.5
it  192500 T   1.660 step  1.21 cur    3495.3 best    3495.3
it  210000 T   1.125 step  1.01 cur    3492.1 best    3491.6
it  227500 T   0.762 step  0.83 cur    3481.0 best    3480.1
it  245000 T   0.516 step  0.66 cur    3478.3 best    3478.3
it  262500 T   0.350 step  0.50 cur    3477.5 best    3477.2
it  280000 T   0.237 step  0.36 cur    3476.0 best    3475.8
it  297500 T   0.161 step  0.23 cur    3476.3 best    3475.8
it  315000 T   0.109 step  0.20 cur    3475.4 best    3475.4
it  332500 T   0.074 step  0.20 cur    3475.1 best    3475.1
final exact cost 3475.0 (tracked 3475.0)
