it       0 T 120.000 step  4.00 cur    5860.6 best    5860.6
it   17500 T  81.315 step  3.70 cur    4204.9 best    3950.3
it   35000 T  55.101 step  3.42 cur    3951.1 best    3821.5
it   52500 T  37.338 step  3.13 cur    3881.3 best    3691.6
it   70000 T  25.301 step  2.86 cur    3621.9 best    3593.0
it   87500 T  17.145 step  2.60 cur    3705.3 best    3593.0
it  105000 T  11.618 step  2.34 cur    3595.9 best    3579.8
it  122500 T   7.872 step  2.10 cur    3555.7 best    3545.8
it  140000 T   5.335 step  1.86 cur    3585.1 best    3531.4
it  157500 T   3.615 step  1.63 cur    3525.4 best    3521.3
it  175000 T   2.449 step  1.41 cur    3525.2 best    3517.3
it  192500 T   1.660 step  1.21 cur    3524.3 best    3517.1
it  210000 T   1.125 step  1.01 cur    3517.1 best    3512.9
it  227500 T   0.762 step  0.83 cur    3514.8 best    3511.0
it  245000 T   0.516 step  0.66 cur    3509.9 best    3509.7
it  262500 T   0.350 step  0.50 cur    3507.0 best    3507.0
it  280000 T   0.237 step  0.36 cur    3508.3 best    3506.1
it  297500 T   0.161 step  0.23 cur    3507.2 best    3506.1
it  315000 T   0.109 step  0.20 cur    3505.1 best    3505.1
it  332500 T   0.074 step  0.20 cur    3504.9 best    3504.9
final exact cost 3504.7 (tracked 3504.7)
