it       0 T 120.000 step  4.00 cur    5860.6 best    5860.6
it   17500 T  81.315 step  3.70 cur    4874.9 best    4202.4
it   35000 T  55.101 step  3.42 cur    3942.3 best    3717.1
it   52500 T  37.338 step  3.13 cur    3887.6 best    3670.1
it   70000 T  25.301 step  2.86 cur    3837.9 best    3670.1
it   87500 T  17.145 step  2.60 cur    3579.6 best    3562.9
it  105000 T  11.618 step  2.34 cur    3560.7 best    3545.5
it  122500 T   7.872 step  2.10 cur    3599.7 best    3508.9
it  140000 T   5.335 step  1.86 cur    3534.9 best    3508.9
it  157500 T   3.615 step  1.63 cur    3505.7 best    3496.6
it  175000 T   2.449 step  1.41 cur    3496.1 best    3491.0
it  192500 T   1.660 step  1.21 cur    3488.5 best    3487.2
it  210000 T   1.125 step  1.01 cur    3483.1 best    3480.1
it  227500 T   0.762 step  0.83 cur    3483.7 best    3478.4
it  245000 T   0.516 step  0.66 cur    3475.5 best    3475.3
it  262500 T   0.350 step  0.50 cur    3471.8 best    3471.6
it  280000 T   0.237 step  0.36 cur    3468.9 best    3468.7
it  297500 T   0.161 step  0.23 cur    3467.5 best    3467.5
it  315000 T   0.109 step  0.20 cur    3467.5 best    3467.1
it  332500 T   0.074 step  0.20 cur    3466.9 best    3466.8
final exact cost 3466.8 (tracked 3466.8)
