it       0 T 120.000 step  4.00 cur    5860.6 best    5860.6
it   17500 T  81.315 step  3.70 cur    4553.6 best    3898.6
it   35000 T  55.101 step  3.42 cur    3720.4 best    3645.0
it   52500 T  37.338 step  3.13 cur    3699.3 best    3606.7
it   70000 T  25.301 step  2.86 cur    3601.7 best    3577.3
it   87500 T  17.145 step  2.60 cur    3636.0 best    3576.3
it  105000 T  11.618 step  2.34 cur    3631.2 best    3576.3
it  122500 T   7.872 step  2.10 cur    3607.4 best    3576.3
it  140000 T   5.335 step  1.86 cur    3557.8 best    3549.5
it  157500 T   3.615 step  1.63 cur    3556.2 best    3535.2
it  175000 T   2.449 step  1.41 cur    3525.4 best    3524.4
it  192500 T   1.660 step  1.21 cur    3528.1 best    3524.3
it  210000 T   1.125 step  1.01 cur    3524.7 best    3520.9
it  227500 T   0.762 step  0.83 cur    3515.3 best    3514.0
it  245000 T   0.516 step  0.66 cur    3514.9 best    3511.6
it  262500 T   0.350 step  0.50 cur    3506.6 best    3506.4
it  280000 T   0.237 step  0.36 cur    3506.4 best    3506.4
it  297500 T   0.161 step  0.23 cur    3505.7 best    3505.7
it  315000 T   0.109 step  0.20 cur    3504.8 best    3504.8
it  332500 T   0.074 step  0.20 cur    3504.7 best    3504.7
final exact cost 3504.7 (tracked 3504.7)
