it       0 T 120.000 step  4.00 cur    5860.6 best    5860.6
it   17500 T  81.315 step  3.70 cur    4160.1 best    3762.5
it   35000 T  55.101 step  3.42 cur    3718.3 best    3677.3
it   52500 T  37.338 step  3.13 cur    3679.5 best    3568.2
it   70000 T  25.301 step  2.86 cur    3723.1 best    3564.4
it   87500 T  17.145 step  2.60 cur    3603.1 best    3564.4
it  105000 T  11.618 step  2.34 cur    3581.2 best    3550.5
it  122500 T   7.872 step  2.10 cur    3586.9 best    3523.7
it  140000 T   5.335 step  1.86 cur    3577.2 best    3523.7
it  157500 T   3.615 step  1.63 cur    3563.4 best    3523.7
it  175000 T   2.449 step  1.41 cur    3548.5 best    3523.7
it  192500 T   1.660 step  1.21 cur    3547.0 best    3523.7
it  210000 T   1.125 step  1.01 cur    3534.2 best    3523.7
it  227500 T   0.762 step  0.83 cur    3531.1 best    3523.7
it  245000 T   0.516 step  0.66 cur    3509.5 best    3509.5
it  262500 T   0.350 step  0.50 cur    3510.0 best    3509.2
it  280000 T   0.237 step  0.36 cur    3507.9 best    3506.8
it  297500 T   0.161 step  0.23 cur    3506.3 best    3505.5
it  315000 T   0.109 step  0.20 cur    3505.2 best    3505.2
it  332500 T   0.074 step  0.20 cur    3505.6 best    3505.2
final exact cost 3505.0 (tracked 3505.0)
