it       0 T 120.000 step  4.00 cur    5860.6 best    5860.6
it   17500 T  81.315 step  3.70 cur    3927.5 best    3804.7
it   35000 T  55.101 step  3.42 cur    3787.4 best    3653.1
it   52500 T  37.338 step  3.13 cur    3602.6 best    3594.5
it   70000 T  25.301 step  2.86 cur    3730.9 best    3563.5
it   87500 T  17.145 step  2.60 cur    3561.1 best    3530.4
it  105000 T  11.618 step  2.34 cur    3564.4 best    3530.4
it  122500 T   7.872 step  2.10 cur    3539.2 best    3510.6
it  140000 T   5.335 step  1.86 cur    3514.7 best    3505.9
it  157500 T   3.615 step  1.63 cur    3505.3 best    3494.6
it  175000 T   2.449 step  1.41 cur    3486.4 best    3486.4
it  192500 T   1.660 step  1.21 cur    3495.3 best    3483.3
it  210000 T   1.125 step  1.01 cur    3485.1 best    3483.3
it  227500 T   0.762 step  0.83 cur    3483.9 best    3482.6
it  245000 T   0.516 step  0.66 cur    3480.1 best    3480.0
it  262500 T   0.350 step  0.50 cur    3470.4 best    3470.1
it  280000 T   0.237 step  0.36 cur    3468.1 best    3468.1
it  297500 T   0.161 step  0.23 cur    3468.2 best    3467.5
it  315000 T   0.109 step  0.20 cur    3467.2 best    3467.2
it  332500 T   0.074 step  0.20 cur    3467.0 best    3466.7
final exact cost 3466.4 (tracked 3466.4)
