it       0 T 120.000 step  4.00 cur    5860.6 best    5860.6
it   17500 T  81.315 step  3.70 cur    3914.9 best    3693.6
it   35000 T  55.101 step  3.42 cur    4017.4 best    3693.6
it   52500 T  37.338 step  3.13 cur    3821.0 best    3629.3
it   70000 T  25.301 step  2.86 cur    3698.0 best    3603.5
it   87500 T  17.145 step  2.60 cur    3696.4 best    3603.5
it  105000 T  11.618 step  2.34 cur    3665.9 best    3587.8
it  122500 T   7.872 step  2.10 cur    3567.8 best    3537.5
it  140000 T   5.335 step  1.86 cur    3569.1 best    3525.6
it  157500 T   3.615 step  1.63 cur    3524.7 best    3512.8
it  175000 T   2.449 step  1.41 cur    3521.9 best    3509.8
it  192500 T   1.660 step  1.21 cur    3513.5 best    3509.8
it  210000 T   1.125 step  1.01 cur    3497.8 best    3489.0
it  227500 T   0.762 step  0.83 cur    3489.3 best    3489.0
it  245000 T   0.516 step  0.66 cur    3487.7 best    3487.7
it  262500 T   0.350 step  0.50 cur    3484.1 best    3484.1
it  280000 T   0.237 step  0.36 cur    3468.0 best    3467.5
it  297500 T   0.161 step  0.23 cur    3466.7 best    3466.7
it  315000 T   0.109 step  0.20 cur    3467.2 best    3466.7
it  332500 T   0.074 step  0.20 cur    3466.9 best    3466.6
final exact cost 3466.6 (tracked 3466.6)
