it       0 T 120.000 step  4.00 cur    5860.6 best    5860.6
it   17500 T  81.315 step  3.70 cur    4299.0 best    3880.8
it   35000 T  55.101 step  3.42 cur    4037.5 best    3849.8
it   52500 T  37.338 step  3.13 cur    3703.2 best    3624.6
it   70000 T  25.301 step  2.86 cur    3775.2 best    3624.6
it   87500 T  17.145 step  2.60 cur    3706.4 best    3624.6
it  105000 T  11.618 step  2.34 cur    3694.0 best    3624.6
it  122500 T   7.872 step  2.10 cur    3608.1 best    3590.7
it  140000 T   5.335 step  1.86 cur    3527.7 best    3509.8
it  157500 T   3.615 step  1.63 cur    3525.6 best    3509.2
it  175000 T   2.449 step  1.41 cur    3517.0 best    3503.3
it  192500 T   1.660 step  1.21 cur    3506.5 best    3501.8
it  210000 T   1.125 step  1.01 cur    3492.2 best    3485.9
it  227500 T   0.762 step  0.83 cur    3485.0 best    3484.5
it  245000 T   0.516 step  0.66 cur    3483.2 best    3481.7
it  262500 T   0.350 step  0.50 cur    3480.3 best    3479.6
it  280000 T   0.237 step  0.36 cur    3479.5 best    3478.3
it  297500 T   0.161 step  0.23 cur    3476.8 best    3476.7
it  315000 T   0.109 step  0.20 cur    3475.2 best    3475.2
it  332500 T   0.074 step  0.20 cur    3475.0 best    3475.0
final exact cost 3475.0 (tracked 3475.0)
