it       0 T 120.000 step  4.00 cur   47997.9 best   47997.9
it   17500 T  81.315 step  3.70 cur   14074.4 best   13775.5
it   35000 T  55.101 step  3.42 cur    9740.4 best    9670.1
it   52500 T  37.338 step  3.13 cur    9670.3 best    9607.1
it   70000 T  25.301 step  2.86 cur    9735.0 best    9607.1
it   87500 T  17.145 step  2.60 cur    9727.4 best    9607.1
it  105000 T  11.618 step  2.34 cur    9632.0 best    9607.1
it  122500 T   7.872 step  2.10 cur    9652.3 best    9607.1
it  140000 T   5.335 step  1.86 cur    9630.3 best    9607.1
it  157500 T   3.615 step  1.63 cur    9586.5 best    9586.5
it  175000 T   2.449 step  1.41 cur    9583.2 best    9581.8
it  192500 T   1.660 step  1.21 cur    9585.0 best    9575.1
it  210000 T   1.125 step  1.01 cur    9550.5 best    9543.6
it  227500 T   0.762 step  0.83 cur    9542.5 best    9541.3
it  245000 T   0.516 step  0.66 cur    9509.2 best    9508.4
it  262500 T   0.350 step  0.50 cur    9508.8 best    9507.7
it  280000 T   0.237 step  0.36 cur    9504.4 best    9504.2
it  297500 T   0.161 step  0.23 cur    9495.9 best    9495.9
it  315000 T   0.109 step  0.20 cur    9492.3 best    9492.3
it  332500 T   0.074 step  0.20 cur    9485.8 best    9485.8
final exact cost 9485.7 (tracked 9485.7)
