it       0 T 120.000 step  4.00 cur   47997.9 best   47997.9
it   17500 T  81.315 step  3.70 cur   13536.2 best   13476.6
it   35000 T  55.101 step  3.42 cur   13500.2 best   13319.1
it   52500 T  37.338 step  3.13 cur    8859.8 best    8717.4
it   70000 T  25.301 step  2.86 cur    8689.4 best    8685.7
it   87500 T  17.145 step  2.60 cur    8685.1 best    8622.2
it  105000 T  11.618 step  2.34 cur    8665.5 best    8618.6
it  122500 T   7.872 step  2.10 cur    8668.5 best    8618.6
it  140000 T   5.335 step  1.86 cur    8567.3 best    8556.7
it  157500 T   3.615 step  1.63 cur    8558.5 best    8543.0
it  175000 T   2.449 step  1.41 cur    8565.6 best    8543.0
it  192500 T   1.660 step  1.21 cur    8532.1 best    8530.9
it  210000 T   1.125 step  1.01 cur    8527.3 best    8526.5
it  227500 T   0.762 step  0.83 cur    8509.7 best    8509.7
it  245000 T   0.516 step  0.66 cur    8508.0 best    8507.8
it  262500 T   0.350 step  0.50 cur    8479.3 best    8478.7
it  280000 T   0.237 step  0.36 cur    8478.1 best    8477.9
it  297500 T   0.161 step  0.23 cur    8477.5 best    8477.5
it  315000 T   0.109 step  0.20 cur    8477.7 best    8477.5
it  332500 T   0.074 step  0.20 cur    8477.2 best    8477.2
final exact cost 8475.6 (tracked 8475.6)
