it       0 T 120.000 step  4.00 cur   47997.9 best   47997.9
it   17500 T  81.315 step  3.70 cur   11405.0 best   11060.8
it   35000 T  55.101 step  3.42 cur   11080.3 best   11060.8
it   52500 T  37.338 step  3.13 cur    8613.4 best    8579.8
it   70000 T  25.301 step  2.86 cur    8575.1 best    8555.1
it   87500 T  17.145 step  2.60 cur    8573.6 best    8554.9
it  105000 T  11.618 step  2.34 cur    8573.1 best    8554.9
it  122500 T   7.872 step  2.10 cur    8555.9 best    8537.8
it  140000 T   5.335 step  1.86 cur    8552.9 best    8537.8
it  157500 T   3.615 step  1.63 cur    8560.2 best    8530.3
it  175000 T   2.449 step  1.41 cur    8530.5 best    8528.0
it  192500 T   1.660 step  1.21 cur    8530.1 best    8524.6
it  210000 T   1.125 step  1.01 cur    8524.0 best    8523.8
it  227500 T   0.762 step  0.83 cur    8523.5 best    8523.5
it  245000 T   0.516 step  0.66 cur    8522.0 best    8521.4
it  262500 T   0.350 step  0.50 cur    8520.7 best    8520.5
it  280000 T   0.237 step  0.36 cur    8510.7 best    8510.7
it  297500 T   0.161 step  0.23 cur    8511.0 best    8510.4
it  315000 T   0.109 step  0.20 cur    8510.5 best    8510.2
it  332500 T   0.074 step  0.20 cur    8510.2 best    8510.2
final exact cost 8502.9 (tracked 8502.9)
