it       0 T 120.000 step  4.00 cur   47997.9 best   47997.9
it   17500 T  81.315 step  3.70 cur   13577.6 best   13315.3
it   35000 T  55.101 step  3.42 cur   13430.2 best   13154.0
it   52500 T  37.338 step  3.13 cur   13276.4 best   13154.0
it   70000 T  25.301 step  2.86 cur   13045.3 best   13030.2
it   87500 T  17.145 step  2.60 cur    8562.9 best    8539.6
it  105000 T  11.618 step  2.34 cur    8563.0 best    8520.5
it  122500 T   7.872 step  2.10 cur    8538.5 best    8520.5
it  140000 T   5.335 step  1.86 cur    8518.1 best    8510.7
it  157500 T   3.615 step  1.63 cur    8503.2 best    8502.4
it  175000 T   2.449 step  1.41 cur    8504.7 best    8495.7
it  192500 T   1.660 step  1.21 cur    8511.2 best    8495.7
it  210000 T   1.125 step  1.01 cur    8497.0 best    8495.0
it  227500 T   0.762 step  0.83 cur    8494.6 best    8493.7
it  245000 T   0.516 step  0.66 cur    8492.4 best    8491.4
it  262500 T   0.350 step  0.50 cur    8490.2 best    8489.9
it  280000 T   0.237 step  0.36 cur    8473.1 best    8473.1
it  297500 T   0.161 step  0.23 cur    8472.9 best    8472.7
it  315000 T   0.109 step  0.20 cur    8470.7 best    8470.7
it  332500 T   0.074 step  0.20 cur    8470.6 best    8470.4
final exact cost 8470.4 (tracked 8470.4)
