it       0 T 120.000 step  4.00 cur   47997.9 best   47997.9
it   17500 T  81.315 step  3.70 cur    8978.8 best    8763.5
it   35000 T  55.101 step  3.42 cur    8700.9 best    8587.0
it   52500 T  37.338 step  3.13 cur    8621.9 best    8564.9
it   70000 T  25.301 step  2.86 cur    8621.0 best    8564.9
it   87500 T  17.145 step  2.60 cur    8620.3 best    8564.9
it  105000 T  11.618 step  2.34 cur    8588.6 best    8515.5
it  122500 T   7.872 step  2.10 cur    8517.7 best    8502.2
it  140000 T   5.335 step  1.86 cur    8513.7 best    8496.9
it  157500 T   3.615 step  1.63 cur    8511.0 best    8491.8
it  175000 T   2.449 step  1.41 cur    8486.4 best    8485.3
it  192500 T   1.660 step  1.21 cur    8486.0 best    8481.5
it  210000 T   1.125 step  1.01 cur    8481.8 best    8479.9
it  227500 T   0.762 step  0.83 cur    8480.4 best    8479.9
it  245000 T   0.516 step  0.66 cur    8478.9 best    8478.9
it  262500 T   0.350 step  0.50 cur    8478.8 best    8478.6
it  280000 T   0.237 step  0.36 cur    8479.2 best    8478.6
it  297500 T   0.161 step  0.23 cur    8478.6 best    8478.2
it  315000 T   0.109 step  0.20 cur    8470.9 best    8470.9
it  332500 T   0.074 step  0.20 cur    8470.8 best    8470.8
final exact cost 8470.7 (tracked 8470.7)
