it       0 T 120.000 step  4.00 cur   47997.9 best   47997.9
it   17500 T  81.315 step  3.70 cur   11216.9 best   11059.8
it   35000 T  55.101 step  3.42 cur   10809.4 best   10809.4
it   52500 T  37.338 step  3.13 cur   10884.4 best   10772.6
it   70000 T  25.301 step  2.86 cur    8816.2 best    8729.6
it   87500 T  17.145 step  2.60 cur    8684.7 best    8649.5
it  105000 T  11.618 step  2.34 cur    8660.1 best    8647.6
it  122500 T   7.872 step  2.10 cur    8620.4 best    8594.9
it  140000 T   5.335 step  1.86 cur    8585.6 best    8585.6
it  157500 T   3.615 step  1.63 cur    8596.6 best    8579.5
it  175000 T   2.449 step  1.41 cur    8570.4 best    8567.4
it  192500 T   1.660 step  1.21 cur    8537.9 best    8536.1
it  210000 T   1.125 step  1.01 cur    8529.7 best    8529.7
it  227500 T   0.762 step  0.83 cur    8530.9 best    8529.4
it  245000 T   0.516 step  0.66 cur    8531.3 best    8529.4
it  262500 T   0.350 step  0.50 cur    8522.2 best    8519.4
it  280000 T   0.237 step  0.36 cur    8517.2 best    8517.2
it  297500 T   0.161 step  0.23 cur    8513.4 best    8513.2
it  315000 T   0.109 step  0.20 cur    8509.4 best    8509.4
it  332500 T   0.074 step  0.20 cur    8509.3 best    8509.3
final exact cost 8500.0 (tracked 8500.0)
