it       0 T 120.000 step  4.00 cur   47997.9 best   47997.9
it   17500 T  81.315 step  3.70 cur   11234.3 best   10913.4
it   35000 T  55.101 step  3.42 cur   10995.8 best   10867.1
it   52500 T  37.338 step  3.13 cur   10823.3 best   10726.9
it   70000 T  25.301 step  2.86 cur    8604.4 best    8577.2
it   87500 T  17.145 step  2.60 cur    8581.6 best    8519.4
it  105000 T  11.618 step  2.34 cur    8554.4 best    8519.4
it  122500 T   7.872 step  2.10 cur    8543.1 best    8514.9
it  140000 T   5.335 step  1.86 cur    8514.3 best    8514.3
it  157500 T   3.615 step  1.63 cur    8519.0 best    8510.8
it  175000 T   2.449 step  1.41 cur    8508.1 best    8506.0
it  192500 T   1.660 step  1.21 cur    8518.7 best    8505.0
it  210000 T   1.125 step  1.01 cur    8483.1 best    8480.4
it  227500 T   0.762 step  0.83 cur    8479.4 best    8479.1
it  245000 T   0.516 step  0.66 cur    8482.1 best    8478.5
it  262500 T   0.350 step  0.50 cur    8477.4 best    8477.4
it  280000 T   0.237 step  0.36 cur    8477.5 best    8477.3
it  297500 T   0.161 step  0.23 cur    8472.0 best    8471.9
it  315000 T   0.109 step  0.20 cur    8471.6 best    8471.5
it  332500 T   0.074 step  0.20 cur    8468.8 best    8468.7
final exact cost 8468.7 (tracked 8468.7)
