it       0 T 120.000 step  4.00 cur   47997.9 best   47997.9
it   17500 T  81.315 step  3.70 cur   11328.4 best   11224.0
it   35000 T  55.101 step  3.42 cur   10953.7 best   10855.8
it   52500 T  37.338 step  3.13 cur   11063.6 best   10855.8
it   70000 T  25.301 step  2.86 cur   10807.0 best   10729.3
it   87500 T  17.145 step  2.60 cur   10682.7 best   10659.6
it  105000 T  11.618 step  2.34 cur   10660.8 best   10649.4
it  122500 T   7.872 step  2.10 cur   10607.3 best   10599.7
it  140000 T   5.335 step  1.86 cur    8571.5 best    8552.9
it  157500 T   3.615 step  1.63 cur    8522.9 best    8515.4
it  175000 T   2.449 step  1.41 cur    8506.9 best    8506.9
it  192500 T   1.660 step  1.21 cur    8518.8 best    8506.9
it  210000 T   1.125 step  1.01 cur    8510.9 best    8506.9
it  227500 T   0.762 step  0.83 cur    8514.1 best    8506.9
it  245000 T   0.516 step  0.66 cur    8504.9 best    8504.5
it  262500 T   0.350 step  0.50 cur    8505.6 best    8504.5
it  280000 T   0.237 step  0.36 cur    8504.2 best    8504.2
it  297500 T   0.161 step  0.23 cur    8505.5 best    8503.9
it  315000 T   0.109 step  0.20 cur    8504.8 best    8503.9
it  332500 T   0.074 step  0.20 cur    8503.6 best    8503.5
final exact cost 8503.5 (tracked 8503.5)
