it       0 T 120.000 step  4.00 cur   47997.9 best   47997.9
it   17500 T  81.315 step  3.70 cur   11657.3 best   11534.6
it   35000 T  55.101 step  3.42 cur   11495.7 best   11358.5
it   52500 T  37.338 step  3.13 cur   11057.1 best   10998.7
it   70000 T  25.301 step  2.86 cur   11043.4 best   10934.3
it   87500 T  17.145 step  2.60 cur    8622.1 best    8579.5
it  105000 T  11.618 step  2.34 cur    8575.1 best    8542.8
it  122500 T   7.872 step  2.10 cur    8557.5 best    8542.8
it  140000 T   5.335 step  1.86 cur    8578.7 best    8541.2
it  157500 T   3.615 step  1.63 cur    8560.4 best    8537.9
it  175000 T   2.449 step  1.41 cur    8545.3 best    8535.9
it  192500 T   1.660 step  1.21 cur    8538.4 best    8535.9
it  210000 T   1.125 step  1.01 cur    8532.1 best    8531.9
it  227500 T   0.762 step  0.83 cur    8535.8 best    8531.9
it  245000 T   0.516 step  0.66 cur    8532.4 best    8531.9
it  262500 T   0.350 step  0.50 cur    8525.1 best    8524.7
it  280000 T   0.237 step  0.36 cur    8518.6 best    8517.9
it  297500 T   0.161 step  0.23 cur    8516.8 best    8516.8
it  315000 T   0.109 step  0.20 cur    8505.8 best    8505.7
it  332500 T   0.074 step  0.20 cur    8505.6 best    8505.6
final exact cost 8504.6 (tracked 8504.6)
