it       0 T 120.000 step  4.00 cur   47997.9 best   47997.9
it   17500 T  81.315 step  3.70 cur   14099.9 best   13984.1
it   35000 T  55.101 step  3.42 cur   13376.9 best   13217.3
it   52500 T  37.338 step  3.13 cur   13613.7 best   13215.1
it   70000 T  25.301 step  2.86 cur   13173.2 best   13173.2
it   87500 T  17.145 step  2.60 cur   13186.2 best   13090.4
it  105000 T  11.618 step  2.34 cur   13044.4 best   13044.4
it  122500 T   7.872 step  2.10 cur    9658.2 best    9628.3
it  140000 T   5.335 step  1.86 cur    9647.7 best    9619.2
it  157500 T   3.615 step  1.63 cur    9618.1 best    9610.7
it  175000 T   2.449 step  1.41 cur    9604.8 best    9599.4
it  192500 T   1.660 step  1.21 cur    9512.5 best    9509.3
it  210000 T   1.125 step  1.01 cur    9513.4 best    9508.9
it  227500 T   0.762 step  0.83 cur    8467.5 best    8467.5
it  245000 T   0.516 step  0.66 cur    8468.1 best    8466.2
it  262500 T   0.350 step  0.50 cur    8467.4 best    8466.2
it  280000 T   0.237 step  0.36 cur    8467.3 best    8466.2
it  297500 T   0.161 step  0.23 cur    8466.0 best    8465.8
it  315000 T   0.109 step  0.20 cur    8465.7 best    8465.6
it  332500 T   0.074 step  0.20 cur    8463.7 best    8463.7
final exact cost 8463.6 (tracked 8463.6)
