it       0 T 120.000 step  4.00 cur   47997.9 best   47997.9
it   17500 T  81.315 step  3.70 cur   13343.9 best   13305.4
it   35000 T  55.101 step  3.42 cur   13280.5 best   13203.2
it   52500 T  37.338 step  3.13 cur   10017.8 best    9917.2
it   70000 T  25.301 step  2.86 cur    9787.3 best    9756.9
it   87500 T  17.145 step  2.60 cur    9691.6 best    9683.3
it  105000 T  11.618 step  2.34 cur    9569.1 best    9563.4
it  122500 T   7.872 step  2.10 cur    9594.0 best    9548.8
it  140000 T   5.335 step  1.86 cur    9562.6 best    9532.8
it  157500 T   3.615 step  1.63 cur    9560.6 best    9529.3
it  175000 T   2.449 step  1.41 cur    9541.0 best    9524.1
it  192500 T   1.660 step  1.21 cur    9507.2 best    9503.6
it  210000 T   1.125 step  1.01 cur    9509.0 best    9503.6
it  227500 T   0.762 step  0.83 cur    9503.4 best    9503.4
it  245000 T   0.516 step  0.66 cur    9504.0 best    9503.2
it  262500 T   0.350 step  0.50 cur    9496.8 best    9496.8
it  280000 T   0.237 step  0.36 cur    9498.3 best    9496.8
it  297500 T   0.161 step  0.23 cur    9494.2 best    9493.7
it  315000 T   0.109 step  0.20 cur    9493.8 best    9493.5
it  332500 T   0.074 step  0.20 cur    8473.2 best    8473.2
final exact cost 8471.3 (tracked 8471.3)
