it       0 T 120.000 step  4.00 cur   47997.9 best   47997.9
it   17500 T  81.315 step  3.70 cur    9087.7 best    8838.8
it   35000 T  55.101 step  3.42 cur    8973.0 best    8757.0
it   52500 T  37.338 step  3.13 cur    8663.5 best    8627.3
it   70000 T  25.301 step  2.86 cur    8698.7 best    8623.7
it   87500 T  17.145 step  2.60 cur    8718.8 best    8623.7
it  105000 T  11.618 step  2.34 cur    8635.1 best    8578.0
it  122500 T   7.872 step  2.10 cur    8582.7 best    8541.4
it  140000 T   5.335 step  1.86 cur    8544.3 best    8536.2
it  157500 T   3.615 step  1.63 cur    8546.2 best    8523.2
it  175000 T   2.449 step  1.41 cur    8536.5 best    8523.2
it  192500 T   1.660 step  1.21 cur    8529.1 best    8523.2
it  210000 T   1.125 step  1.01 cur    8520.1 best    8520.1
it  227500 T   0.762 step  0.83 cur    8521.0 best    8520.1
it  245000 T   0.516 step  0.66 cur    8519.7 best    8519.7
it  262500 T   0.350 step  0.50 cur    8519.3 best    8519.0
it  280000 T   0.237 step  0.36 cur    8518.3 best    8517.6
it  297500 T   0.161 step  0.23 cur    8503.3 best    8503.3
it  315000 T   0.109 step  0.20 cur    8502.9 best    8502.9
it  332500 T   0.074 step  0.20 cur    8499.4 best    8499.4
final exact cost 8499.4 (tracked 8499.4)
