it       0 T 120.000 step  4.00 cur   47997.9 best   47997.9
it   17500 T  81.315 step  3.70 cur   13576.8 best   13568.7
it   35000 T  55.101 step  3.42 cur   13333.8 best   13235.7
it   52500 T  37.338 step  3.13 cur   13324.7 best   13211.6
it   70000 T  25.301 step  2.86 cur   13274.6 best   13129.8
it   87500 T  17.145 step  2.60 cur   13051.1 best   13032.2
it  105000 T  11.618 step  2.34 cur   12988.9 best   12948.7
it  122500 T   7.872 step  2.10 cur   12963.1 best   12948.7
it  140000 T   5.335 step  1.86 cur   12946.6 best   12934.9
it  157500 T   3.615 step  1.63 cur   12941.8 best   12934.9
it  175000 T   2.449 step  1.41 cur    9562.2 best    9562.2
it  192500 T   1.660 step  1.21 cur    9570.0 best    9562.2
it  210000 T   1.125 step  1.01 cur    9525.3 best    9524.9
it  227500 T   0.762 step  0.83 cur    9522.7 best    9519.9
it  245000 T   0.516 step  0.66 cur    9519.6 best    9519.4
it  262500 T   0.350 step  0.50 cur    9513.4 best    9513.4
it  280000 T   0.237 step  0.36 cur    9487.3 best    9486.3
it  297500 T   0.161 step  0.23 cur    9486.2 best    9486.0
it  315000 T   0.109 step  0.20 cur    9485.3 best    9485.2
it  332500 T   0.074 step  0.20 cur    9485.1 best    9485.1
final exact cost 9485.1 (tracked 9485.1)
