it       0 T 120.000 step  4.00 cur   17327.9 best   17327.9
it   15000 T  81.315 step  3.70 cur    1122.8 best     854.8
it   30000 T  55.101 step  3.42 cur     934.6 best     837.7
it   45000 T  37.338 step  3.13 cur     930.6 best     837.7
it   60000 T  25.301 step  2.86 cur     766.0 best     737.1
it   75000 T  17.145 step  2.60 cur     725.0 best     710.0
it   90000 T  11.618 step  2.34 cur     732.3 best     699.9
it  105000 T   7.872 step  2.10 cur     736.3 best     699.9
it  120000 T   5.335 step  1.86 cur     714.7 best     691.9
it  135000 T   3.615 step  1.63 cur     710.2 best     688.1
it  150000 T   2.449 step  1.41 cur     694.9 best     686.9
it  165000 T   1.660 step  1.21 cur     690.6 best     683.8
it  180000 T   1.125 step  1.01 cur     684.7 best     683.7
it  195000 T   0.762 step  0.83 cur     686.0 best     683.7
it  210000 T   0.516 step  0.66 cur     684.0 best     683.2
it  225000 T   0.350 step  0.50 cur     682.7 best     682.7
it  240000 T   0.237 step  0.36 cur     682.6 best     682.4
it  255000 T   0.161 step  0.23 cur     682.2 best     682.0
it  270000 T   0.109 step  0.20 cur     682.1 best     681.8
it  285000 T   0.074 step  0.20 cur     682.0 best     681.8
final exact cost 681.8 (tracked 681.8)
