it       0 T 120.000 step  4.00 cur   17327.9 best   17327.9
it   15000 T  81.315 step  3.70 cur    1150.6 best     806.2
it   30000 T  55.101 step  3.42 cur    1022.9 best     806.2
it   45000 T  37.338 step  3.13 cur    1087.9 best     783.5
it   60000 T  25.301 step  2.86 cur     836.4 best     716.9
it   75000 T  17.145 step  2.60 cur     762.7 best     710.0
it   90000 T  11.618 step  2.34 cur     734.0 best     699.2
it  105000 T   7.872 step  2.10 cur     733.8 best     687.2
it  120000 T   5.335 step  1.86 cur     698.0 best     685.3
it  135000 T   3.615 step  1.63 cur     713.9 best     684.9
it  150000 T   2.449 step  1.41 cur     697.7 best     684.9
it  165000 T   1.660 step  1.21 cur     684.9 best     684.5
it  180000 T   1.125 step  1.01 cur     683.6 best     682.0
it  195000 T   0.762 step  0.83 cur     685.0 best     682.0
it  210000 T   0.516 step  0.66 cur     686.1 best     682.0
it  225000 T   0.350 step  0.50 cur     682.9 best     682.0
it  240000 T   0.237 step  0.36 cur     682.4 best     682.0
it  255000 T   0.161 step  0.23 cur     682.0 best     682.0
it  270000 T   0.109 step  0.20 cur     681.8 best     681.8
it  285000 T   0.074 step  0.20 cur     681.8 best     681.8
final exact cost 681.8 (tracked 681.8)
