it       0 T 120.000 step  4.00 cur   17327.9 best   17327.9
it   15000 T  81.315 step  3.70 cur    1050.9 best    1034.2
it   30000 T  55.101 step  3.42 cur     954.4 best     876.7
it   45000 T  37.338 step  3.13 cur    1124.3 best     853.4
it   60000 T  25.301 step  2.86 cur     755.8 best     707.7
it   75000 T  17.145 step  2.60 cur     851.7 best     704.8
it   90000 T  11.618 step  2.34 cur     767.9 best     692.8
it  105000 T   7.872 step  2.10 cur     740.3 best     692.8
it  120000 T   5.335 step  1.86 cur     730.4 best     692.8
it  135000 T   3.615 step  1.63 cur     722.4 best     692.8
it  150000 T   2.449 step  1.41 cur     705.0 best     692.8
it  165000 T   1.660 step  1.21 cur     700.6 best     692.8
it  180000 T   1.125 step  1.01 cur     697.0 best     692.8
it  195000 T   0.762 step  0.83 cur     696.5 best     692.8
it  210000 T   0.516 step  0.66 cur     698.1 best     692.8
it  225000 T   0.350 step  0.50 cur     696.7 best     692.8
it  240000 T   0.237 step  0.36 cur     696.6 best     692.8
it  255000 T   0.161 step  0.23 cur     695.8 best     692.8
it  270000 T   0.109 step  0.20 cur     695.4 best     692.8
it  285000 T   0.074 step  0.20 cur     695.5 best     692.8
final exact cost 692.8 (tracked 692.8)
