it       0 T 120.000 step  4.00 cur   17327.9 best   17327.9
it   15000 T  81.315 step  3.70 cur   10269.9 best   10072.7
it   30000 T  55.101 step  3.42 cur    9909.6 best    9731.4
it   45000 T  37.338 step  3.13 cur    9633.9 best    9528.2
it   60000 T  25.301 step  2.86 cur     897.2 best     721.9
it   75000 T  17.145 step  2.60 cur     972.6 best     721.9
it   90000 T  11.618 step  2.34 cur     909.5 best     721.9
it  105000 T   7.872 step  2.10 cur     875.3 best     721.9
it  120000 T   5.335 step  1.86 cur     884.6 best     721.9
it  135000 T   3.615 step  1.63 cur     855.3 best     721.9
it  150000 T   2.449 step  1.41 cur     837.0 best     721.9
it  165000 T   1.660 step  1.21 cur     839.9 best     721.9
it  180000 T   1.125 step  1.01 cur     832.0 best     721.9
it  195000 T   0.762 step  0.83 cur     835.0 best     721.9
it  210000 T   0.516 step  0.66 cur     829.0 best     721.9
it  225000 T   0.350 step  0.50 cur     826.0 best     721.9
it  240000 T   0.237 step  0.36 cur     825.6 best     721.9
it  255000 T   0.161 step  0.23 cur     824.2 best     721.9
it  270000 T   0.109 step  0.20 cur     824.0 best     721.9
it  285000 T   0.074 step  0.20 cur     823.4 best     721.9
final exact cost 721.9 (tracked 721.9)
