it       0 T 120.000 step  4.00 cur   17327.9 best   17327.9
it   15000 T  81.315 step  3.70 cur    8448.3 best    8439.7
it   30000 T  55.101 step  3.42 cur     877.3 best     868.8
it   45000 T  37.338 step  3.13 cur     925.9 best     865.1
it   60000 T  25.301 step  2.86 cur     743.9 best     710.7
it   75000 T  17.145 step  2.60 cur     767.2 best     700.9
it   90000 T  11.618 step  2.34 cur     724.1 best     700.9
it  105000 T   7.872 step  2.10 cur     730.9 best     700.5
it  120000 T   5.335 step  1.86 cur     701.5 best     687.5
it  135000 T   3.615 step  1.63 cur     697.5 best     687.5
it  150000 T   2.449 step  1.41 cur     703.5 best     684.4
it  165000 T   1.660 step  1.21 cur     697.3 best     684.4
it  180000 T   1.125 step  1.01 cur     686.3 best     682.8
it  195000 T   0.762 step  0.83 cur     683.9 best     682.8
it  210000 T   0.516 step  0.66 cur     685.0 best     682.8
it  225000 T   0.350 step  0.50 cur     683.3 best     682.8
it  240000 T   0.237 step  0.36 cur     682.7 best     682.7
it  255000 T   0.161 step  0.23 cur     682.5 best     682.4
it  270000 T   0.109 step  0.20 cur     681.8 best     681.8
it  285000 T   0.074 step  0.20 cur     681.8 best     681.8
final exact cost 681.8 (tracked 681.8)
