it       0 T 3000.000 step 15.00 cur  852866.4 best  852866.4
it   30000 T 1730.668 step 13.89 cur  151695.1 best  122954.3
it   60000 T 998.404 step 12.81 cur   73139.0 best   68747.1
it   90000 T 575.968 step 11.75 cur   55119.2 best   53753.5
it  120000 T 332.270 step 10.73 cur   47742.9 best   47284.4
it  150000 T 191.683 step  9.74 cur   35852.2 best   35627.8
it  180000 T 110.580 step  8.78 cur   35275.1 best   33545.3
it  210000 T  63.792 step  7.86 cur   31291.0 best   31291.0
it  240000 T  36.801 step  6.97 cur   30664.6 best   30526.2
it  270000 T  21.230 step  6.12 cur   29376.1 best   29294.0
it  300000 T  12.247 step  5.30 cur   29303.1 best   29239.3
it  330000 T   7.065 step  4.53 cur   28954.6 best   28870.9
it  360000 T   4.076 step  3.79 cur   28744.0 best   28738.3
it  390000 T   2.351 step  3.11 cur   28407.9 best   28407.5
it  420000 T   1.356 step  2.46 cur   28308.1 best   28304.3
it  450000 T   0.783 step  1.88 cur   28137.3 best   28137.0
it  480000 T   0.451 step  1.34 cur   28080.5 best   28079.5
it  510000 T   0.260 step  0.87 cur   28038.4 best   28038.3
it  540000 T   0.150 step  0.47 cur   27865.9 best   27865.9
it  570000 T   0.087 step  0.20 cur   27797.5 best   27797.5
final exact cost 27773.0 (tracked 27773.0)
