it       0 T 3000.000 step 15.00 cur  691254.5 best  691254.5
it   30000 T 1730.668 step 13.89 cur   95373.8 best   93205.2
it   60000 T 998.404 step 12.81 cur   67360.7 best   53501.9
it   90000 T 575.968 step 11.75 cur   36780.3 best   32475.1
it  120000 T 332.270 step 10.73 cur   26406.7 best   24478.1
it  150000 T 191.683 step  9.74 cur   22935.5 best   21998.9
it  180000 T 110.580 step  8.78 cur   20646.9 best   19730.4
it  210000 T  63.792 step  7.86 cur   17406.4 best   16384.3
it  240000 T  36.801 step  6.97 cur   15160.9 best   15009.5
it  270000 T  21.230 step  6.12 cur   13172.5 best   13027.7
it  300000 T  12.247 step  5.30 cur   12381.4 best   12380.3
it  330000 T   7.065 step  4.53 cur   11515.1 best   11515.1
it  360000 T   4.076 step  3.79 cur   11442.0 best   11410.2
it  390000 T   2.351 step  3.11 cur   11278.9 best   11278.9
it  420000 T   1.356 step  2.46 cur   11181.7 best   11176.2
it  450000 T   0.783 step  1.88 cur   11150.6 best   11150.6
it  480000 T   0.451 step  1.34 cur   10399.4 best   10399.3
it  510000 T   0.260 step  0.87 cur   10144.9 best   10144.9
it  540000 T   0.150 step  0.47 cur   10108.6 best   10108.6
it  570000 T   0.087 step  0.20 cur   10037.1 best   10037.1
final exact cost 10009.3 (tracked 10009.3)
