it       0 T 3000.000 step 15.00 cur  779044.9 best  779044.9
it   30000 T 1730.668 step 13.89 cur  117981.9 best   96954.9
it   60000 T 998.404 step 12.81 cur   71903.5 best   65966.2
it   90000 T 575.968 step 11.75 cur   41799.9 best   39391.9
it  120000 T 332.270 step 10.73 cur   32737.8 best   32737.8
it  150000 T 191.683 step  9.74 cur   27795.4 best   27042.9
it  180000 T 110.580 step  8.78 cur   27186.1 best   26062.9
it  210000 T  63.792 step  7.86 cur   24534.0 best   24403.1
it  240000 T  36.801 step  6.97 cur   24511.9 best   24166.1
it  270000 T  21.230 step  6.12 cur   23274.8 best   23113.1
it  300000 T  12.247 step  5.30 cur   22625.2 best   22625.2
it  330000 T   7.065 step  4.53 cur   22360.5 best   22308.8
it  360000 T   4.076 step  3.79 cur   21914.7 best   21908.8
it  390000 T   2.351 step  3.11 cur   21295.9 best   21278.0
it  420000 T   1.356 step  2.46 cur   21235.2 best   21224.9
it  450000 T   0.783 step  1.88 cur   21084.9 best   21084.9
it  480000 T   0.451 step  1.34 cur   20900.0 best   20898.6
it  510000 T   0.260 step  0.87 cur   20818.6 best   20818.6
it  540000 T   0.150 step  0.47 cur   20736.6 best   20736.6
it  570000 T   0.087 step  0.20 cur   20634.2 best   20634.2
final exact cost 20607.7 (tracked 20607.7)
