it       0 T 3000.000 step 15.00 cur  994382.1 best  994382.1
it   30000 T 1730.668 step 13.89 cur  188861.3 best  156085.8
it   60000 T 998.404 step 12.81 cur  110174.3 best  107717.9
it   90000 T 575.968 step 11.75 cur   99353.1 best   92979.9
it  120000 T 332.270 step 10.73 cur   89778.2 best   84792.6
it  150000 T 191.683 step  9.74 cur   82908.9 best   81723.7
it  180000 T 110.580 step  8.78 cur   79218.0 best   78538.6
it  210000 T  63.792 step  7.86 cur   76855.8 best   76321.9
it  240000 T  36.801 step  6.97 cur   75361.3 best   75361.3
it  270000 T  21.230 step  6.12 cur   74029.8 best   73938.8
it  300000 T  12.247 step  5.30 cur   73824.7 best   73824.7
it  330000 T   7.065 step  4.53 cur   73686.9 best   73605.0
it  360000 T   4.076 step  3.79 cur   72640.2 best   72640.2
it  390000 T   2.351 step  3.11 cur   72522.2 best   72521.8
it  420000 T   1.356 step  2.46 cur   72369.6 best   72369.6
it  450000 T   0.783 step  1.88 cur   62098.9 best   62095.8
it  480000 T   0.451 step  1.34 cur   61937.8 best   61937.8
it  510000 T   0.260 step  0.87 cur   61751.4 best   61751.4
it  540000 T   0.150 step  0.47 cur   61520.5 best   61520.5
it  570000 T   0.087 step  0.20 cur   61446.7 best   61446.7
final exact cost 61436.3 (tracked 61436.3)
