it       0 T 3000.000 step 15.00 cur  705299.2 best  705299.2
it   30000 T 1730.668 step 13.89 cur   96077.7 best   91845.9
it   60000 T 998.404 step 12.81 cur   66022.4 best   65319.0
it   90000 T 575.968 step 11.75 cur   39527.5 best   36514.4
it  120000 T 332.270 step 10.73 cur   31179.6 best   29627.6
it  150000 T 191.683 step  9.74 cur   24822.2 best   24386.4
it  180000 T 110.580 step  8.78 cur   21506.7 best   21471.7
it  210000 T  63.792 step  7.86 cur   17602.4 best   17179.0
it  240000 T  36.801 step  6.97 cur   16629.1 best   16602.7
it  270000 T  21.230 step  6.12 cur   16199.1 best   16030.4
it  300000 T  12.247 step  5.30 cur   15721.3 best   15675.5
it  330000 T   7.065 step  4.53 cur   14318.4 best   14282.6
it  360000 T   4.076 step  3.79 cur   13735.6 best   13729.6
it  390000 T   2.351 step  3.11 cur   13244.1 best   13244.1
it  420000 T   1.356 step  2.46 cur   13149.3 best   13147.3
it  450000 T   0.783 step  1.88 cur   13037.5 best   13037.5
it  480000 T   0.451 step  1.34 cur   12921.2 best   12921.2
it  510000 T   0.260 step  0.87 cur   12858.7 best   12858.7
it  540000 T   0.150 step  0.47 cur   12816.1 best   12816.1
it  570000 T   0.087 step  0.20 cur   12709.0 best   12709.0
final exact cost 12691.9 (tracked 12691.9)
