it       0 T 3000.000 step 15.00 cur  739866.2 best  739866.2
it   30000 T 1730.668 step 13.89 cur   99689.7 best   85092.9
it   60000 T 998.404 step 12.81 cur   61550.9 best   44620.1
it   90000 T 575.968 step 11.75 cur   31970.8 best   30674.0
it  120000 T 332.270 step 10.73 cur   24772.9 best   22804.0
it  150000 T 191.683 step  9.74 cur   20552.1 best   19520.5
it  180000 T 110.580 step  8.78 cur   15501.7 best   15451.5
it  210000 T  63.792 step  7.86 cur   15431.8 best   14261.0
it  240000 T  36.801 step  6.97 cur   12538.1 best   12411.9
it  270000 T  21.230 step  6.12 cur   11861.9 best   11770.0
it  300000 T  12.247 step  5.30 cur   10601.8 best   10598.2
it  330000 T   7.065 step  4.53 cur   10396.8 best   10369.0
it  360000 T   4.076 step  3.79 cur   10012.0 best   10005.4
it  390000 T   2.351 step  3.11 cur    9347.3 best    9346.0
it  420000 T   1.356 step  2.46 cur    9110.0 best    9109.7
it  450000 T   0.783 step  1.88 cur    8697.8 best    8697.8
it  480000 T   0.451 step  1.34 cur    8490.5 best    8490.5
it  510000 T   0.260 step  0.87 cur    8459.8 best    8459.8
it  540000 T   0.150 step  0.47 cur    8370.9 best    8370.9
it  570000 T   0.087 step  0.20 cur    8322.4 best    8322.4
final exact cost 8296.5 (tracked 8296.5)
