it       0 T 3000.000 step 15.00 cur  713930.0 best  713930.0
it   30000 T 1730.668 step 13.89 cur  127260.3 best  110688.8
it   60000 T 998.404 step 12.81 cur   65353.6 best   63334.7
it   90000 T 575.968 step 11.75 cur   51451.0 best   47054.6
it  120000 T 332.270 step 10.73 cur   42464.5 best   39650.4
it  150000 T 191.683 step  9.74 cur   32778.0 best   32225.5
it  180000 T 110.580 step  8.78 cur   28995.3 best   28495.1
it  210000 T  63.792 step  7.86 cur   26832.8 best   26527.4
it  240000 T  36.801 step  6.97 cur   25762.2 best   25442.5
it  270000 T  21.230 step  6.12 cur   24592.9 best   24498.8
it  300000 T  12.247 step  5.30 cur   24357.1 best   24302.7
it  330000 T   7.065 step  4.53 cur   23494.3 best   23493.5
it  360000 T   4.076 step  3.79 cur   22838.7 best   22838.7
it  390000 T   2.351 step  3.11 cur   22529.0 best   22523.0
it  420000 T   1.356 step  2.46 cur   21944.1 best   21940.8
it  450000 T   0.783 step  1.88 cur   21788.3 best   21788.3
it  480000 T   0.451 step  1.34 cur   21564.1 best   21564.1
it  510000 T   0.260 step  0.87 cur   21451.4 best   21451.4
it  540000 T   0.150 step  0.47 cur   21409.8 best   21409.7
it  570000 T   0.087 step  0.20 cur   21270.3 best   21270.3
final exact cost 21162.4 (tracked 21162.4)
