it       0 T 3000.000 step 15.00 cur  829592.6 best  829592.6
it   30000 T 1730.668 step 13.89 cur  120533.3 best  116434.5
it   60000 T 998.404 step 12.81 cur   77499.4 best   68520.4
it   90000 T 575.968 step 11.75 cur   49594.7 best   47966.9
it  120000 T 332.270 step 10.73 cur   44379.0 best   41641.5
it  150000 T 191.683 step  9.74 cur   34783.3 best   34342.8
it  180000 T 110.580 step  8.78 cur   31152.5 best   30582.7
it  210000 T  63.792 step  7.86 cur   27955.7 best   27672.5
it  240000 T  36.801 step  6.97 cur   26140.3 best   25945.7
it  270000 T  21.230 step  6.12 cur   25511.4 best   25410.5
it  300000 T  12.247 step  5.30 cur   24927.7 best   24903.7
it  330000 T   7.065 step  4.53 cur   24563.2 best   24563.2
it  360000 T   4.076 step  3.79 cur   24479.9 best   24479.9
it  390000 T   2.351 step  3.11 cur   24449.6 best   24436.2
it  420000 T   1.356 step  2.46 cur   24397.7 best   24392.9
it  450000 T   0.783 step  1.88 cur   24312.9 best   24312.9
it  480000 T   0.451 step  1.34 cur   24282.9 best   24282.9
it  510000 T   0.260 step  0.87 cur   24195.7 best   24195.7
it  540000 T   0.150 step  0.47 cur   24057.4 best   24057.4
it  570000 T   0.087 step  0.20 cur   24008.2 best   24008.2
final exact cost 23983.7 (tracked 23983.7)
