it       0 T 3000.000 step 15.00 cur  884538.8 best  884538.8
it   30000 T 1730.668 step 13.89 cur  142156.6 best  105767.4
it   60000 T 998.404 step 12.81 cur   74784.9 best   70525.4
it   90000 T 575.968 step 11.75 cur   63577.9 best   52173.4
it  120000 T 332.270 step 10.73 cur   37900.9 best   34194.8
it  150000 T 191.683 step  9.74 cur   29000.2 best   28652.9
it  180000 T 110.580 step  8.78 cur   25154.8 best   24749.4
it  210000 T  63.792 step  7.86 cur   21722.5 best   21372.1
it  240000 T  36.801 step  6.97 cur   19861.5 best   19732.8
it  270000 T  21.230 step  6.12 cur   19268.6 best   19206.5
it  300000 T  12.247 step  5.30 cur   18800.9 best   18722.0
it  330000 T   7.065 step  4.53 cur   17768.4 best   17756.8
it  360000 T   4.076 step  3.79 cur   16081.2 best   16074.7
it  390000 T   2.351 step  3.11 cur   15993.7 best   15983.1
it  420000 T   1.356 step  2.46 cur   15834.8 best   15834.8
it  450000 T   0.783 step  1.88 cur   15757.0 best   15755.5
it  480000 T   0.451 step  1.34 cur   14572.8 best   14572.6
it  510000 T   0.260 step  0.87 cur   14495.2 best   14495.0
it  540000 T   0.150 step  0.47 cur   13619.9 best   13619.5
it  570000 T   0.087 step  0.20 cur   13587.8 best   13587.7
final exact cost 13507.5 (tracked 13507.5)
