it       0 T 3000.000 step 15.00 cur  782884.7 best  782884.7
it   30000 T 1730.668 step 13.89 cur  116848.1 best  102168.9
it   60000 T 998.404 step 12.81 cur   81170.0 best   73333.9
it   90000 T 575.968 step 11.75 cur   64546.8 best   63699.2
it  120000 T 332.270 step 10.73 cur   53823.4 best   53092.7
it  150000 T 191.683 step  9.74 cur   46505.3 best   45982.8
it  180000 T 110.580 step  8.78 cur   44675.9 best   44019.8
it  210000 T  63.792 step  7.86 cur   43331.2 best   42473.1
it  240000 T  36.801 step  6.97 cur   41096.3 best   41013.2
it  270000 T  21.230 step  6.12 cur   39461.7 best   39287.0
it  300000 T  12.247 step  5.30 cur   38698.0 best   38697.6
it  330000 T   7.065 step  4.53 cur   37544.0 best   37519.0
it  360000 T   4.076 step  3.79 cur   36515.9 best   36510.9
it  390000 T   2.351 step  3.11 cur   36195.3 best   36183.7
it  420000 T   1.356 step  2.46 cur   36017.6 best   36017.6
it  450000 T   0.783 step  1.88 cur   35742.3 best   35741.4
it  480000 T   0.451 step  1.34 cur   35690.1 best   35687.6
it  510000 T   0.260 step  0.87 cur   35580.0 best   35579.9
it  540000 T   0.150 step  0.47 cur   35522.3 best   35522.3
it  570000 T   0.087 step  0.20 cur   35481.6 best   35481.6
final exact cost 35460.3 (tracked 35460.3)
