it       0 T 3000.000 step 15.00 cur  617824.0 best  617824.0
it   30000 T 1730.668 step 13.89 cur  125129.0 best   95346.2
it   60000 T 998.404 step 12.81 cur   65102.9 best   60344.2
it   90000 T 575.968 step 11.75 cur   40459.3 best   40459.3
it  120000 T 332.270 step 10.73 cur   32326.1 best   25972.1
it  150000 T 191.683 step  9.74 cur   19041.8 best   18685.3
it  180000 T 110.580 step  8.78 cur   16957.2 best   16598.5
it  210000 T  63.792 step  7.86 cur   16281.5 best   16004.2
it  240000 T  36.801 step  6.97 cur   15119.3 best   15118.1
it  270000 T  21.230 step  6.12 cur   14544.4 best   14382.8
it  300000 T  12.247 step  5.30 cur   14031.4 best   13995.2
it  330000 T   7.065 step  4.53 cur   13778.0 best   13718.4
it  360000 T   4.076 step  3.79 cur   13529.9 best   13514.1
it  390000 T   2.351 step  3.11 cur   13142.9 best   13136.3
it  420000 T   1.356 step  2.46 cur   13013.1 best   13013.1
it  450000 T   0.783 step  1.88 cur   12974.1 best   12970.1
it  480000 T   0.451 step  1.34 cur   12903.4 best   12903.4
it  510000 T   0.260 step  0.87 cur   12848.5 best   12848.5
it  540000 T   0.150 step  0.47 cur   12780.9 best   12780.9
it  570000 T   0.087 step  0.20 cur   12736.7 best   12736.7
final exact cost 12728.8 (tracked 12728.8)
