it       0 T 3000.000 step 15.00 cur  637121.9 best  637121.9
it   30000 T 1730.668 step 13.89 cur  122468.0 best  105324.0
it   60000 T 998.404 step 12.81 cur   61506.6 best   61445.6
it   90000 T 575.968 step 11.75 cur   49804.9 best   46342.0
it  120000 T 332.270 step 10.73 cur   34260.2 best   33574.8
it  150000 T 191.683 step  9.74 cur   24088.7 best   23705.0
it  180000 T 110.580 step  8.78 cur   21979.2 best   21895.2
it  210000 T  63.792 step  7.86 cur   18650.2 best   18389.2
it  240000 T  36.801 step  6.97 cur   17042.9 best   16807.0
it  270000 T  21.230 step  6.12 cur   15224.6 best   15145.0
it  300000 T  12.247 step  5.30 cur   14999.6 best   14987.8
it  330000 T   7.065 step  4.53 cur   14445.0 best   14436.0
it  360000 T   4.076 step  3.79 cur   13998.5 best   13994.5
it  390000 T   2.351 step  3.11 cur   13934.5 best   13931.9
it  420000 T   1.356 step  2.46 cur   13577.5 best   13575.3
it  450000 T   0.783 step  1.88 cur   13355.8 best   13355.8
it  480000 T   0.451 step  1.34 cur   13050.7 best   13048.9
it  510000 T   0.260 step  0.87 cur   12509.8 best   12509.8
it  540000 T   0.150 step  0.47 cur   12027.5 best   12027.5
it  570000 T   0.087 step  0.20 cur   11944.3 best   11944.3
final exact cost 11915.6 (tracked 11915.6)
