it       0 T 3000.000 step 15.00 cur 1006520.2 best 1006520.2
it   30000 T 1730.668 step 13.89 cur  112325.5 best  112325.5
it   60000 T 998.404 step 12.81 cur   78063.9 best   66048.0
it   90000 T 575.968 step 11.75 cur   44541.9 best   42489.5
it  120000 T 332.270 step 10.73 cur   38451.8 best   36258.2
it  150000 T 191.683 step  9.74 cur   34110.2 best   32150.9
it  180000 T 110.580 step  8.78 cur   30379.0 best   30379.0
it  210000 T  63.792 step  7.86 cur   27902.8 best   27321.6
it  240000 T  36.801 step  6.97 cur   25941.8 best   25773.9
it  270000 T  21.230 step  6.12 cur   25147.5 best   25018.5
it  300000 T  12.247 step  5.30 cur   24692.0 best   24692.0
it  330000 T   7.065 step  4.53 cur   24537.2 best   24465.6
it  360000 T   4.076 step  3.79 cur   24034.3 best   24034.3
it  390000 T   2.351 step  3.11 cur   23952.3 best   23949.4
it  420000 T   1.356 step  2.46 cur   23925.8 best   23925.8
it  450000 T   0.783 step  1.88 cur   23857.9 best   23857.2
it  480000 T   0.451 step  1.34 cur   23627.6 best   23627.6
it  510000 T   0.260 step  0.87 cur   23577.0 best   23577.0
it  540000 T   0.150 step  0.47 cur   19341.0 best   19340.6
it  570000 T   0.087 step  0.20 cur   18672.0 best   18672.0
final exact cost 18616.7 (tracked 18616.7)
