it       0 T 3000.000 step 15.00 cur  784648.6 best  784648.6
it   30000 T 1730.668 step 13.89 cur  130595.7 best   92204.2
it   60000 T 998.404 step 12.81 cur   53484.5 best   46401.5
it   90000 T 575.968 step 11.75 cur   45153.6 best   38735.3
it  120000 T 332.270 step 10.73 cur   31320.4 best   30036.1
it  150000 T 191.683 step  9.74 cur   23534.8 best   22853.4
it  180000 T 110.580 step  8.78 cur   19269.2 best   19204.4
it  210000 T  63.792 step  7.86 cur   17718.2 best   17664.2
it  240000 T  36.801 step  6.97 cur   14012.6 best   13744.1
it  270000 T  21.230 step  6.12 cur   12649.4 best   12620.4
it  300000 T  12.247 step  5.30 cur   12586.1 best   12471.2
it  330000 T   7.065 step  4.53 cur   11925.2 best   11900.5
it  360000 T   4.076 step  3.79 cur   11597.6 best   11558.3
it  390000 T   2.351 step  3.11 cur   11439.9 best   11432.4
it  420000 T   1.356 step  2.46 cur   11377.0 best   11377.0
it  450000 T   0.783 step  1.88 cur   11316.9 best   11316.9
it  480000 T   0.451 step  1.34 cur   11261.0 best   11261.0
it  510000 T   0.260 step  0.87 cur   11046.4 best   11046.4
it  540000 T   0.150 step  0.47 cur   11013.9 best   11013.9
it  570000 T   0.087 step  0.20 cur   10991.8 best   10991.7
final exact cost 10981.0 (tracked 10981.0)
