it       0 T 3000.000 step 15.00 cur  838147.4 best  838147.4
it   30000 T 1730.668 step 13.89 cur  137888.5 best  110449.6
it   60000 T 998.404 step 12.81 cur   56606.8 best   53862.3
it   90000 T 575.968 step 11.75 cur   47626.0 best   47626.0
it  120000 T 332.270 step 10.73 cur   39005.2 best   37065.3
it  150000 T 191.683 step  9.74 cur   32652.0 best   32217.0
it  180000 T 110.580 step  8.78 cur   30895.3 best   29945.6
it  210000 T  63.792 step  7.86 cur   29136.2 best   28457.2
it  240000 T  36.801 step  6.97 cur   28416.5 best   28331.9
it  270000 T  21.230 step  6.12 cur   26789.6 best   26727.0
it  300000 T  12.247 step  5.30 cur   26063.3 best   26063.3
it  330000 T   7.065 step  4.53 cur   25548.2 best   25493.3
it  360000 T   4.076 step  3.79 cur   25325.0 best   25323.1
it  390000 T   2.351 step  3.11 cur   25169.7 best   25166.4
it  420000 T   1.356 step  2.46 cur   24940.2 best   24934.5
it  450000 T   0.783 step  1.88 cur   24502.1 best   24500.0
it  480000 T   0.451 step  1.34 cur   24400.9 best   24400.7
it  510000 T   0.260 step  0.87 cur   24290.5 best   24290.5
it  540000 T   0.150 step  0.47 cur   24222.7 best   24222.7
it  570000 T   0.087 step  0.20 cur   24052.5 best   24052.1
final exact cost 24016.9 (tracked 24016.9)
