it       0 T 3000.000 step 15.00 cur  809437.4 best  809437.4
it   30000 T 1730.668 step 13.89 cur  123931.6 best  120939.9
it   60000 T 998.404 step 12.81 cur   86225.8 best   80512.9
it   90000 T 575.968 step 11.75 cur   47779.9 best   47258.8
it  120000 T 332.270 step 10.73 cur   45747.3 best   42160.6
it  150000 T 191.683 step  9.74 cur   37668.6 best   35471.9
it  180000 T 110.580 step  8.78 cur   32757.6 best   31728.5
it  210000 T  63.792 step  7.86 cur   29817.8 best   29020.3
it  240000 T  36.801 step  6.97 cur   28475.2 best   28235.1
it  270000 T  21.230 step  6.12 cur   27478.6 best   27441.1
it  300000 T  12.247 step  5.30 cur   27260.0 best   27169.0
it  330000 T   7.065 step  4.53 cur   26850.1 best   26810.3
it  360000 T   4.076 step  3.79 cur   26690.6 best   26689.5
it  390000 T   2.351 step  3.11 cur   26140.3 best   26138.7
it  420000 T   1.356 step  2.46 cur   26036.2 best   26033.7
it  450000 T   0.783 step  1.88 cur   25952.0 best   25950.5
it  480000 T   0.451 step  1.34 cur   25923.1 best   25921.6
it  510000 T   0.260 step  0.87 cur   25522.5 best   25522.5
it  540000 T   0.150 step  0.47 cur   25489.1 best   25489.1
it  570000 T   0.087 step  0.20 cur   25431.7 best   25431.7
final exact cost 25417.9 (tracked 25417.9)
