it       0 T 3000.000 step 15.00 cur 1096822.4 best 1096822.4
it   30000 T 1730.668 step 13.89 cur  103163.0 best  101291.4
it   60000 T 998.404 step 12.81 cur   68031.5 best   63239.8
it   90000 T 575.968 step 11.75 cur   44870.1 best   41994.9
it  120000 T 332.270 step 10.73 cur   31566.0 best   28592.7
it  150000 T 191.683 step  9.74 cur   26415.2 best   26415.2
it  180000 T 110.580 step  8.78 cur   23132.0 best   22866.6
it  210000 T  63.792 step  7.86 cur   20554.4 best   20034.6
it  240000 T  36.801 step  6.97 cur   18721.6 best   18677.9
it  270000 T  21.230 step  6.12 cur   17551.8 best   17441.6
it  300000 T  12.247 step  5.30 cur   16317.0 best   16317.0
it  330000 T   7.065 step  4.53 cur   15882.8 best   15855.3
it  360000 T   4.076 step  3.79 cur   15615.3 best   15597.5
it  390000 T   2.351 step  3.11 cur   15355.4 best   15355.4
it  420000 T   1.356 step  2.46 cur   15000.5 best   14996.2
it  450000 T   0.783 step  1.88 cur   14936.6 best   14936.6
it  480000 T   0.451 step  1.34 cur   14900.8 best   14900.1
it  510000 T   0.260 step  0.87 cur   14811.3 best   14811.3
it  540000 T   0.150 step  0.47 cur   14757.9 best   14757.8
it  570000 T   0.087 step  0.20 cur   14723.7 best   14723.7
final exact cost 14690.0 (tracked 14690.0)
