it       0 T 3000.000 step 15.00 cur  702204.5 best  702204.5
it   30000 T 1730.668 step 13.89 cur  115884.2 best  103346.0
it   60000 T 998.404 step 12.81 cur   68165.5 best   62506.9
it   90000 T 575.968 step 11.75 cur   58146.0 best   51236.0
it  120000 T 332.270 step 10.73 cur   44628.1 best   43962.9
it  150000 T 191.683 step  9.74 cur   35961.6 best   35919.8
it  180000 T 110.580 step  8.78 cur   34517.1 best   33195.8
it  210000 T  63.792 step  7.86 cur   32606.5 best   31877.5
it  240000 T  36.801 step  6.97 cur   31610.8 best   31444.2
it  270000 T  21.230 step  6.12 cur   30823.1 best   30638.4
it  300000 T  12.247 step  5.30 cur   30274.4 best   30269.0
it  330000 T   7.065 step  4.53 cur   23614.0 best   23584.4
it  360000 T   4.076 step  3.79 cur   23415.1 best   23408.6
it  390000 T   2.351 step  3.11 cur   22895.8 best   22891.6
it  420000 T   1.356 step  2.46 cur   22641.8 best   22638.3
it  450000 T   0.783 step  1.88 cur   22563.1 best   22563.1
it  480000 T   0.451 step  1.34 cur   22273.6 best   22273.6
it  510000 T   0.260 step  0.87 cur   22052.8 best   22052.8
it  540000 T   0.150 step  0.47 cur   21936.2 best   21936.2
it  570000 T   0.087 step  0.20 cur   21870.9 best   21870.9
final exact cost 21152.7 (tracked 21152.7)
