it       0 T 3000.000 step 15.00 cur  945287.3 best  945287.3
it   30000 T 1730.668 step 13.89 cur  151210.3 best  126188.3
it   60000 T 998.404 step 12.81 cur   62149.6 best   57460.7
it   90000 T 575.968 step 11.75 cur   33867.0 best   31406.8
it  120000 T 332.270 step 10.73 cur   21214.0 best   20163.7
it  150000 T 191.683 step  9.74 cur   18537.1 best   18065.7
it  180000 T 110.580 step  8.78 cur   15788.0 best   14663.9
it  210000 T  63.792 step  7.86 cur   12988.7 best   12699.7
it  240000 T  36.801 step  6.97 cur   11115.5 best   11014.2
it  270000 T  21.230 step  6.12 cur   10926.1 best   10789.5
it  300000 T  12.247 step  5.30 cur   10627.0 best   10574.9
it  330000 T   7.065 step  4.53 cur   10219.0 best   10217.3
it  360000 T   4.076 step  3.79 cur   10025.9 best   10025.6
it  390000 T   2.351 step  3.11 cur    9936.7 best    9909.5
it  420000 T   1.356 step  2.46 cur    9826.7 best    9824.7
it  450000 T   0.783 step  1.88 cur    9805.3 best    9805.0
it  480000 T   0.451 step  1.34 cur    9772.3 best    9772.3
it  510000 T   0.260 step  0.87 cur    9706.4 best    9706.4
it  540000 T   0.150 step  0.47 cur    9684.1 best    9684.1
it  570000 T   0.087 step  0.20 cur    9664.1 best    9663.8
final exact cost 9654.7 (tracked 9654.7)
