it       0 T 3000.000 step 15.00 cur  692404.8 best  692404.8
it   30000 T 1730.668 step 13.89 cur   91080.4 best   87112.9
it   60000 T 998.404 step 12.81 cur   69986.8 best   60043.4
it   90000 T 575.968 step 11.75 cur   47009.4 best   46735.0
it  120000 T 332.270 step 10.73 cur   38146.6 best   37101.3
it  150000 T 191.683 step  9.74 cur   31510.5 best   30987.2
it  180000 T 110.580 step  8.78 cur   28023.7 best   28023.7
it  210000 T  63.792 step  7.86 cur   25780.2 best   25715.9
it  240000 T  36.801 step  6.97 cur   25256.9 best   25216.6
it  270000 T  21.230 step  6.12 cur   24851.3 best   24729.9
it  300000 T  12.247 step  5.30 cur   23062.4 best   23062.4
it  330000 T   7.065 step  4.53 cur   22608.3 best   22559.5
it  360000 T   4.076 step  3.79 cur   22459.0 best   22459.0
it  390000 T   2.351 step  3.11 cur   22364.1 best   22354.7
it  420000 T   1.356 step  2.46 cur   22298.5 best   22298.5
it  450000 T   0.783 step  1.88 cur   22183.0 best   22183.0
it  480000 T   0.451 step  1.34 cur   22075.7 best   22075.1
it  510000 T   0.260 step  0.87 cur   21951.8 best   21951.8
it  540000 T   0.150 step  0.47 cur   19947.9 best   19947.9
it  570000 T   0.087 step  0.20 cur   19666.1 best   19666.1
final exact cost 19641.6 (tracked 19641.6)
