it       0 T 3000.000 step 15.00 cur  729491.4 best  729491.4
it   30000 T 1730.668 step 13.89 cur  107294.9 best   98714.8
it   60000 T 998.404 step 12.81 cur   91194.0 best   80087.2
it   90000 T 575.968 step 11.75 cur   79653.1 best   67945.8
it  120000 T 332.270 step 10.73 cur   47743.2 best   44291.3
it  150000 T 191.683 step  9.74 cur   39032.9 best   37494.9
it  180000 T 110.580 step  8.78 cur   34505.3 best   33623.9
it  210000 T  63.792 step  7.86 cur   31856.2 best   31452.0
it  240000 T  36.801 step  6.97 cur   28873.5 best   28805.2
it  270000 T  21.230 step  6.12 cur   27539.7 best   27539.7
it  300000 T  12.247 step  5.30 cur   27424.8 best   27398.9
it  330000 T   7.065 step  4.53 cur   27129.2 best   27101.0
it  360000 T   4.076 step  3.79 cur   26431.8 best   26415.0
it  390000 T   2.351 step  3.11 cur   26027.8 best   26015.4
it  420000 T   1.356 step  2.46 cur   25920.0 best   25917.6
it  450000 T   0.783 step  1.88 cur   25719.0 best   25719.0
it  480000 T   0.451 step  1.34 cur   25183.9 best   25183.9
it  510000 T   0.260 step  0.87 cur   25097.1 best   25097.1
it  540000 T   0.150 step  0.47 cur   24977.4 best   24977.4
it  570000 T   0.087 step  0.20 cur   24817.6 best   24817.6
final exact cost 24751.1 (tracked 24751.1)
