it       0 T 3000.000 step 15.00 cur  921826.4 best  921826.4
it   30000 T 1730.668 step 13.89 cur  139799.7 best  113997.5
it   60000 T 998.404 step 12.81 cur   53471.4 best   50638.0
it   90000 T 575.968 step 11.75 cur   51840.3 best   43721.7
it  120000 T 332.270 step 10.73 cur   36055.8 best   35519.2
it  150000 T 191.683 step  9.74 cur   29674.6 best   27053.9
it  180000 T 110.580 step  8.78 cur   24034.1 best   23525.3
it  210000 T  63.792 step  7.86 cur   22673.7 best   22371.2
it  240000 T  36.801 step  6.97 cur   21925.6 best   21439.7
it  270000 T  21.230 step  6.12 cur   21072.0 best   20907.3
it  300000 T  12.247 step  5.30 cur   20668.6 best   20635.8
it  330000 T   7.065 step  4.53 cur   20449.2 best   20432.2
it  360000 T   4.076 step  3.79 cur   20217.2 best   20217.0
it  390000 T   2.351 step  3.11 cur   20014.0 best   20000.4
it  420000 T   1.356 step  2.46 cur   19934.4 best   19932.9
it  450000 T   0.783 step  1.88 cur   19767.6 best   19767.6
it  480000 T   0.451 step  1.34 cur   19742.7 best   19742.7
it  510000 T   0.260 step  0.87 cur   19624.9 best   19624.9
it  540000 T   0.150 step  0.47 cur   19476.5 best   19476.5
it  570000 T   0.087 step  0.20 cur   19431.3 best   19431.3
final exact cost 19417.2 (tracked 19417.2)
