it       0 T 3000.000 step 15.00 cur  760721.5 best  760721.5
it   30000 T 1730.668 step 13.89 cur  129155.4 best  122739.0
it   60000 T 998.404 step 12.81 cur   52898.9 best   40088.2
it   90000 T 575.968 step 11.75 cur   34399.8 best   29989.5
it  120000 T 332.270 step 10.73 cur   23721.3 best   23721.3
it  150000 T 191.683 step  9.74 cur   20600.2 best   17658.8
it  180000 T 110.580 step  8.78 cur   14743.6 best   14175.2
it  210000 T  63.792 step  7.86 cur   12120.2 best   11995.6
it  240000 T  36.801 step  6.97 cur   11305.5 best   11213.9
it  270000 T  21.230 step  6.12 cur   10643.0 best   10482.0
it  300000 T  12.247 step  5.30 cur   10257.9 best   10248.2
it  330000 T   7.065 step  4.53 cur   10070.6 best   10060.3
it  360000 T   4.076 step  3.79 cur   10006.4 best    9975.3
it  390000 T   2.351 step  3.11 cur    9847.1 best    9840.7
it  420000 T   1.356 step  2.46 cur    9724.3 best    9723.3
it  450000 T   0.783 step  1.88 cur    9637.0 best    9633.0
it  480000 T   0.451 step  1.34 cur    9508.7 best    9508.7
it  510000 T   0.260 step  0.87 cur    9474.0 best    9474.0
it  540000 T   0.150 step  0.47 cur    9070.8 best    9070.8
it  570000 T   0.087 step  0.20 cur    8771.8 best    8771.3
final exact cost 8683.7 (tracked 8683.7)
