it       0 T 3000.000 step 15.00 cur  928739.7 best  928739.7
it   30000 T 1730.668 step 13.89 cur  144331.7 best  137024.8
it   60000 T 998.404 step 12.81 cur  103759.5 best   98473.3
it   90000 T 575.968 step 11.75 cur   81028.0 best   77523.7
it  120000 T 332.270 step 10.73 cur   65513.8 best   62743.8
it  150000 T 191.683 step  9.74 cur   58655.4 best   57767.7
it  180000 T 110.580 step  8.78 cur   51318.7 best   51291.2
it  210000 T  63.792 step  7.86 cur   49916.2 best   49753.4
it  240000 T  36.801 step  6.97 cur   48863.1 best   48837.0
it  270000 T  21.230 step  6.12 cur   39892.3 best   39892.3
it  300000 T  12.247 step  5.30 cur   36801.0 best   36784.6
it  330000 T   7.065 step  4.53 cur   36334.6 best   36305.5
it  360000 T   4.076 step  3.79 cur   33816.4 best   33813.3
it  390000 T   2.351 step  3.11 cur   33679.6 best   33677.1
it  420000 T   1.356 step  2.46 cur   33415.2 best   33415.2
it  450000 T   0.783 step  1.88 cur   33353.6 best   33353.6
it  480000 T   0.451 step  1.34 cur   33074.2 best   33074.1
it  510000 T   0.260 step  0.87 cur   32879.9 best   32879.9
it  540000 T   0.150 step  0.47 cur   32812.6 best   32812.6
it  570000 T   0.087 step  0.20 cur   32632.4 best   32632.4
final exact cost 32566.3 (tracked 32566.3)
