it       0 T 3000.000 step 15.00 cur  753075.2 best  753075.2
it   30000 T 1730.668 step 13.89 cur  108305.2 best  108149.0
it   60000 T 998.404 step 12.81 cur   78625.3 best   57117.8
it   90000 T 575.968 step 11.75 cur   38265.7 best   32826.5
it  120000 T 332.270 step 10.73 cur   22007.9 best   21352.9
it  150000 T 191.683 step  9.74 cur   18971.0 best   17210.0
it  180000 T 110.580 step  8.78 cur   16919.5 best   16222.3
it  210000 T  63.792 step  7.86 cur   14920.6 best   14193.7
it  240000 T  36.801 step  6.97 cur   13745.1 best   13531.4
it  270000 T  21.230 step  6.12 cur   12734.9 best   12671.0
it  300000 T  12.247 step  5.30 cur   12467.0 best   12405.7
it  330000 T   7.065 step  4.53 cur   12197.5 best   12137.6
it  360000 T   4.076 step  3.79 cur   12091.9 best   12071.2
it  390000 T   2.351 step  3.11 cur   11824.1 best   11816.8
it  420000 T   1.356 step  2.46 cur   11597.7 best   11595.5
it  450000 T   0.783 step  1.88 cur   11522.2 best   11516.2
it  480000 T   0.451 step  1.34 cur   11488.1 best   11488.1
it  510000 T   0.260 step  0.87 cur   11437.5 best   11437.5
it  540000 T   0.150 step  0.47 cur   11311.7 best   11311.7
it  570000 T   0.087 step  0.20 cur   11269.0 best   11269.0
final exact cost 11254.4 (tracked 11254.4)
