it       0 T 3000.000 step 15.00 cur  740284.9 best  740284.9
it   30000 T 1730.668 step 13.89 cur  145429.9 best  112080.0
it   60000 T 998.404 step 12.81 cur  100843.8 best   85470.3
it   90000 T 575.968 step 11.75 cur   51430.6 best   50679.7
it  120000 T 332.270 step 10.73 cur   38419.5 best   38217.7
it  150000 T 191.683 step  9.74 cur   30837.4 best   28588.5
it  180000 T 110.580 step  8.78 cur   25798.7 best   25704.0
it  210000 T  63.792 step  7.86 cur   22325.2 best   22257.2
it  240000 T  36.801 step  6.97 cur   20100.1 best   20093.0
it  270000 T  21.230 step  6.12 cur   19510.0 best   19493.6
it  300000 T  12.247 step  5.30 cur   19110.2 best   19079.0
it  330000 T   7.065 step  4.53 cur   18629.0 best   18604.4
it  360000 T   4.076 step  3.79 cur   18143.6 best   18121.8
it  390000 T   2.351 step  3.11 cur   17930.8 best   17919.0
it  420000 T   1.356 step  2.46 cur   17182.9 best   17180.4
it  450000 T   0.783 step  1.88 cur   17092.1 best   17088.0
it  480000 T   0.451 step  1.34 cur   17006.5 best   17006.5
it  510000 T   0.260 step  0.87 cur   16973.8 best   16973.8
it  540000 T   0.150 step  0.47 cur   16878.8 best   16878.8
it  570000 T   0.087 step  0.20 cur   16822.8 best   16822.8
final exact cost 16796.9 (tracked 16796.9)
