it       0 T 3000.000 step 15.00 cur  649483.8 best  649483.8
it   30000 T 1730.668 step 13.89 cur  130969.4 best  103797.4
it   60000 T 998.404 step 12.81 cur   74784.1 best   67217.8
it   90000 T 575.968 step 11.75 cur   44710.3 best   42247.5
it  120000 T 332.270 step 10.73 cur   28065.9 best   25670.6
it  150000 T 191.683 step  9.74 cur   21183.0 best   21051.3
it  180000 T 110.580 step  8.78 cur   19115.0 best   18796.7
it  210000 T  63.792 step  7.86 cur   17200.3 best   16924.4
it  240000 T  36.801 step  6.97 cur   15927.5 best   15677.0
it  270000 T  21.230 step  6.12 cur   14398.7 best   14344.8
it  300000 T  12.247 step  5.30 cur   13322.5 best   13322.5
it  330000 T   7.065 step  4.53 cur   13157.9 best   13130.7
it  360000 T   4.076 step  3.79 cur   12492.1 best   12468.6
it  390000 T   2.351 step  3.11 cur   12335.1 best   12333.5
it  420000 T   1.356 step  2.46 cur   12224.9 best   12219.6
it  450000 T   0.783 step  1.88 cur   12119.1 best   12118.2
it  480000 T   0.451 step  1.34 cur   12080.6 best   12079.4
it  510000 T   0.260 step  0.87 cur   11868.3 best   11868.3
it  540000 T   0.150 step  0.47 cur   11673.6 best   11673.6
it  570000 T   0.087 step  0.20 cur   11421.2 best   11421.2
final exact cost 11309.6 (tracked 11309.6)
