it       0 T 3000.000 step 15.00 cur  836038.1 best  836038.1
it   30000 T 1730.668 step 13.89 cur  133169.9 best  116344.1
it   60000 T 998.404 step 12.81 cur   93241.6 best   82420.5
it   90000 T 575.968 step 11.75 cur   66749.6 best   60799.5
it  120000 T 332.270 step 10.73 cur   57149.4 best   54652.6
it  150000 T 191.683 step  9.74 cur   37181.6 best   36983.3
it  180000 T 110.580 step  8.78 cur   33229.1 best   32829.5
it  210000 T  63.792 step  7.86 cur   32630.5 best   31845.3
it  240000 T  36.801 step  6.97 cur   30475.5 best   30056.6
it  270000 T  21.230 step  6.12 cur   29199.5 best   29074.2
it  300000 T  12.247 step  5.30 cur   27902.6 best   27899.4
it  330000 T   7.065 step  4.53 cur   26606.0 best   26554.3
it  360000 T   4.076 step  3.79 cur   26024.4 best   26019.3
it  390000 T   2.351 step  3.11 cur   25631.8 best   25621.4
it  420000 T   1.356 step  2.46 cur   25554.9 best   25554.9
it  450000 T   0.783 step  1.88 cur   25361.2 best   25360.3
it  480000 T   0.451 step  1.34 cur   25131.9 best   25131.9
it  510000 T   0.260 step  0.87 cur   25032.4 best   25032.4
it  540000 T   0.150 step  0.47 cur   24583.6 best   24583.6
it  570000 T   0.087 step  0.20 cur   24314.9 best   24314.9
final exact cost 24281.7 (tracked 24281.7)
