it       0 T 3000.000 step 15.00 cur 1053577.7 best 1053577.7
it   30000 T 1730.668 step 13.89 cur  117666.1 best  117178.5
it   60000 T 998.404 step 12.81 cur   89403.9 best   86687.5
it   90000 T 575.968 step 11.75 cur   54903.0 best   53457.4
it  120000 T 332.270 step 10.73 cur   53580.9 best   47785.5
it  150000 T 191.683 step  9.74 cur   46262.4 best   45570.5
it  180000 T 110.580 step  8.78 cur   42514.7 best   41972.0
it  210000 T  63.792 step  7.86 cur   40278.9 best   40019.3
it  240000 T  36.801 step  6.97 cur   38166.3 best   38102.4
it  270000 T  21.230 step  6.12 cur   37373.2 best   37341.3
it  300000 T  12.247 step  5.30 cur   36966.1 best   36917.4
it  330000 T   7.065 step  4.53 cur   36226.2 best   36219.0
it  360000 T   4.076 step  3.79 cur   25689.2 best   25685.7
it  390000 T   2.351 step  3.11 cur   25427.6 best   25427.6
it  420000 T   1.356 step  2.46 cur   25189.9 best   25189.9
it  450000 T   0.783 step  1.88 cur   25066.6 best   25065.2
it  480000 T   0.451 step  1.34 cur   24933.1 best   24933.1
it  510000 T   0.260 step  0.87 cur   24712.5 best   24712.5
it  540000 T   0.150 step  0.47 cur   24636.5 best   24636.5
it  570000 T   0.087 step  0.20 cur   24576.6 best   24576.4
final exact cost 24527.7 (tracked 24527.7)
