it       0 T 3000.000 step 15.00 cur  653713.8 best  653713.8
it   30000 T 1730.668 step 13.89 cur  116460.0 best  102538.0
it   60000 T 998.404 step 12.81 cur   72092.6 best   61451.4
it   90000 T 575.968 step 11.75 cur   53296.5 best   45361.5
it  120000 T 332.270 step 10.73 cur   38232.4 best   33541.5
it  150000 T 191.683 step  9.74 cur   29008.7 best   28851.7
it  180000 T 110.580 step  8.78 cur   26417.1 best   25508.6
it  210000 T  63.792 step  7.86 cur   23604.1 best   23604.1
it  240000 T  36.801 step  6.97 cur   22622.3 best   22517.5
it  270000 T  21.230 step  6.12 cur   21652.1 best   21618.2
it  300000 T  12.247 step  5.30 cur   20350.4 best   20226.0
it  330000 T   7.065 step  4.53 cur   19917.7 best   19885.0
it  360000 T   4.076 step  3.79 cur   19236.5 best   19236.5
it  390000 T   2.351 step  3.11 cur   17642.5 best   17634.3
it  420000 T   1.356 step  2.46 cur   17443.9 best   17441.7
it  450000 T   0.783 step  1.88 cur   17235.7 best   17235.7
it  480000 T   0.451 step  1.34 cur   17145.9 best   17145.6
it  510000 T   0.260 step  0.87 cur   17018.7 best   17018.7
it  540000 T   0.150 step  0.47 cur   16876.8 best   16876.8
it  570000 T   0.087 step  0.20 cur   16834.3 best   16833.8
final exact cost 16801.5 (tracked 16801.5)
