** Drc report for BOOST_power_RC2.kicad_pcb **
** Created on 2026-09-30T10:20:32 **
** Report includes: Errors, Warnings, Exclusions **

** Found 49 DRC violations **
[lib_footprint_mismatch]: Footprint 'PinSocket_2x15_P2.54mm_Vertical' does not match copy in library 'Connector_PinSocket_2.54mm'
    Local override; warning
    @(69.4765 mm, 74.1580 mm): Footprint J10
[silk_overlap]: Silkscreen clearance
    Rule: board setup constraints silk; warning
    @(43.8453 mm, 82.1302 mm): Segment of C87 on F.Silkscreen
    @(43.8153 mm, 82.8023 mm): Segment of C71 on F.Silkscreen
[silk_overlap]: Silkscreen clearance
    Rule: board setup constraints silk; warning
    @(67.8906 mm, 60.0020 mm): Segment of C86 on F.Silkscreen
    @(68.7126 mm, 60.0949 mm): Segment of C88 on F.Silkscreen
[silk_over_copper]: Silkscreen clipped by solder mask
    Local override; warning
    @(35.3312 mm, 49.5038 mm): Polygon of G*** on F.Silkscreen
    @(34.0930 mm, 46.5351 mm): Pad 3 [<no net>] of L1 on F.Cu
[silk_over_copper]: Silkscreen clipped by solder mask
    Local override; warning
    @(35.4006 mm, 49.4653 mm): Polygon of G*** on F.Silkscreen
    @(34.0930 mm, 46.5351 mm): Pad 3 [<no net>] of L1 on F.Cu
[silk_over_copper]: Silkscreen clipped by solder mask
    Local override; warning
    @(35.7067 mm, 49.5180 mm): Polygon of G*** on F.Silkscreen
    @(34.0930 mm, 46.5351 mm): Pad 3 [<no net>] of L1 on F.Cu
[silk_over_copper]: Silkscreen clipped by solder mask
    Local override; warning
    @(35.3608 mm, 49.4887 mm): Polygon of G*** on F.Silkscreen
    @(34.0930 mm, 46.5351 mm): Pad 3 [<no net>] of L1 on F.Cu
[silk_over_copper]: Silkscreen clipped by solder mask
    Local override; warning
    @(35.4760 mm, 49.4975 mm): Polygon of G*** on F.Silkscreen
    @(34.0930 mm, 46.5351 mm): Pad 3 [<no net>] of L1 on F.Cu
[silk_over_copper]: Silkscreen clipped by solder mask
    Local override; warning
    @(35.7478 mm, 49.4884 mm): Polygon of G*** on F.Silkscreen
    @(34.0930 mm, 46.5351 mm): Pad 3 [<no net>] of L1 on F.Cu
[silk_over_copper]: Silkscreen clipped by solder mask
    Local override; warning
    @(35.9639 mm, 49.4190 mm): Polygon of G*** on F.Silkscreen
    @(34.0930 mm, 46.5351 mm): Pad 3 [<no net>] of L1 on F.Cu
[silk_over_copper]: Silkscreen clipped by solder mask
    Local override; warning
    @(35.9922 mm, 49.0242 mm): Polygon of G*** on F.Silkscreen
    @(34.0930 mm, 46.5351 mm): Pad 3 [<no net>] of L1 on F.Cu
[silk_over_copper]: Silkscreen clipped by solder mask
    Local override; warning
    @(36.0386 mm, 49.0497 mm): Polygon of G*** on F.Silkscreen
    @(34.0930 mm, 46.5351 mm): Pad 3 [<no net>] of L1 on F.Cu
[silk_over_copper]: Silkscreen clipped by solder mask
    Local override; warning
    @(36.1568 mm, 49.0563 mm): Polygon of G*** on F.Silkscreen
    @(34.0930 mm, 46.5351 mm): Pad 3 [<no net>] of L1 on F.Cu
[silk_over_copper]: Silkscreen clipped by solder mask
    Local override; warning
    @(36.2262 mm, 49.4575 mm): Polygon of G*** on F.Silkscreen
    @(34.0930 mm, 46.5351 mm): Pad 3 [<no net>] of L1 on F.Cu
[silk_over_copper]: Silkscreen clipped by solder mask
    Local override; warning
    @(36.5657 mm, 49.0949 mm): Polygon of G*** on F.Silkscreen
    @(34.0930 mm, 46.5351 mm): Pad 3 [<no net>] of L1 on F.Cu
[silk_over_copper]: Silkscreen clipped by solder mask
    Local override; warning
    @(36.6969 mm, 49.1335 mm): Polygon of G*** on F.Silkscreen
    @(34.0930 mm, 46.5351 mm): Pad 3 [<no net>] of L1 on F.Cu
[silk_over_copper]: Silkscreen clipped by solder mask
    Local override; warning
    @(36.6392 mm, 49.0925 mm): Polygon of G*** on F.Silkscreen
    @(34.0930 mm, 46.5351 mm): Pad 3 [<no net>] of L1 on F.Cu
[silk_over_copper]: Silkscreen clipped by solder mask
    Local override; warning
    @(36.2547 mm, 49.1115 mm): Polygon of G*** on F.Silkscreen
    @(34.0930 mm, 46.5351 mm): Pad 3 [<no net>] of L1 on F.Cu
[silk_over_copper]: Silkscreen clipped by solder mask
    Local override; warning
    @(36.4113 mm, 49.2822 mm): Polygon of G*** on F.Silkscreen
    @(34.0930 mm, 46.5351 mm): Pad 3 [<no net>] of L1 on F.Cu
[silk_over_copper]: Silkscreen clipped by solder mask
    Local override; warning
    @(36.4500 mm, 48.9946 mm): Polygon of G*** on F.Silkscreen
    @(34.0930 mm, 46.5351 mm): Pad 3 [<no net>] of L1 on F.Cu
[silk_over_copper]: Silkscreen clipped by solder mask
    Local override; warning
    @(36.5246 mm, 48.4687 mm): Polygon of G*** on F.Silkscreen
    @(34.0930 mm, 46.5351 mm): Pad 3 [<no net>] of L1 on F.Cu
[silk_over_copper]: Silkscreen clipped by solder mask
    Local override; warning
    @(36.4336 mm, 48.5948 mm): Polygon of G*** on F.Silkscreen
    @(34.0930 mm, 46.5351 mm): Pad 3 [<no net>] of L1 on F.Cu
[silk_over_copper]: Silkscreen clipped by solder mask
    Local override; warning
    @(36.5216 mm, 48.4900 mm): Polygon of G*** on F.Silkscreen
    @(34.0930 mm, 46.5351 mm): Pad 3 [<no net>] of L1 on F.Cu
[silk_over_copper]: Silkscreen clipped by solder mask
    Local override; warning
    @(36.3960 mm, 49.4575 mm): Polygon of G*** on F.Silkscreen
    @(34.0930 mm, 46.5351 mm): Pad 3 [<no net>] of L1 on F.Cu
[silk_over_copper]: Silkscreen clipped by solder mask
    Local override; warning
    @(36.4011 mm, 49.4948 mm): Polygon of G*** on F.Silkscreen
    @(34.0930 mm, 46.5351 mm): Pad 3 [<no net>] of L1 on F.Cu
[silk_over_copper]: Silkscreen clipped by solder mask
    Local override; warning
    @(36.3716 mm, 49.4491 mm): Polygon of G*** on F.Silkscreen
    @(34.0930 mm, 46.5351 mm): Pad 3 [<no net>] of L1 on F.Cu
[silk_over_copper]: Silkscreen clipped by solder mask
    Local override; warning
    @(36.3494 mm, 49.4904 mm): Polygon of G*** on F.Silkscreen
    @(34.0930 mm, 46.5351 mm): Pad 3 [<no net>] of L1 on F.Cu
[silk_over_copper]: Silkscreen clipped by solder mask
    Local override; warning
    @(36.3880 mm, 49.4750 mm): Polygon of G*** on F.Silkscreen
    @(34.0930 mm, 46.5351 mm): Pad 3 [<no net>] of L1 on F.Cu
[silk_over_copper]: Silkscreen clipped by solder mask
    Local override; warning
    @(35.8713 mm, 48.9792 mm): Polygon of G*** on F.Silkscreen
    @(34.0930 mm, 46.5351 mm): Pad 3 [<no net>] of L1 on F.Cu
[silk_over_copper]: Silkscreen clipped by solder mask
    Local override; warning
    @(36.1105 mm, 49.0332 mm): Polygon of G*** on F.Silkscreen
    @(34.0930 mm, 46.5351 mm): Pad 3 [<no net>] of L1 on F.Cu
[silk_over_copper]: Silkscreen clipped by solder mask
    Local override; warning
    @(35.8996 mm, 48.9625 mm): Polygon of G*** on F.Silkscreen
    @(34.0930 mm, 46.5351 mm): Pad 3 [<no net>] of L1 on F.Cu
[silk_over_copper]: Silkscreen clipped by solder mask
    Local override; warning
    @(36.1388 mm, 48.6384 mm): Polygon of G*** on F.Silkscreen
    @(34.0930 mm, 46.5351 mm): Pad 3 [<no net>] of L1 on F.Cu
[silk_over_copper]: Silkscreen clipped by solder mask
    Local override; warning
    @(36.1547 mm, 48.6697 mm): Polygon of G*** on F.Silkscreen
    @(34.0930 mm, 46.5351 mm): Pad 3 [<no net>] of L1 on F.Cu
[silk_over_copper]: Silkscreen clipped by solder mask
    Local override; warning
    @(36.3394 mm, 49.5180 mm): Polygon of G*** on F.Silkscreen
    @(34.0930 mm, 46.5351 mm): Pad 3 [<no net>] of L1 on F.Cu
[silk_over_copper]: Silkscreen clipped by solder mask
    Local override; warning
    @(36.5889 mm, 48.3928 mm): Polygon of G*** on F.Silkscreen
    @(34.0930 mm, 46.5351 mm): Pad 3 [<no net>] of L1 on F.Cu
[silk_over_copper]: Silkscreen clipped by solder mask
    Local override; warning
    @(36.6351 mm, 48.3233 mm): Polygon of G*** on F.Silkscreen
    @(34.0930 mm, 46.5351 mm): Pad 3 [<no net>] of L1 on F.Cu
[silk_over_copper]: Silkscreen clipped by solder mask
    Local override; warning
    @(36.6814 mm, 48.3774 mm): Polygon of G*** on F.Silkscreen
    @(34.0930 mm, 46.5351 mm): Pad 3 [<no net>] of L1 on F.Cu
[silk_over_copper]: Silkscreen clipped by solder mask
    Local override; warning
    @(36.6638 mm, 48.3363 mm): Polygon of G*** on F.Silkscreen
    @(34.0930 mm, 46.5351 mm): Pad 3 [<no net>] of L1 on F.Cu
[silk_over_copper]: Silkscreen clipped by solder mask
    Local override; warning
    @(36.6088 mm, 48.4343 mm): Polygon of G*** on F.Silkscreen
    @(34.0930 mm, 46.5351 mm): Pad 3 [<no net>] of L1 on F.Cu
[silk_over_copper]: Silkscreen clipped by solder mask
    Local override; warning
    @(37.3961 mm, 49.5114 mm): Polygon of G*** on F.Silkscreen
    @(34.0930 mm, 46.5351 mm): Pad 3 [<no net>] of L1 on F.Cu
[silk_over_copper]: Silkscreen clipped by solder mask
    Local override; warning
    @(36.8975 mm, 48.2076 mm): Polygon of G*** on F.Silkscreen
    @(34.0930 mm, 46.5351 mm): Pad 3 [<no net>] of L1 on F.Cu
[silk_over_copper]: Silkscreen clipped by solder mask
    Local override; warning
    @(36.9129 mm, 48.2153 mm): Polygon of G*** on F.Silkscreen
    @(34.0930 mm, 46.5351 mm): Pad 3 [<no net>] of L1 on F.Cu
[silk_over_copper]: Silkscreen clipped by solder mask
    Local override; warning
    @(37.3064 mm, 48.4622 mm): Polygon of G*** on F.Silkscreen
    @(34.0930 mm, 46.5351 mm): Pad 3 [<no net>] of L1 on F.Cu
[silk_over_copper]: Silkscreen clipped by solder mask
    Local override; warning
    @(37.3656 mm, 48.8467 mm): Polygon of G*** on F.Silkscreen
    @(34.0930 mm, 46.5351 mm): Pad 3 [<no net>] of L1 on F.Cu
[silk_over_copper]: Silkscreen clipped by solder mask
    Local override; warning
    @(37.4683 mm, 48.5602 mm): Polygon of G*** on F.Silkscreen
    @(34.0930 mm, 46.5351 mm): Pad 3 [<no net>] of L1 on F.Cu
[silk_over_copper]: Silkscreen clipped by solder mask
    Local override; warning
    @(36.8986 mm, 48.1849 mm): Polygon of G*** on F.Silkscreen
    @(34.0930 mm, 46.5351 mm): Pad 3 [<no net>] of L1 on F.Cu
[silk_over_copper]: Silkscreen clipped by solder mask
    Local override; warning
    @(37.1495 mm, 49.3405 mm): Polygon of G*** on F.Silkscreen
    @(34.0930 mm, 46.5351 mm): Pad 3 [<no net>] of L1 on F.Cu
[silk_over_copper]: Silkscreen clipped by solder mask
    Local override; warning
    @(37.5610 mm, 49.2338 mm): Polygon of G*** on F.Silkscreen
    @(34.0930 mm, 46.5351 mm): Pad 3 [<no net>] of L1 on F.Cu
[silk_over_copper]: Silkscreen clipped by solder mask
    Local override; warning
    @(36.9629 mm, 47.8873 mm): Polygon of G*** on F.Silkscreen
    @(34.0930 mm, 46.5351 mm): Pad 3 [<no net>] of L1 on F.Cu

** Found 0 unconnected pads **

** Found 0 Footprint errors **

** Ignored checks **
    - Footprint has no courtyard defined
    - Track endpoint not centered on via
    - Tuning profile track geometries
    - Footprint doesn't match symbol's footprint filters
    - Footprint component type doesn't match footprint pads

** End of Report **
