LTspice 26.0.1 for Windows
Circuit: C:\Users\bubba\OneDrive\Documents\led-driver\BOOST_split_boards\mc7812_lowbatt_2026-10-01\work\trial\LTspice\check_mc7812.net
Start Time: Thu Oct  1 16:37:30 2026
Options:gmin=100f reltol=0.001
solver = Normal
Maximum thread count: 32
tnom = 27
temp = 27
method = trap
gmin = 1e-13
C69: Increased Cpar to 6.8e-10
C86: Increased Cpar to 2.2e-10
C40: Increased Cpar to 6.8e-10
C70: Increased Cpar to 2.2e-10
C71: Increased Cpar to 2.2e-10
C78: Increased Cpar to 2.2e-10
C74: Increased Cpar to 2.2e-10
C85: Increased Cpar to 6.8e-10
C77: Increased Cpar to 2.2e-10
C87: Increased Cpar to 2.2e-10
C75: Increased Cpar to 2.2e-10
C88: Increased Cpar to 2.2e-10
Per .tran options, skipping operating point for transient analysis.
Total elapsed time: 561.573 seconds.

Files loaded:
C:\Users\bubba\OneDrive\Documents\led-driver\BOOST_split_boards\mc7812_lowbatt_2026-10-01\work\trial\LTspice\check_mc7812.net
C:\Users\bubba\AppData\Local\LTspice\lib\cmp\standard.dio
C:\Users\bubba\AppData\Local\LTspice\lib\cmp\standard.bjt
C:\Users\bubba\OneDrive\Documents\led-driver\BOOST_split_boards\mc7812_lowbatt_2026-10-01\work\trial\LTspice\TLV9001.lib
C:\Users\bubba\OneDrive\Documents\led-driver\BOOST_split_boards\mc7812_lowbatt_2026-10-01\work\trial\LTspice\MCP6561.lib
C:\Users\bubba\OneDrive\Documents\led-driver\BOOST_split_boards\mc7812_lowbatt_2026-10-01\work\trial\LTspice\CD4000_v.lib
C:\Users\bubba\OneDrive\Documents\led-driver\BOOST_split_boards\mc7812_lowbatt_2026-10-01\work\trial\LTspice\HYG180N10.lib
C:\Users\bubba\OneDrive\Documents\led-driver\BOOST_split_boards\mc7812_lowbatt_2026-10-01\work\trial\LTspice\INA241A4.lib
C:\Users\bubba\OneDrive\Documents\led-driver\BOOST_split_boards\mc7812_lowbatt_2026-10-01\work\trial\LTspice\L78L05.lib
C:\Users\bubba\OneDrive\Documents\led-driver\BOOST_split_boards\mc7812_lowbatt_2026-10-01\work\trial\LTspice\MC7812.lib
C:\Users\bubba\OneDrive\Documents\led-driver\BOOST_split_boards\mc7812_lowbatt_2026-10-01\work\trial\LTspice\CD74HC4066.lib
C:\Users\bubba\OneDrive\Documents\led-driver\BOOST_split_boards\mc7812_lowbatt_2026-10-01\work\trial\LTspice\74HC4051.lib
C:\Users\bubba\OneDrive\Documents\led-driver\BOOST_split_boards\mc7812_lowbatt_2026-10-01\work\trial\LTspice\MCP4451.lib
C:\Users\bubba\OneDrive\Documents\led-driver\BOOST_split_boards\mc7812_lowbatt_2026-10-01\work\trial\LTspice\CSS4J.lib
C:\Users\bubba\OneDrive\Documents\led-driver\BOOST_split_boards\mc7812_lowbatt_2026-10-01\work\trial\LTspice\TVS_5p0SMDJ.lib
C:\Users\bubba\OneDrive\Documents\led-driver\BOOST_split_boards\mc7812_lowbatt_2026-10-01\work\trial\LTspice\UCC21520.lib

C:\Users\bubba\OneDrive\Documents\led-driver\BOOST_split_boards\mc7812_lowbatt_2026-10-01\work\trial\LTspice\check_mc7812.net(327): Current not found.
.meas TRAN Ptvs AVG  (-1)*V(LX)*I(D19) FROM 2m TO 13m
                                ^^^^^^
