LTspice 26.0.1 for Windows
Circuit: C:\Users\bubba\OneDrive\Documents\led-driver\BOOST_split_boards\mc7812_lowbatt_2026-10-01\sim\B_7812wc_12V.net
Start Time: Thu Oct  1 15:52:18 2026
Options:gmin=100f reltol=0.001
solver = Normal
Maximum thread count: 32
tnom = 27
temp = 27
method = trap
gmin = 1e-13
C69: Increased Cpar to 6.8e-10
C86: Increased Cpar to 2.2e-10
C40: Increased Cpar to 6.8e-10
C70: Increased Cpar to 2.2e-10
C71: Increased Cpar to 2.2e-10
C78: Increased Cpar to 2.2e-10
C74: Increased Cpar to 2.2e-10
C85: Increased Cpar to 6.8e-10
C77: Increased Cpar to 2.2e-10
C87: Increased Cpar to 2.2e-10
C75: Increased Cpar to 2.2e-10
C88: Increased Cpar to 2.2e-10
Per .tran options, skipping operating point for transient analysis.
Total elapsed time: 16.559 seconds.

Files loaded:
C:\Users\bubba\OneDrive\Documents\led-driver\BOOST_split_boards\mc7812_lowbatt_2026-10-01\sim\B_7812wc_12V.net
C:\Users\bubba\AppData\Local\LTspice\lib\cmp\standard.dio
C:\Users\bubba\AppData\Local\LTspice\lib\cmp\standard.bjt
C:\Users\bubba\OneDrive\Documents\led-driver\BOOST_split_boards\mc7812_lowbatt_2026-10-01\sim\TLV9001.lib
C:\Users\bubba\OneDrive\Documents\led-driver\BOOST_split_boards\mc7812_lowbatt_2026-10-01\sim\MCP6561.lib
C:\Users\bubba\OneDrive\Documents\led-driver\BOOST_split_boards\mc7812_lowbatt_2026-10-01\sim\CD4000_v.lib
C:\Users\bubba\OneDrive\Documents\led-driver\BOOST_split_boards\mc7812_lowbatt_2026-10-01\sim\HYG180N10.lib
C:\Users\bubba\OneDrive\Documents\led-driver\BOOST_split_boards\mc7812_lowbatt_2026-10-01\sim\INA241A4.lib
C:\Users\bubba\OneDrive\Documents\led-driver\BOOST_split_boards\mc7812_lowbatt_2026-10-01\sim\L78L05.lib
C:\Users\bubba\OneDrive\Documents\led-driver\BOOST_split_boards\mc7812_lowbatt_2026-10-01\sim\LM2940_12.lib
C:\Users\bubba\OneDrive\Documents\led-driver\BOOST_split_boards\mc7812_lowbatt_2026-10-01\sim\CD74HC4066.lib
C:\Users\bubba\OneDrive\Documents\led-driver\BOOST_split_boards\mc7812_lowbatt_2026-10-01\sim\74HC4051.lib
C:\Users\bubba\OneDrive\Documents\led-driver\BOOST_split_boards\mc7812_lowbatt_2026-10-01\sim\MCP4451.lib
C:\Users\bubba\OneDrive\Documents\led-driver\BOOST_split_boards\mc7812_lowbatt_2026-10-01\sim\CSS4J.lib
C:\Users\bubba\OneDrive\Documents\led-driver\BOOST_split_boards\mc7812_lowbatt_2026-10-01\sim\TVS_5p0SMDJ.lib
C:\Users\bubba\OneDrive\Documents\led-driver\BOOST_split_boards\mc7812_lowbatt_2026-10-01\sim\UCC21520.lib
C:\Users\bubba\OneDrive\Documents\led-driver\BOOST_split_boards\mc7812_lowbatt_2026-10-01\sim\MC7812.lib

v12min: MIN(V(12V) )=10.0011568069 FROM 0.005 TO 0.03
v12avg: AVG(V(12V) )=10.0011577606 FROM 0.025 TO 0.03
vinavg: AVG(V(vin) )=11.9986906052 FROM 0.025 TO 0.03
inhmax: MAX(V(M1_INHIBIT) )=4.21871042252 FROM 0.005 TO 0.03
iled1: AVG(I(SIM_LED1) )=-3.60679455664e-08 FROM 0.025 TO 0.03
iled2: AVG(I(SIM_LED2) )=-3.76634036317e-08 FROM 0.025 TO 0.03
iled3: AVG(I(SIM_LED3) )=-5.97483465758e-08 FROM 0.025 TO 0.03
lxmax: MAX(V(lx))=82.0662231445 FROM 0 TO 0.03
lxss: MAX(V(lx) )=11.9986934662 FROM 0.025 TO 0.03
etvs: INTEG(-1)*V(LX)*I(D19)=0.00936287956293 FROM 0 TO 0.03
vdda2min: MIN(V(N019)-V(m2_source) )=0.49928188324 FROM 0.005 TO 0.03
vdda3min: MIN(V(N032)-V(m3_source) )=0.499338150024 FROM 0.005 TO 0.03
vdda4min: MIN(V(N040)-V(m4_source) )=0.499297142029 FROM 0.005 TO 0.03
