LTspice 26.0.1 for Windows
Circuit: C:\Users\bubba\OneDrive\Documents\led-driver\BOOST_split_boards\mc7812_lowbatt_2026-10-01\sim\bench_mc7812.net
Start Time: Thu Oct  1 15:50:56 2026
solver = Normal
Maximum thread count: 32
tnom = 27
temp = 27
method = trap
Direct Newton iteration succeeded in finding operating point.
Total elapsed time: 0.220 seconds.

Files loaded:
C:\Users\bubba\OneDrive\Documents\led-driver\BOOST_split_boards\mc7812_lowbatt_2026-10-01\sim\bench_mc7812.net
C:\Users\bubba\OneDrive\Documents\led-driver\BOOST_split_boards\mc7812_lowbatt_2026-10-01\sim\MC7812.lib
C:\Users\bubba\OneDrive\Documents\led-driver\BOOST_split_boards\mc7812_lowbatt_2026-10-01\sim\LM2940_12.lib

o1_14: V(O1) =12 at 0.0009
o1_12: V(O1) =10.5146732859 at 0.00500000079346
o2_12: V(O2) =10.0169544749 at 0.00500000079346
o3_12: V(O3) =10.0876493216 at 0.00500000079346
o4_12: V(O4) =11.9119092137 at 0.00500000079346
o1_11: V(O1) =9.51923670936 at 0.0069999995575
o2_11: V(O2) =9.02151789833 at 0.0069999995575
o4_11: V(O4) =10.9162169058 at 0.0069999995575
iin14: I(V1) =-1.22475850582 at 0.0009
