LTspice 26.0.1 for Windows
Circuit: C:\Users\bubba\OneDrive\Documents\led-driver\BOOST_split_boards\mc7812_lowbatt_2026-10-01\sim\H_lm2940_ramp_low_R50m.net
Start Time: Thu Oct  1 16:02:39 2026
Options:gmin=100f reltol=0.001
solver = Normal
Maximum thread count: 32
tnom = 27
temp = 27
method = trap
gmin = 1e-13
C69: Increased Cpar to 6.8e-10
C86: Increased Cpar to 2.2e-10
C40: Increased Cpar to 6.8e-10
C70: Increased Cpar to 2.2e-10
C71: Increased Cpar to 2.2e-10
C78: Increased Cpar to 2.2e-10
C74: Increased Cpar to 2.2e-10
C85: Increased Cpar to 6.8e-10
C77: Increased Cpar to 2.2e-10
C87: Increased Cpar to 2.2e-10
C75: Increased Cpar to 2.2e-10
C88: Increased Cpar to 2.2e-10
Per .tran options, skipping operating point for transient analysis.
Warning: Simulation tolerance relaxed to achieve convergence from 2.2678293764372956e-02 to 2.2678293764373057e-02 seconds.
Warning: Simulation tolerance relaxed to achieve convergence from 2.2678293764373057e-02 to 2.2678293764373157e-02 seconds.
Total elapsed time: 571.728 seconds.

Files loaded:
C:\Users\bubba\OneDrive\Documents\led-driver\BOOST_split_boards\mc7812_lowbatt_2026-10-01\sim\H_lm2940_ramp_low_R50m.net
C:\Users\bubba\AppData\Local\LTspice\lib\cmp\standard.dio
C:\Users\bubba\AppData\Local\LTspice\lib\cmp\standard.bjt
C:\Users\bubba\OneDrive\Documents\led-driver\BOOST_split_boards\mc7812_lowbatt_2026-10-01\sim\TLV9001.lib
C:\Users\bubba\OneDrive\Documents\led-driver\BOOST_split_boards\mc7812_lowbatt_2026-10-01\sim\MCP6561.lib
C:\Users\bubba\OneDrive\Documents\led-driver\BOOST_split_boards\mc7812_lowbatt_2026-10-01\sim\CD4000_v.lib
C:\Users\bubba\OneDrive\Documents\led-driver\BOOST_split_boards\mc7812_lowbatt_2026-10-01\sim\HYG180N10.lib
C:\Users\bubba\OneDrive\Documents\led-driver\BOOST_split_boards\mc7812_lowbatt_2026-10-01\sim\INA241A4.lib
C:\Users\bubba\OneDrive\Documents\led-driver\BOOST_split_boards\mc7812_lowbatt_2026-10-01\sim\L78L05.lib
C:\Users\bubba\OneDrive\Documents\led-driver\BOOST_split_boards\mc7812_lowbatt_2026-10-01\sim\LM2940_12.lib
C:\Users\bubba\OneDrive\Documents\led-driver\BOOST_split_boards\mc7812_lowbatt_2026-10-01\sim\CD74HC4066.lib
C:\Users\bubba\OneDrive\Documents\led-driver\BOOST_split_boards\mc7812_lowbatt_2026-10-01\sim\74HC4051.lib
C:\Users\bubba\OneDrive\Documents\led-driver\BOOST_split_boards\mc7812_lowbatt_2026-10-01\sim\MCP4451.lib
C:\Users\bubba\OneDrive\Documents\led-driver\BOOST_split_boards\mc7812_lowbatt_2026-10-01\sim\CSS4J.lib
C:\Users\bubba\OneDrive\Documents\led-driver\BOOST_split_boards\mc7812_lowbatt_2026-10-01\sim\TVS_5p0SMDJ.lib
C:\Users\bubba\OneDrive\Documents\led-driver\BOOST_split_boards\mc7812_lowbatt_2026-10-01\sim\UCC21520.lib
C:\Users\bubba\OneDrive\Documents\led-driver\BOOST_split_boards\mc7812_lowbatt_2026-10-01\sim\MC7812.lib

v12min: MIN(V(12V) )=9.64248371124 FROM 0.005 TO 0.04
lxmax: MAX(V(lx))=82.0685424805 FROM 0 TO 0.04
lxafter8: MAX(V(lx) )=61.0360832214 FROM 0.008 TO 0.04
etvs: INTEG(-1)*V(LX)*I(D19)=0.00913302553669 FROM 0 TO 0.04
tcut1: V(N013)=2.5  AT 0.0182582125647
tcut2: V(N013)=2.5  AT 0.0187891934034
tcut3: V(N013)=2.5  AT 0.0191820743139
tcut4: V(N013)=2.5  AT 0.0195707569439
tcut5: V(N013)=2.5  AT 0.0199235689073
trel1: V(N013)=2.5  AT 0.0183440923107
trel2: V(N013)=2.5  AT 0.0188833123974
voccut1: V(PBAT) =11.3076057434 at 0.0182582125647
vincut1: V(vin) =9.79802595859 at 0.0182582125647
v12cut1: V(12V) =9.76064009837 at 0.0182582125647
iled1_10: AVG(I(SIM_LED1) )=2.63482397203 FROM 0.006 TO 0.008
vdda2min: MIN(V(N019)-V(m2_source) )=8.29983580112 FROM 0.005 TO 0.04
vdda3min: MIN(V(N032)-V(m3_source) )=8.29532551765 FROM 0.005 TO 0.04
vdda4min: MIN(V(N040)-V(m4_source) )=8.31555974483 FROM 0.005 TO 0.04
