LTspice 26.0.1 for Windows
Circuit: C:\Users\bubba\OneDrive\Documents\led-driver\BOOST_split_boards\mc7812_lowbatt_2026-10-01\sim\I_7812typ_hold11p85_R50m.net
Start Time: Thu Oct  1 16:03:58 2026
Options:gmin=100f reltol=0.001
solver = Normal
Maximum thread count: 32
tnom = 27
temp = 27
method = trap
gmin = 1e-13
C69: Increased Cpar to 6.8e-10
C86: Increased Cpar to 2.2e-10
C40: Increased Cpar to 6.8e-10
C70: Increased Cpar to 2.2e-10
C71: Increased Cpar to 2.2e-10
C78: Increased Cpar to 2.2e-10
C74: Increased Cpar to 2.2e-10
C85: Increased Cpar to 6.8e-10
C77: Increased Cpar to 2.2e-10
C87: Increased Cpar to 2.2e-10
C75: Increased Cpar to 2.2e-10
C88: Increased Cpar to 2.2e-10
Per .tran options, skipping operating point for transient analysis.
Total elapsed time: 860.020 seconds.

Files loaded:
C:\Users\bubba\OneDrive\Documents\led-driver\BOOST_split_boards\mc7812_lowbatt_2026-10-01\sim\I_7812typ_hold11p85_R50m.net
C:\Users\bubba\AppData\Local\LTspice\lib\cmp\standard.dio
C:\Users\bubba\AppData\Local\LTspice\lib\cmp\standard.bjt
C:\Users\bubba\OneDrive\Documents\led-driver\BOOST_split_boards\mc7812_lowbatt_2026-10-01\sim\TLV9001.lib
C:\Users\bubba\OneDrive\Documents\led-driver\BOOST_split_boards\mc7812_lowbatt_2026-10-01\sim\MCP6561.lib
C:\Users\bubba\OneDrive\Documents\led-driver\BOOST_split_boards\mc7812_lowbatt_2026-10-01\sim\CD4000_v.lib
C:\Users\bubba\OneDrive\Documents\led-driver\BOOST_split_boards\mc7812_lowbatt_2026-10-01\sim\HYG180N10.lib
C:\Users\bubba\OneDrive\Documents\led-driver\BOOST_split_boards\mc7812_lowbatt_2026-10-01\sim\INA241A4.lib
C:\Users\bubba\OneDrive\Documents\led-driver\BOOST_split_boards\mc7812_lowbatt_2026-10-01\sim\L78L05.lib
C:\Users\bubba\OneDrive\Documents\led-driver\BOOST_split_boards\mc7812_lowbatt_2026-10-01\sim\LM2940_12.lib
C:\Users\bubba\OneDrive\Documents\led-driver\BOOST_split_boards\mc7812_lowbatt_2026-10-01\sim\CD74HC4066.lib
C:\Users\bubba\OneDrive\Documents\led-driver\BOOST_split_boards\mc7812_lowbatt_2026-10-01\sim\74HC4051.lib
C:\Users\bubba\OneDrive\Documents\led-driver\BOOST_split_boards\mc7812_lowbatt_2026-10-01\sim\MCP4451.lib
C:\Users\bubba\OneDrive\Documents\led-driver\BOOST_split_boards\mc7812_lowbatt_2026-10-01\sim\CSS4J.lib
C:\Users\bubba\OneDrive\Documents\led-driver\BOOST_split_boards\mc7812_lowbatt_2026-10-01\sim\TVS_5p0SMDJ.lib
C:\Users\bubba\OneDrive\Documents\led-driver\BOOST_split_boards\mc7812_lowbatt_2026-10-01\sim\UCC21520.lib
C:\Users\bubba\OneDrive\Documents\led-driver\BOOST_split_boards\mc7812_lowbatt_2026-10-01\sim\MC7812.lib

v12min: MIN(V(12V) )=9.6747751236 FROM 0.005 TO 0.04
lxmax: MAX(V(lx))=82.0910186768 FROM 0 TO 0.04
lxafter8: MAX(V(lx) )=60.9053153992 FROM 0.008 TO 0.04
etvs: INTEG(-1)*V(LX)*I(D19)=0.0102743270409 FROM 0 TO 0.04
tcut1: V(N013)=2.5  AT 0.00540258737651
tcut2: V(N013)=2.5  AT 0.00581753590647
tcut3: V(N013)=2.5  AT 0.00623691443427
tcut4: V(N013)=2.5  AT 0.00663026291588
tcut5: V(N013)=2.5  AT 0.00703201808077
trel1: V(N013)=2.5  AT 0.00536009404043
trel2: V(N013)=2.5  AT 0.00577529702108
voccut1: V(PBAT) =11.8500003815 at 0.00540258737651
vincut1: V(vin) =11.2092734621 at 0.00540258737651
v12cut1: V(12V) =9.75927365281 at 0.00540258737651
iled1_10: AVG(I(SIM_LED1) )=0.14636323616 FROM 0.006 TO 0.008
vdda2min: MIN(V(N019)-V(m2_source) )=7.83952641487 FROM 0.005 TO 0.04
vdda3min: MIN(V(N032)-V(m3_source) )=7.84110867977 FROM 0.005 TO 0.04
vdda4min: MIN(V(N040)-V(m4_source) )=7.84294331074 FROM 0.005 TO 0.04
