** Drc report for BOOST_power_RC2.kicad_pcb **
** Created on 2026-09-24T23:09:01 **
** Report includes: Errors, Warnings, Exclusions **

** Found 3 DRC violations **
[lib_footprint_mismatch]: Footprint 'PinSocket_2x15_P2.54mm_Vertical' does not match copy in library 'Connector_PinSocket_2.54mm'
    Local override; warning
    @(69.4765 mm, 74.1580 mm): Footprint J10
[silk_overlap]: Silkscreen clearance
    Rule: board setup constraints silk; warning
    @(43.8453 mm, 82.1302 mm): Segment of C87 on F.Silkscreen
    @(43.8153 mm, 82.8023 mm): Segment of C71 on F.Silkscreen
[silk_overlap]: Silkscreen clearance
    Rule: board setup constraints silk; warning
    @(67.8906 mm, 60.0020 mm): Segment of C86 on F.Silkscreen
    @(68.7126 mm, 60.0949 mm): Segment of C88 on F.Silkscreen

** Found 0 unconnected pads **

** Found 0 Footprint errors **

** Ignored checks **
    - Footprint has no courtyard defined
    - Track endpoint not centered on via
    - Tuning profile track geometries
    - Footprint doesn't match symbol's footprint filters
    - Footprint component type doesn't match footprint pads

** End of Report **
