board rasterised in 6.1 s
loaded 929 committed route items
prot Current          track zone on In4.Cu/B.Cu, via zone all layers; 6 nets exempt in the track zone
     Current          sensitive, 0.1 s
prot Net-(U2-In+)     track zone on F.Cu/In3.Cu/In4.Cu/B.Cu, via zone all layers; 9 nets exempt in the track zone
     Net-(U2-In+)     sensitive, 0.3 s
prot V_err            track zone on F.Cu/B.Cu, via zone all layers; 11 nets exempt in the track zone (logic nets only)
     V_err            sensitive, 0.2 s
rip  analog_5V        ripping Net-(D26-+) did not free a path
rip  analog_5V        ripping Net-(D26-+), Net-(U3-In-), 0A_hi, Net-(D5-+), ena_out_1, 0err_hi, Net-(U26A-P0B) did not free a path
FAIL analog_5V: island 0 (18775 cells; U3.5 C37.2 C63.1 U22.5 +10) to island 2 (C32.1), gap 0.5 mm
ok   analog_5V         13.3 mm, 3 via(s) 0.5/0.3, w 0.40, gap 3.2
     analog_5V        done in 51.7 s (1 failed)
rip  .1Vref_3         ripped and re-routed analog_5V, Voltage_err_2, Net-(U26A-P0B), Net-(D26-+), Out-
     ok   analog_5V          1.8 mm, 1 via(s) 0.5/0.3, w 0.40, gap 1.1
     ok   analog_5V         22.7 mm, 4 via(s) 0.5/0.3, w 0.40, gap 3.2
     ok   analog_5V          4.1 mm, 2 via(s) 0.5/0.3, w 0.40, gap 3.5
     ok   analog_5V         12.3 mm, 2 via(s) 0.5/0.3, w 0.40, gap 4.9
     ok   analog_5V          5.9 mm, 2 via(s) 0.5/0.3, w 0.40, gap 4.9
     ok   analog_5V         13.3 mm, 1 via(s) 0.5/0.3, w 0.40, gap 11.5
     ok   analog_5V         14.8 mm, 0 via(s), w 0.40, gap 11.7
     ok   Voltage_err_2     18.2 mm, 2 via(s) 0.5/0.3, w 0.20, gap 10.4
     ok   Voltage_err_2     22.9 mm, 2 via(s) 0.5/0.3, w 0.20, gap 18.8
     ok   Net-(D26-+)        8.9 mm, 2 via(s) 0.5/0.3, w 0.20, gap 5.0
     ok   Net-(U26A-P0B)    25.4 mm, 3 via(s) 0.5/0.3, w 0.20, gap 12.8
     ok   Out-              18.2 mm, 2 via(s) 0.5/0.3, w 0.20, gap 16.3
     .1Vref_3         done in 23.6 s
ok   IREF1_input       23.3 mm, 2 via(s) 0.5/0.3, w 0.15, gap 13.4
     IREF1_input      done in 1.6 s
ok   .1Vout_1           0.7 mm, 1 via(s) 0.5/0.3, w 0.20, gap 0.1
     .1Vout_1         done in 0.2 s
ok   VerrGT0           66.2 mm, 7 via(s) 0.5/0.3, w 0.20, gap 29.2
     VerrGT0          done in 6.4 s
rip  Net-(U103B-Y)    ripped analog_5V, ena_out_1, 0err_hi, Net-(D5-+), Net-(U3-In-), but analog_5V then failed; undone
rip  Net-(U103B-Y)    ripped and re-routed analog_5V, VerrGT0, ena_out_1, Net-(D5-+), Net-(U3-In-), 0err_hi, Net-(D26-+), Net-(U4-In+), Voltage_err_2
     ok   Net-(U4-In+)       8.0 mm, 2 via(s) 0.5/0.3, w 0.20, gap 3.8
     ok   analog_5V          1.8 mm, 1 via(s) 0.5/0.3, w 0.40, gap 1.1
     ok   analog_5V         11.3 mm, 3 via(s) 0.5/0.3, w 0.40, gap 3.2
     ok   analog_5V          4.1 mm, 2 via(s) 0.5/0.3, w 0.40, gap 3.5
     ok   analog_5V         19.4 mm, 2 via(s) 0.5/0.3, w 0.40, gap 4.9
     ok   analog_5V          5.9 mm, 2 via(s) 0.5/0.3, w 0.40, gap 4.9
     ok   analog_5V         16.5 mm, 2 via(s) 0.5/0.3, w 0.40, gap 11.7
     ok   analog_5V         15.0 mm, 2 via(s) 0.5/0.3, w 0.40, gap 13.1
     ok   Voltage_err_2     16.2 mm, 2 via(s) 0.5/0.3, w 0.20, gap 10.4
     ok   Voltage_err_2     21.9 mm, 2 via(s) 0.5/0.3, w 0.20, gap 18.4
     ok   Net-(D26-+)       13.6 mm, 2 via(s) 0.5/0.3, w 0.20, gap 5.0
     ok   Net-(U3-In-)       8.4 mm, 2 via(s) 0.5/0.3, w 0.20, gap 6.9
     ok   VerrGT0           37.5 mm, 5 via(s) 0.5/0.3, w 0.20, gap 29.2
     ok   0err_hi           11.5 mm, 2 via(s) 0.5/0.3, w 0.20, gap 6.2
     ok   0err_hi           49.4 mm, 5 via(s) 0.5/0.3, w 0.20, gap 21.8
     ok   0err_hi           15.9 mm, 2 via(s) 0.5/0.3, w 0.20, gap 12.2
     ok   Net-(D5-+)        26.5 mm, 3 via(s) 0.5/0.3, w 0.20, gap 20.5
     ok   ena_out_1          6.1 mm, 2 via(s) 0.5/0.3, w 0.20, gap 3.7
     Net-(U103B-Y)    done in 65.2 s
ok   Net-(D5--)        42.6 mm, 5 via(s) 0.5/0.3, w 0.20, gap 31.5
     Net-(D5--)       done in 1.4 s
rip  0A_hi            ripped analog_5V, 0err_hi, Net-(D4-+), Net-(U26A-P0B), .1Vref_3, Net-(U103B-Y), VerrGT0, Net-(U22-In+), but Net-(U26A-P0B) then failed; undone
rip  0A_hi            ripped analog_5V, 0err_hi, Net-(D4-+), .1Vref_3, Net-(U26A-P0B), Net-(U103B-Y), Voltage_err_1, VerrGT0, Net-(U22-In+), Vref_3, Net-(D24-+), but Vref_3 then failed; undone
rip  0A_hi            ripped 0err_hi, Voltage_err_1, Vref_3, Net-(D4-+), .1Vref_3, but 0err_hi then failed; undone
FAIL 0A_hi: island 0 (458 cells; U101.2) to island 1 (U2.1 R11.1), gap 19.4 mm
     0A_hi            done in 86.2 s (1 failed)
ok   IREF1             64.4 mm, 3 via(s) 0.5/0.3, w 0.15, gap 22.8
     IREF1            done in 8.6 s
ok   ena_out_2         29.0 mm, 2 via(s) 0.5/0.3, w 0.20, gap 17.8
     ena_out_2        done in 5.1 s
rip  Net-(U103A-A)    ripped analog_5V, Voltage_err_2, Net-(D26-+), Vout_2, Net-(U26A-P0B), Out-, .1Vref_3, but .1Vref_3 then failed; undone
rip  Net-(U103A-A)    ripped analog_5V, Voltage_err_2, Net-(D26-+), .1Vref_3, Vout_2, Net-(D5--), Net-(U26A-P0B), IREF1, Net-(U7-In-), Out-, low_error_timeout, Net-(U103B-Y), Net-(D24-+), but .1Vref_3 then failed; undone
rip  Net-(U103A-A)    ripped and re-routed Voltage_err_2, analog_5V, IREF1
     ok   analog_5V          1.8 mm, 1 via(s) 0.5/0.3, w 0.40, gap 1.1
     ok   analog_5V         11.3 mm, 3 via(s) 0.5/0.3, w 0.40, gap 3.2
     ok   analog_5V          4.1 mm, 2 via(s) 0.5/0.3, w 0.40, gap 3.5
     ok   analog_5V         19.4 mm, 2 via(s) 0.5/0.3, w 0.40, gap 4.9
     ok   analog_5V          5.9 mm, 2 via(s) 0.5/0.3, w 0.40, gap 4.9
     ok   analog_5V         16.5 mm, 2 via(s) 0.5/0.3, w 0.40, gap 11.7
     ok   analog_5V         15.0 mm, 2 via(s) 0.5/0.3, w 0.40, gap 13.1
     ok   Voltage_err_2     16.2 mm, 2 via(s) 0.5/0.3, w 0.20, gap 10.4
     ok   Voltage_err_2     22.0 mm, 2 via(s) 0.5/0.3, w 0.20, gap 18.4
     ok   IREF1             64.1 mm, 3 via(s) 0.5/0.3, w 0.15, gap 22.8
     Net-(U103A-A)    done in 67.3 s
rip  Reset_raw        ripping 0A_hi, Net-(D5--), Verr1, IREF1 did not free a path
rip  Reset_raw        ripped Net-(D5--), 0A_hi, IREF1, Verr1, 0err_hi, Net-(U4-In+), Net-(D5-+), IREF1_input, but 0A_hi then failed; undone
rip  Reset_raw        ripped Net-(D4-+), 0A_hi, 0err_hi, IREF1_input, Vref_3, Voltage_err_1, .1Vref_3, analog_5V, but IREF1_input then failed; undone
FAIL Reset_raw: island 0 (512 cells; U101.4) to island 1 (U5.1), gap 22.0 mm
     Reset_raw        done in 61.2 s (1 failed)
rip  Net-(U102D-Y)    ripped Net-(U7-In-), Net-(D20--), VerrGT0, but VerrGT0 then failed; undone
rip  Net-(U102D-Y)    ripped ena_out_1, Net-(U7-In-), Net-(D20--), VerrGT0, Net-(D5--), Voltage_err_2, but VerrGT0 then failed; undone
rip  Net-(U102D-Y)    ripped and re-routed VerrGT0, Net-(U103B-Y), low_error_timeout, ena_out_2, Vout_2, Out-, Net-(U7-In-)
     ok   Net-(U7-In-)      24.6 mm, 3 via(s) 0.5/0.3, w 0.20, gap 10.3
     ok   Vout_2            20.6 mm, 3 via(s) 0.5/0.3, w 0.15, gap 19.2
     ok   VerrGT0           37.4 mm, 4 via(s) 0.5/0.3, w 0.20, gap 29.2
     ok   Out-              17.4 mm, 3 via(s) 0.5/0.3, w 0.20, gap 16.3
     ok   Net-(U103B-Y)     42.1 mm, 4 via(s) 0.5/0.3, w 0.20, gap 33.1
     ok   low_error_timeout  23.1 mm, 2 via(s) 0.5/0.3, w 0.20, gap 15.8
     ok   ena_out_2         42.1 mm, 3 via(s) 0.5/0.3, w 0.20, gap 17.8
     Net-(U102D-Y)    done in 52.1 s
ok   out_3_on          40.6 mm, 2 via(s) 0.5/0.3, w 0.15, gap 14.9
     out_3_on         done in 6.8 s
rip  SCL              ripped analog_5V, 0err_hi, Net-(U26A-P0B), Net-(U103B-Y), Net-(U102D-Y), Net-(D4-+), .1Vref_3, VerrGT0, but Net-(U26A-P0B) then failed; undone
rip  SCL              ripped analog_5V, 0err_hi, Net-(D4-+), Net-(U26A-P0B), .1Vref_3, Net-(U102D-Y), Voltage_err_1, Net-(U103B-Y), Vref_3, Out-, Net-(U22-In+), VerrGT0, Net-(D24-+), IREF1_input, Net-(U26B-P1B), but Voltage_err_1 then failed; undone
rip  SCL              ripped Net-(U26A-P0B), IREF1_input, Net-(D4-+), analog_5V, .1Vref_3, but Net-(U26A-P0B) then failed; undone
FAIL SCL: island 0 (1248 cells; J9.7) to island 1 (U26.5), gap 8.5 mm
     SCL              done in 88.5 s (1 failed)
rip  Net-(U26E-A1)    ripped Net-(D4-+), analog_5V, 0err_hi, Net-(U26A-P0B), IREF1_input, .1Vref_3, Vref_3, but 0err_hi then failed; undone
rip  Net-(U26E-A1)    ripped 0err_hi, Voltage_err_1, analog_5V, Net-(D4-+), Net-(U26A-P0B), .1Vref_3, IREF1_input, Vref_3, Net-(U102D-Y), Net-(U103B-Y), Net-(U3-In-), IREF1, but Net-(U3-In-) then failed; undone
rip  Net-(U26E-A1)    ripped and re-routed Net-(D4-+), .1Vref_3
     ok   .1Vref_3           7.1 mm, 1 via(s) 0.5/0.3, w 0.20, gap 6.4
     ok   .1Vref_3          19.2 mm, 3 via(s) 0.5/0.3, w 0.20, gap 16.8
     ok   Net-(D4-+)        43.5 mm, 5 via(s) 0.5/0.3, w 0.20, gap 20.4
     Net-(U26E-A1)    done in 71.4 s
tracks 1764, vias 112, failures 4, 605 s
