board rasterised in 6.1 s
loaded 1876 committed route items
prot Current          track zone on In4.Cu/B.Cu, via zone all layers; 6 nets exempt in the track zone
     Current          sensitive, 0.1 s
prot Net-(U2-In+)     track zone on F.Cu/In3.Cu/In4.Cu/B.Cu, via zone all layers; 9 nets exempt in the track zone
     Net-(U2-In+)     sensitive, 0.3 s
prot V_err            track zone on F.Cu/B.Cu, via zone all layers; 11 nets exempt in the track zone (logic nets only)
     V_err            sensitive, 0.2 s
rip  0A_hi            ripped analog_5V, 0err_hi, .1Vref_3, Net-(U26E-A1), Net-(U26A-P0B), Net-(D4-+), Net-(U102D-Y), Net-(U103B-Y), Net-(U22-In+), VerrGT0, Vref_3, Net-(D24-+), but Vref_3 then failed; undone
rip  0A_hi            ripped analog_5V, .1Vref_3, 0err_hi, Net-(U26A-P0B), Net-(U103B-Y), ena_out_2, Voltage_err_1, Net-(D24-+), Net-(U102D-Y), Net-(U26E-A1), Net-(D4-+), Out-, Net-(U22-In+), Vref_3, VerrGT0, out_3_on, IREF1_input, Net-(U26B-P1B), IREF1, but Voltage_err_1 then failed; undone
rip  0A_hi            ripped 0err_hi, Voltage_err_1, Vref_3, .1Vref_3, Net-(U26E-A1), but 0err_hi then failed; undone
FAIL 0A_hi: island 0 (458 cells; U101.2) to island 1 (U2.1 R11.1), gap 19.4 mm
     0A_hi            done in 120.5 s (1 failed)
rip  Reset_raw        ripping Net-(D5--), IREF1, 0A_hi, Verr1, Net-(U4-In+), IREF1_input did not free a path
rip  Reset_raw        ripped 0err_hi, IREF1, Net-(D5-+), Net-(D5--), 0A_hi, analog_5V, Verr1, Net-(U4-In+), Net-(D26-+), IREF1_input, Voltage_err_1, Net-(U103B-Y), but Net-(U103B-Y) then failed; undone
rip  Reset_raw        ripped Net-(D4-+), 0A_hi, 0err_hi, IREF1_input, Vref_3, Voltage_err_1, .1Vref_3, analog_5V, but Vref_3 then failed; undone
FAIL Reset_raw: island 0 (512 cells; U101.4) to island 1 (U5.1), gap 22.0 mm
     Reset_raw        done in 68.6 s (1 failed)
rip  SCL              ripped analog_5V, .1Vref_3, 0err_hi, Net-(U26A-P0B), Net-(U102D-Y), Net-(U26E-A1), Net-(U103B-Y), Net-(D24-+), Vref_3, Voltage_err_1, Out-, VerrGT0, but Net-(U26A-P0B) then failed; undone
rip  SCL              ripped analog_5V, .1Vref_3, 0err_hi, Net-(U26A-P0B), Net-(U103B-Y), Voltage_err_1, Net-(U102D-Y), Net-(D4-+), Net-(U26E-A1), Net-(D24-+), Out-, Net-(U22-In+), VerrGT0, Vref_3, IREF1_input, Net-(U26B-P1B), ena_out_2, out_3_on, but Voltage_err_1 then failed; undone
rip  SCL              ripped Net-(U26A-P0B), IREF1_input, .1Vref_3, analog_5V, Net-(U26E-A1), but Net-(U26A-P0B) then failed; undone
FAIL SCL: island 0 (1248 cells; J9.7) to island 1 (U26.5), gap 8.5 mm
     SCL              done in 81.1 s (1 failed)
rip  5V               ripped Net-(U102D-Y), VerrGT0, analog_5V, Net-(U103B-Y), out_3_on, .1Vref_3, Voltage_err_2, Net-(U26A-P0B), ena_out_2, low_error_timeout, Net-(U7-In-), 0err_hi, but 0err_hi then failed; undone
rip  5V               ripped analog_5V, Net-(U102D-Y), 0err_hi, VerrGT0, ena_out_2, out_3_on, Net-(U103B-Y), .1Vref_3, Voltage_err_2, Net-(U7-In-), Net-(U26A-P0B), low_error_timeout, Net-(U26B-P1B), Voltage_err_1, Net-(D4-+), Net-(U3-In-), Net-(D24-+), Net-(U103A-A), Vout_2, IREF1, Net-(U26E-A1), ena_out_1, IREF1_input, Out-, but Net-(U3-In-) then failed; undone
rip  5V               ripped Vref_3, Voltage_err_1, .1Vref_3, but Vref_3 then failed; undone
FAIL 5V: island 0 (410949 cells; U28.16 U101.14 R82.1 C22.1 +34) to island 1 (C52.1 U18.16 J11.10), gap 0.1 mm
     5V               done in 90.8 s (1 failed)
rip  GND              ripping analog_5V, IREF1, Net-(U103A-A), Net-(D5-+), Voltage_err_2, Net-(U103B-Y), Net-(D5--) did not free a path
rip  GND              ripping analog_5V, Net-(D26-+), IREF1, Voltage_err_2, Net-(D5--), 0err_hi, Net-(U103A-A), Net-(U7-In-), Net-(D5-+), Net-(U103B-Y) did not free a path
FAIL GND: island 0 (611409 cells; C10.1 C43.2 R46.1 U3.2 +108) to island 1 (R36.2), gap 0.0 mm
     GND              done in 69.4 s (1 failed)
tracks 1764, vias 112, failures 5, 439 s
