board rasterised in 1.8 s
prot Current          track zone on In4.Cu/B.Cu, via zone all layers; 6 nets exempt in the track zone
     Current          sensitive, 0.0 s
prot Net-(U2-In+)     track zone on F.Cu/In3.Cu/In4.Cu/B.Cu, via zone all layers; 9 nets exempt in the track zone
     Net-(U2-In+)     sensitive, 0.1 s
prot V_err            track zone on F.Cu/B.Cu, via zone all layers; 11 nets exempt in the track zone (logic nets only)
     V_err            sensitive, 0.0 s
ok   Net-(U4-In+)      10.1 mm, 2 via(s) 0.5/0.3, w 0.20, gap 3.8
     Net-(U4-In+)     done in 0.1 s
FAIL analog_5V: island 2 (187 cells; C37.2 U24.5) to island 6 (C32.1), gap 1.2 mm
FAIL analog_5V: island 2 (187 cells; C37.2 U24.5) to island 3 (R96.1), gap 3.3 mm
ok   analog_5V          4.6 mm, 2 via(s) 0.5/0.3, w 0.40, gap 3.6
ok   analog_5V         13.0 mm, 4 via(s) 0.5/0.3, w 0.40, gap 4.9
FAIL analog_5V: island 2 (1123 cells; C37.2 U24.5 U7.5 U13.5 +1) to island 4 (C32.1), gap 0.6 mm
ok   analog_5V          3.2 mm, 0 via(s), w 0.40, gap 2.6
FAIL analog_5V: island 0 (2629 cells; U3.5 C37.2 U24.5 C66.1 +6) to island 3 (C32.1), gap 0.6 mm
FAIL analog_5V: island 0 (2629 cells; U3.5 C37.2 U24.5 C66.1 +6) to island 2 (R96.1), gap 3.3 mm
FAIL analog_5V: island 2 (75 cells; R96.1) to island 3 (C32.1), gap 6.5 mm
ok   analog_5V         14.9 mm, 0 via(s), w 0.40, gap 11.7
ok   analog_5V         24.3 mm, 2 via(s) 0.5/0.3, w 0.40, gap 19.0
     analog_5V        done in 27.9 s (6 failed)
ok   Voltage_err_2     18.6 mm, 2 via(s) 0.5/0.3, w 0.20, gap 10.4
ok   Voltage_err_2     22.1 mm, 2 via(s) 0.5/0.3, w 0.20, gap 18.8
     Voltage_err_2    done in 0.4 s
ok   .1Vref_3           6.9 mm, 1 via(s) 0.5/0.3, w 0.20, gap 6.4
rip  .1Vref_3         ripped analog_5V, but analog_5V then failed; undone
rip  .1Vref_3         ripped analog_5V, Voltage_err_2, but analog_5V then failed; undone
rip  .1Vref_3         ripped analog_5V, but analog_5V then failed; undone
FAIL .1Vref_3: island 0 (259 cells; R41.2 D23.1) to island 1 (C42.1 U13.3), gap 16.9 mm
     .1Vref_3         done in 48.8 s (1 failed)
ok   Net-(D4-+)        44.3 mm, 5 via(s) 0.5/0.3, w 0.20, gap 20.5
     Net-(D4-+)       done in 1.0 s
ok   Net-(U7-In-)      15.3 mm, 2 via(s) 0.5/0.3, w 0.20, gap 10.3
     Net-(U7-In-)     done in 0.2 s
ok   Net-(U26B-P1B)    32.3 mm, 2 via(s) 0.5/0.3, w 0.20, gap 12.0
     Net-(U26B-P1B)   done in 0.2 s
ok   Net-(D26-+)       20.6 mm, 2 via(s) 0.5/0.3, w 0.20, gap 5.0
     Net-(D26-+)      done in 0.2 s
ok   Net-(U26A-P0B)    57.6 mm, 4 via(s) 0.5/0.3, w 0.20, gap 12.7
     Net-(U26A-P0B)   done in 1.1 s
ok   Vout_2            23.8 mm, 4 via(s) 0.5/0.3, w 0.30, gap 19.2
     Vout_2           done in 0.2 s
rip  IREF1_input      ripping Net-(D4-+), Net-(U26A-P0B) did not free a path
rip  IREF1_input      ripping Net-(D4-+), Net-(U26A-P0B), .1Vref_3 did not free a path
FAIL IREF1_input: island 0 (228 cells; J11.26) to island 1 (U26.12), gap 13.5 mm
     IREF1_input      done in 8.4 s (1 failed)
ok   Verr1             16.9 mm, 3 via(s) 0.5/0.3, w 0.20, gap 12.4
     Verr1            done in 0.2 s
ok   Voltage_err_1      4.4 mm, 2 via(s) 0.5/0.3, w 0.20, gap 1.2
ok   Voltage_err_1     16.1 mm, 2 via(s) 0.5/0.3, w 0.20, gap 11.6
     Voltage_err_1    done in 0.3 s
ok   Net-(U3-In-)      77.2 mm, 7 via(s) 0.5/0.3, w 0.20, gap 6.9
     Net-(U3-In-)     done in 0.9 s
ok   Net-(U22-In+)      3.3 mm, 2 via(s) 0.5/0.3, w 0.20, gap 1.7
     Net-(U22-In+)    done in 0.1 s
rip  Vref_3           ripped and re-routed Voltage_err_1, Net-(D4-+)
     ok   Net-(D4-+)        44.4 mm, 5 via(s) 0.5/0.3, w 0.20, gap 20.5
     ok   Voltage_err_1      6.4 mm, 2 via(s) 0.5/0.3, w 0.20, gap 1.2
     ok   Voltage_err_1     16.1 mm, 2 via(s) 0.5/0.3, w 0.20, gap 11.6
     Vref_3           done in 2.8 s
rip  .1Vout_1         ripped Net-(D26-+), Net-(U3-In-), analog_5V, but analog_5V then failed; undone
rip  .1Vout_1         ripped Net-(D26-+), analog_5V, Net-(U26A-P0B), Net-(U3-In-), but analog_5V then failed; undone
rip  .1Vout_1         ripped Net-(D26-+), but Net-(D26-+) then failed; undone
FAIL .1Vout_1: island 0 (76 cells; R2.2) to island 1 (R9.1 R8.1), gap 0.1 mm
     .1Vout_1         done in 33.8 s (1 failed)
ok   Net-(D24-+)       30.2 mm, 4 via(s) 0.5/0.3, w 0.15, gap 15.7
     Net-(D24-+)      done in 1.2 s
rip  VerrGT0          ripped Net-(U26A-P0B), .1Vref_3, Net-(D4-+), analog_5V, but analog_5V then failed; undone
rip  VerrGT0          ripped Net-(D4-+), Net-(U26A-P0B), Net-(U22-In+), analog_5V, .1Vref_3, Net-(U26B-P1B), Net-(D24-+), but analog_5V then failed; undone
rip  VerrGT0          ripped analog_5V, Net-(U3-In-), Net-(U26A-P0B), Vout_2, Net-(D24-+), Voltage_err_2, Net-(U7-In-), but analog_5V then failed; undone
FAIL VerrGT0: island 0 (831 cells; U103.2 U102.5 U102.9) to island 1 (U101.1 U104.10), gap 29.2 mm
     VerrGT0          done in 54.0 s (1 failed)
ok   0err_hi           24.0 mm, 3 via(s) 0.5/0.3, w 0.20, gap 6.2
ok   0err_hi           30.5 mm, 1 via(s) 0.5/0.3, w 0.20, gap 21.0
ok   0err_hi           41.8 mm, 2 via(s) 0.5/0.3, w 0.15, gap 21.8
     0err_hi          done in 1.8 s
ok   Out-              18.7 mm, 2 via(s) 0.5/0.3, w 0.20, gap 16.3
     Out-             done in 0.5 s
rip  Net-(U103B-Y)    ripping 0err_hi did not free a path
rip  Net-(U103B-Y)    ripped 0err_hi, analog_5V, Net-(U26A-P0B), but analog_5V then failed; undone
rip  Net-(U103B-Y)    ripped analog_5V, Vout_2, Net-(U3-In-), Net-(D26-+), but analog_5V then failed; undone
FAIL Net-(U103B-Y): island 0 (115 cells; U103.6) to island 1 (U104.9), gap 33.2 mm
     Net-(U103B-Y)    done in 45.0 s (1 failed)
rip  Net-(D5--)       ripping Net-(U7-In-) did not free a path
rip  Net-(D5--)       ripping Voltage_err_2, Net-(U7-In-) did not free a path
rip  Net-(D5--)       ripped Voltage_err_2, 0err_hi, Net-(U4-In+), Net-(U7-In-), but Net-(U4-In+) then failed; undone
FAIL Net-(D5--): island 0 (118 cells; U105.3) to island 1 (R64.2 D5.1), gap 31.5 mm
     Net-(D5--)       done in 8.7 s (1 failed)
rip  low_error_timeout ripped and re-routed Voltage_err_2, Net-(U7-In-), Net-(U3-In-), Vout_2
     ok   Voltage_err_2     18.6 mm, 2 via(s) 0.5/0.3, w 0.20, gap 10.4
     ok   Voltage_err_2     22.1 mm, 2 via(s) 0.5/0.3, w 0.20, gap 18.8
     ok   Net-(U7-In-)      22.0 mm, 4 via(s) 0.5/0.3, w 0.20, gap 10.3
     ok   Vout_2            27.3 mm, 4 via(s) 0.5/0.3, w 0.15, gap 19.2
     ok   Net-(U3-In-)      85.7 mm, 8 via(s) 0.5/0.3, w 0.15, gap 6.9
     low_error_timeout done in 4.3 s
rip  0A_hi            ripped and re-routed Verr1
     ok   Verr1             15.0 mm, 2 via(s) 0.5/0.3, w 0.15, gap 12.4
rip  0A_hi            ripped Net-(U26A-P0B), Net-(D4-+), .1Vref_3, analog_5V, but analog_5V then failed; undone
rip  0A_hi            ripped Net-(U26A-P0B), Net-(D4-+), analog_5V, 0err_hi, .1Vref_3, Net-(U22-In+), but analog_5V then failed; undone
rip  0A_hi            ripped Voltage_err_1, Net-(U26A-P0B), .1Vref_3, Net-(U3-In-), 0err_hi, Net-(D4-+), Vref_3, but .1Vref_3 then failed; undone
FAIL 0A_hi: island 0 (117 cells; U101.2) to island 1 (U2.1 R11.1), gap 19.4 mm
     0A_hi            done in 38.6 s (1 failed)
rip  IREF1            ripped Net-(D4-+), but Net-(D4-+) then failed; undone
rip  IREF1            ripped Net-(D4-+), but Net-(D4-+) then failed; undone
rip  IREF1            ripped Voltage_err_1, analog_5V, Net-(D26-+), Net-(U3-In-), Net-(D4-+), but analog_5V then failed; undone
FAIL IREF1: island 0 (356 cells; R29.1 U106.6) to island 1 (J9.4), gap 22.8 mm
     IREF1            done in 23.7 s (1 failed)
rip  ena_out_2        ripped Net-(U26B-P1B), 0err_hi, but Net-(U26B-P1B) then failed; undone
rip  ena_out_2        ripped Net-(U26B-P1B), Net-(D24-+), 0err_hi, but Net-(D24-+) then failed; undone
rip  ena_out_2        ripped analog_5V, Out-, Net-(U3-In-), Net-(U26A-P0B), Net-(D24-+), but analog_5V then failed; undone
FAIL ena_out_2: island 0 (610 cells; U102.12 J11.7) to island 1 (U104.12), gap 17.8 mm
     ena_out_2        done in 23.0 s (1 failed)
rip  Net-(D5-+)       ripped and re-routed Voltage_err_2, Net-(U3-In-)
     ok   Voltage_err_2     18.6 mm, 2 via(s) 0.5/0.3, w 0.20, gap 10.4
     ok   Voltage_err_2     23.0 mm, 2 via(s) 0.5/0.3, w 0.20, gap 18.8
     ok   Net-(U3-In-)      85.9 mm, 8 via(s) 0.5/0.3, w 0.15, gap 6.9
     Net-(D5-+)       done in 3.9 s
rip  Net-(U103A-A)    ripped analog_5V, but analog_5V then failed; undone
rip  Net-(U103A-A)    ripped analog_5V, Voltage_err_2, Vout_2, Net-(D26-+), Out-, but analog_5V then failed; undone
rip  Net-(U103A-A)    ripped analog_5V, Net-(U7-In-), Net-(U3-In-), but analog_5V then failed; undone
FAIL Net-(U103A-A): island 0 (118 cells; U18.4) to island 1 (U28.9 U103.1), gap 12.8 mm
     Net-(U103A-A)    done in 55.5 s (1 failed)
rip  Reset_raw        ripping Verr1, Net-(D5-+), 0A_hi did not free a path
rip  Reset_raw        ripping 0A_hi, Verr1, Net-(D5-+) did not free a path
rip  Reset_raw        ripped Net-(D4-+), 0A_hi, 0err_hi, Net-(D5-+), .1Vref_3, Net-(U26A-P0B), Voltage_err_1, Verr1, but .1Vref_3 then failed; undone
FAIL Reset_raw: island 0 (131 cells; U101.4) to island 1 (U5.1), gap 22.0 mm
     Reset_raw        done in 9.1 s (1 failed)
rip  Net-(U102D-Y)    ripping Net-(U7-In-), Net-(U3-In-) did not free a path
rip  Net-(U102D-Y)    ripping Net-(U7-In-), Net-(U3-In-) did not free a path
rip  Net-(U102D-Y)    ripped analog_5V, Out-, Net-(U3-In-), Net-(U26A-P0B), low_error_timeout, Vout_2, Net-(D24-+), Net-(U7-In-), but analog_5V then failed; undone
FAIL Net-(U102D-Y): island 0 (117 cells; U102.11) to island 1 (U104.5), gap 25.2 mm
     Net-(U102D-Y)    done in 20.6 s (1 failed)
ok   Net-(D20--)       17.4 mm, 1 via(s) 0.5/0.3, w 0.20, gap 10.6
     Net-(D20--)      done in 0.2 s
ok   ena_out_1         46.2 mm, 3 via(s) 0.5/0.3, w 0.15, gap 3.7
     ena_out_1        done in 1.9 s
rip  out_3_on         ripped Net-(U22-In+), Net-(D4-+), 0err_hi, analog_5V, Net-(U26A-P0B), but analog_5V then failed; undone
rip  out_3_on         ripped analog_5V, Net-(U3-In-), Net-(D24-+), Out-, but analog_5V then failed; undone
FAIL out_3_on: island 0 (226 cells; J11.8) to island 1 (U104.8), gap 15.0 mm
     out_3_on         done in 39.1 s (1 failed)
rip  SCL              ripped Net-(U26A-P0B), 0err_hi, analog_5V, .1Vref_3, but analog_5V then failed; undone
rip  SCL              ripped Net-(U26A-P0B), 0err_hi, analog_5V, Net-(D4-+), .1Vref_3, but analog_5V then failed; undone
rip  SCL              ripped Net-(U26A-P0B), 0err_hi, .1Vref_3, Net-(D4-+), but .1Vref_3 then failed; undone
FAIL SCL: island 0 (310 cells; J9.7) to island 1 (U26.5), gap 8.6 mm
     SCL              done in 34.6 s (1 failed)
rip  Net-(U26E-A1)    ripped Net-(U26A-P0B), Net-(D4-+), but Net-(U26A-P0B) then failed; undone
rip  Net-(U26E-A1)    ripped Net-(D4-+), Net-(U26A-P0B), Vref_3, .1Vref_3, 0err_hi, but .1Vref_3 then failed; undone
rip  Net-(U26E-A1)    ripped Net-(D4-+), .1Vref_3, Net-(U26A-P0B), but .1Vref_3 then failed; undone
FAIL Net-(U26E-A1): island 0 (59 cells; U26.16) to island 1 (R99.1), gap 3.4 mm
     Net-(U26E-A1)    done in 8.4 s (1 failed)
tracks 851, vias 78, failures 21, 503 s
