board rasterised in 1.8 s
loaded 3956 committed route items
first: 6 nets from earlier passes routed ahead of the plane fan-outs
prot Current          track zone on In4.Cu/In5.Cu/B.Cu, via zone all layers; 6 nets exempt in the track zone
     Current          sensitive, 0.1 s
prot Net-(U2-In+)     track zone on F.Cu/In4.Cu/In5.Cu/B.Cu, via zone all layers; 9 nets exempt in the track zone
     Net-(U2-In+)     sensitive, 0.3 s
prot V_err            track zone on F.Cu/B.Cu, via zone all layers; 11 nets exempt in the track zone (logic nets only)
     V_err            sensitive, 0.2 s
rip  Net-(U106B-B)    ripped Net-(D25-+), analog_5V, Net-(U106A-B), Net-(U106C-B), but analog_5V then failed; undone
rip  Net-(U106B-B)    ripped analog_5V, Net-(D25-+), Net-(U106C-B), Output2_drain, Net-(U106A-B), Net-(U13-In-), Net-(U26C-P2B), Net-(U24-In+), but Net-(U24-In+) then failed; undone
rip  Net-(U106B-B)    ripped and re-routed Net-(D25-+), Net-(U102B-A)
     ok   Net-(D25-+)        4.9 mm, 2 via(s) 0.5/0.3, w 0.20, gap 2.3
     ok   Net-(D25-+)       11.7 mm, 2 via(s) 0.5/0.3, w 0.20, gap 9.1
     ok   Net-(D25-+)       11.5 mm, 1 via(s) 0.5/0.3, w 0.20, gap 10.3
     ok   Net-(U102B-A)     15.2 mm, 2 via(s) 0.5/0.3, w 0.20, gap 14.1
     ok   Net-(U102B-A)     20.5 mm, 2 via(s) 0.5/0.3, w 0.20, gap 19.1
     Net-(U106B-B)    done in 148.2 s
rip  .1Vout_3         ripped Net-(U13-In-), Net-(D26-+), Voltage_err_3, Output2_drain, but Voltage_err_3 then failed; undone
rip  .1Vout_3         ripped Net-(U106C-B), Voltage_err_3, analog_5V, Net-(U13-In-), Net-(D26-+), Net-(U103B-Y), Net-(U23-In+), Net-(U106A-B), but Voltage_err_3 then failed; undone
rip  .1Vout_3         ripped Net-(U106C-B), Output3_drain, but Net-(U106C-B) then failed; undone
FAIL .1Vout_3: island 0 (924 cells; R42.1 R43.1) to island 1 (R39.2), gap 2.7 mm
     .1Vout_3         done in 39.9 s (1 failed)
rip  Voltage_err_3    ripped and re-routed Net-(U106B-B), Net-(U24-In+), Net-(U103A-A), analog_5V
     ok   Net-(U106B-B)      1.4 mm, 0 via(s), w 0.20, gap 1.1
     ok   Net-(U106B-B)      5.8 mm, 2 via(s) 0.5/0.3, w 0.20, gap 3.6
     ok   Net-(U106B-B)      9.9 mm, 0 via(s), w 0.20, gap 7.3
     ok   analog_5V          4.3 mm, 1 via(s) 0.5/0.3, w 0.40, gap 0.3
     ok   analog_5V          1.0 mm, 1 via(s) 0.5/0.3, w 0.40, gap 0.7
     ok   analog_5V          9.2 mm, 1 via(s) 0.5/0.3, w 0.40, gap 3.2
     ok   analog_5V          4.4 mm, 0 via(s), w 0.40, gap 3.7
     ok   analog_5V          4.5 mm, 2 via(s) 0.5/0.3, w 0.40, gap 3.9
     ok   analog_5V          6.0 mm, 1 via(s) 0.5/0.3, w 0.40, gap 4.9
     ok   analog_5V          9.9 mm, 0 via(s), w 0.40, gap 8.9
     ok   analog_5V         29.7 mm, 3 via(s) 0.5/0.3, w 0.40, gap 9.5
     ok   analog_5V         15.6 mm, 1 via(s) 0.5/0.3, w 0.40, gap 11.7
     ok   analog_5V         21.8 mm, 1 via(s) 0.5/0.3, w 0.40, gap 19.0
     ok   Net-(U24-In+)      1.5 mm, 0 via(s), w 0.20, gap 1.1
     ok   Net-(U24-In+)      3.1 mm, 1 via(s) 0.5/0.3, w 0.20, gap 1.8
     ok   Net-(U24-In+)     16.7 mm, 2 via(s) 0.5/0.3, w 0.15, gap 3.6
     ok   Net-(U103A-A)     16.2 mm, 2 via(s) 0.5/0.3, w 0.20, gap 12.8
     ok   Net-(U103A-A)     16.5 mm, 2 via(s) 0.5/0.3, w 0.20, gap 14.8
     Voltage_err_3    done in 29.2 s
ok   IREF1             55.1 mm, 4 via(s) 0.5/0.3, w 0.20, gap 26.3
     IREF1            done in 1.6 s
rip  SDA              ripping analog_5V, M1_ON, Net-(U26B-P1B), Net-(U26E-HVC{slash}A0) did not free a path
rip  SDA              ripping Net-(U26E-HVC{slash}A0), analog_5V, Net-(U26E-~{RESET}), M1_ON, Net-(U26B-P1B), SCL, out_3_on, RESET- did not free a path
rip  SDA              ripped 12V, Voltage_err_1, .1Vref_1, Net-(U26A-P0B), IREF2, IREF2_input, IREF3, analog_5V, Net-(U3-In-), .1Vref_2, .1Vref_3, Reset_raw, but IREF2_input then failed; undone
FAIL SDA: island 0 (1246 cells; J9.8) to island 1 (U26.6), gap 11.1 mm
     SDA              done in 70.9 s (1 failed)
     Net-(U26E-HVC{slash}A0) done in 0.0 s
tracks 3727, vias 416, failures 2, 298 s

real	4m59.302s
user	0m0.000s
sys	0m0.000s
