board rasterised in 0.8 s
loaded 2879 committed route items
prot Current          track zone on In5.Cu/B.Cu, via zone all layers; 24 nets exempt in the track zone
     Current          sensitive, 0.0 s
prot Net-(U2-In+)     track zone on F.Cu/In5.Cu/B.Cu, via zone all layers; 9 nets exempt in the track zone
     Net-(U2-In+)     sensitive, 0.1 s
prot V_err            track zone on F.Cu/B.Cu, via zone all layers; 13 nets exempt in the track zone (logic nets only)
     V_err            sensitive, 0.0 s
     Net-(U4-In+)     done in 0.0 s
     Net-(U14-In+)    done in 0.0 s
     Net-(U21-In+)    done in 0.0 s
     Net-(U21-In-)    done in 0.0 s
     Net-(Q1-E)       done in 0.0 s


fan  GND              U3.2: no via reachable
fan  GND              U28.4: no via reachable
fan  GND              U28.5: no via reachable
fan  GND              U28.6: nearest via needs 1.9 mm, not fanned out
fan  GND              U28.12: no via reachable
fan  GND              U28.13: no via reachable
fan  GND              C46.2: 1.2 mm stub, via 0.5/0.3
fan  GND              U22.2: no via reachable
fan  GND              C91.1: no via reachable
fan  GND              C24.2: no via reachable
fan  GND              U5.2: no via reachable
fan  GND              C65.2: nearest via needs 2.3 mm, not fanned out
fan  GND              C29.2: no via reachable
fan  GND              U21.2: no via reachable
fan  GND              U7.2: no via reachable
fan  GND              U4.2: no via reachable
fan  GND              U13.2: no via reachable
fan  GND              U2.2: nearest via needs 3.0 mm, not fanned out
fan  GND              C54.2: no via reachable
fan  GND              C28.2: no via reachable
fan  GND              C47.2: no via reachable
fan  GND              U23.2: no via reachable
fan  GND              U26.7: no via reachable
fan  GND              U26.10: no via reachable
fan  GND              U26.20: no via reachable
fan  GND              C96.2: no via reachable
fan  GND              C19.2: no via reachable
     FANOUT:GND       1 vias, 26 pads skipped, 1.4 s
fan  5V               C22.1: 0.8 mm stub, via 0.5/0.3
fan  5V               C26.1: nearest via needs 2.3 mm, not fanned out
fan  5V               C24.1: no via reachable
fan  5V               U5.5: no via reachable
fan  5V               U4.5: nearest via needs 1.6 mm, not fanned out
fan  5V               U26.17: no via reachable
     FANOUT:5V        1 vias, 5 pads skipped, 0.2 s

     analog_5V        done in 0.0 s
     12V              done in 0.0 s
     Net-(U106A-B)    done in 0.0 s
     .1Vref_2         done in 0.0 s
     IREF2_input      done in 0.0 s
     IREF3_input      done in 0.0 s
     .1Vref_3         done in 0.0 s
rip  Net-(D4-+)       ripped Net-(D23-+), Net-(U14-In+), analog_5V, Net-(U106C-B), but Net-(D23-+) then failed; undone
rip  Net-(D4-+)       ripped Net-(D23-+), Net-(U106C-B), Net-(U14-In+), analog_5V, ARD_M1_INHIBIT, .1Vref_3, 5V, low_error_timeout, but Net-(D23-+) then failed; undone
rip  Net-(D4-+)       ripped ARD_M1_INHIBIT, Net-(D23-+), out_3_on, 5V, Net-(U106C-B), analog_5V, Net-(U103B-Y), but Net-(D23-+) then failed; undone
FAIL Net-(D4-+): island 0 (102 cells; D4.2) to island 2 (Q1.1), gap 4.8 mm
rip  Net-(D4-+)       ripping 0err_hi, Net-(D3-+) did not free a path
rip  Net-(D4-+)       ripped Net-(Q1-E), 0err_hi, Net-(D23-+), Net-(U106A-B), Net-(D3-+), Vref_2, but Net-(U106A-B) then failed; undone
rip  Net-(D4-+)       ripped Vref_1, Net-(D23-+), Net-(U22-In+), 0err_hi, Net-(Q1-E), Vref_2_arduino, analog_5V, Net-(U106A-B), but Net-(U106A-B) then failed; undone
FAIL Net-(D4-+): island 1 (70 cells; R65.1) to island 2 (Q1.1), gap 20.8 mm
rip  Net-(D4-+)       ripping 0err_hi, Net-(D3-+) did not free a path
rip  Net-(D4-+)       ripping Net-(Q1-E), 0err_hi, Net-(D23-+), Net-(U106A-B), Net-(D3-+), Vref_2 did not free a path
rip  Net-(D4-+)       ripped IREF3_input, Net-(U106C-B), analog_5V, Net-(Q1-E), 0err_hi, Net-(U22-In+), Net-(U106A-B), Net-(D23-+), 5V, out_3_on, Net-(U103B-Y), ARD_M1_INHIBIT, but IREF3_input then failed; undone
FAIL Net-(D4-+): island 0 (102 cells; D4.2) to island 1 (R65.1), gap 26.1 mm
     Net-(D4-+)       done in 51.8 s (3 failed)
     .1Vref_1         done in 0.0 s
     Net-(U106C-B)    done in 0.0 s
rip  Net-(U26A-P0B)   ripped IREF1, Net-(U24-In+), analog_5V, Net-(D25-+), but Net-(D25-+) then failed; undone
rip  Net-(U26A-P0B)   ripped Net-(U24-In+), analog_5V, IREF1, Net-(D26-+), Net-(U103A-A), Out-, Voltage_err_3, Net-(U13-In-), but Net-(U13-In-) then failed; undone
rip  Net-(U26A-P0B)   ripped Net-(D25-+), Net-(U24-In+), IREF1, analog_5V, Net-(U106B-B), Voltage_err_3, Net-(U102B-A), but Net-(U106B-B) then failed; undone
FAIL Net-(U26A-P0B): island 0 (675 cells; R54.1 C100.1 U26.13) to island 1 (R29.2), gap 5.6 mm
     Net-(U26A-P0B)   done in 20.2 s (1 failed)
     Voltage_err_2    done in 0.0 s
     IREF1_input      done in 0.0 s
     Vref_1           done in 0.0 s
rip  Net-(D23-+)      ripped Net-(Q1-E), Vref_2, Net-(U106A-B), 0err_hi, but Net-(U106A-B) then failed; undone
rip  Net-(D23-+)      ripped Net-(Q1-E), Vref_2, Net-(U106A-B), 0err_hi, Vref_2_arduino, Net-(D3-+), but Net-(U106A-B) then failed; undone
rip  Net-(D23-+)      ripped Vref_1, Net-(Q1-E), Net-(U22-In+), Vref_2_arduino, but Vref_1 then failed; undone
FAIL Net-(D23-+): island 0 (400 cells; U22.1 D23.2) to island 1 (R90.2 C49.2), gap 11.7 mm
     Net-(D23-+)      done in 14.6 s (1 failed)
rip  Vout_2           ripping Out-, ena_out_3, Net-(U102B-A), Net-(U23-In+) did not free a path
rip  Vout_2           ripped Net-(U18-Q3), Out-, ena_out_3, .1Vref_3, analog_5V, .1Vref_2, Net-(U23-In+), Net-(U102C-A), but .1Vref_2 then failed; undone
rip  Vout_2           ripped Net-(U26A-P0B), Net-(U106C-A), Net-(U106C-B), .1Vref_3, IREF2_input, .1Vref_2, Net-(U102B-A), ena_out_3, Out-, but Net-(U26A-P0B) then failed; undone
FAIL Vout_2: island 0 (226 cells; J11.15) to island 1 (R35.2), gap 10.5 mm
     Vout_2           done in 20.4 s (1 failed)
rip  Output2_drain    ripping SDA, Net-(U103A-A), Net-(U24-In+), Out- did not free a path
rip  Output2_drain    ripping Net-(U102B-A), SDA, Net-(D26-+), Net-(U24-In+), Net-(U103B-Y), IREF1, Net-(U103A-A), analog_5V did not free a path
rip  Output2_drain    ripped Net-(U106C-B), Voltage_err_3, Output3_drain, Net-(U103A-A), Net-(U26A-P0B), Out-, .1Vout_3, .1Vout_1, Net-(U13-In-), but Net-(U106C-B) then failed; undone
FAIL Output2_drain: island 0 (228 cells; J11.16) to island 1 (R25.1), gap 13.1 mm
     Output2_drain    done in 8.8 s (1 failed)
rip  Net-(U106B-B)    ripping Net-(D25-+), Net-(D26-+), Net-(U102B-A), Output3_drain did not free a path
rip  Net-(U106B-B)    ripped Net-(D26-+), Reset_raw, Net-(D25-+), Net-(U102B-A), .1Vref_3, .1Vout_3, analog_5V, Net-(U103A-A), but analog_5V then failed; undone
rip  Net-(U106B-B)    ripped Net-(D26-+), SDA, analog_5V, Voltage_err_3, Out-, Net-(U103A-A), Net-(U102B-A), but Net-(U103A-A) then failed; undone
FAIL Net-(U106B-B): island 1 (342 cells; U106.4 C64.1) to island 2 (R93.1), gap 3.6 mm
rip  Net-(U106B-B)    ripping ena_out_3, Out-, Net-(U102C-A), Net-(U102B-A) did not free a path
rip  Net-(U106B-B)    ripped Net-(U18-Q3), ena_out_3, Out-, .1Vref_3, analog_5V, Net-(U102C-A), Net-(U102D-Y), .1Vref_2, but Net-(U102C-A) then failed; undone
rip  Net-(U106B-B)    ripped Net-(U18-Q3), Voltage_err_3, Net-(U102B-A), Out-, but Voltage_err_3 then failed; undone
FAIL Net-(U106B-B): island 0 (76 cells; U23.4) to island 1 (U106.4 C64.1), gap 7.4 mm
rip  Net-(U106B-B)    ripping Net-(D25-+), Net-(D26-+), Net-(U102B-A), Output3_drain did not free a path
rip  Net-(U106B-B)    ripped Net-(D26-+), Reset_raw, Net-(D25-+), Net-(U102B-A), .1Vout_3, .1Vref_3, analog_5V, Net-(U103A-A), but Net-(D26-+) then failed; undone
rip  Net-(U106B-B)    ripped .1Vref_3, Net-(U102C-A), .1Vref_2, Net-(D26-+), ena_out_3, SDA, Net-(D25-+), IREF2_input, Net-(U102B-A), but Net-(D26-+) then failed; undone
FAIL Net-(U106B-B): island 0 (76 cells; U23.4) to island 2 (R93.1), gap 7.9 mm
     Net-(U106B-B)    done in 43.4 s (3 failed)
     Net-(U26C-P2B)   done in 0.0 s
     Verr1            done in 0.0 s
rip  Net-(U106C-A)    ripped Voltage_err_2, Net-(U106A-B), Net-(D20--), VerrGT0, but Voltage_err_2 then failed; undone
rip  Net-(U106C-A)    ripped Voltage_err_2, Net-(U106A-B), VerrGT0, ena_out_3, Net-(D20-+), analog_5V, Net-(D5--), Net-(D20--), but Net-(U106A-B) then failed; undone
rip  Net-(U106C-A)    ripped Net-(U24-In+), Voltage_err_2, IREF2_input, analog_5V, Net-(D5--), Net-(U106A-B), Net-(D20--), VerrGT0, Voltage_err_3, ena_out_3, .1Vref_3, Net-(U106C-B), but Net-(U106C-B) then failed; undone
FAIL Net-(U106C-A): island 0 (310 cells; R94.2 R95.1) to island 1 (U106.8), gap 10.9 mm
     Net-(U106C-A)    done in 26.8 s (1 failed)
     Voltage_err_1    done in 0.0 s
rip  Net-(D25-+)      ripped Net-(U18-Q3), ena_out_3, Out-, .1Vref_2, but Net-(U18-Q3) then failed; undone
rip  Net-(D25-+)      ripped ena_out_3, .1Vref_3, Net-(U18-Q3), .1Vref_2, Out-, Net-(U102B-A), Net-(U102C-A), Net-(U106C-A), but Net-(U102B-A) then failed; undone
rip  Net-(D25-+)      ripped Net-(U18-Q3), analog_5V, Net-(U102C-A), but Net-(U102C-A) then failed; undone
FAIL Net-(D25-+): island 1 (77 cells; U23.1) to island 2 (D25.2), gap 3.8 mm
rip  Net-(D25-+)      ripped Net-(U18-Q3), ena_out_3, Out-, .1Vref_2, but .1Vref_2 then failed; undone
rip  Net-(D25-+)      ripped ena_out_3, .1Vref_3, .1Vref_2, Net-(U18-Q3), Out-, Net-(U102B-A), Net-(U106C-A), Net-(U102C-A), but Net-(U102B-A) then failed; undone
rip  Net-(D25-+)      ripped Net-(U18-Q3), Net-(U24-In+), .1Vref_3, Net-(U103A-A), Net-(U102B-A), but .1Vref_3 then failed; undone
FAIL Net-(D25-+): island 0 (362 cells; R93.2 C64.2) to island 2 (D25.2), gap 4.9 mm
rip  Net-(D25-+)      ripped low_error_timeout, .1Vref_3, analog_5V, Net-(U18-Q3), but low_error_timeout then failed; undone
rip  Net-(D25-+)      ripped .1Vref_3, Net-(U18-Q3), Net-(U102D-Y), analog_5V, Out-, low_error_timeout, Net-(U102C-A), ena_out_1, but Net-(U102C-A) then failed; undone
rip  Net-(D25-+)      ripped Net-(U18-Q3), .1Vref_2, .1Vref_3, Net-(U102C-A), IREF2_input, Net-(U106C-A), Net-(U102B-A), but IREF2_input then failed; undone
FAIL Net-(D25-+): island 0 (362 cells; R93.2 C64.2) to island 1 (U23.1), gap 9.1 mm
     Net-(D25-+)      done in 41.2 s (3 failed)
     Net-(D26-+)      done in 0.0 s
     Verr2            done in 0.0 s
     Voltage_err_3    done in 0.0 s
     Output3_drain    done in 0.0 s
     Vref_2           done in 0.0 s
     Net-(U24-In+)    done in 0.0 s
     Vref_3           done in 0.0 s
rip  Net-(U13-In-)    ripping ena_out_3, Out-, Net-(U18-Q3), .1Vref_2 did not free a path
rip  Net-(U13-In-)    ripping ena_out_3, .1Vref_3, Out-, .1Vref_2, Net-(U18-Q3), Net-(U24-In+), analog_5V, Net-(U103A-A) did not free a path
rip  Net-(U13-In-)    ripped ena_out_3, IREF2_input, Net-(U103A-A), .1Vref_2, Net-(U24-In+), Out-, analog_5V, Net-(D25-+), Net-(U18-Q3), but IREF2_input then failed; undone
FAIL Net-(U13-In-): island 0 (169 cells; R39.1 R40.2) to island 1 (U13.4), gap 6.6 mm
     Net-(U13-In-)    done in 9.6 s (1 failed)
rip  Output1_drain    ripped .1Vref_3, .1Vref_2, Net-(U106C-A), SDA, but .1Vref_2 then failed; undone
rip  Output1_drain    ripped .1Vref_3, Net-(U18-Q3), .1Vref_2, Reset_raw, Net-(U26A-P0B), Net-(D25-+), ena_out_3, Net-(U106C-A), but Net-(U26A-P0B) then failed; undone
rip  Output1_drain    ripped .1Vref_2, Net-(U106C-A), but .1Vref_2 then failed; undone
FAIL Output1_drain: island 0 (222 cells; J11.14) to island 1 (R94.1), gap 6.1 mm
     Output1_drain    done in 10.3 s (1 failed)
     Net-(U3-In-)     done in 0.0 s
ok   Net-(U22-In+)      2.4 mm, 0 via(s), w 0.20, gap 0.1
     Net-(U22-In+)    done in 0.1 s
rip  Verr3            ripped Verr1, 0A_hi, 5V, Reset_raw, but Verr1 then failed; undone
rip  Verr3            ripped Verr1, 0err_hi, 12V, 0A_hi, Reset_raw, 5V, Net-(U4-In+), but Verr1 then failed; undone
rip  Verr3            ripped Verr1, but Verr1 then failed; undone
FAIL Verr3: island 0 (273 cells; C10.2 R46.2 R45.2) to island 1 (U28.1), gap 1.0 mm
     Verr3            done in 6.7 s (1 failed)
     Net-(U7-In-)     done in 0.0 s
     Net-(U23-In+)    done in 0.0 s
     .1Vout_3         done in 0.0 s
     Net-(U26B-P1B)   done in 0.0 s
     .1Vout_2         done in 0.0 s
     Net-(U106A-A)    done in 0.0 s
     Net-(U106B-A)    done in 0.0 s
rip  Vout_1           ripped Reset_raw, Net-(U26A-P0B), .1Vref_3, .1Vout_1, but Net-(U26A-P0B) then failed; undone
rip  Vout_1           ripped Reset_raw, .1Vref_3, Net-(U26A-P0B), .1Vref_2, Net-(D25-+), Net-(U106C-B), Net-(U102B-A), Net-(U106C-A), but Net-(U26A-P0B) then failed; undone
rip  Vout_1           ripped .1Vref_2, but .1Vref_2 then failed; undone
FAIL Vout_1: island 0 (222 cells; J11.13) to island 1 (R9.2), gap 1.7 mm
     Vout_1           done in 11.3 s (1 failed)
     Vout_3           done in 0.0 s
     .1Vout_1         done in 0.0 s
     Net-(D4--)       done in 0.0 s
     Net-(D3-+)       done in 0.0 s
     Net-(D24-+)      done in 0.0 s
     VerrGT0          done in 0.0 s
     0err_hi          done in 0.0 s
     Out-             done in 0.0 s
     Net-(U103B-Y)    done in 0.0 s
     Net-(U102B-A)    done in 0.0 s
rip  Net-(U102C-A)    ripped 0err_hi, Net-(U106A-B), Net-(U4-In+), Net-(U103A-A), but 0err_hi then failed; undone
rip  Net-(U102C-A)    ripped Net-(U106A-B), 0err_hi, SDA, Net-(U4-In+), IREF3, Net-(U103A-A), 12V, Net-(U21-In+), but 0err_hi then failed; undone
rip  Net-(U102C-A)    ripped 0err_hi, Net-(U102B-A), Net-(U4-In+), Net-(U103B-Y), .1Vref_3, .1Vref_1, .1Vout_3, Net-(U106A-B), Net-(U106C-B), Output3_drain, Voltage_err_3, Net-(D25-+), but .1Vref_1 then failed; undone
FAIL Net-(U102C-A): island 0 (550 cells; U18.2 U102.10) to island 1 (U28.10), gap 20.5 mm
     Net-(U102C-A)    done in 25.7 s (1 failed)
     0A_hi            done in 0.0 s
     IREF3            done in 0.0 s
     IREF1            done in 0.0 s
     ena_out_2        done in 0.0 s
rip  IREF2            ripping IREF1, analog_5V, Net-(U24-In+), Net-(D20--) did not free a path
rip  IREF2            ripped analog_5V, IREF1, Net-(U24-In+), Net-(U106A-B), ena_out_3, Out-, Net-(D20--), Net-(U106B-A), but Net-(U106A-B) then failed; undone
rip  IREF2            ripped Net-(U18-Q3), .1Vref_2, Reset_raw, Net-(U26A-P0B), SDA, IREF1, Voltage_err_3, Out-, but Net-(U26A-P0B) then failed; undone
FAIL IREF2: island 0 (679 cells; R30.1 J9.5) to island 1 (U106.5), gap 18.6 mm
     IREF2            done in 16.3 s (1 failed)
     Net-(D7--)       done in 0.0 s
     Net-(U103A-A)    done in 0.0 s
     Reset_raw        done in 0.0 s
     low_error_timeout done in 0.0 s
     Net-(U102A-Y)    done in 0.0 s
     Net-(U102D-Y)    done in 0.0 s
     ARD_M1_INHIBIT   done in 0.0 s
     ena_out_3        done in 0.0 s
     M1_ON            done in 0.0 s
     ena_out_1        done in 0.0 s
     Net-(D20-+)      done in 0.0 s
     Net-(D5--)       done in 0.0 s
     out_3_on         done in 0.0 s
     SDA              done in 0.0 s
     out_2_on         done in 0.0 s
     M2_ON            done in 0.0 s
     Net-(D20--)      done in 0.0 s
     SCL              done in 0.0 s
     Net-(U18-Q3)     done in 0.0 s
     RESET-           done in 0.0 s
     Net-(D5-+)       done in 0.0 s
     Out              done in 0.0 s
     M1_INHIBIT       done in 0.0 s
     Vref_3_arduino   done in 0.0 s
     Vref_2_arduino   done in 0.0 s
     Vref_1_arduino   done in 0.0 s
     Net-(C8-Pad2)    done in 0.0 s
     Net-(D7-+)       done in 0.0 s
     Net-(U26E-HVC{slash}A0) done in 0.0 s
     Net-(U26E-A1)    done in 0.0 s
rip  Net-(U26E-~{RESET}) ripped 5V, Net-(U26E-A1), Net-(U26C-P2B), 0A_hi, but Net-(U26E-A1) then failed; undone
rip  Net-(U26E-~{RESET}) ripped 0A_hi, Net-(U26C-P2B), 5V, SCL, IREF2, Net-(U26E-A1), Vref_3, Net-(U26A-P0B), but Net-(U26A-P0B) then failed; undone
rip  Net-(U26E-~{RESET}) ripped Net-(U26C-P2B), Net-(U26E-A1), 5V, but Net-(U26E-A1) then failed; undone
FAIL Net-(U26E-~{RESET}): island 0 (74 cells; R103.2) to island 1 (U26.15), gap 2.7 mm
     Net-(U26E-~{RESET}) done in 8.7 s (1 failed)
     Net-(U101A-Y)    done in 0.0 s
     Net-(C17-Pad2)   done in 0.0 s
     set-             done in 0.0 s
     Net-(C9-Pad2)    done in 0.0 s
     Net-(C19-Pad1)   done in 0.0 s
rip  5V               ripping 0err_hi, Reset_raw did not free a path
rip  5V               ripping Verr1, Reset_raw, 0err_hi, 0A_hi, Net-(U4-In+) did not free a path
FAIL 5V: island 0 (157530 cells; U28.16 U101.14 C52.1 R82.1 +36) to island 1 (C24.1 U5.5), gap 0.0 mm
     5V               done in 9.5 s (1 failed)
rip  GND              ripping Net-(U102D-Y), 5V, Net-(U23-In+), .1Vref_3 did not free a path
rip  GND              ripped Net-(U102D-Y), Out-, .1Vref_3, ena_out_2, Net-(U102C-A), analog_5V, 5V, Voltage_err_2, but Net-(U102C-A) then failed; undone
rip  GND              ripped ena_out_1, Out-, .1Vref_3, but ena_out_1 then failed; undone
FAIL GND: island 0 (158840 cells; C10.1 C43.2 R46.1 U3.2 +100) to island 1 (C91.1), gap 0.0 mm
rip  GND              ripped Net-(U106A-B), analog_5V, Net-(U106C-B), ena_out_3, but Net-(U106C-B) then failed; undone
rip  GND              ripped Net-(U106A-B), Net-(U106C-B), analog_5V, ena_out_3, Net-(C8-Pad2), Net-(U24-In+), IREF1, 0err_hi, but analog_5V then failed; undone
rip  GND              ripped Net-(D5--), VerrGT0, ena_out_3, Net-(U106C-B), but ena_out_3 then failed; undone
FAIL GND: island 0 (158840 cells; C10.1 C43.2 R46.1 U3.2 +100) to island 2 (R36.2), gap 0.0 mm
rip  GND              ripped out_2_on, M2_ON, Out-, ena_out_2, but M2_ON then failed; undone
rip  GND              ripped out_2_on, ena_out_2, M2_ON, Out-, Net-(D7--), Net-(U102A-Y), analog_5V, M1_INHIBIT, but M2_ON then failed; undone
rip  GND              ripped and re-routed ena_out_2, Net-(D7--)
     ok   ena_out_2         38.1 mm, 5 via(s) 0.5/0.3, w 0.20, gap 11.5
     ok   ena_out_2         21.0 mm, 4 via(s) 0.5/0.3, w 0.20, gap 12.5
     ok   Net-(D7--)         0.9 mm, 0 via(s), w 0.20, gap 0.7
     ok   Net-(D7--)        35.3 mm, 2 via(s) 0.5/0.3, w 0.20, gap 28.1
FAIL GND: island 0 (158840 cells; C10.1 C43.2 R46.1 U3.2 +101) to island 3 (U7.2), gap 0.0 mm
FAIL GND: island 0 (158840 cells; C10.1 C43.2 R46.1 U3.2 +101) to island 4 (U26.7), gap 0.0 mm
FAIL GND: island 0 (158840 cells; C10.1 C43.2 R46.1 U3.2 +101) to island 5 (R89.2), gap 0.0 mm
FAIL GND: island 0 (158840 cells; C10.1 C43.2 R46.1 U3.2 +101) to island 6 (U26.11), gap 0.0 mm
FAIL GND: island 0 (158840 cells; C10.1 C43.2 R46.1 U3.2 +101) to island 7 (R88.2), gap 0.0 mm
ok   GND                0.3 mm, 1 via(s) 0.5/0.3, w 0.30, gap 0.0
FAIL GND: island 2 (442 cells; R36.2) to island 7 (R88.2), gap 2.2 mm
FAIL GND: island 4 (135 cells; U26.7) to island 6 (U26.11), gap 4.0 mm
FAIL GND: island 1 (623 cells; C91.1) to island 3 (U7.2), gap 6.7 mm
FAIL GND: island 2 (442 cells; R36.2) to island 3 (U7.2), gap 7.0 mm
FAIL GND: island 4 (135 cells; U26.7) to island 5 (R89.2), gap 8.4 mm
FAIL GND: island 5 (756 cells; R89.2) to island 6 (U26.11), gap 9.1 mm
FAIL GND: island 3 (188 cells; U7.2) to island 7 (R88.2), gap 9.2 mm
FAIL GND: island 1 (623 cells; C91.1) to island 7 (R88.2), gap 10.2 mm
FAIL GND: island 1 (623 cells; C91.1) to island 2 (R36.2), gap 12.0 mm
FAIL GND: island 6 (293 cells; U26.11) to island 7 (R88.2), gap 16.1 mm
FAIL GND: island 1 (623 cells; C91.1) to island 4 (U26.7), gap 19.6 mm
FAIL GND: island 1 (623 cells; C91.1) to island 6 (U26.11), gap 19.9 mm
FAIL GND: island 4 (135 cells; U26.7) to island 7 (R88.2), gap 20.6 mm
FAIL GND: island 2 (442 cells; R36.2) to island 6 (U26.11), gap 22.4 mm
FAIL GND: island 3 (188 cells; U7.2) to island 6 (U26.11), gap 26.3 mm
FAIL GND: island 2 (442 cells; R36.2) to island 4 (U26.7), gap 26.9 mm
FAIL GND: island 5 (756 cells; R89.2) to island 7 (R88.2), gap 27.4 mm
FAIL GND: island 3 (188 cells; U7.2) to island 4 (U26.7), gap 28.4 mm
FAIL GND: island 1 (623 cells; C91.1) to island 5 (R89.2), gap 29.1 mm
FAIL GND: island 2 (442 cells; R36.2) to island 5 (R89.2), gap 33.7 mm
FAIL GND: island 3 (188 cells; U7.2) to island 5 (R89.2), gap 36.9 mm
     GND              done in 139.7 s (28 failed)
tracks 2595, vias 329, failures 50, 469 s
