board rasterised in 0.8 s
loaded 2717 committed route items
prot Current          track zone on In5.Cu/B.Cu, via zone all layers; 24 nets exempt in the track zone
     Current          sensitive, 0.0 s
prot Net-(U2-In+)     track zone on F.Cu/In5.Cu/B.Cu, via zone all layers; 9 nets exempt in the track zone
     Net-(U2-In+)     sensitive, 0.0 s
prot V_err            track zone on F.Cu/B.Cu, via zone all layers; 15 nets exempt in the track zone (logic nets only)
     V_err            sensitive, 0.0 s
     Net-(U4-In+)     done in 0.0 s
     Net-(U14-In+)    done in 0.0 s
     Net-(U21-In+)    done in 0.0 s
     Net-(U21-In-)    done in 0.0 s
     Net-(Q1-E)       done in 0.0 s


fan  GND              U28.4: nearest via needs 3.5 mm, not fanned out
fan  GND              U22.2: no via reachable
fan  GND              C91.1: no via reachable
fan  GND              C26.2: no via reachable
fan  GND              C29.2: no via reachable
fan  GND              U21.2: no via reachable
fan  GND              U4.2: nearest via needs 1.9 mm, not fanned out
fan  GND              U13.2: no via reachable
fan  GND              C93.2: nearest via needs 2.3 mm, not fanned out
fan  GND              C100.2: no via reachable
fan  GND              C54.2: no via reachable
fan  GND              C28.2: no via reachable
fan  GND              U26.7: no via reachable
fan  GND              U26.20: no via reachable
     FANOUT:GND       0 vias, 14 pads skipped, 0.7 s
fan  5V               C26.1: no via reachable
fan  5V               C24.1: no via reachable
fan  5V               U5.5: no via reachable
fan  5V               U4.5: nearest via needs 2.0 mm, not fanned out
fan  5V               U26.17: no via reachable
     FANOUT:5V        0 vias, 5 pads skipped, 0.2 s
     analog_5V        done in 0.0 s
     12V              done in 0.0 s
     Net-(U106A-B)    done in 0.0 s
     .1Vref_2         done in 0.0 s
     IREF2_input      done in 0.0 s
     IREF3_input      done in 0.0 s
     .1Vref_3         done in 0.0 s
     Net-(D4-+)       done in 0.0 s
     .1Vref_1         done in 0.0 s
     Net-(U106C-B)    done in 0.0 s
     Net-(U26A-P0B)   done in 0.0 s
     Voltage_err_2    done in 0.0 s
     IREF1_input      done in 0.0 s
     Vref_1           done in 0.0 s
rip  Net-(D23-+)      ripped Net-(Q1-E), Net-(U106A-B), 0err_hi, Vref_2, but Net-(U106A-B) then failed; undone
rip  Net-(D23-+)      ripped Net-(Q1-E), Net-(U106A-B), 0err_hi, Vref_2, Net-(D3-+), Net-(D4-+), Vref_2_arduino, but Net-(D4-+) then failed; undone
rip  Net-(D23-+)      ripped Net-(Q1-E), 0err_hi, IREF3_input, but IREF3_input then failed; undone
FAIL Net-(D23-+): island 0 (479 cells; U22.1 D23.2) to island 1 (R90.2 C49.2), gap 11.2 mm
     Net-(D23-+)      done in 15.7 s (1 failed)
     Vout_2           done in 0.0 s
rip  Output2_drain    ripped Net-(U106A-B), Voltage_err_3, Net-(U106A-A), .1Vref_2, but .1Vref_2 then failed; undone
rip  Output2_drain    ripped Net-(D26-+), IREF3, Net-(U106C-B), Net-(U106A-B), analog_5V, ena_out_3, Verr2, Voltage_err_3, but Verr2 then failed; undone
rip  Output2_drain    ripped Voltage_err_3, Net-(U106A-B), Out-, Net-(U106A-A), Net-(U13-In-), .1Vout_1, Vout_2, Net-(U26A-P0B), but Net-(U26A-P0B) then failed; undone
FAIL Output2_drain: island 0 (228 cells; J11.16) to island 1 (R25.1), gap 13.1 mm
     Output2_drain    done in 29.5 s (1 failed)
     Net-(U106B-B)    done in 0.0 s
rip  Net-(U26C-P2B)   ripped Vref_1, SCL, 0A_hi, Vref_3, but Vref_1 then failed; undone
rip  Net-(U26C-P2B)   ripped ARD_M1_INHIBIT, .1Vref_1, 0A_hi, Net-(D23-+), Vref_1, Net-(U26A-P0B), SCL, IREF1_input, but IREF1_input then failed; undone
rip  Net-(U26C-P2B)   ripped Vref_1, analog_5V, Vref_3, IREF3, 5V, ARD_M1_INHIBIT, 0A_hi, but Vref_1 then failed; undone
FAIL Net-(U26C-P2B): island 0 (176 cells; C102.1 U26.18) to island 1 (R58.1 R57.2), gap 9.5 mm
     Net-(U26C-P2B)   done in 15.3 s (1 failed)
rip  Verr1            ripped Net-(U4-In+), 12V, 5V, Verr2, but Verr2 then failed; undone
rip  Verr1            ripped Net-(U102B-A), 12V, Verr2, Net-(U4-In+), 5V, 0err_hi, .1Vref_2, Net-(U103A-A), but Net-(U102B-A) then failed; undone
rip  Verr1            ripped .1Vref_1, Verr2, Vref_1, Net-(U106B-B), 12V, Net-(D24-+), Verr3, 5V, IREF2_input, 0err_hi, but .1Vref_1 then failed; undone
FAIL Verr1: island 0 (116 cells; U28.14) to island 1 (R28.2 R27.2 C13.2), gap 12.4 mm
     Verr1            done in 30.4 s (1 failed)
     Net-(U106C-A)    done in 0.0 s
rip  Voltage_err_1    ripped .1Vref_1, 0A_hi, IREF2_input, Net-(U3-In-), but .1Vref_1 then failed; undone
rip  Voltage_err_1    ripped 0A_hi, analog_5V, .1Vref_1, IREF1_input, IREF2_input, Net-(U3-In-), Vref_3, Net-(D24-+), but IREF1_input then failed; undone
rip  Voltage_err_1    ripped IREF2_input, Net-(U106A-B), IREF1_input, Net-(D24-+), but IREF2_input then failed; undone
FAIL Voltage_err_1: island 0 (76 cells; U3.1) to island 1 (R3.1), gap 1.2 mm
rip  Voltage_err_1    ripping IREF3, .1Vref_1, .1Vref_2, Verr1 did not free a path
rip  Voltage_err_1    ripping IREF3, IREF1, Vref_2, Vref_1, IREF1_input, .1Vref_1, IREF3_input, .1Vref_2 did not free a path
rip  Voltage_err_1    ripped .1Vref_1, Vref_1, 0A_hi, Verr1, but .1Vref_1 then failed; undone
FAIL Voltage_err_1: island 1 (75 cells; R3.1) to island 2 (R27.1), gap 11.6 mm
rip  Voltage_err_1    ripped IREF3, .1Vref_1, .1Vref_2, Verr1, but .1Vref_1 then failed; undone
rip  Voltage_err_1    ripped IREF3, IREF1, Vref_2, Vref_1, IREF1_input, .1Vref_1, IREF3_input, .1Vref_2, but .1Vref_1 then failed; undone
rip  Voltage_err_1    ripped analog_5V, .1Vref_1, Net-(U3-In-), Net-(D24-+), IREF1_input, 0A_hi, Verr1, but IREF1_input then failed; undone
FAIL Voltage_err_1: island 0 (76 cells; U3.1) to island 2 (R27.1), gap 13.7 mm
     Voltage_err_1    done in 75.9 s (3 failed)
     Net-(D25-+)      done in 0.0 s
     Net-(D26-+)      done in 0.0 s
     Verr2            done in 0.0 s
rip  Voltage_err_3    ripped Net-(D26-+), Out-, Net-(U26A-P0B), analog_5V, but Net-(D26-+) then failed; undone
rip  Voltage_err_3    ripped Out-, Net-(D26-+), Net-(U26A-P0B), Net-(D25-+), analog_5V, .1Vref_3, Vout_2, IREF1, but Vout_2 then failed; undone
rip  Voltage_err_3    ripped analog_5V, Net-(U106A-B), Out-, Net-(U26A-P0B), Net-(D26-+), but Net-(D26-+) then failed; undone
FAIL Voltage_err_3: island 0 (224 cells; R45.1 R40.1) to island 1 (U13.1), gap 4.5 mm
     Voltage_err_3    done in 25.6 s (1 failed)
rip  Output3_drain    ripping Net-(U106C-B), IREF3, Net-(D26-+), Net-(U13-In-) did not free a path
rip  Output3_drain    ripping Net-(U106C-B), Net-(U106B-B), IREF3, Verr2, Net-(D26-+), Voltage_err_3, Net-(U102B-A), Net-(U106A-B) did not free a path
rip  Output3_drain    ripped .1Vref_1, Net-(U106B-B), but .1Vref_1 then failed; undone
FAIL Output3_drain: island 0 (226 cells; J11.18) to island 1 (R87.1), gap 9.7 mm
     Output3_drain    done in 29.7 s (1 failed)
     Vref_2           done in 0.0 s
rip  Net-(U24-In+)    ripping Vout_2, .1Vref_3, Net-(U102B-A), Net-(D25-+) did not free a path
rip  Net-(U24-In+)    ripped Vout_2, .1Vref_3, IREF3, Net-(U26A-P0B), .1Vref_1, Net-(D25-+), Net-(D26-+), Net-(U102B-A), but Net-(D26-+) then failed; undone
rip  Net-(U24-In+)    ripped Vout_2, Net-(U106A-B), Net-(D26-+), IREF3, Net-(D25-+), Net-(U102B-A), but Vout_2 then failed; undone
FAIL Net-(U24-In+): island 0 (79 cells; U24.3) to island 2 (C68.1), gap 1.8 mm
rip  Net-(U24-In+)    ripping Net-(D26-+), Out-, Net-(D25-+), Vout_2 did not free a path
rip  Net-(U24-In+)    ripped Net-(U26A-P0B), Net-(D25-+), Net-(D26-+), .1Vref_3, Out-, Vout_2, analog_5V, Net-(U106A-B), but Net-(U106A-B) then failed; undone
rip  Net-(U24-In+)    ripped analog_5V, Net-(U106A-B), Net-(D26-+), Net-(D25-+), IREF3, Out-, Vout_2, but Net-(U106A-B) then failed; undone
FAIL Net-(U24-In+): island 1 (172 cells; R96.2 R97.1) to island 2 (C68.1), gap 3.7 mm
rip  Net-(U24-In+)    ripping Vout_2, .1Vref_3, Net-(U102B-A), Net-(D25-+) did not free a path
rip  Net-(U24-In+)    ripping Vout_2, .1Vref_3, IREF3, .1Vref_1, Net-(U26A-P0B), Net-(D25-+), Net-(D26-+), Net-(U102B-A) did not free a path
rip  Net-(U24-In+)    ripped Voltage_err_3, Net-(U106A-B), Net-(U102B-A), Out-, Net-(U106C-B), Net-(U13-In-), Net-(D25-+), but Net-(D25-+) then failed; undone
FAIL Net-(U24-In+): island 0 (79 cells; U24.3) to island 1 (R96.2 R97.1), gap 5.4 mm
     Net-(U24-In+)    done in 47.0 s (3 failed)
rip  Vref_3           ripped Net-(D23-+), Net-(U22-In+), .1Vref_3, IREF2, but Net-(D23-+) then failed; undone
rip  Vref_3           ripped Net-(D23-+), .1Vref_1, Net-(U26A-P0B), Net-(Q1-E), IREF2, Net-(U106A-B), Net-(U22-In+), .1Vref_3, but Net-(D23-+) then failed; undone
rip  Vref_3           ripped Net-(D23-+), Net-(U106A-B), IREF2, Net-(U26A-P0B), but Net-(D23-+) then failed; undone
FAIL Vref_3: island 0 (302 cells; R77.2 C47.1) to island 1 (R41.1), gap 1.5 mm
     Vref_3           done in 18.2 s (1 failed)
rip  Net-(U13-In-)    ripping Out-, Net-(D25-+), Net-(U26A-P0B), Net-(D26-+) did not free a path
rip  Net-(U13-In-)    ripped Net-(D26-+), Net-(U26A-P0B), Out-, analog_5V, Net-(D25-+), low_error_timeout, Vout_2, .1Vref_2, but Net-(U26A-P0B) then failed; undone
rip  Net-(U13-In-)    ripped Net-(D25-+), Vout_2, Net-(U106A-B), Voltage_err_3, analog_5V, Net-(D26-+), Out-, Net-(U26A-P0B), but Net-(U106A-B) then failed; undone
FAIL Net-(U13-In-): island 0 (175 cells; R39.1 R40.2) to island 1 (U13.4), gap 6.6 mm
     Net-(U13-In-)    done in 22.5 s (1 failed)
rip  Output1_drain    ripped Net-(U106C-A), IREF3, .1Vref_3, Net-(U26A-P0B), but Net-(U26A-P0B) then failed; undone
rip  Output1_drain    ripped Net-(U26A-P0B), Net-(U106C-A), .1Vref_3, .1Vref_1, IREF3, low_error_timeout, Vout_2, Net-(D25-+), but Vout_2 then failed; undone
rip  Output1_drain    ripped Net-(U26A-P0B), but Net-(U26A-P0B) then failed; undone
FAIL Output1_drain: island 0 (222 cells; J11.14) to island 1 (R94.1), gap 6.1 mm
     Output1_drain    done in 27.8 s (1 failed)
     Net-(U3-In-)     done in 0.0 s
rip  Net-(U22-In+)    ripped Net-(Q1-E), Net-(U106A-B), Net-(D23-+), 0err_hi, but Net-(D23-+) then failed; undone
rip  Net-(U22-In+)    ripped Net-(D23-+), Net-(Q1-E), Net-(U106A-B), 0err_hi, analog_5V, IREF3_input, Net-(U26A-P0B), ARD_M1_INHIBIT, but Net-(D23-+) then failed; undone
rip  Net-(U22-In+)    ripped Net-(Q1-E), Net-(U106A-B), 0err_hi, but Net-(U106A-B) then failed; undone
FAIL Net-(U22-In+): island 0 (292 cells; C59.1 R44.2 R89.1) to island 1 (U22.3), gap 0.9 mm
     Net-(U22-In+)    done in 25.0 s (1 failed)
     Verr3            done in 0.0 s
     Net-(U7-In-)     done in 0.0 s
     Net-(U23-In+)    done in 0.0 s
rip  .1Vout_3         ripped Net-(U106A-B), Net-(U13-In-), Voltage_err_3, IREF3, but Voltage_err_3 then failed; undone
rip  .1Vout_3         ripped Net-(U106C-B), Net-(U106B-B), IREF3, Verr2, Net-(D26-+), Net-(U106A-B), Voltage_err_3, analog_5V, but Net-(U106B-B) then failed; undone
rip  .1Vout_3         ripped Net-(U106C-B), Voltage_err_3, but Net-(U106C-B) then failed; undone
FAIL .1Vout_3: island 0 (231 cells; R42.1 R43.1) to island 1 (R39.2), gap 2.8 mm
     .1Vout_3         done in 19.8 s (1 failed)
     Net-(U26B-P1B)   done in 0.0 s
     .1Vout_2         done in 0.0 s
     Net-(U106A-A)    done in 0.0 s
     Net-(U106B-A)    done in 0.0 s
     Vout_1           done in 0.0 s
     Vout_3           done in 0.0 s
     .1Vout_1         done in 0.0 s
     Net-(D4--)       done in 0.0 s
     Net-(D3-+)       done in 0.0 s
     Net-(D24-+)      done in 0.0 s
     VerrGT0          done in 0.0 s
     0err_hi          done in 0.0 s
     Out-             done in 0.0 s
rip  Net-(U103B-Y)    ripping Net-(D4-+), VerrGT0, ARD_M1_INHIBIT, 5V did not free a path
rip  Net-(U103B-Y)    ripping Net-(D4-+), 0err_hi, 5V, VerrGT0, low_error_timeout, ARD_M1_INHIBIT, analog_5V, Net-(U14-In+) did not free a path
rip  Net-(U103B-Y)    ripped 0A_hi, Net-(U106C-B), IREF3, VerrGT0, Net-(U106B-B), Net-(U102B-A), Net-(D24-+), Net-(D26-+), Net-(U26B-P1B), Net-(U26A-P0B), SCL, .1Vref_1, but Net-(D26-+) then failed; undone
FAIL Net-(U103B-Y): island 0 (115 cells; U103.6) to island 1 (U104.9), gap 33.2 mm
     Net-(U103B-Y)    done in 24.5 s (1 failed)
rip  Net-(U102B-A)    ripping Net-(U102A-Y), Out-, VerrGT0, Net-(D20-+) did not free a path
rip  Net-(U102B-A)    ripped Out-, Net-(U102A-Y), VerrGT0, Net-(U102C-A), Net-(D20-+), 5V, Net-(U103A-A), Net-(U106C-A), but VerrGT0 then failed; undone
rip  Net-(U102B-A)    ripped Net-(D26-+), Out-, Net-(U102D-Y), Net-(D25-+), Net-(U106B-B), VerrGT0, Net-(D20--), low_error_timeout, Net-(U26A-P0B), Voltage_err_2, Vout_2, but Net-(U106B-B) then failed; undone
FAIL Net-(U102B-A): island 0 (114 cells; U102.4) to island 1 (U28.11 U18.3), gap 14.1 mm
     Net-(U102B-A)    done in 23.7 s (1 failed)
rip  Net-(U102C-A)    ripped Net-(U106C-A), .1Vref_3, Net-(U26A-P0B), IREF3, but Net-(U106C-A) then failed; undone
rip  Net-(U102C-A)    ripped Net-(U26A-P0B), Net-(U106C-A), .1Vref_3, Net-(D25-+), IREF3, low_error_timeout, Vout_2, .1Vref_2, but Net-(U26A-P0B) then failed; undone
rip  Net-(U102C-A)    ripped Net-(U102D-Y), ena_out_2, Out-, Net-(D25-+), analog_5V, low_error_timeout, Net-(U26A-P0B), Net-(U106B-B), but Net-(D25-+) then failed; undone
FAIL Net-(U102C-A): island 0 (1194 cells; U28.10 U102.10) to island 1 (U18.2), gap 12.9 mm
     Net-(U102C-A)    done in 32.2 s (1 failed)
     0A_hi            done in 0.0 s
     IREF3            done in 0.0 s
     IREF1            done in 0.0 s
     ena_out_2        done in 0.0 s
ok   IREF2             58.8 mm, 5 via(s) 0.6/0.3, w 0.15, gap 18.6
     IREF2            done in 3.0 s
     Net-(D7--)       done in 0.0 s
     Net-(U103A-A)    done in 0.0 s
rip  Reset_raw        ripping 0A_hi, IREF3 did not free a path
rip  Reset_raw        ripped 0A_hi, IREF3, IREF2_input, Net-(U4-In+), but IREF2_input then failed; undone
rip  Reset_raw        ripped Net-(D24-+), .1Vref_1, Vref_1, IREF1_input, 0A_hi, Net-(U26A-P0B), IREF2, Vref_3, IREF2_input, .1Vref_2, .1Vref_3, but Net-(U26A-P0B) then failed; undone
FAIL Reset_raw: island 0 (117 cells; U101.4) to island 1 (U5.1), gap 22.4 mm
     Reset_raw        done in 19.4 s (1 failed)
     low_error_timeout done in 0.0 s
     Net-(U102A-Y)    done in 0.0 s
     Net-(U102D-Y)    done in 0.0 s
     ARD_M1_INHIBIT   done in 0.0 s
rip  ena_out_3        ripped low_error_timeout, Out-, Net-(U26A-P0B), Net-(U102D-Y), but Out- then failed; undone
rip  ena_out_3        ripped Out-, Net-(U26A-P0B), low_error_timeout, analog_5V, Net-(D25-+), Net-(U106C-A), Net-(U102D-Y), Net-(U103A-A), but Net-(U106C-A) then failed; undone
rip  ena_out_3        ripped Net-(D25-+), Net-(D26-+), Net-(U26A-P0B), low_error_timeout, Out-, .1Vref_2, Net-(U106C-A), analog_5V, but Net-(U106C-A) then failed; undone
FAIL ena_out_3: island 0 (223 cells; J11.9) to island 1 (U103.4 U105.4), gap 13.2 mm
     ena_out_3        done in 37.4 s (1 failed)
rip  M1_ON            ripping SCL, .1Vref_1, IREF2_input, Net-(U26A-P0B) did not free a path
rip  M1_ON            ripped IREF2, .1Vref_1, Net-(U26A-P0B), Net-(U26B-P1B), SCL, IREF2_input, IREF1_input, analog_5V, but .1Vref_1 then failed; undone
rip  M1_ON            ripped Net-(U26A-P0B), Net-(U102D-Y), out_2_on, Net-(U26B-P1B), low_error_timeout, Net-(D24-+), .1Vref_1, Net-(U102A-Y), but .1Vref_1 then failed; undone
FAIL M1_ON: island 0 (846 cells; U104.2 J11.3) to island 1 (U101.5), gap 8.9 mm
     M1_ON            done in 18.5 s (1 failed)
rip  ena_out_1        ripping 5V, Net-(U102C-A), Net-(D26-+), Out- did not free a path
rip  ena_out_1        ripped Net-(U106B-B), 5V, Out-, .1Vref_2, Net-(U102A-Y), VerrGT0, Net-(U102C-A), Net-(D26-+), but Net-(U102C-A) then failed; undone
rip  ena_out_1        ripped Net-(D20--), Net-(U7-In-), Net-(D26-+), Out-, Voltage_err_2, but Net-(U7-In-) then failed; undone
FAIL ena_out_1: island 0 (112 cells; U102.2) to island 2 (U105.2), gap 3.7 mm
rip  ena_out_1        ripped .1Vref_2, Net-(U7-In-), analog_5V, IREF2, but IREF2 then failed; undone
rip  ena_out_1        ripped analog_5V, .1Vref_2, Net-(U106B-B), Net-(U7-In-), Voltage_err_2, IREF2, Net-(U102D-Y), 5V, but .1Vref_2 then failed; undone
rip  ena_out_1        ripped ena_out_2, Net-(U102D-Y), IREF2, .1Vref_2, 5V, Net-(D25-+), but IREF2 then failed; undone
FAIL ena_out_1: island 1 (226 cells; J11.5) to island 2 (U105.2), gap 13.6 mm
rip  ena_out_1        ripped 5V, Net-(U102C-A), Net-(D26-+), Out-, but Net-(U102C-A) then failed; undone
rip  ena_out_1        ripped Net-(U106B-B), 5V, Out-, .1Vref_2, Net-(U102A-Y), VerrGT0, Net-(U102C-A), Net-(D26-+), but Net-(U106B-B) then failed; undone
rip  ena_out_1        ripped Net-(U106B-B), Out-, Net-(D26-+), Net-(D20--), 5V, Voltage_err_2, analog_5V, but Net-(D26-+) then failed; undone
FAIL ena_out_1: island 0 (112 cells; U102.2) to island 1 (J11.5), gap 15.8 mm
     ena_out_1        done in 83.9 s (3 failed)
rip  Net-(D20-+)      ripped Net-(U103A-A), Net-(D4-+), IREF1, Net-(U102C-A), but Net-(U102C-A) then failed; undone
rip  Net-(D20-+)      ripped Net-(U106B-B), Net-(U103A-A), VerrGT0, Net-(D26-+), IREF1, Net-(D4-+), IREF3, 5V, but Net-(D26-+) then failed; undone
rip  Net-(D20-+)      ripped Net-(U103A-A), Net-(U102C-A), Net-(U106C-A), Net-(D4-+), Net-(D26-+), but Net-(U106C-A) then failed; undone
FAIL Net-(D20-+): island 0 (276 cells; U102.6 R80.2) to island 1 (D20.2), gap 13.3 mm
     Net-(D20-+)      done in 16.3 s (1 failed)
rip  Net-(D5--)       ripping analog_5V, .1Vref_2, IREF2, Net-(U7-In-) did not free a path
rip  Net-(D5--)       ripped .1Vref_2, analog_5V, Net-(U106B-B), Net-(U7-In-), Voltage_err_2, IREF2, IREF1, .1Vout_2, but Voltage_err_2 then failed; undone
rip  Net-(D5--)       ripped Net-(U106B-B), Net-(U106C-B), IREF1, .1Vref_2, Net-(U7-In-), VerrGT0, but Net-(U106B-B) then failed; undone
FAIL Net-(D5--): island 0 (118 cells; U105.3) to island 1 (D5.1 R64.2), gap 12.0 mm
     Net-(D5--)       done in 23.8 s (1 failed)
rip  out_3_on         ripped Net-(D4-+), 5V, Net-(U14-In+), low_error_timeout, but low_error_timeout then failed; undone
rip  out_3_on         ripped Net-(D4-+), VerrGT0, Net-(U14-In+), 0err_hi, low_error_timeout, ARD_M1_INHIBIT, analog_5V, 5V, but low_error_timeout then failed; undone
rip  out_3_on         ripped Net-(U102D-Y), Net-(U26B-P1B), analog_5V, SCL, Net-(D4-+), VerrGT0, Net-(U101A-Y), .1Vref_1, but .1Vref_1 then failed; undone
FAIL out_3_on: island 0 (226 cells; J11.8) to island 1 (U104.8), gap 15.0 mm
     out_3_on         done in 28.8 s (1 failed)
rip  SDA              ripping Net-(U101A-Y), SCL, IREF2, Net-(U26A-P0B) did not free a path
rip  SDA              ripped .1Vref_1, IREF2, SCL, IREF2_input, Net-(U101A-Y), .1Vref_3, Net-(U26A-P0B), Net-(U106A-B), but IREF2_input then failed; undone
rip  SDA              ripped Vref_1, analog_5V, IREF2_input, 0A_hi, .1Vref_3, Net-(U26A-P0B), IREF2, but Vref_1 then failed; undone
FAIL SDA: island 0 (309 cells; J9.8) to island 1 (U26.6), gap 11.1 mm
     SDA              done in 19.3 s (1 failed)
     out_2_on         done in 0.0 s
rip  M2_ON            ripping 0err_hi, low_error_timeout, Net-(D4-+), 5V did not free a path
rip  M2_ON            ripped 0err_hi, Out-, low_error_timeout, Net-(D4-+), 5V, Net-(U102A-Y), ARD_M1_INHIBIT, Net-(U102D-Y), but Net-(U102A-Y) then failed; undone
rip  M2_ON            ripped out_2_on, IREF2, Net-(U102D-Y), low_error_timeout, Net-(U103A-A), but low_error_timeout then failed; undone
FAIL M2_ON: island 0 (222 cells; J11.4) to island 1 (U104.4), gap 10.2 mm
     M2_ON            done in 20.1 s (1 failed)
rip  Net-(D20--)      ripped Net-(U106B-B), .1Vref_2, VerrGT0, analog_5V, but Net-(U106B-B) then failed; undone
rip  Net-(D20--)      ripped Net-(U106B-B), VerrGT0, .1Vref_2, Net-(D26-+), IREF1, ena_out_3, Net-(U103A-A), analog_5V, but Net-(U103A-A) then failed; undone
rip  Net-(D20--)      ripped Net-(U106B-B), Net-(U7-In-), analog_5V, but Net-(U106B-B) then failed; undone
FAIL Net-(D20--): island 0 (239 cells; U105.1 R81.2) to island 1 (D20.1), gap 8.8 mm
     Net-(D20--)      done in 40.8 s (1 failed)
     SCL              done in 0.0 s
rip  Net-(U18-Q3)     ripped Net-(U106C-A), low_error_timeout, Net-(D25-+), .1Vref_2, but low_error_timeout then failed; undone
rip  Net-(U18-Q3)     ripped Out-, Net-(D25-+), Net-(U106C-A), low_error_timeout, analog_5V, ena_out_2, .1Vref_2, Net-(U23-In+), but Net-(D25-+) then failed; undone
rip  Net-(U18-Q3)     ripped Net-(D26-+), Net-(D25-+), low_error_timeout, analog_5V, but Net-(D25-+) then failed; undone
FAIL Net-(U18-Q3): island 0 (113 cells; U18.15) to island 1 (U18.7), gap 6.7 mm
     Net-(U18-Q3)     done in 26.5 s (1 failed)
rip  RESET-           ripped Net-(U102D-Y), Out-, low_error_timeout, Out, but Out then failed; undone
rip  RESET-           ripped Out-, Net-(U102D-Y), Net-(U101A-Y), SCL, low_error_timeout, ARD_M1_INHIBIT, VerrGT0, Out, but Net-(U102D-Y) then failed; undone
rip  RESET-           ripped Out, Net-(U26A-P0B), Net-(U101A-Y), Net-(U102D-Y), but Net-(U102D-Y) then failed; undone
FAIL RESET-: island 0 (112 cells; U101.12) to island 1 (U101.6), gap 4.6 mm
     RESET-           done in 16.8 s (1 failed)
rip  Net-(D5-+)       ripped Net-(U106C-B), VerrGT0, IREF3, Voltage_err_2, but IREF3 then failed; undone
rip  Net-(D5-+)       ripped Net-(D26-+), Net-(U106B-B), Net-(U106C-B), IREF3, VerrGT0, .1Vref_2, Net-(C8-Pad2), IREF1, but VerrGT0 then failed; undone
rip  Net-(D5-+)       ripped Net-(U103A-A), IREF1, Net-(D26-+), Net-(U102C-A), Net-(D4-+), but Net-(U102C-A) then failed; undone
FAIL Net-(D5-+): island 0 (116 cells; U103.3) to island 1 (D5.2 R63.2), gap 2.3 mm
     Net-(D5-+)       done in 34.2 s (1 failed)
     Out              done in 0.0 s
     M1_INHIBIT       done in 0.0 s
rip  Vref_3_arduino   ripped Net-(D23-+), Net-(U26A-P0B), IREF2, Net-(U106A-B), but Net-(D23-+) then failed; undone
rip  Vref_3_arduino   ripped Net-(D23-+), .1Vref_1, Net-(U26A-P0B), Net-(U106A-B), ARD_M1_INHIBIT, Net-(U22-In+), Net-(Q1-E), SCL, but Net-(D23-+) then failed; undone
rip  Vref_3_arduino   ripped Net-(D23-+), ARD_M1_INHIBIT, Vref_1, but Net-(D23-+) then failed; undone
FAIL Vref_3_arduino: island 0 (70 cells; R77.1) to island 1 (J9.3), gap 4.6 mm
     Vref_3_arduino   done in 17.7 s (1 failed)
     Vref_2_arduino   done in 0.0 s
rip  Vref_1_arduino   ripped Net-(Q1-E), Net-(U106A-B), 0err_hi, Net-(D23-+), but Net-(U106A-B) then failed; undone
rip  Vref_1_arduino   ripped Net-(D23-+), Net-(Q1-E), Net-(U106A-B), 0err_hi, analog_5V, IREF3_input, Net-(U22-In+), Net-(U26A-P0B), but IREF3_input then failed; undone
rip  Vref_1_arduino   ripped Net-(U106A-B), IREF3_input, but IREF3_input then failed; undone
FAIL Vref_1_arduino: island 0 (400 cells; J9.1) to island 1 (R101.1), gap 2.8 mm
     Vref_1_arduino   done in 17.1 s (1 failed)
     Net-(C8-Pad2)    done in 0.0 s
     Net-(D7-+)       done in 0.0 s
rip  Net-(U26E-HVC{slash}A0) ripping Net-(U101A-Y), IREF2, SCL, Net-(U26A-P0B) did not free a path
rip  Net-(U26E-HVC{slash}A0) ripped .1Vref_1, SCL, IREF2, Net-(U26A-P0B), Net-(U101A-Y), .1Vref_3, VerrGT0, Net-(D23-+), but .1Vref_1 then failed; undone
rip  Net-(U26E-HVC{slash}A0) ripped .1Vref_1, VerrGT0, SCL, but .1Vref_1 then failed; undone
FAIL Net-(U26E-HVC{slash}A0): island 0 (74 cells; R102.1) to island 1 (U26.4), gap 3.6 mm
     Net-(U26E-HVC{slash}A0) done in 13.3 s (1 failed)
rip  Net-(U26E-A1)    ripping 0A_hi, .1Vref_1, SCL, Net-(U26C-P2B) did not free a path
rip  Net-(U26E-A1)    ripped .1Vref_1, 0A_hi, Net-(U26A-P0B), SCL, Net-(D23-+), IREF1_input, Vref_1, IREF2, but IREF1_input then failed; undone
rip  Net-(U26E-A1)    ripped IREF3_input, Vref_1, 0A_hi, Net-(U26C-P2B), but IREF3_input then failed; undone
FAIL Net-(U26E-A1): island 0 (59 cells; U26.16) to island 1 (R99.1), gap 3.4 mm
     Net-(U26E-A1)    done in 12.6 s (1 failed)
rip  Net-(U26E-~{RESET}) ripping 0A_hi, .1Vref_1, SCL, IREF1_input did not free a path
rip  Net-(U26E-~{RESET}) ripped .1Vref_1, Net-(U26A-P0B), 0A_hi, SCL, IREF1_input, Vref_3, IREF2, Vref_1, but IREF1_input then failed; undone
rip  Net-(U26E-~{RESET}) ripped Vref_3, .1Vref_1, Net-(U26C-P2B), 0A_hi, SCL, IREF2, IREF3_input, Net-(U26A-P0B), but Net-(U26A-P0B) then failed; undone
FAIL Net-(U26E-~{RESET}): island 0 (74 cells; R103.2) to island 1 (U26.15), gap 2.7 mm
     Net-(U26E-~{RESET}) done in 15.8 s (1 failed)
     Net-(U101A-Y)    done in 0.0 s
     Net-(C17-Pad2)   done in 0.0 s
     set-             done in 0.0 s
     Net-(C9-Pad2)    done in 0.0 s
     Net-(C19-Pad1)   done in 0.0 s
rip  5V               ripped Net-(D23-+), Net-(U26A-P0B), ARD_M1_INHIBIT, Vref_1, but Net-(D23-+) then failed; undone
rip  5V               ripped Net-(D23-+), Vref_1, Net-(U106A-B), ARD_M1_INHIBIT, Net-(Q1-E), Net-(U26A-P0B), Vref_3, 0err_hi, but Net-(D23-+) then failed; undone
rip  5V               ripped Net-(D23-+), ARD_M1_INHIBIT, Vref_1, but Net-(D23-+) then failed; undone
FAIL 5V: island 0 (158836 cells; U28.16 U101.14 C52.1 R82.1 +33) to island 1 (R103.1), gap 0.0 mm
rip  5V               ripped SCL, Vref_3, 0A_hi, Net-(U26C-P2B), but Net-(U26C-P2B) then failed; undone
rip  5V               ripping Vref_1, .1Vref_1, Net-(U26A-P0B), Net-(D23-+), SCL, 0A_hi, IREF1_input, IREF2 did not free a path
rip  5V               ripped Net-(U26C-P2B), Vref_3, 0A_hi, but Net-(U26C-P2B) then failed; undone
FAIL 5V: island 0 (158836 cells; U28.16 U101.14 C52.1 R82.1 +33) to island 2 (U26.17), gap 0.0 mm
rip  5V               ripping Net-(U4-In+), IREF3 did not free a path
rip  5V               ripping 0A_hi, IREF3, Net-(U4-In+), 12V, 0err_hi, Verr3 did not free a path
FAIL 5V: island 0 (158836 cells; U28.16 U101.14 C52.1 R82.1 +33) to island 3 (U5.5), gap 0.0 mm
FAIL 5V: island 0 (158836 cells; U28.16 U101.14 C52.1 R82.1 +33) to island 4 (C24.1), gap 0.0 mm
FAIL 5V: island 0 (158836 cells; U28.16 U101.14 C52.1 R82.1 +33) to island 5 (R17.2), gap 0.0 mm
FAIL 5V: island 3 (78 cells; U5.5) to island 4 (C24.1), gap 0.9 mm
FAIL 5V: island 1 (75 cells; R103.1) to island 2 (U26.17), gap 3.1 mm
FAIL 5V: island 4 (78 cells; C24.1) to island 5 (R17.2), gap 5.2 mm
FAIL 5V: island 3 (78 cells; U5.5) to island 5 (R17.2), gap 6.9 mm
FAIL 5V: island 2 (59 cells; U26.17) to island 3 (U5.5), gap 21.4 mm
FAIL 5V: island 2 (59 cells; U26.17) to island 4 (C24.1), gap 21.9 mm
FAIL 5V: island 1 (75 cells; R103.1) to island 3 (U5.5), gap 24.3 mm
FAIL 5V: island 1 (75 cells; R103.1) to island 4 (C24.1), gap 24.6 mm
FAIL 5V: island 2 (59 cells; U26.17) to island 5 (R17.2), gap 25.8 mm
FAIL 5V: island 1 (75 cells; R103.1) to island 5 (R17.2), gap 28.1 mm
     5V               done in 99.7 s (15 failed)
ok   GND                0.0 mm, 1 via(s) 0.6/0.3, w 0.30, gap 0.0
rip  GND              ripped VerrGT0, IREF3, Net-(U106B-B), Net-(D26-+), but IREF3 then failed; undone
rip  GND              ripped VerrGT0, Net-(U106B-B), IREF1, IREF3, Net-(D26-+), .1Vref_2, ena_out_3, Net-(U106C-B), but VerrGT0 then failed; undone
rip  GND              ripped Net-(D26-+), IREF3, but IREF3 then failed; undone
FAIL GND: island 0 (159692 cells; C10.1 C43.2 R46.1 U3.2 +100) to island 1 (R36.2), gap 0.0 mm
ok   GND                0.1 mm, 1 via(s) 0.6/0.3, w 0.30, gap 0.0
ok   GND                0.0 mm, 1 via(s) 0.6/0.3, w 0.30, gap 0.0
rip  GND              ripped .1Vref_1, IREF2, SCL, IREF2_input, but IREF2_input then failed; undone
rip  GND              ripped .1Vref_1, SCL, IREF2, Net-(U26A-P0B), IREF2_input, analog_5V, .1Vref_3, IREF1_input, but IREF2_input then failed; undone
rip  GND              ripped IREF2_input, .1Vref_3, but .1Vref_3 then failed; undone
FAIL GND: island 0 (159697 cells; C10.1 C43.2 R46.1 U3.2 +103) to island 2 (U26.7), gap 0.0 mm
ok   GND                0.0 mm, 1 via(s) 0.6/0.3, w 0.30, gap 0.0
FAIL GND: island 0 (159699 cells; C10.1 C43.2 R46.1 U3.2 +106) to island 3 (R99.2), gap 0.0 mm
FAIL GND: island 2 (399 cells; U26.7) to island 3 (R99.2), gap 0.7 mm
FAIL GND: island 1 (244 cells; R36.2) to island 2 (U26.7), gap 27.1 mm
FAIL GND: island 1 (244 cells; R36.2) to island 3 (R99.2), gap 30.2 mm
     GND              done in 88.6 s (6 failed)
tracks 2494, vias 315, failures 61, 1120 s
