board rasterised in 1.3 s
loaded 3121 committed route items
prot Current          track zone on In4.Cu/In5.Cu/B.Cu, via zone all layers; 6 nets exempt in the track zone
     Current          sensitive, 0.0 s
prot Net-(U2-In+)     track zone on F.Cu/In4.Cu/In5.Cu/B.Cu, via zone all layers; 9 nets exempt in the track zone
     Net-(U2-In+)     sensitive, 0.1 s
prot V_err            track zone on F.Cu/B.Cu, via zone all layers; 13 nets exempt in the track zone (logic nets only)
     V_err            sensitive, 0.1 s
     Net-(U4-In+)     done in 0.0 s
     Net-(U14-In+)    done in 0.0 s
     Net-(U21-In+)    done in 0.0 s
     Net-(U21-In-)    done in 0.0 s
     Net-(Q1-E)       done in 0.0 s


fan  GND              U28.4: 1.4 mm stub, via 0.5/0.3
fan  GND              U14.2: no via reachable
fan  GND              C26.2: nearest via needs 2.3 mm, not fanned out
fan  GND              C29.2: nearest via needs 2.4 mm, not fanned out
fan  GND              U21.2: no via reachable
fan  GND              U13.2: no via reachable
fan  GND              Q1.3: no via reachable
fan  GND              C54.2: no via reachable
fan  GND              U26.7: no via reachable
fan  GND              U26.20: nearest via needs 3.0 mm, not fanned out
     FANOUT:GND       1 vias, 9 pads skipped, 0.9 s
fan  5V               C26.1: 1.0 mm stub, via 0.5/0.3
fan  5V               C24.1: no via reachable
fan  5V               U5.5: no via reachable
fan  5V               U4.5: no via reachable
fan  5V               U26.17: no via reachable
     FANOUT:5V        1 vias, 4 pads skipped, 0.4 s

     analog_5V        done in 0.0 s
     12V              done in 0.0 s
     Net-(U106A-B)    done in 0.0 s
     .1Vref_2         done in 0.0 s
     IREF2_input      done in 0.0 s
     IREF3_input      done in 0.0 s
     .1Vref_3         done in 0.0 s
     Net-(D4-+)       done in 0.0 s
     .1Vref_1         done in 0.0 s
     Net-(U106C-B)    done in 0.0 s
     Net-(U26A-P0B)   done in 0.0 s
     Voltage_err_2    done in 0.0 s
rip  IREF1_input      ripping ARD_M1_INHIBIT, Net-(U26A-P0B), IREF2, 5V did not free a path
rip  IREF1_input      ripping IREF2_input, ARD_M1_INHIBIT, IREF2, Net-(U26A-P0B), Net-(U106A-B), Vref_3, Net-(U26E-~{RESET}), Voltage_err_1 did not free a path
FAIL IREF1_input: island 0 (228 cells; J11.26) to island 1 (U26.12), gap 13.5 mm
     IREF1_input      done in 19.5 s (1 failed)
     Vref_1           done in 0.0 s
     Net-(D23-+)      done in 0.0 s
     Vout_2           done in 0.0 s
     Output2_drain    done in 0.0 s
     Net-(U106B-B)    done in 0.0 s
     Net-(U26C-P2B)   done in 0.0 s
     Verr1            done in 0.0 s
     Net-(U106C-A)    done in 0.0 s
     Voltage_err_1    done in 0.0 s
     Net-(D25-+)      done in 0.0 s
     Net-(D26-+)      done in 0.0 s
     Verr2            done in 0.0 s
     Voltage_err_3    done in 0.0 s
     Output3_drain    done in 0.0 s
     Vref_2           done in 0.0 s
rip  Net-(U24-In+)    ripped Net-(U106B-B), Net-(U106C-A), Net-(U103B-Y), ena_out_3, but Net-(U106B-B) then failed; undone
rip  Net-(U24-In+)    ripped Net-(U106B-B), Voltage_err_3, Net-(U106C-A), Net-(U106C-B), analog_5V, ena_out_3, Output2_drain, Net-(U18-Q3), but Net-(U106B-B) then failed; undone
rip  Net-(U24-In+)    ripped analog_5V, Voltage_err_3, Net-(U103A-A), Net-(U103B-Y), Net-(U106A-B), Net-(U106B-B), Net-(U26A-P0B), but Net-(U26A-P0B) then failed; undone
FAIL Net-(U24-In+): island 0 (216 cells; U24.3 C68.1) to island 1 (R96.2 R97.1), gap 3.7 mm
     Net-(U24-In+)    done in 40.9 s (1 failed)
     Vref_3           done in 0.0 s
rip  Net-(U13-In-)    ripping Voltage_err_3, 0A_hi, Output2_drain, Net-(U106C-B) did not free a path
rip  Net-(U13-In-)    ripped Voltage_err_3, Net-(D26-+), Net-(U106C-B), 0A_hi, .1Vref_1, Net-(U106B-B), Output2_drain, Net-(D25-+), but Net-(D25-+) then failed; undone
rip  Net-(U13-In-)    ripped Output2_drain, Voltage_err_3, Net-(U106B-B), but Net-(U106B-B) then failed; undone
FAIL Net-(U13-In-): island 0 (79 cells; R39.1) to island 2 (R40.2), gap 0.6 mm
rip  Net-(U13-In-)    ripped Voltage_err_3, Output2_drain, Net-(U106B-B), analog_5V, but Voltage_err_3 then failed; undone
rip  Net-(U13-In-)    ripped Voltage_err_3, 0A_hi, Net-(U106B-B), Net-(U106C-B), Output2_drain, analog_5V, Net-(U103B-Y), Net-(U103A-A), but Voltage_err_3 then failed; undone
rip  Net-(U13-In-)    ripped Voltage_err_3, analog_5V, Net-(U24-In+), but Voltage_err_3 then failed; undone
FAIL Net-(U13-In-): island 0 (79 cells; R39.1) to island 1 (U13.4), gap 6.4 mm
FAIL Net-(U13-In-): island 1 (82 cells; U13.4) to island 2 (R40.2), gap 6.9 mm
     Net-(U13-In-)    done in 82.7 s (3 failed)
     Output1_drain    done in 0.0 s
     Net-(U3-In-)     done in 0.0 s
     Net-(U22-In+)    done in 0.0 s
     Verr3            done in 0.0 s
     Net-(U7-In-)     done in 0.0 s
     Net-(U23-In+)    done in 0.0 s
     .1Vout_3         done in 0.0 s
     Net-(U26B-P1B)   done in 0.0 s
     .1Vout_2         done in 0.0 s
     Net-(U106A-A)    done in 0.0 s
     Net-(U106B-A)    done in 0.0 s
     Vout_1           done in 0.0 s
     Vout_3           done in 0.0 s
     .1Vout_1         done in 0.0 s
     Net-(D4--)       done in 0.0 s
     Net-(D3-+)       done in 0.0 s
     Net-(D24-+)      done in 0.0 s
     VerrGT0          done in 0.0 s
rip  0err_hi          ripping 0A_hi, IREF3, Net-(U4-In+), Verr1 did not free a path
rip  0err_hi          ripping 0A_hi, Verr1, Verr2, Net-(U4-In+), IREF3, 5V, 12V, Net-(U103A-A) did not free a path
FAIL 0err_hi: island 0 (2328 cells; R66.1 D1.2 R18.1 D3.1 +1) to island 1 (U4.1), gap 0.1 mm
     0err_hi          done in 18.6 s (1 failed)
     Out-             done in 0.0 s
     Net-(U103B-Y)    done in 0.0 s
rip  Net-(U102B-A)    ripping 0A_hi, Net-(U4-In+), IREF3, 12V did not free a path
rip  Net-(U102B-A)    ripping 0A_hi, Verr1, IREF3, Net-(U103A-A), 12V, Net-(D24-+), Net-(U4-In+), 0err_hi did not free a path
FAIL Net-(U102B-A): island 0 (560 cells; U18.3 U102.4) to island 1 (U28.11), gap 19.1 mm
     Net-(U102B-A)    done in 12.4 s (1 failed)
rip  Net-(U102C-A)    ripping 0A_hi, IREF3, Net-(U4-In+), 0err_hi did not free a path
rip  Net-(U102C-A)    ripping 0A_hi, Net-(U103A-A), Net-(D24-+), 0err_hi, IREF3, 12V, Net-(U4-In+), Net-(U21-In-) did not free a path
FAIL Net-(U102C-A): island 0 (522 cells; U18.2 U102.10) to island 1 (U28.10), gap 20.5 mm
     Net-(U102C-A)    done in 13.0 s (1 failed)
     0A_hi            done in 0.0 s
     IREF3            done in 0.0 s
     IREF1            done in 0.0 s
     ena_out_2        done in 0.0 s
     IREF2            done in 0.0 s
     Net-(D7--)       done in 0.0 s
     Net-(U103A-A)    done in 0.0 s
rip  Reset_raw        ripping 12V, Verr1, 5V, IREF3 did not free a path
rip  Reset_raw        ripping Verr1, 12V, IREF3, 0A_hi, 5V did not free a path
FAIL Reset_raw: island 0 (120 cells; U101.4) to island 1 (U5.1), gap 22.4 mm
     Reset_raw        done in 15.1 s (1 failed)
     low_error_timeout done in 0.0 s
     Net-(U102A-Y)    done in 0.0 s
     Net-(U102D-Y)    done in 0.0 s
     ARD_M1_INHIBIT   done in 0.0 s
     ena_out_3        done in 0.0 s
     M1_ON            done in 0.0 s
     ena_out_1        done in 0.0 s
     Net-(D20-+)      done in 0.0 s
     Net-(D5--)       done in 0.0 s
     out_3_on         done in 0.0 s
rip  SDA              ripped ARD_M1_INHIBIT, Net-(U26B-P1B), SCL, M1_ON, but SCL then failed; undone
rip  SDA              ripped SCL, ARD_M1_INHIBIT, Net-(U101A-Y), 0A_hi, Net-(U26B-P1B), VerrGT0, RESET-, low_error_timeout, but Net-(U26B-P1B) then failed; undone
rip  SDA              ripped Vref_3, 12V, IREF1, .1Vref_1, IREF2_input, analog_5V, SCL, Net-(U3-In-), Reset_raw, .1Vref_2, Voltage_err_1, Net-(U26A-P0B), but Vref_3 then failed; undone
FAIL SDA: island 0 (309 cells; J9.8) to island 1 (U26.6), gap 11.1 mm
     SDA              done in 31.5 s (1 failed)
     out_2_on         done in 0.0 s
     M2_ON            done in 0.0 s
     Net-(D20--)      done in 0.0 s
     SCL              done in 0.0 s
     Net-(U18-Q3)     done in 0.0 s
     RESET-           done in 0.0 s
     Net-(D5-+)       done in 0.0 s
rip  Out              ripped Net-(U103B-Y), ena_out_2, Net-(U102D-Y), Net-(U101A-Y), but Net-(U102D-Y) then failed; undone
rip  Out              ripped VerrGT0, 0err_hi, out_2_on, ena_out_2, Net-(U103B-Y), M2_ON, M1_ON, RESET-, but 0err_hi then failed; undone
rip  Out              ripped Out-, set-, Net-(U101A-Y), but Net-(U101A-Y) then failed; undone
FAIL Out: island 0 (119 cells; U101.8) to island 1 (U101.13), gap 5.7 mm
     Out              done in 30.1 s (1 failed)
     M1_INHIBIT       done in 0.0 s
     Vref_3_arduino   done in 0.0 s
     Vref_2_arduino   done in 0.0 s
     Vref_1_arduino   done in 0.0 s
     Net-(C8-Pad2)    done in 0.0 s
     Net-(D7-+)       done in 0.0 s
     Net-(U26E-HVC{slash}A0) done in 0.0 s
     Net-(U26E-A1)    done in 0.0 s
     Net-(U26E-~{RESET}) done in 0.0 s
     Net-(U101A-Y)    done in 0.0 s
     Net-(C17-Pad2)   done in 0.0 s
rip  set-             ripped Out-, RESET-, low_error_timeout, 0err_hi, but 0err_hi then failed; undone
rip  set-             ripped Out-, low_error_timeout, 0err_hi, Net-(U26B-P1B), Net-(U102D-Y), Net-(U103B-Y), RESET-, M1_ON, but 0err_hi then failed; undone
rip  set-             ripped and re-routed Net-(U102D-Y)
     ok   Net-(U102D-Y)     30.7 mm, 2 via(s) 0.5/0.3, w 0.20, gap 25.2
     set-             done in 32.5 s
     Net-(C9-Pad2)    done in 0.0 s
     Net-(C19-Pad1)   done in 0.0 s
rip  5V               ripped Out-, Net-(U102C-A), ena_out_1, Net-(U102B-A), but Net-(U102B-A) then failed; undone
rip  5V               ripped Out-, Net-(U102C-A), ena_out_1, Net-(D20--), Voltage_err_2, Net-(U102A-Y), analog_5V, ena_out_2, but Net-(U102C-A) then failed; undone
rip  5V               ripped and re-routed Out-, Net-(U18-Q3), ena_out_1
     ok   Out-               2.8 mm, 0 via(s), w 0.20, gap 2.1
     ok   Out-               4.4 mm, 1 via(s) 0.5/0.3, w 0.20, gap 2.7
     ok   Out-               4.0 mm, 0 via(s), w 0.20, gap 3.2
     ok   Out-               8.8 mm, 0 via(s), w 0.20, gap 4.4
     ok   Out-               6.4 mm, 0 via(s), w 0.20, gap 5.5
     ok   Out-              21.6 mm, 2 via(s) 0.5/0.3, w 0.20, gap 13.7
     ok   Out-              20.7 mm, 0 via(s), w 0.20, gap 16.3
     ok   ena_out_1          5.0 mm, 2 via(s) 0.5/0.3, w 0.20, gap 3.7
     ok   ena_out_1         14.9 mm, 0 via(s), w 0.20, gap 13.5
     ok   Net-(U18-Q3)      44.8 mm, 4 via(s) 0.5/0.3, w 0.20, gap 6.7
rip  5V               ripped Net-(U26E-~{RESET}), Net-(U26E-A1), SCL, Net-(U26C-P2B), but Net-(U26E-~{RESET}) then failed; undone
rip  5V               ripping Net-(U26E-A1), Net-(U26E-~{RESET}), SCL, Vref_3_arduino, 0A_hi, Net-(U106A-B), ARD_M1_INHIBIT, Vref_3 did not free a path
rip  5V               ripped Net-(U26C-P2B), IREF3_input, Vref_3_arduino, but Net-(U26C-P2B) then failed; undone
FAIL 5V: island 0 (135042 cells; U28.16 U101.14 C52.1 R82.1 +34) to island 1 (U26.17), gap 0.0 mm
FAIL 5V: island 0 (135042 cells; U28.16 U101.14 C52.1 R82.1 +34) to island 2 (C24.1 U5.5), gap 0.0 mm
FAIL 5V: island 1 (59 cells; U26.17) to island 2 (C24.1 U5.5), gap 21.4 mm
     5V               done in 67.9 s (3 failed)
rip  GND              ripped 0A_hi, .1Vref_2, low_error_timeout, Net-(D25-+), but low_error_timeout then failed; undone
rip  GND              ripped 0A_hi, Net-(D25-+), .1Vref_2, Net-(D24-+), 0err_hi, low_error_timeout, Vout_2, Net-(D26-+), but Net-(D26-+) then failed; undone
rip  GND              ripped and re-routed Vout_2, .1Vref_2, Vout_1, Net-(U3-In-)
     ok   .1Vref_2           1.2 mm, 0 via(s), w 0.20, gap 0.9
     ok   .1Vref_2          14.5 mm, 2 via(s) 0.5/0.3, w 0.20, gap 13.3
     ok   .1Vref_2          25.8 mm, 2 via(s) 0.5/0.3, w 0.20, gap 21.7
     ok   Vout_2            13.7 mm, 3 via(s) 0.5/0.3, w 0.15, gap 10.5
     ok   Net-(U3-In-)       0.0 mm, 1 via(s) 0.5/0.3, w 0.20, gap 0.0
     ok   Net-(U3-In-)      13.0 mm, 2 via(s) 0.5/0.3, w 0.20, gap 6.9
     ok   Vout_1             1.9 mm, 0 via(s), w 0.30, gap 1.7
ok   GND                0.5 mm, 1 via(s) 0.5/0.3, w 0.30, gap 0.0
rip  GND              ripped and re-routed Net-(D5-+), Net-(D5--), Out-, Net-(U103A-A)
     ok   Out-               2.8 mm, 0 via(s), w 0.20, gap 2.1
     ok   Out-               4.4 mm, 1 via(s) 0.5/0.3, w 0.20, gap 2.7
     ok   Out-               4.0 mm, 0 via(s), w 0.20, gap 3.2
     ok   Out-               8.8 mm, 0 via(s), w 0.20, gap 4.4
     ok   Out-               6.4 mm, 0 via(s), w 0.20, gap 5.5
     ok   Out-              21.2 mm, 2 via(s) 0.5/0.3, w 0.20, gap 13.7
     ok   Out-              20.7 mm, 0 via(s), w 0.20, gap 16.3
     ok   Net-(U103A-A)     13.9 mm, 2 via(s) 0.5/0.3, w 0.20, gap 12.8
     ok   Net-(U103A-A)     22.7 mm, 2 via(s) 0.5/0.3, w 0.20, gap 14.8
     ok   Net-(D5--)         4.3 mm, 0 via(s), w 0.20, gap 4.1
     ok   Net-(D5--)        18.9 mm, 2 via(s) 0.5/0.3, w 0.20, gap 12.0
     ok   Net-(D5-+)         1.2 mm, 0 via(s), w 0.20, gap 1.0
     ok   Net-(D5-+)         7.5 mm, 2 via(s) 0.5/0.3, w 0.20, gap 2.3
rip  GND              ripped and re-routed SCL, ARD_M1_INHIBIT, 0A_hi, .1Vref_3
     ok   .1Vref_3           1.8 mm, 0 via(s), w 0.20, gap 1.4
     ok   .1Vref_3           2.5 mm, 2 via(s) 0.5/0.3, w 0.20, gap 1.5
     ok   .1Vref_3          25.4 mm, 1 via(s) 0.5/0.3, w 0.20, gap 22.2
     ok   0A_hi             25.0 mm, 3 via(s) 0.5/0.3, w 0.20, gap 8.0
     ok   0A_hi             41.1 mm, 3 via(s) 0.5/0.3, w 0.20, gap 22.2
     ok   ARD_M1_INHIBIT     1.0 mm, 0 via(s), w 0.20, gap 0.8
     ok   ARD_M1_INHIBIT    19.3 mm, 1 via(s) 0.5/0.3, w 0.20, gap 17.4
     ok   SCL               12.3 mm, 2 via(s) 0.5/0.3, w 0.20, gap 8.6
ok   GND                0.0 mm, 1 via(s) 0.5/0.3, w 0.30, gap 0.0
ok   GND                0.0 mm, 1 via(s) 0.5/0.3, w 0.30, gap 0.0
FAIL GND: island 0 (156185 cells; C10.1 C43.2 R46.1 U3.2 +107) to island 1 (C11.1), gap 0.0 mm
FAIL GND: island 0 (156185 cells; C10.1 C43.2 R46.1 U3.2 +107) to island 2 (U21.2), gap 0.0 mm
FAIL GND: island 1 (329 cells; C11.1) to island 2 (U21.2), gap 5.9 mm
     GND              done in 73.3 s (3 failed)
tracks 2722, vias 390, failures 17, 443 s
