board rasterised in 1.0 s
loaded 3849 committed route items
prot Current          track zone on In4.Cu/In5.Cu/B.Cu, via zone all layers; 6 nets exempt in the track zone
     Current          sensitive, 0.0 s
prot Net-(U2-In+)     track zone on F.Cu/In4.Cu/In5.Cu/B.Cu, via zone all layers; 9 nets exempt in the track zone
     Net-(U2-In+)     sensitive, 0.1 s
prot V_err            track zone on F.Cu/B.Cu, via zone all layers; 11 nets exempt in the track zone (logic nets only)
     V_err            sensitive, 0.1 s
     Net-(U4-In+)     done in 0.0 s
     Net-(U14-In+)    done in 0.0 s
     Net-(U21-In+)    done in 0.0 s
     Net-(U21-In-)    done in 0.0 s
     Net-(Q1-E)       done in 0.0 s


fan  GND              U28.4: nearest via needs 1.6 mm, not fanned out
fan  GND              C26.2: nearest via needs 3.5 mm, not fanned out
fan  GND              U21.2: no via reachable
fan  GND              U4.2: no via reachable
fan  GND              U13.2: no via reachable
fan  GND              C36.1: no via reachable
fan  GND              U23.2: nearest via needs 1.5 mm, not fanned out
fan  GND              U26.7: no via reachable
fan  GND              U26.20: nearest via needs 4.0 mm, not fanned out
     FANOUT:GND       0 vias, 9 pads skipped, 0.4 s
fan  5V               C26.1: nearest via needs 2.0 mm, not fanned out
fan  5V               C24.1: no via reachable
fan  5V               U5.5: no via reachable
fan  5V               C29.1: nearest via needs 4.6 mm, not fanned out
fan  5V               U4.5: no via reachable
     FANOUT:5V        0 vias, 5 pads skipped, 0.2 s

     analog_5V        done in 0.0 s
     12V              done in 0.0 s
     .1Vref_2         done in 0.0 s
     Net-(U106A-B)    done in 0.0 s
     Net-(U23-In+)    done in 0.0 s
     Voltage_err_2    done in 0.0 s
     IREF2_input      done in 0.0 s
     IREF3_input      done in 0.0 s
     Net-(D25-+)      done in 0.0 s
     .1Vref_3         done in 0.0 s
     Net-(D4-+)       done in 0.0 s
     Net-(U106C-A)    done in 0.0 s
     Net-(U106C-B)    done in 0.0 s
     Output1_drain    done in 0.0 s
     .1Vref_1         done in 0.0 s
     Net-(U7-In-)     done in 0.0 s
     Net-(U26B-P1B)   done in 0.0 s
rip  Net-(D26-+)      ripped analog_5V, Net-(U24-In+), Net-(D25-+), Net-(U103B-Y), but Net-(D25-+) then failed; undone
rip  Net-(D26-+)      ripped Net-(U13-In-), analog_5V, Net-(U24-In+), Net-(D25-+), Net-(U26A-P0B), Net-(U26C-P2B), Net-(U23-In+), Net-(U102B-A), but Net-(D25-+) then failed; undone
rip  Net-(D26-+)      ripped analog_5V, Net-(D25-+), Net-(U102B-A), Net-(U26C-P2B), Output3_drain, but Net-(D25-+) then failed; undone
FAIL Net-(D26-+): island 0 (79 cells; U24.1) to island 1 (R98.2 D26.2 C67.2), gap 4.9 mm
     Net-(D26-+)      done in 45.5 s (1 failed)
     Net-(U26A-P0B)   done in 0.0 s
     Vout_2           done in 0.0 s
     IREF1_input      done in 0.0 s
     Vref_1           done in 0.0 s
     Net-(D23-+)      done in 0.0 s
     Output2_drain    done in 0.0 s
rip  Net-(U106B-B)    ripping Net-(D25-+), analog_5V, Net-(U106A-B), Net-(U106C-B) did not free a path
rip  Net-(U106B-B)    ripping analog_5V, Net-(U106C-B), Net-(D25-+), Output2_drain, Net-(U13-In-), Net-(U106A-B), Net-(U26C-P2B), Net-(U24-In+) did not free a path
FAIL Net-(U106B-B): island 0 (616 cells; U106.4 U23.4 C64.1) to island 1 (R93.1), gap 3.6 mm
     Net-(U106B-B)    done in 10.0 s (1 failed)
     Net-(U26C-P2B)   done in 0.0 s
     Verr1            done in 0.0 s
     Voltage_err_1    done in 0.0 s
rip  Voltage_err_3    ripped Net-(U106B-B), Net-(U24-In+), Net-(U103A-A), analog_5V, but Net-(U106B-B) then failed; undone
rip  Voltage_err_3    ripped Net-(U24-In+), analog_5V, Net-(U13-In-), Net-(U106B-B), Net-(U103A-A), IREF2, Net-(U26A-P0B), Net-(U23-In+), but Net-(U106B-B) then failed; undone
rip  Voltage_err_3    ripped Net-(U24-In+), Net-(U106B-B), Net-(U18-Q3), Net-(U13-In-), analog_5V, Net-(U103A-A), but Net-(U106B-B) then failed; undone
FAIL Voltage_err_3: island 0 (401 cells; R45.1 R40.1) to island 1 (U13.1), gap 4.6 mm
     Voltage_err_3    done in 37.5 s (1 failed)
     Output3_drain    done in 0.0 s
     Vref_2           done in 0.0 s
     Net-(U24-In+)    done in 0.0 s
     Net-(U13-In-)    done in 0.0 s
     Net-(U3-In-)     done in 0.0 s
     Verr2            done in 0.0 s
     Net-(U22-In+)    done in 0.0 s
     Verr3            done in 0.0 s
rip  Vref_3           ripped Voltage_err_1, IREF1_input, IREF2_input, IREF2, but IREF1_input then failed; undone
rip  Vref_3           ripped Voltage_err_1, IREF2, Net-(U26E-~{RESET}), analog_5V, .1Vref_3, Net-(U26C-P2B), SCL, IREF1_input, but Voltage_err_1 then failed; undone
rip  Vref_3           ripped Voltage_err_1, IREF2_input, Net-(U26E-~{RESET}), IREF1_input, but Voltage_err_1 then failed; undone
FAIL Vref_3: island 0 (205 cells; R77.2 R41.1) to island 1 (C47.1), gap 2.6 mm
     Vref_3           done in 28.2 s (1 failed)
rip  .1Vout_3         ripped Net-(U13-In-), Net-(D26-+), Output2_drain, Net-(U103B-Y), but Net-(D26-+) then failed; undone
rip  .1Vout_3         ripped Net-(U106C-B), Voltage_err_3, analog_5V, Net-(U13-In-), Net-(D26-+), Net-(U106A-B), Net-(U23-In+), Net-(U103B-Y), but Net-(U106C-B) then failed; undone
rip  .1Vout_3         ripped Net-(U106C-B), Output3_drain, Voltage_err_3, Net-(D26-+), but Net-(U106C-B) then failed; undone
FAIL .1Vout_3: island 0 (238 cells; R42.1 R43.1) to island 1 (R39.2), gap 2.5 mm
     .1Vout_3         done in 26.6 s (1 failed)
     Net-(U106A-A)    done in 0.0 s
     Net-(U106B-A)    done in 0.0 s
     Vout_1           done in 0.0 s
     Vout_3           done in 0.0 s
     .1Vout_1         done in 0.0 s
     Net-(D4--)       done in 0.0 s
     Net-(D3-+)       done in 0.0 s
     .1Vout_2         done in 0.0 s
     Net-(D24-+)      done in 0.0 s
     VerrGT0          done in 0.0 s
     0err_hi          done in 0.0 s
     Out-             done in 0.0 s
     Net-(U103B-Y)    done in 0.0 s
     Net-(D5--)       done in 0.0 s
     low_error_timeout done in 0.0 s
     Net-(U102B-A)    done in 0.0 s
     Net-(U102C-A)    done in 0.0 s
     0A_hi            done in 0.0 s
     IREF3            done in 0.0 s
ok   IREF1             68.8 mm, 2 via(s) 0.5/0.3, w 0.15, gap 26.3
     IREF1            done in 3.0 s
     ena_out_2        done in 0.0 s
     Net-(D7--)       done in 0.0 s
     Net-(D5-+)       done in 0.0 s
     IREF2            done in 0.0 s
     Net-(C8-Pad2)    done in 0.0 s
     Net-(U103A-A)    done in 0.0 s
rip  Reset_raw        ripping IREF3, 12V, 5V, Verr1 did not free a path
rip  Reset_raw        ripping 0A_hi, 0err_hi, Verr1, IREF3, 12V, 5V, Net-(U4-In+), Net-(U102B-A) did not free a path
FAIL Reset_raw: island 0 (120 cells; U101.4) to island 1 (U5.1), gap 22.4 mm
     Reset_raw        done in 12.5 s (1 failed)
     Net-(U102A-Y)    done in 0.0 s
     Net-(U102D-Y)    done in 0.0 s
     ARD_M1_INHIBIT   done in 0.0 s
     ena_out_3        done in 0.0 s
     Net-(D20--)      done in 0.0 s
     M1_ON            done in 0.0 s
     Net-(D20-+)      done in 0.0 s
     ena_out_1        done in 0.0 s
     out_3_on         done in 0.0 s
     set-             done in 0.0 s
     Net-(U101A-Y)    done in 0.0 s
rip  SDA              ripping M1_ON, Net-(U26B-P1B), Net-(U26E-HVC{slash}A0), SCL did not free a path
rip  SDA              ripping Net-(U26E-HVC{slash}A0), Net-(U26E-~{RESET}), M1_ON, Net-(U26B-P1B), analog_5V, SCL, out_3_on, RESET- did not free a path
rip  SDA              ripped 12V, Net-(U26A-P0B), Voltage_err_1, .1Vref_1, SCL, IREF2, IREF2_input, analog_5V, Net-(U3-In-), .1Vref_2, Reset_raw, .1Vref_3, but Voltage_err_1 then failed; undone
FAIL SDA: island 0 (309 cells; J9.8) to island 1 (U26.6), gap 11.1 mm
     SDA              done in 25.7 s (1 failed)
     out_2_on         done in 0.0 s
     M2_ON            done in 0.0 s
     Net-(C17-Pad2)   done in 0.0 s
     Net-(C9-Pad2)    done in 0.0 s
     SCL              done in 0.0 s
     Net-(U18-Q3)     done in 0.0 s
     RESET-           done in 0.0 s
     Out              done in 0.0 s
     M1_INHIBIT       done in 0.0 s
     Vref_3_arduino   done in 0.0 s
     Vref_2_arduino   done in 0.0 s
     Net-(D7-+)       done in 0.0 s
     Vref_1_arduino   done in 0.0 s
     Net-(U26E-HVC{slash}A0) done in 0.0 s
     Net-(U26E-A1)    done in 0.0 s
     Net-(U26E-~{RESET}) done in 0.0 s
     Net-(C19-Pad1)   done in 0.0 s
     5V               done in 0.0 s
rip  GND              ripped Net-(U13-In-), analog_5V, Net-(U24-In+), Net-(U106B-B), but Net-(U106B-B) then failed; undone
rip  GND              ripped Net-(U13-In-), Net-(U24-In+), analog_5V, Net-(U106B-B), Net-(U102B-A), Net-(U103A-A), Net-(D25-+), Voltage_err_3, but Net-(D25-+) then failed; undone
rip  GND              ripped Net-(U106B-B), IREF1, but Net-(U106B-B) then failed; undone
FAIL GND: island 0 (154981 cells; C10.1 C43.2 R46.1 U3.2 +105) to island 1 (C68.2 U13.2 R88.2), gap 0.0 mm
rip  GND              ripped analog_5V, Net-(D25-+), Net-(U24-In+), Net-(U26C-P2B), but Net-(D25-+) then failed; undone
rip  GND              ripped Net-(U13-In-), analog_5V, Net-(U24-In+), Net-(D25-+), Net-(U106A-B), Net-(U26A-P0B), Net-(U106C-B), Net-(U26C-P2B), but Net-(D25-+) then failed; undone
rip  GND              ripped .1Vref_3, Net-(D26-+), Net-(U102B-A), but .1Vref_3 then failed; undone
FAIL GND: island 0 (154981 cells; C10.1 C43.2 R46.1 U3.2 +105) to island 2 (C100.2), gap 0.0 mm
FAIL GND: island 1 (1188 cells; C68.2 U13.2 R88.2) to island 2 (C100.2), gap 0.4 mm
     GND              done in 88.6 s (3 failed)
tracks 3475, vias 431, failures 10, 281 s
