board rasterised in 0.9 s
loaded 3807 committed route items
first: 10 nets from earlier passes routed ahead of the plane fan-outs
prot Current          track zone on In4.Cu/In5.Cu/B.Cu, via zone all layers; 6 nets exempt in the track zone
     Current          sensitive, 0.0 s
prot Net-(U2-In+)     track zone on F.Cu/In4.Cu/In5.Cu/B.Cu, via zone all layers; 9 nets exempt in the track zone
     Net-(U2-In+)     sensitive, 0.1 s
prot V_err            track zone on F.Cu/B.Cu, via zone all layers; 11 nets exempt in the track zone (logic nets only)
     V_err            sensitive, 0.1 s
     Net-(U4-In+)     done in 0.0 s
     Net-(U14-In+)    done in 0.0 s
     Net-(U21-In+)    done in 0.0 s
     Net-(U21-In-)    done in 0.0 s
     Net-(Q1-E)       done in 0.0 s


     SDA              done in 0.0 s
     .1Vout_3         done in 0.0 s
     Voltage_err_3    done in 0.0 s
rip  Net-(U106B-B)    ripping Net-(D26-+), analog_5V, Net-(U23-In+), Net-(D25-+) did not free a path
rip  Net-(U106B-B)    ripping analog_5V, Net-(D26-+), IREF1, Net-(D25-+), Net-(U106A-B), .1Vout_3, Net-(U23-In+), .1Vout_1 did not free a path
FAIL Net-(U106B-B): island 0 (654 cells; U106.4 U23.4 C64.1) to island 1 (R93.1), gap 3.6 mm
     Net-(U106B-B)    done in 8.8 s (1 failed)
     IREF1            done in 0.0 s
     Net-(U26E-HVC{slash}A0) done in 0.0 s
     Reset_raw        done in 0.0 s
     Vref_3           done in 0.0 s
     Net-(D26-+)      done in 0.0 s
     SCL              done in 0.0 s
fan  GND              U3.2: no via reachable
fan  GND              C37.1: no via reachable
fan  GND              C26.2: no via reachable
fan  GND              C68.2: no via reachable
fan  GND              U21.2: no via reachable
fan  GND              U4.2: no via reachable
fan  GND              U13.2: no via reachable
fan  GND              C36.1: no via reachable
fan  GND              U23.2: nearest via needs 1.5 mm, not fanned out
fan  GND              U26.7: no via reachable
fan  GND              U26.20: no via reachable
     FANOUT:GND       0 vias, 11 pads skipped, 0.6 s
fan  5V               C26.1: no via reachable
fan  5V               C24.1: no via reachable
fan  5V               U5.5: no via reachable
fan  5V               C29.1: no via reachable
fan  5V               U4.5: no via reachable
     FANOUT:5V        0 vias, 5 pads skipped, 0.2 s

     analog_5V        done in 0.0 s
     12V              done in 0.0 s
     .1Vref_2         done in 0.0 s
     Net-(U106A-B)    done in 0.0 s
     Net-(U23-In+)    done in 0.0 s
     Voltage_err_2    done in 0.0 s
     IREF2_input      done in 0.0 s
     IREF3_input      done in 0.0 s
     Net-(D25-+)      done in 0.0 s
     .1Vref_3         done in 0.0 s
     Net-(D4-+)       done in 0.0 s
     Net-(U106C-A)    done in 0.0 s
     Net-(U106C-B)    done in 0.0 s
     Output1_drain    done in 0.0 s
     .1Vref_1         done in 0.0 s
rip  Net-(U7-In-)     ripped .1Vref_2, Net-(D7--), Net-(U102A-Y), Output1_drain, but Net-(U102A-Y) then failed; undone
rip  Net-(U7-In-)     ripped Net-(D7--), Net-(U102A-Y), .1Vref_2, Net-(C17-Pad2), .1Vout_2, Output1_drain, Net-(D20--), VerrGT0, but Net-(D7--) then failed; undone
rip  Net-(U7-In-)     ripped Net-(U102C-A), Net-(C17-Pad2), 5V, Voltage_err_2, but 5V then failed; undone
FAIL Net-(U7-In-): island 0 (75 cells; R31.1) to island 1 (R32.2 U7.4), gap 7.7 mm
     Net-(U7-In-)     done in 26.8 s (1 failed)
     Net-(U26B-P1B)   done in 0.0 s
     Net-(U26A-P0B)   done in 0.0 s
     Vout_2           done in 0.0 s
     IREF1_input      done in 0.0 s
     Vref_1           done in 0.0 s
     Net-(D23-+)      done in 0.0 s
     Output2_drain    done in 0.0 s
     Net-(U26C-P2B)   done in 0.0 s
     Verr1            done in 0.0 s
rip  Voltage_err_1    ripped Net-(U26E-~{RESET}), .1Vref_3, IREF1_input, IREF2_input, but IREF1_input then failed; undone
rip  Voltage_err_1    ripped Net-(U103B-Y), Net-(U26E-~{RESET}), .1Vref_3, Net-(U26A-P0B), IREF2_input, SDA, analog_5V, Net-(U26C-P2B), but IREF2_input then failed; undone
rip  Voltage_err_1    ripped IREF1_input, IREF2_input, Vref_3, SDA, Net-(U26C-P2B), analog_5V, Reset_raw, but Vref_3 then failed; undone
FAIL Voltage_err_1: island 0 (76 cells; U3.1) to island 1 (R27.1 R3.1), gap 1.2 mm
     Voltage_err_1    done in 18.0 s (1 failed)
rip  Output3_drain    ripping analog_5V, Net-(D26-+), Net-(U13-In-), .1Vout_3 did not free a path
rip  Output3_drain    ripping Net-(U13-In-), Net-(D26-+), analog_5V, IREF3, Net-(U106C-B), Net-(U23-In+), Voltage_err_3, .1Vout_3 did not free a path
rip  Output3_drain    ripped .1Vout_3, Net-(D4-+), 0A_hi, Net-(U23-In+), Voltage_err_3, Net-(U106C-B), Net-(D26-+), .1Vref_1, 5V, but Net-(U106C-B) then failed; undone
FAIL Output3_drain: island 0 (226 cells; J11.18) to island 1 (R87.1), gap 9.6 mm
     Output3_drain    done in 15.9 s (1 failed)
     Vref_2           done in 0.0 s
rip  Net-(U24-In+)    ripped Net-(D26-+), Net-(D25-+), Net-(U26A-P0B), Net-(D23-+), but Net-(D26-+) then failed; undone
rip  Net-(U24-In+)    ripped Net-(U26A-P0B), analog_5V, Net-(D26-+), IREF1, Net-(U106A-B), Net-(D25-+), .1Vref_3, Net-(U23-In+), but Net-(D26-+) then failed; undone
rip  Net-(U24-In+)    ripped IREF1, Net-(D25-+), Net-(U26A-P0B), but Net-(D25-+) then failed; undone
FAIL Net-(U24-In+): island 0 (79 cells; U24.3) to island 1 (R96.2 R97.1 C68.1), gap 1.8 mm
     Net-(U24-In+)    done in 15.9 s (1 failed)
     Net-(U13-In-)    done in 0.0 s
     Net-(U3-In-)     done in 0.0 s
     Verr2            done in 0.0 s
     Net-(U22-In+)    done in 0.0 s
     Verr3            done in 0.0 s
     Net-(U106A-A)    done in 0.0 s
     Net-(U106B-A)    done in 0.0 s
     Vout_1           done in 0.0 s
     Vout_3           done in 0.0 s
     .1Vout_1         done in 0.0 s
     Net-(D4--)       done in 0.0 s
     Net-(D3-+)       done in 0.0 s
     .1Vout_2         done in 0.0 s
     Net-(D24-+)      done in 0.0 s
     VerrGT0          done in 0.0 s
     0err_hi          done in 0.0 s
     Out-             done in 0.0 s
     Net-(U103B-Y)    done in 0.0 s
     Net-(D5--)       done in 0.0 s
     low_error_timeout done in 0.0 s
     Net-(U102B-A)    done in 0.0 s
     Net-(U102C-A)    done in 0.0 s
     0A_hi            done in 0.0 s
     IREF3            done in 0.0 s
     ena_out_2        done in 0.0 s
     Net-(D7--)       done in 0.0 s
     Net-(D5-+)       done in 0.0 s
     IREF2            done in 0.0 s
     Net-(C8-Pad2)    done in 0.0 s
     Net-(U103A-A)    done in 0.0 s
     Net-(U102A-Y)    done in 0.0 s
     Net-(U102D-Y)    done in 0.0 s
     ARD_M1_INHIBIT   done in 0.0 s
     ena_out_3        done in 0.0 s
     Net-(D20--)      done in 0.0 s
     M1_ON            done in 0.0 s
     Net-(D20-+)      done in 0.0 s
rip  ena_out_1        ripped ena_out_2, Net-(U102D-Y), Net-(D24-+), low_error_timeout, but Net-(U102D-Y) then failed; undone
rip  ena_out_1        ripped ena_out_2, Net-(D24-+), analog_5V, Net-(D25-+), Net-(U102D-Y), low_error_timeout, M1_ON, Out-, but low_error_timeout then failed; undone
rip  ena_out_1        ripped low_error_timeout, Net-(U102B-A), Net-(D20--), 5V, Voltage_err_2, Net-(U23-In+), Out-, analog_5V, Net-(D25-+), but low_error_timeout then failed; undone
FAIL ena_out_1: island 0 (377 cells; U105.2 U102.2) to island 1 (J11.5), gap 13.5 mm
     ena_out_1        done in 29.8 s (1 failed)
     out_3_on         done in 0.0 s
     set-             done in 0.0 s
     Net-(U101A-Y)    done in 0.0 s
     out_2_on         done in 0.0 s
     M2_ON            done in 0.0 s
     Net-(C17-Pad2)   done in 0.0 s
rip  Net-(C9-Pad2)    ripped .1Vref_2, Output1_drain, Net-(D7--), Net-(U102A-Y), but Net-(D7--) then failed; undone
rip  Net-(C9-Pad2)    ripped Net-(U102A-Y), Net-(D7--), Output1_drain, .1Vref_2, analog_5V, .1Vout_2, Net-(D25-+), VerrGT0, but Net-(D25-+) then failed; undone
rip  Net-(C9-Pad2)    ripped VerrGT0, Net-(D7--), Net-(C17-Pad2), Net-(U7-In-), .1Vout_2, analog_5V, but Net-(C17-Pad2) then failed; undone
FAIL Net-(C9-Pad2): island 0 (120 cells; R78.1 R79.1) to island 1 (C9.2), gap 9.5 mm
     Net-(C9-Pad2)    done in 23.8 s (1 failed)
     Net-(U18-Q3)     done in 0.0 s
     RESET-           done in 0.0 s
     Out              done in 0.0 s
     M1_INHIBIT       done in 0.0 s
     Vref_3_arduino   done in 0.0 s
     Vref_2_arduino   done in 0.0 s
     Net-(D7-+)       done in 0.0 s
     Vref_1_arduino   done in 0.0 s
     Net-(U26E-A1)    done in 0.0 s
     Net-(U26E-~{RESET}) done in 0.0 s
     Net-(C19-Pad1)   done in 0.0 s
rip  5V               ripping .1Vref_2, Verr1, 0A_hi, IREF2_input did not free a path
rip  5V               ripping .1Vref_2, 0A_hi, Verr1, IREF2_input, 12V, Net-(D5-+), Reset_raw, Net-(D4-+) did not free a path
rip  5V               ripped Net-(U4-In+), Net-(U23-In+), analog_5V, but Net-(U4-In+) then failed; undone
FAIL 5V: island 0 (119659 cells; U28.16 U101.14 C52.1 R82.1 +32) to island 2 (C24.1 U5.5), gap 0.0 mm
rip  5V               ripped 0err_hi, Net-(D5-+), Net-(U102C-A), .1Vref_2, but Net-(D5-+) then failed; undone
rip  5V               ripped 0err_hi, Net-(D5-+), Verr1, Net-(U13-In-), Net-(U102C-A), .1Vref_2, Verr2, Net-(U103A-A), but Net-(D5-+) then failed; undone
rip  5V               ripped and re-routed Net-(D5-+), .1Vref_2
     ok   .1Vref_2           1.2 mm, 0 via(s), w 0.20, gap 0.9
     ok   .1Vref_2          29.2 mm, 2 via(s) 0.5/0.3, w 0.20, gap 24.4
     ok   .1Vref_2          43.5 mm, 2 via(s) 0.5/0.3, w 0.20, gap 30.6
     ok   Net-(D5-+)         4.2 mm, 2 via(s) 0.5/0.3, w 0.20, gap 3.7
     ok   Net-(D5-+)        29.2 mm, 2 via(s) 0.5/0.3, w 0.15, gap 20.6
     5V               done in 39.5 s (1 failed)
rip  GND              ripped analog_5V, IREF1, Net-(U26A-P0B), 0A_hi, but Net-(U26A-P0B) then failed; undone
rip  GND              ripped analog_5V, Net-(U13-In-), IREF1, Net-(U106A-B), Net-(U26A-P0B), 0A_hi, ena_out_3, Net-(U24-In+), but Net-(U26A-P0B) then failed; undone
rip  GND              ripped IREF1, .1Vref_3, Net-(D25-+), Net-(U26A-P0B), Net-(U24-In+), but Net-(D25-+) then failed; undone
FAIL GND: island 0 (154557 cells; C10.1 C43.2 R46.1 U3.2 +97) to island 1 (C37.1), gap 0.0 mm
rip  GND              ripped and re-routed Net-(U102C-A), Net-(U106C-A), analog_5V, Out-
     ok   analog_5V          1.1 mm, 1 via(s) 0.5/0.3, w 0.40, gap 0.4
     ok   analog_5V          0.9 mm, 1 via(s) 0.5/0.3, w 0.40, gap 0.7
     ok   analog_5V          7.4 mm, 1 via(s) 0.5/0.3, w 0.40, gap 3.3
     ok   analog_5V          6.0 mm, 1 via(s) 0.5/0.3, w 0.40, gap 3.8
     ok   analog_5V          5.2 mm, 2 via(s) 0.5/0.3, w 0.40, gap 3.9
     ok   analog_5V          6.4 mm, 2 via(s) 0.5/0.3, w 0.40, gap 5.0
     ok   analog_5V         40.2 mm, 4 via(s) 0.5/0.3, w 0.40, gap 8.9
     ok   analog_5V          5.8 mm, 1 via(s) 0.5/0.3, w 0.40, gap 3.7
     ok   analog_5V         29.6 mm, 2 via(s) 0.5/0.3, w 0.40, gap 9.5
     ok   analog_5V         22.1 mm, 1 via(s) 0.5/0.3, w 0.40, gap 19.0
     ok   Net-(U106C-A)      7.3 mm, 0 via(s), w 0.20, gap 6.5
     ok   Net-(U106C-A)     18.9 mm, 0 via(s), w 0.20, gap 11.0
     ok   Out-               3.0 mm, 0 via(s), w 0.20, gap 2.1
     ok   Out-               4.5 mm, 1 via(s) 0.5/0.3, w 0.20, gap 2.7
     ok   Out-               3.8 mm, 0 via(s), w 0.20, gap 3.2
     ok   Out-               5.1 mm, 2 via(s) 0.5/0.3, w 0.20, gap 4.4
     ok   Out-               6.2 mm, 1 via(s) 0.5/0.3, w 0.20, gap 5.2
     ok   Out-              17.4 mm, 2 via(s) 0.5/0.3, w 0.20, gap 13.7
     ok   Out-              19.2 mm, 3 via(s) 0.5/0.3, w 0.20, gap 16.3
     ok   Net-(U102C-A)     15.4 mm, 2 via(s) 0.5/0.3, w 0.20, gap 12.9
     ok   Net-(U102C-A)     43.2 mm, 4 via(s) 0.5/0.3, w 0.20, gap 20.5
rip  GND              ripping analog_5V, Net-(U13-In-), 0A_hi, IREF1 did not free a path
rip  GND              ripping analog_5V, Net-(U13-In-), Net-(U102B-A), 0A_hi, Net-(D26-+), Net-(U103B-Y), Net-(U106C-B), ena_out_3 did not free a path
rip  GND              ripped Net-(U106B-B), Net-(D20--), Net-(D24-+), but Net-(U106B-B) then failed; undone
FAIL GND: island 0 (154558 cells; C10.1 C43.2 R46.1 U3.2 +100) to island 2 (C68.2 U13.2 R88.2), gap 0.0 mm
FAIL GND: island 0 (154558 cells; C10.1 C43.2 R46.1 U3.2 +100) to island 3 (R99.2), gap 0.0 mm
FAIL GND: island 0 (154558 cells; C10.1 C43.2 R46.1 U3.2 +100) to island 4 (U26.11), gap 0.0 mm
FAIL GND: island 0 (154558 cells; C10.1 C43.2 R46.1 U3.2 +100) to island 5 (C28.2 C96.2), gap 0.0 mm
FAIL GND: island 0 (154558 cells; C10.1 C43.2 R46.1 U3.2 +100) to island 6 (U21.2), gap 0.0 mm
FAIL GND: island 1 (303 cells; C37.1) to island 2 (C68.2 U13.2 R88.2), gap 0.0 mm
FAIL GND: island 3 (600 cells; R99.2) to island 4 (U26.11), gap 4.3 mm
FAIL GND: island 2 (1490 cells; C68.2 U13.2 R88.2) to island 5 (C28.2 C96.2), gap 5.7 mm
FAIL GND: island 4 (854 cells; U26.11) to island 5 (C28.2 C96.2), gap 7.2 mm
FAIL GND: island 1 (303 cells; C37.1) to island 5 (C28.2 C96.2), gap 7.9 mm
FAIL GND: island 5 (772 cells; C28.2 C96.2) to island 6 (U21.2), gap 12.1 mm
FAIL GND: island 2 (1490 cells; C68.2 U13.2 R88.2) to island 4 (U26.11), gap 15.0 mm
FAIL GND: island 1 (303 cells; C37.1) to island 4 (U26.11), gap 15.6 mm
FAIL GND: island 3 (600 cells; R99.2) to island 5 (C28.2 C96.2), gap 16.5 mm
FAIL GND: island 2 (1490 cells; C68.2 U13.2 R88.2) to island 6 (U21.2), gap 18.6 mm
FAIL GND: island 4 (854 cells; U26.11) to island 6 (U21.2), gap 19.3 mm
FAIL GND: island 1 (303 cells; C37.1) to island 6 (U21.2), gap 21.3 mm
FAIL GND: island 2 (1490 cells; C68.2 U13.2 R88.2) to island 3 (R99.2), gap 22.2 mm
FAIL GND: island 1 (303 cells; C37.1) to island 3 (R99.2), gap 22.9 mm
FAIL GND: island 3 (600 cells; R99.2) to island 6 (U21.2), gap 28.4 mm
     GND              done in 118.7 s (21 failed)
tracks 3343, vias 433, failures 29, 301 s
