board rasterised in 0.9 s
loaded 2140 committed route items
prot Current          track zone on In4.Cu/In5.Cu/B.Cu, via zone all layers; 6 nets exempt in the track zone
     Current          sensitive, 0.0 s
prot Net-(U2-In+)     track zone on F.Cu/In4.Cu/In5.Cu/B.Cu, via zone all layers; 9 nets exempt in the track zone
     Net-(U2-In+)     sensitive, 0.1 s
prot V_err            track zone on F.Cu/B.Cu, via zone all layers; 11 nets exempt in the track zone (logic nets only)
     V_err            sensitive, 0.1 s
     Net-(U4-In+)     done in 0.0 s
     Net-(U14-In+)    done in 0.0 s
     Net-(U21-In+)    done in 0.0 s
     Net-(U21-In-)    done in 0.0 s
     Net-(Q1-E)       done in 0.0 s


fan  GND              U28.4: nearest via needs 1.5 mm, not fanned out
fan  GND              C37.1: no via reachable
fan  GND              U14.2: no via reachable
fan  GND              C26.2: nearest via needs 2.6 mm, not fanned out
fan  GND              C68.2: no via reachable
fan  GND              U21.2: no via reachable
fan  GND              U4.2: no via reachable
fan  GND              U13.2: no via reachable
fan  GND              Q1.3: no via reachable
fan  GND              C36.1: nearest via needs 4.1 mm, not fanned out
fan  GND              U23.2: 1.5 mm stub, via 0.5/0.3
fan  GND              U26.7: no via reachable
fan  GND              U26.20: 1.4 mm stub, via 0.5/0.3
     FANOUT:GND       2 vias, 11 pads skipped, 0.6 s
fan  5V               C26.1: nearest via needs 2.8 mm, not fanned out
fan  5V               C24.1: no via reachable
fan  5V               U5.5: no via reachable
fan  5V               C29.1: nearest via needs 4.6 mm, not fanned out
fan  5V               U4.5: no via reachable
fan  5V               U26.17: no via reachable
     FANOUT:5V        0 vias, 6 pads skipped, 0.2 s

ok   analog_5V          1.2 mm, 1 via(s) 0.5/0.3, w 0.40, gap 0.0
ok   analog_5V          1.2 mm, 1 via(s) 0.5/0.3, w 0.40, gap 0.0
rip  analog_5V        ripped Net-(U24-In+), Out-, Net-(U106B-A), Net-(U106C-B), but Net-(U106B-A) then failed; undone
rip  analog_5V        ripped Net-(U24-In+), Net-(U106C-B), Out-, Net-(D20--), IREF3, ena_out_3, Net-(U106A-A), Net-(U103A-A), but Net-(U103A-A) then failed; undone
rip  analog_5V        ripped and re-routed Net-(U24-In+), Net-(U106C-B), Out-
     ok   Net-(U106C-B)      5.6 mm, 0 via(s), w 0.20, gap 4.8
     ok   Net-(U106C-B)     11.7 mm, 1 via(s) 0.5/0.3, w 0.20, gap 10.5
     ok   Net-(U106C-B)     12.8 mm, 0 via(s), w 0.20, gap 10.2
     ok   Net-(U24-In+)      1.4 mm, 0 via(s), w 0.20, gap 1.1
     ok   Net-(U24-In+)      2.5 mm, 1 via(s) 0.5/0.3, w 0.20, gap 1.8
     ok   Net-(U24-In+)      5.2 mm, 2 via(s) 0.5/0.3, w 0.20, gap 3.7
     ok   Out-               2.8 mm, 0 via(s), w 0.20, gap 2.1
     ok   Out-               4.3 mm, 2 via(s) 0.5/0.3, w 0.20, gap 2.7
     ok   Out-               6.0 mm, 2 via(s) 0.5/0.3, w 0.20, gap 3.2
     ok   Out-               8.1 mm, 2 via(s) 0.5/0.3, w 0.20, gap 4.4
     ok   Out-              14.0 mm, 0 via(s), w 0.20, gap 6.7
     ok   Out-              16.2 mm, 1 via(s) 0.5/0.3, w 0.20, gap 12.4
     ok   Out-              17.8 mm, 3 via(s) 0.5/0.3, w 0.20, gap 13.7
ok   analog_5V         24.1 mm, 4 via(s) 0.5/0.3, w 0.40, gap 19.0
     analog_5V        done in 22.8 s
     12V              done in 0.0 s
ok   .1Vref_2          36.0 mm, 2 via(s) 0.5/0.3, w 0.20, gap 30.2
     .1Vref_2         done in 0.7 s
ok   Net-(U106A-B)      0.0 mm, 1 via(s) 0.5/0.3, w 0.20, gap 0.0
ok   Net-(U106A-B)     36.6 mm, 2 via(s) 0.5/0.3, w 0.20, gap 31.3
     Net-(U106A-B)    done in 0.7 s
ok   Net-(U23-In+)     34.0 mm, 2 via(s) 0.5/0.3, w 0.20, gap 25.0
     Net-(U23-In+)    done in 0.3 s
     Voltage_err_2    done in 0.0 s
rip  IREF2_input      ripped SDA, Net-(U26B-P1B), analog_5V, Reset_raw, but analog_5V then failed; undone
rip  IREF2_input      ripped Net-(U102D-Y), SDA, analog_5V, Net-(U26B-P1B), Net-(D24-+), Out, .1Vref_3, 12V, but analog_5V then failed; undone
rip  IREF2_input      ripped Net-(D24-+), 0err_hi, analog_5V, Net-(U26B-P1B), IREF2, IREF3_input, .1Vref_2, 12V, but Net-(U26B-P1B) then failed; undone
FAIL IREF2_input: island 0 (222 cells; J11.27) to island 1 (U26.9), gap 22.0 mm
     IREF2_input      done in 50.8 s (1 failed)
     IREF3_input      done in 0.0 s
ok   Net-(D25-+)       17.4 mm, 0 via(s), w 0.15, gap 2.4
     Net-(D25-+)      done in 0.6 s
     .1Vref_3         done in 0.0 s
ok   Net-(D4-+)         7.6 mm, 2 via(s) 0.5/0.3, w 0.20, gap 0.4
     Net-(D4-+)       done in 0.2 s
     Net-(U106C-A)    done in 0.0 s
     Net-(U106C-B)    done in 0.0 s
ok   Output1_drain     28.9 mm, 3 via(s) 0.5/0.3, w 0.30, gap 18.4
     Output1_drain    done in 0.3 s
rip  .1Vref_1         ripped Net-(U106C-B), Net-(D25-+), Voltage_err_3, Output3_drain, but Output3_drain then failed; undone
rip  .1Vref_1         ripped Net-(D25-+), Net-(U106C-B), Output3_drain, analog_5V, IREF1, Net-(D26-+), Voltage_err_3, 5V, but Net-(U106C-B) then failed; undone
rip  .1Vref_1         ripped Net-(D25-+), Output3_drain, .1Vout_3, IREF3, Voltage_err_3, 5V, 0A_hi, but Voltage_err_3 then failed; undone
FAIL .1Vref_1: island 0 (671 cells; U3.3 C46.1 R6.2) to island 1 (D26.1), gap 3.0 mm
     .1Vref_1         done in 26.1 s (1 failed)
rip  Net-(U7-In-)     ripped and re-routed Out-, low_error_timeout, Voltage_err_2, Net-(U23-In+)
     ok   Net-(U23-In+)      9.1 mm, 2 via(s) 0.5/0.3, w 0.20, gap 2.0
     ok   Net-(U23-In+)      9.4 mm, 2 via(s) 0.5/0.3, w 0.15, gap 4.2
     ok   Net-(U23-In+)     29.4 mm, 1 via(s) 0.5/0.3, w 0.20, gap 23.2
     ok   Voltage_err_2     14.0 mm, 2 via(s) 0.5/0.3, w 0.20, gap 10.4
     ok   Voltage_err_2     23.0 mm, 1 via(s) 0.5/0.3, w 0.20, gap 20.2
     ok   Out-               2.8 mm, 0 via(s), w 0.20, gap 2.1
     ok   Out-               4.3 mm, 2 via(s) 0.5/0.3, w 0.20, gap 2.7
     ok   Out-               6.0 mm, 2 via(s) 0.5/0.3, w 0.20, gap 3.2
     ok   Out-               8.5 mm, 3 via(s) 0.5/0.3, w 0.20, gap 4.4
     ok   Out-              14.0 mm, 0 via(s), w 0.20, gap 6.7
     ok   Out-              14.6 mm, 1 via(s) 0.5/0.3, w 0.20, gap 13.0
     ok   Out-              19.8 mm, 2 via(s) 0.5/0.3, w 0.20, gap 13.7
     ok   low_error_timeout   1.1 mm, 0 via(s), w 0.20, gap 0.8
     ok   low_error_timeout   2.7 mm, 1 via(s) 0.5/0.3, w 0.20, gap 2.1
     ok   low_error_timeout  22.7 mm, 3 via(s) 0.5/0.3, w 0.15, gap 15.8
     ok   low_error_timeout  21.5 mm, 2 via(s) 0.5/0.3, w 0.20, gap 17.0
     Net-(U7-In-)     done in 5.7 s
ok   Net-(U26B-P1B)    17.9 mm, 1 via(s) 0.5/0.3, w 0.20, gap 12.2
     Net-(U26B-P1B)   done in 0.2 s
ok   Net-(D26-+)       12.1 mm, 2 via(s) 0.5/0.3, w 0.20, gap 5.0
     Net-(D26-+)      done in 0.2 s
ok   Net-(U26A-P0B)    25.6 mm, 3 via(s) 0.5/0.3, w 0.20, gap 5.6
     Net-(U26A-P0B)   done in 0.3 s
     Vout_2           done in 0.0 s
     IREF1_input      done in 0.0 s
     Vref_1           done in 0.0 s
ok   Net-(D23-+)        3.8 mm, 1 via(s) 0.5/0.3, w 0.20, gap 1.9
     Net-(D23-+)      done in 0.2 s
ok   Output2_drain     61.1 mm, 5 via(s) 0.5/0.3, w 0.15, gap 13.1
     Output2_drain    done in 2.1 s
rip  Net-(U106B-B)    ripping analog_5V, Output2_drain, Net-(U106C-B), Net-(D25-+) did not free a path
rip  Net-(U106B-B)    ripping analog_5V, Net-(D25-+), Net-(U106C-B), Output2_drain, Net-(U26A-P0B), Net-(D26-+), Net-(U24-In+), Net-(U106A-B) did not free a path
FAIL Net-(U106B-B): island 1 (342 cells; U106.4 C64.1) to island 2 (R93.1), gap 3.6 mm
ok   Net-(U106B-B)     10.1 mm, 2 via(s) 0.5/0.3, w 0.20, gap 6.9
rip  Net-(U106B-B)    ripping analog_5V, Output2_drain, Net-(U106C-B), Net-(D25-+) did not free a path
rip  Net-(U106B-B)    ripping analog_5V, Net-(D25-+), Net-(U106C-B), Output2_drain, Net-(U26A-P0B), Net-(D26-+), Voltage_err_3, Net-(U24-In+) did not free a path
FAIL Net-(U106B-B): island 0 (649 cells; U106.4 U23.4 C64.1) to island 1 (R93.1), gap 2.9 mm
     Net-(U106B-B)    done in 16.9 s (2 failed)
ok   Net-(U26C-P2B)   116.8 mm, 7 via(s) 0.5/0.3, w 0.15, gap 8.8
     Net-(U26C-P2B)   done in 1.8 s
     Verr1            done in 0.0 s
     Voltage_err_1    done in 0.0 s
rip  Voltage_err_3    ripped analog_5V, Net-(U106B-B), Output2_drain, Net-(D25-+), but analog_5V then failed; undone
rip  Voltage_err_3    ripped analog_5V, Net-(U106C-B), Net-(U106B-B), Net-(U106A-B), Net-(D26-+), Net-(U26A-P0B), Net-(D25-+), Net-(U24-In+), but Net-(U106A-B) then failed; undone
rip  Voltage_err_3    ripped Output2_drain, analog_5V, Net-(U102B-A), Net-(D26-+), but analog_5V then failed; undone
FAIL Voltage_err_3: island 0 (574 cells; R45.1 U13.1) to island 1 (R40.1), gap 3.3 mm
     Voltage_err_3    done in 43.6 s (1 failed)
     Output3_drain    done in 0.0 s
     Vref_2           done in 0.0 s
     Net-(U24-In+)    done in 0.0 s
rip  Net-(U13-In-)    ripped analog_5V, Net-(U106B-B), Output2_drain, Net-(D25-+), but analog_5V then failed; undone
rip  Net-(U13-In-)    ripped analog_5V, Net-(U106B-B), Net-(U26A-P0B), Net-(U106A-B), Net-(D26-+), Net-(D25-+), Net-(U106C-B), Output2_drain, but Net-(U106A-B) then failed; undone
rip  Net-(U13-In-)    ripped Net-(U102B-A), Net-(D25-+), Net-(U26A-P0B), Output2_drain, but Net-(D25-+) then failed; undone
FAIL Net-(U13-In-): island 0 (69 cells; R39.1) to island 2 (R40.2), gap 0.7 mm
rip  Net-(U13-In-)    ripped analog_5V, Net-(U106B-B), Output2_drain, Net-(D25-+), but analog_5V then failed; undone
rip  Net-(U13-In-)    ripped analog_5V, Net-(U106B-B), Net-(U26A-P0B), Net-(U106A-B), Net-(D26-+), Net-(D25-+), Net-(U106C-B), Output2_drain, but Net-(U106A-B) then failed; undone
rip  Net-(U13-In-)    ripped analog_5V, Net-(U26C-P2B), IREF1, Output2_drain, Net-(U26A-P0B), Net-(U102D-Y), Net-(D25-+), Net-(U102B-A), Net-(U103A-A), but analog_5V then failed; undone
FAIL Net-(U13-In-): island 0 (69 cells; R39.1) to island 1 (U13.4), gap 6.6 mm
FAIL Net-(U13-In-): island 1 (76 cells; U13.4) to island 2 (R40.2), gap 6.9 mm
     Net-(U13-In-)    done in 74.6 s (3 failed)
rip  Net-(U3-In-)     ripped analog_5V, .1Vref_2, Net-(D24-+), .1Vref_1, but analog_5V then failed; undone
rip  Net-(U3-In-)     ripped analog_5V, .1Vref_2, Net-(D24-+), 0A_hi, Voltage_err_1, 12V, .1Vref_1, Net-(U26A-P0B), but .1Vref_1 then failed; undone
rip  Net-(U3-In-)     ripped Output2_drain, 12V, .1Vref_2, Net-(U26A-P0B), IREF2, IREF3_input, but IREF3_input then failed; undone
FAIL Net-(U3-In-): island 0 (77 cells; U3.4) to island 2 (R3.2), gap 0.0 mm
rip  Net-(U3-In-)     ripped Net-(U26A-P0B), .1Vout_1, Net-(D25-+), Vout_3, but Vout_3 then failed; undone
rip  Net-(U3-In-)     ripped Net-(U26A-P0B), Net-(D25-+), 0A_hi, .1Vout_1, IREF1, SDA, Net-(D26-+), Output3_drain, but Net-(D26-+) then failed; undone
rip  Net-(U3-In-)     ripped 0A_hi, analog_5V, .1Vout_1, Net-(U26A-P0B), but analog_5V then failed; undone
FAIL Net-(U3-In-): island 0 (77 cells; U3.4) to island 1 (R2.1), gap 6.9 mm
FAIL Net-(U3-In-): island 1 (73 cells; R2.1) to island 2 (R3.2), gap 7.1 mm
     Net-(U3-In-)     done in 69.8 s (3 failed)
     Verr2            done in 0.0 s
rip  Net-(U22-In+)    ripped Net-(Q1-E), 0err_hi, Net-(U106A-B), analog_5V, but 0err_hi then failed; undone
rip  Net-(U22-In+)    ripped Net-(Q1-E), Output2_drain, Net-(U106A-B), Net-(D23-+), analog_5V, 0err_hi, Net-(U14-In+), 5V, but Output2_drain then failed; undone
rip  Net-(U22-In+)    ripped Net-(Q1-E), 0err_hi, Net-(D4-+), but 0err_hi then failed; undone
FAIL Net-(U22-In+): island 1 (76 cells; U22.3) to island 2 (R89.1), gap 0.9 mm
rip  Net-(U22-In+)    ripped Net-(Q1-E), Net-(U106A-B), 0err_hi, analog_5V, but 0err_hi then failed; undone
rip  Net-(U22-In+)    ripped Net-(Q1-E), Output2_drain, Net-(U106A-B), Net-(D23-+), analog_5V, 0err_hi, Net-(U14-In+), 5V, but Output2_drain then failed; undone
rip  Net-(U22-In+)    ripped and re-routed 0err_hi, .1Vref_3
     ok   .1Vref_3           2.3 mm, 0 via(s), w 0.20, gap 1.4
     ok   .1Vref_3           7.5 mm, 2 via(s) 0.5/0.3, w 0.20, gap 6.4
     ok   .1Vref_3          40.6 mm, 3 via(s) 0.5/0.3, w 0.20, gap 16.9
     ok   0err_hi            1.0 mm, 1 via(s) 0.5/0.3, w 0.20, gap 0.8
     ok   0err_hi            5.0 mm, 1 via(s) 0.5/0.3, w 0.20, gap 3.5
     ok   0err_hi           14.4 mm, 3 via(s) 0.5/0.3, w 0.20, gap 6.2
     ok   0err_hi           34.3 mm, 4 via(s) 0.5/0.3, w 0.20, gap 25.8
     ok   0err_hi           94.4 mm, 4 via(s) 0.5/0.3, w 0.20, gap 26.9
FAIL Net-(U22-In+): island 0 (582 cells; C59.1 R44.2 R89.1) to island 1 (U22.3), gap 0.9 mm
     Net-(U22-In+)    done in 71.4 s (2 failed)
     Verr3            done in 0.0 s
     Vref_3           done in 0.0 s
rip  .1Vout_3         ripped Net-(D25-+), Net-(U106A-A), Output2_drain, analog_5V, but analog_5V then failed; undone
rip  .1Vout_3         ripped analog_5V, Net-(U106C-B), Net-(D25-+), Net-(U106B-B), Net-(U26A-P0B), Output2_drain, Net-(D26-+), Net-(U106A-B), but analog_5V then failed; undone
rip  .1Vout_3         ripped IREF3, Net-(D25-+), Net-(U106C-B), Net-(U26A-P0B), Net-(U102B-A), Output3_drain, but Net-(D25-+) then failed; undone
FAIL .1Vout_3: island 0 (229 cells; R42.1 R43.1) to island 1 (R39.2), gap 2.8 mm
     .1Vout_3         done in 40.3 s (1 failed)
     Net-(U106A-A)    done in 0.0 s
rip  Net-(U106B-A)    ripped Net-(U106A-B), Voltage_err_2, Net-(U24-In+), analog_5V, but analog_5V then failed; undone
rip  Net-(U106B-A)    ripped Out-, Net-(U106C-B), analog_5V, Net-(U106B-B), Voltage_err_2, Net-(U106A-B), Net-(U26C-P2B), IREF3, but analog_5V then failed; undone
rip  Net-(U106B-A)    ripped Net-(U23-In+), Net-(U106C-B), analog_5V, but analog_5V then failed; undone
FAIL Net-(U106B-A): island 0 (228 cells; R25.2 R36.1) to island 1 (U106.3), gap 1.1 mm
     Net-(U106B-A)    done in 71.7 s (1 failed)
     Vout_1           done in 0.0 s
     Vout_3           done in 0.0 s
     .1Vout_1         done in 0.0 s
     Net-(D4--)       done in 0.0 s
     Net-(D3-+)       done in 0.0 s
     .1Vout_2         done in 0.0 s
     Net-(D24-+)      done in 0.0 s
     VerrGT0          done in 0.0 s
     0err_hi          done in 0.0 s
     Out-             done in 0.0 s
ok   Net-(U103B-Y)     86.0 mm, 8 via(s) 0.5/0.3, w 0.15, gap 33.2
     Net-(U103B-Y)    done in 2.4 s
     Net-(D5--)       done in 0.0 s
     low_error_timeout done in 0.0 s
     Net-(U102B-A)    done in 0.0 s
ok   Net-(U102C-A)     42.4 mm, 5 via(s) 0.5/0.3, w 0.20, gap 20.5
     Net-(U102C-A)    done in 0.5 s
     0A_hi            done in 0.0 s
     IREF3            done in 0.0 s
ok   IREF1              1.1 mm, 1 via(s) 0.5/0.3, w 0.20, gap 0.6
     IREF1            done in 0.7 s
     ena_out_2        done in 0.0 s
     Net-(D7--)       done in 0.0 s
     Net-(D5-+)       done in 0.0 s
     IREF2            done in 0.0 s
     Net-(C8-Pad2)    done in 0.0 s
rip  Net-(U103A-A)    ripped Net-(D5-+), 5V, 0err_hi, Verr1, but Net-(D5-+) then failed; undone
rip  Net-(U103A-A)    ripped 5V, 0err_hi, Net-(C8-Pad2), Net-(D5-+), Net-(U21-In+), 12V, analog_5V, Verr1, but 12V then failed; undone
rip  Net-(U103A-A)    ripped Net-(C8-Pad2), 12V, 0err_hi, Net-(D26-+), Voltage_err_2, Net-(D5-+), Net-(U106C-B), Net-(D5--), Net-(U102B-A), Net-(U103B-Y), Net-(U23-In+), Net-(U102C-A), but Net-(U102C-A) then failed; undone
FAIL Net-(U103A-A): island 0 (660 cells; U103.1 U18.4) to island 1 (U28.9), gap 14.8 mm
     Net-(U103A-A)    done in 28.4 s (1 failed)
     Reset_raw        done in 0.0 s
     Net-(U102A-Y)    done in 0.0 s
     Net-(U102D-Y)    done in 0.0 s
     ARD_M1_INHIBIT   done in 0.0 s
     ena_out_3        done in 0.0 s
     Net-(D20--)      done in 0.0 s
     M1_ON            done in 0.0 s
     Net-(D20-+)      done in 0.0 s
     ena_out_1        done in 0.0 s
rip  out_3_on         ripped 5V, Net-(D4-+), 0err_hi, Net-(U103B-Y), but 5V then failed; undone
rip  out_3_on         ripped Net-(D4-+), 5V, Net-(U14-In+), 0err_hi, low_error_timeout, analog_5V, ARD_M1_INHIBIT, Out, but 0err_hi then failed; undone
rip  out_3_on         ripped 0err_hi, Net-(D24-+), Output1_drain, analog_5V, Net-(U102A-Y), Net-(U102D-Y), out_2_on, SDA, Out, VerrGT0, Net-(U26E-HVC{slash}A0), Net-(U26C-P2B), but Net-(U102A-Y) then failed; undone
FAIL out_3_on: island 0 (226 cells; J11.8) to island 1 (U104.8), gap 15.0 mm
     out_3_on         done in 51.6 s (1 failed)
     set-             done in 0.0 s
rip  Net-(U101A-Y)    ripping M1_INHIBIT, Net-(D7--), set-, low_error_timeout did not free a path
rip  Net-(U101A-Y)    ripped 5V, M1_INHIBIT, Net-(U103B-Y), 0err_hi, Net-(D7--), set-, M1_ON, Net-(D24-+), but M1_ON then failed; undone
rip  Net-(U101A-Y)    ripped Net-(U22-In+), VerrGT0, 0err_hi, Net-(U26E-HVC{slash}A0), M1_ON, M1_INHIBIT, Net-(U26B-P1B), analog_5V, set-, 5V, ARD_M1_INHIBIT, Out, but Net-(U22-In+) then failed; undone
FAIL Net-(U101A-Y): island 0 (114 cells; R4.2) to island 1 (U101.3), gap 11.3 mm
     Net-(U101A-Y)    done in 27.7 s (1 failed)
     SDA              done in 0.0 s
     out_2_on         done in 0.0 s
     M2_ON            done in 0.0 s
     Net-(C17-Pad2)   done in 0.0 s
     Net-(C9-Pad2)    done in 0.0 s
     SCL              done in 0.0 s
     Net-(U18-Q3)     done in 0.0 s
     RESET-           done in 0.0 s
     Out              done in 0.0 s
     M1_INHIBIT       done in 0.0 s
     Vref_3_arduino   done in 0.0 s
     Vref_2_arduino   done in 0.0 s
     Net-(D7-+)       done in 0.0 s
rip  Vref_1_arduino   ripped Net-(Q1-E), Net-(D23-+), Vref_1, Net-(U106A-B), but Net-(D23-+) then failed; undone
rip  Vref_1_arduino   ripped 0err_hi, Net-(Q1-E), Net-(D23-+), Net-(U22-In+), Net-(U106A-B), Output2_drain, 5V, Vref_1, but Net-(U22-In+) then failed; undone
rip  Vref_1_arduino   ripped 0err_hi, but 0err_hi then failed; undone
FAIL Vref_1_arduino: island 0 (400 cells; J9.1) to island 1 (R101.1), gap 2.8 mm
     Vref_1_arduino   done in 24.0 s (1 failed)
     Net-(U26E-HVC{slash}A0) done in 0.0 s
     Net-(U26E-A1)    done in 0.0 s
     Net-(U26E-~{RESET}) done in 0.0 s
     Net-(C19-Pad1)   done in 0.0 s
ok   5V                 0.4 mm, 1 via(s) 0.5/0.3, w 0.40, gap 0.0
ok   5V                 0.3 mm, 1 via(s) 0.5/0.3, w 0.40, gap 0.0
ok   5V                 0.0 mm, 1 via(s) 0.5/0.3, w 0.40, gap 0.0
ok   5V                 2.4 mm, 1 via(s) 0.5/0.3, w 0.40, gap 0.0
     5V               done in 2.4 s
ok   GND                0.0 mm, 1 via(s) 0.5/0.3, w 0.30, gap 0.0
rip  GND              ripped Net-(U22-In+), Net-(U26C-P2B), Net-(U106A-B), Vref_3, but Net-(U22-In+) then failed; undone
rip  GND              ripped Net-(U26C-P2B), 5V, Net-(U22-In+), Vref_3, Net-(U106A-B), 0err_hi, .1Vref_3, Net-(Q1-E), but Net-(U22-In+) then failed; undone
rip  GND              ripped Net-(U26E-~{RESET}), Net-(U26E-A1), but Net-(U26E-A1) then failed; undone
FAIL GND: island 0 (161147 cells; C10.1 C43.2 R46.1 U3.2 +108) to island 1 (R99.2), gap 0.0 mm
     GND              done in 23.6 s (1 failed)
tracks 2687, vias 361, failures 20, 666 s
