board rasterised in 2.0 s
loaded 4928 committed route items
first: 10 nets from earlier passes routed ahead of the plane fan-outs
prot Current          track zone on In4.Cu/In5.Cu/B.Cu, via zone all layers; 6 nets exempt in the track zone
     Current          sensitive, 0.1 s
prot Net-(U2-In+)     track zone on F.Cu/In4.Cu/In5.Cu/B.Cu, via zone all layers; 9 nets exempt in the track zone
     Net-(U2-In+)     sensitive, 0.3 s
prot V_err            track zone on F.Cu/B.Cu, via zone all layers; 11 nets exempt in the track zone (logic nets only)
     V_err            sensitive, 0.2 s
     Net-(U4-In+)     done in 0.0 s
     Net-(U14-In+)    done in 0.0 s
     Net-(U21-In+)    done in 0.0 s
     Net-(U21-In-)    done in 0.0 s
     Net-(Q1-E)       done in 0.0 s


     SDA              done in 0.0 s
     .1Vout_3         done in 0.0 s
     Voltage_err_3    done in 0.0 s
     Net-(U106B-B)    done in 0.0 s
     IREF1            done in 0.0 s
     Net-(U26E-HVC{slash}A0) done in 0.0 s
     Reset_raw        done in 0.0 s
     Vref_3           done in 0.0 s
     Net-(D26-+)      done in 0.0 s
     SCL              done in 0.0 s
fan  GND              C26.2: no via reachable
fan  GND              C32.2: no via reachable
fan  GND              U21.2: no via reachable
fan  GND              U13.2: no via reachable
     FANOUT:GND       0 vias, 4 pads skipped, 0.8 s
fan  5V               C26.1: nearest via needs 3.8 mm, not fanned out
fan  5V               C24.1: no via reachable
fan  5V               U5.5: no via reachable
fan  5V               U4.5: no via reachable
     FANOUT:5V        0 vias, 4 pads skipped, 0.5 s

     analog_5V        done in 0.0 s
     12V              done in 0.0 s
     .1Vref_2         done in 0.0 s
     Net-(U106A-B)    done in 0.0 s
     Net-(U23-In+)    done in 0.0 s
     Voltage_err_2    done in 0.0 s
     IREF2_input      done in 0.0 s
     IREF3_input      done in 0.0 s
     Net-(D25-+)      done in 0.0 s
     .1Vref_3         done in 0.0 s
     Net-(D4-+)       done in 0.0 s
     Net-(U106C-A)    done in 0.0 s
     Net-(U106C-B)    done in 0.0 s
     Output1_drain    done in 0.0 s
     .1Vref_1         done in 0.0 s
     Net-(U7-In-)     done in 0.0 s
     Net-(U26B-P1B)   done in 0.0 s
     Net-(U26A-P0B)   done in 0.0 s
     Vout_2           done in 0.0 s
     IREF1_input      done in 0.0 s
     Vref_1           done in 0.0 s
     Net-(D23-+)      done in 0.0 s
     Output2_drain    done in 0.0 s
     Net-(U26C-P2B)   done in 0.0 s
     Verr1            done in 0.0 s
     Voltage_err_1    done in 0.0 s
     Output3_drain    done in 0.0 s
     Vref_2           done in 0.0 s
     Net-(U24-In+)    done in 0.0 s
     Net-(U13-In-)    done in 0.0 s
     Net-(U3-In-)     done in 0.0 s
     Verr2            done in 0.0 s
     Net-(U22-In+)    done in 0.0 s
     Verr3            done in 0.0 s
     Net-(U106A-A)    done in 0.0 s
     Net-(U106B-A)    done in 0.0 s
     Vout_1           done in 0.0 s
     Vout_3           done in 0.0 s
     .1Vout_1         done in 0.0 s
     Net-(D4--)       done in 0.0 s
     Net-(D3-+)       done in 0.0 s
     .1Vout_2         done in 0.0 s
     Net-(D24-+)      done in 0.0 s
     VerrGT0          done in 0.0 s
     0err_hi          done in 0.0 s
     Out-             done in 0.0 s
     Net-(U103B-Y)    done in 0.0 s
     Net-(D5--)       done in 0.0 s
     low_error_timeout done in 0.0 s
     Net-(U102B-A)    done in 0.0 s
     Net-(U102C-A)    done in 0.0 s
     0A_hi            done in 0.0 s
     IREF3            done in 0.0 s
     ena_out_2        done in 0.0 s
     Net-(D7--)       done in 0.0 s
     Net-(D5-+)       done in 0.0 s
     IREF2            done in 0.0 s
     Net-(C8-Pad2)    done in 0.0 s
     Net-(U103A-A)    done in 0.0 s
     Net-(U102A-Y)    done in 0.0 s
     Net-(U102D-Y)    done in 0.0 s
     ARD_M1_INHIBIT   done in 0.0 s
     ena_out_3        done in 0.0 s
     Net-(D20--)      done in 0.0 s
     M1_ON            done in 0.0 s
     Net-(D20-+)      done in 0.0 s
     ena_out_1        done in 0.0 s
     out_3_on         done in 0.0 s
     set-             done in 0.0 s
     Net-(U101A-Y)    done in 0.0 s
     out_2_on         done in 0.0 s
     M2_ON            done in 0.0 s
     Net-(C17-Pad2)   done in 0.0 s
     Net-(C9-Pad2)    done in 0.0 s
     Net-(U18-Q3)     done in 0.0 s
     RESET-           done in 0.0 s
     Out              done in 0.0 s
     M1_INHIBIT       done in 0.0 s
     Vref_3_arduino   done in 0.0 s
     Vref_2_arduino   done in 0.0 s
     Net-(D7-+)       done in 0.0 s
     Vref_1_arduino   done in 0.0 s
     Net-(U26E-A1)    done in 0.0 s
     Net-(U26E-~{RESET}) done in 0.0 s
     Net-(C19-Pad1)   done in 0.0 s
     5V               done in 0.0 s
rip  GND              ripped and re-routed Net-(D4-+), analog_5V, 0err_hi, ARD_M1_INHIBIT
     ok   analog_5V          2.5 mm, 1 via(s) 0.5/0.3, w 0.40, gap 0.0
     ok   analog_5V          1.0 mm, 1 via(s) 0.5/0.3, w 0.40, gap 0.7
     ok   analog_5V          7.0 mm, 1 via(s) 0.5/0.3, w 0.40, gap 3.2
     ok   analog_5V          4.4 mm, 0 via(s), w 0.40, gap 3.7
     ok   analog_5V          4.6 mm, 2 via(s) 0.5/0.3, w 0.40, gap 3.9
     ok   analog_5V          5.8 mm, 1 via(s) 0.5/0.3, w 0.40, gap 4.9
     ok   analog_5V         10.0 mm, 1 via(s) 0.5/0.3, w 0.40, gap 8.9
     ok   analog_5V         13.3 mm, 1 via(s) 0.5/0.3, w 0.30, gap 9.5
     ok   analog_5V         15.3 mm, 1 via(s) 0.5/0.3, w 0.40, gap 11.7
     ok   analog_5V         21.1 mm, 1 via(s) 0.5/0.3, w 0.40, gap 19.0
     ok   Net-(D4-+)         6.7 mm, 1 via(s) 0.5/0.3, w 0.20, gap 4.9
     ok   Net-(D4-+)        24.2 mm, 2 via(s) 0.5/0.3, w 0.20, gap 20.4
     ok   0err_hi            1.0 mm, 1 via(s) 0.5/0.3, w 0.20, gap 0.7
     ok   0err_hi            6.4 mm, 1 via(s) 0.5/0.3, w 0.20, gap 3.4
     ok   0err_hi           11.3 mm, 2 via(s) 0.5/0.3, w 0.20, gap 6.2
     ok   0err_hi           83.6 mm, 6 via(s) 0.5/0.3, w 0.20, gap 25.8
     ok   0err_hi           12.5 mm, 1 via(s) 0.5/0.3, w 0.20, gap 1.4
     ok   ARD_M1_INHIBIT     1.2 mm, 0 via(s), w 0.20, gap 0.9
     ok   ARD_M1_INHIBIT    20.1 mm, 2 via(s) 0.5/0.3, w 0.20, gap 17.4
FAIL GND: island 0 (603003 cells; C10.1 C43.2 R46.1 U3.2 +104) to island 1 (R42.2), gap 0.0 mm
FAIL GND: island 0 (603003 cells; C10.1 C43.2 R46.1 U3.2 +104) to island 2 (R92.2), gap 0.0 mm
FAIL GND: island 0 (603003 cells; C10.1 C43.2 R46.1 U3.2 +104) to island 3 (C100.2), gap 0.0 mm
FAIL GND: island 0 (603003 cells; C10.1 C43.2 R46.1 U3.2 +104) to island 4 (U26.11), gap 0.0 mm
FAIL GND: island 0 (603003 cells; C10.1 C43.2 R46.1 U3.2 +104) to island 5 (R88.2), gap 0.0 mm
FAIL GND: island 1 (1923 cells; R42.2) to island 3 (C100.2), gap 0.9 mm
FAIL GND: island 1 (1923 cells; R42.2) to island 5 (R88.2), gap 0.9 mm
FAIL GND: island 3 (1203 cells; C100.2) to island 5 (R88.2), gap 3.7 mm
FAIL GND: island 1 (1923 cells; R42.2) to island 4 (U26.11), gap 11.9 mm
FAIL GND: island 3 (1203 cells; C100.2) to island 4 (U26.11), gap 12.8 mm
FAIL GND: island 1 (1923 cells; R42.2) to island 2 (R92.2), gap 13.4 mm
FAIL GND: island 2 (1006 cells; R92.2) to island 5 (R88.2), gap 14.0 mm
FAIL GND: island 2 (1006 cells; R92.2) to island 3 (C100.2), gap 16.9 mm
FAIL GND: island 4 (2429 cells; U26.11) to island 5 (R88.2), gap 17.5 mm
FAIL GND: island 2 (1006 cells; R92.2) to island 4 (U26.11), gap 21.8 mm
     GND              done in 206.9 s (15 failed)
tracks 4482, vias 447, failures 15, 219 s
