board rasterised in 1.3 s
loaded 3551 committed route items
prot Current          track zone on In4.Cu/In5.Cu/B.Cu, via zone all layers; 6 nets exempt in the track zone
     Current          sensitive, 0.0 s
prot Net-(U2-In+)     track zone on F.Cu/In4.Cu/In5.Cu/B.Cu, via zone all layers; 9 nets exempt in the track zone
     Net-(U2-In+)     sensitive, 0.2 s
prot V_err            track zone on F.Cu/B.Cu, via zone all layers; 11 nets exempt in the track zone (logic nets only)
     V_err            sensitive, 0.1 s
     Net-(U4-In+)     done in 0.0 s
     Net-(U14-In+)    done in 0.0 s
     Net-(U21-In+)    done in 0.0 s
     Net-(U21-In-)    done in 0.0 s
     Net-(Q1-E)       done in 0.0 s


fan  GND              U28.4: 1.4 mm stub, via 0.5/0.3
fan  GND              C37.1: no via reachable
fan  GND              U14.2: no via reachable
fan  GND              C26.2: nearest via needs 2.0 mm, not fanned out
fan  GND              C68.2: no via reachable
fan  GND              U21.2: no via reachable
fan  GND              U4.2: no via reachable
fan  GND              U13.2: no via reachable
fan  GND              Q1.3: no via reachable
fan  GND              C36.1: no via reachable
fan  GND              U23.2: nearest via needs 1.5 mm, not fanned out
fan  GND              U26.7: no via reachable
fan  GND              U26.20: 1.4 mm stub, via 0.5/0.3
     FANOUT:GND       2 vias, 11 pads skipped, 1.3 s
fan  5V               C26.1: nearest via needs 1.9 mm, not fanned out
fan  5V               C24.1: no via reachable
fan  5V               U5.5: no via reachable
fan  5V               C29.1: no via reachable
fan  5V               U4.5: no via reachable
     FANOUT:5V        0 vias, 5 pads skipped, 0.3 s

     analog_5V        done in 0.0 s
     12V              done in 0.0 s
     .1Vref_2         done in 0.0 s
     Net-(U106A-B)    done in 0.0 s
     Net-(U23-In+)    done in 0.0 s
     Voltage_err_2    done in 0.0 s
     IREF2_input      done in 0.0 s
ok   IREF3_input       82.9 mm, 3 via(s) 0.5/0.3, w 0.15, gap 20.2
     IREF3_input      done in 4.9 s
     Net-(D25-+)      done in 0.0 s
     .1Vref_3         done in 0.0 s
     Net-(D4-+)       done in 0.0 s
     Net-(U106C-A)    done in 0.0 s
     Net-(U106C-B)    done in 0.0 s
     Output1_drain    done in 0.0 s
     .1Vref_1         done in 0.0 s
rip  Net-(U7-In-)     ripped Output1_drain, .1Vref_2, Net-(U102A-Y), Net-(C17-Pad2), but Net-(C17-Pad2) then failed; undone
rip  Net-(U7-In-)     ripped and re-routed Output1_drain, Net-(D7--), VerrGT0, .1Vref_2, Net-(C17-Pad2), Net-(U102A-Y), Net-(D20--), .1Vout_2
     ok   .1Vref_2           1.2 mm, 0 via(s), w 0.20, gap 0.9
     ok   .1Vref_2          28.4 mm, 2 via(s) 0.5/0.3, w 0.20, gap 24.4
     ok   .1Vref_2          35.2 mm, 2 via(s) 0.5/0.3, w 0.20, gap 30.6
     ok   Output1_drain     26.0 mm, 1 via(s) 0.5/0.3, w 0.30, gap 18.4
     ok   .1Vout_2           0.2 mm, 1 via(s) 0.5/0.3, w 0.20, gap 0.0
     ok   .1Vout_2           0.9 mm, 0 via(s), w 0.20, gap 0.2
     ok   VerrGT0            3.8 mm, 0 via(s), w 0.20, gap 3.2
     ok   VerrGT0            6.0 mm, 1 via(s) 0.5/0.3, w 0.20, gap 5.3
     ok   VerrGT0           21.2 mm, 2 via(s) 0.5/0.3, w 0.20, gap 20.9
     ok   VerrGT0           35.0 mm, 3 via(s) 0.5/0.3, w 0.20, gap 29.0
     ok   Net-(D7--)         1.1 mm, 0 via(s), w 0.20, gap 0.8
     ok   Net-(D7--)        31.5 mm, 3 via(s) 0.5/0.3, w 0.20, gap 28.1
     ok   Net-(U102A-Y)     37.7 mm, 4 via(s) 0.5/0.3, w 0.20, gap 29.9
     ok   Net-(D20--)        9.5 mm, 2 via(s) 0.5/0.3, w 0.20, gap 8.8
     ok   Net-(D20--)       14.1 mm, 1 via(s) 0.5/0.3, w 0.20, gap 10.6
     ok   Net-(C17-Pad2)     1.1 mm, 0 via(s), w 0.20, gap 0.8
     ok   Net-(C17-Pad2)    12.6 mm, 1 via(s) 0.5/0.3, w 0.20, gap 10.8
     Net-(U7-In-)     done in 14.9 s
     Net-(U26B-P1B)   done in 0.0 s
rip  Net-(D26-+)      ripped analog_5V, Net-(U24-In+), Net-(D25-+), Net-(U26A-P0B), but Net-(D25-+) then failed; undone
rip  Net-(D26-+)      ripped Net-(U13-In-), analog_5V, Net-(U24-In+), Net-(D25-+), Net-(U26A-P0B), Net-(U23-In+), Net-(U103A-A), Net-(U102B-A), but Net-(D25-+) then failed; undone
rip  Net-(D26-+)      ripped analog_5V, Net-(D25-+), Output3_drain, Net-(U102B-A), Net-(U26A-P0B), but Net-(D25-+) then failed; undone
FAIL Net-(D26-+): island 0 (79 cells; U24.1) to island 1 (R98.2 D26.2 C67.2), gap 4.9 mm
     Net-(D26-+)      done in 71.3 s (1 failed)
     Net-(U26A-P0B)   done in 0.0 s
     Vout_2           done in 0.0 s
     IREF1_input      done in 0.0 s
     Vref_1           done in 0.0 s
     Net-(D23-+)      done in 0.0 s
     Output2_drain    done in 0.0 s
rip  Net-(U106B-B)    ripping Net-(D25-+), analog_5V, Net-(U106A-B), Net-(U106C-B) did not free a path
rip  Net-(U106B-B)    ripping analog_5V, Net-(U106C-B), Net-(D25-+), Output2_drain, Net-(U13-In-), Net-(U106A-B), Net-(U26A-P0B), 0A_hi did not free a path
FAIL Net-(U106B-B): island 0 (616 cells; U106.4 U23.4 C64.1) to island 1 (R93.1), gap 3.6 mm
     Net-(U106B-B)    done in 16.8 s (1 failed)
     Net-(U26C-P2B)   done in 0.0 s
     Verr1            done in 0.0 s
     Voltage_err_1    done in 0.0 s
rip  Voltage_err_3    ripped Net-(U106B-B), Net-(U24-In+), Out-, analog_5V, but Net-(U106B-B) then failed; undone
rip  Voltage_err_3    ripped Net-(U24-In+), analog_5V, Net-(U13-In-), Net-(U106B-B), Out-, IREF2, Net-(U26A-P0B), Net-(U23-In+), but Net-(U26A-P0B) then failed; undone
rip  Voltage_err_3    ripped analog_5V, Net-(U24-In+), Net-(U106B-B), Net-(U18-Q3), Out-, Net-(U13-In-), but Net-(U106B-B) then failed; undone
FAIL Voltage_err_3: island 0 (401 cells; R45.1 R40.1) to island 1 (U13.1), gap 4.6 mm
     Voltage_err_3    done in 49.8 s (1 failed)
     Output3_drain    done in 0.0 s
     Vref_2           done in 0.0 s
     Net-(U24-In+)    done in 0.0 s
     Net-(U13-In-)    done in 0.0 s
     Net-(U3-In-)     done in 0.0 s
     Verr2            done in 0.0 s
     Net-(U22-In+)    done in 0.0 s
     Verr3            done in 0.0 s
rip  Vref_3           ripped Voltage_err_1, IREF2_input, IREF1_input, IREF2, but IREF1_input then failed; undone
rip  Vref_3           ripped Voltage_err_1, IREF2, ARD_M1_INHIBIT, .1Vref_3, SCL, analog_5V, IREF1_input, Net-(U3-In-), but Voltage_err_1 then failed; undone
rip  Vref_3           ripped Voltage_err_1, IREF2_input, ARD_M1_INHIBIT, IREF1_input, but Voltage_err_1 then failed; undone
FAIL Vref_3: island 0 (205 cells; R77.2 R41.1) to island 1 (C47.1), gap 2.6 mm
     Vref_3           done in 28.1 s (1 failed)
rip  .1Vout_3         ripped Net-(U13-In-), Net-(U103B-Y), Net-(D26-+), Output2_drain, but Net-(D26-+) then failed; undone
rip  .1Vout_3         ripped Net-(U106C-B), Voltage_err_3, analog_5V, Output3_drain, Net-(U13-In-), Out-, Net-(U103B-Y), Net-(D26-+), but Net-(U106C-B) then failed; undone
rip  .1Vout_3         ripped Net-(U106C-B), Output3_drain, Voltage_err_3, Net-(D26-+), but Net-(U106C-B) then failed; undone
FAIL .1Vout_3: island 0 (238 cells; R42.1 R43.1) to island 1 (R39.2), gap 2.5 mm
     .1Vout_3         done in 27.6 s (1 failed)
     Net-(U106A-A)    done in 0.0 s
     Net-(U106B-A)    done in 0.0 s
     Vout_1           done in 0.0 s
     Vout_3           done in 0.0 s
     .1Vout_1         done in 0.0 s
     Net-(D4--)       done in 0.0 s
     Net-(D3-+)       done in 0.0 s
     .1Vout_2         done in 0.0 s
     Net-(D24-+)      done in 0.0 s
     VerrGT0          done in 0.0 s
     0err_hi          done in 0.0 s
     Out-             done in 0.0 s
     Net-(U103B-Y)    done in 0.0 s
     Net-(D5--)       done in 0.0 s
     low_error_timeout done in 0.0 s
     Net-(U102B-A)    done in 0.0 s
     Net-(U102C-A)    done in 0.0 s
     0A_hi            done in 0.0 s
rip  IREF3            ripped and re-routed Net-(D5--), Net-(U106C-B), Voltage_err_2, Net-(U102C-A)
     ok   Voltage_err_2     12.2 mm, 2 via(s) 0.5/0.3, w 0.20, gap 10.4
     ok   Voltage_err_2     22.1 mm, 2 via(s) 0.5/0.3, w 0.20, gap 20.2
     ok   Net-(U106C-B)      5.6 mm, 0 via(s), w 0.20, gap 4.8
     ok   Net-(U106C-B)     11.9 mm, 2 via(s) 0.5/0.3, w 0.20, gap 10.5
     ok   Net-(U106C-B)     12.7 mm, 2 via(s) 0.5/0.3, w 0.20, gap 11.1
     ok   Net-(D5--)         0.8 mm, 1 via(s) 0.5/0.3, w 0.20, gap 0.6
     ok   Net-(D5--)        50.7 mm, 2 via(s) 0.5/0.3, w 0.15, gap 31.5
     ok   Net-(U102C-A)     14.6 mm, 2 via(s) 0.5/0.3, w 0.20, gap 12.9
     ok   Net-(U102C-A)     39.3 mm, 2 via(s) 0.5/0.3, w 0.20, gap 20.5
     IREF3            done in 8.7 s
rip  IREF1            ripping Net-(U24-In+), Net-(U13-In-), Net-(U103A-A), Net-(U106B-B) did not free a path
rip  IREF1            ripped Net-(U24-In+), analog_5V, Net-(U13-In-), ena_out_3, Net-(U103A-A), Net-(U106B-B), Net-(D20--), Net-(U26A-P0B), but analog_5V then failed; undone
rip  IREF1            ripped .1Vref_1, .1Vref_2, Net-(U103A-A), analog_5V, IREF3, Net-(U24-In+), .1Vout_1, Net-(U26C-P2B), Vout_3, Net-(U26A-P0B), 0err_hi, Net-(D26-+), but Net-(D26-+) then failed; undone
FAIL IREF1: island 0 (269 cells; R29.1 U106.6) to island 1 (J9.4), gap 26.3 mm
     IREF1            done in 49.9 s (1 failed)
     ena_out_2        done in 0.0 s
     Net-(D7--)       done in 0.0 s
     Net-(D5-+)       done in 0.0 s
     IREF2            done in 0.0 s
     Net-(C8-Pad2)    done in 0.0 s
     Net-(U103A-A)    done in 0.0 s
rip  Reset_raw        ripping 12V, IREF3, 5V, Verr1 did not free a path
rip  Reset_raw        ripping 0A_hi, Verr1, 12V, 5V, IREF3, Net-(U4-In+), Net-(U102B-A) did not free a path
FAIL Reset_raw: island 0 (120 cells; U101.4) to island 1 (U5.1), gap 22.4 mm
     Reset_raw        done in 19.7 s (1 failed)
     Net-(U102A-Y)    done in 0.0 s
     Net-(U102D-Y)    done in 0.0 s
     ARD_M1_INHIBIT   done in 0.0 s
     ena_out_3        done in 0.0 s
     Net-(D20--)      done in 0.0 s
     M1_ON            done in 0.0 s
     Net-(D20-+)      done in 0.0 s
     ena_out_1        done in 0.0 s
     out_3_on         done in 0.0 s
     set-             done in 0.0 s
     Net-(U101A-Y)    done in 0.0 s
rip  SDA              ripping Net-(U103B-Y), Net-(U26B-P1B), M1_ON, Net-(U26E-HVC{slash}A0) did not free a path
rip  SDA              ripped Net-(U26E-HVC{slash}A0), ARD_M1_INHIBIT, Net-(U103B-Y), analog_5V, Net-(U26B-P1B), SCL, M1_ON, out_3_on, but analog_5V then failed; undone
rip  SDA              ripped 12V, Voltage_err_1, Net-(U26A-P0B), .1Vref_1, SCL, IREF2, IREF2_input, analog_5V, Net-(U3-In-), .1Vref_2, Reset_raw, IREF3_input, but IREF2_input then failed; undone
FAIL SDA: island 0 (309 cells; J9.8) to island 1 (U26.6), gap 11.1 mm
     SDA              done in 49.7 s (1 failed)
rip  out_2_on         ripping Net-(D24-+), 0err_hi, out_3_on, RESET- did not free a path
rip  out_2_on         ripped Net-(D24-+), M1_ON, out_3_on, Out-, analog_5V, 0err_hi, M2_ON, VerrGT0, but 0err_hi then failed; undone
rip  out_2_on         ripped and re-routed M1_ON, analog_5V, Net-(U103B-Y), RESET-, Net-(D24-+)
     ok   analog_5V          1.1 mm, 1 via(s) 0.5/0.3, w 0.40, gap 0.4
     ok   analog_5V          0.9 mm, 1 via(s) 0.5/0.3, w 0.40, gap 0.7
     ok   analog_5V          7.0 mm, 1 via(s) 0.5/0.3, w 0.40, gap 3.3
     ok   analog_5V          4.3 mm, 0 via(s), w 0.40, gap 3.8
     ok   analog_5V          4.6 mm, 2 via(s) 0.5/0.3, w 0.40, gap 3.9
     ok   analog_5V          5.9 mm, 1 via(s) 0.5/0.3, w 0.40, gap 5.0
     ok   analog_5V          9.8 mm, 0 via(s), w 0.30, gap 8.9
     ok   analog_5V         29.8 mm, 3 via(s) 0.5/0.3, w 0.40, gap 9.5
     ok   analog_5V         13.4 mm, 1 via(s) 0.5/0.3, w 0.40, gap 11.7
     ok   analog_5V         21.7 mm, 1 via(s) 0.5/0.3, w 0.40, gap 19.0
     ok   Net-(D24-+)        3.7 mm, 1 via(s) 0.5/0.3, w 0.15, gap 0.8
     ok   Net-(D24-+)       78.8 mm, 6 via(s) 0.5/0.3, w 0.20, gap 45.1
     ok   Net-(U103B-Y)     38.3 mm, 3 via(s) 0.5/0.3, w 0.15, gap 33.2
     ok   M1_ON             24.2 mm, 4 via(s) 0.5/0.3, w 0.20, gap 8.9
     ok   M1_ON             15.6 mm, 0 via(s), w 0.20, gap 12.5
     ok   RESET-             5.3 mm, 0 via(s), w 0.20, gap 4.6
     out_2_on         done in 42.8 s
     M2_ON            done in 0.0 s
     Net-(C17-Pad2)   done in 0.0 s
ok   Net-(C9-Pad2)     19.9 mm, 2 via(s) 0.5/0.3, w 0.20, gap 9.5
     Net-(C9-Pad2)    done in 0.2 s
     SCL              done in 0.0 s
     Net-(U18-Q3)     done in 0.0 s
     RESET-           done in 0.0 s
     Out              done in 0.0 s
     M1_INHIBIT       done in 0.0 s
     Vref_3_arduino   done in 0.0 s
     Vref_2_arduino   done in 0.0 s
     Net-(D7-+)       done in 0.0 s
     Vref_1_arduino   done in 0.0 s
     Net-(U26E-HVC{slash}A0) done in 0.0 s
     Net-(U26E-A1)    done in 0.0 s
rip  Net-(U26E-~{RESET}) ripped Net-(U26C-P2B), ARD_M1_INHIBIT, IREF3_input, 5V, but 5V then failed; undone
rip  Net-(U26E-~{RESET}) ripped Net-(U26C-P2B), IREF3_input, ARD_M1_INHIBIT, SCL, IREF2, Net-(U26A-P0B), Net-(U26E-A1), Vref_3, but SCL then failed; undone
rip  Net-(U26E-~{RESET}) ripped Net-(U26E-A1), Vref_3_arduino, .1Vref_3, Vref_3, Net-(U26C-P2B), but Net-(U26C-P2B) then failed; undone
FAIL Net-(U26E-~{RESET}): island 0 (74 cells; R103.2) to island 1 (U26.15), gap 2.7 mm
     Net-(U26E-~{RESET}) done in 34.4 s (1 failed)
     Net-(C19-Pad1)   done in 0.0 s
ok   5V                 1.0 mm, 0 via(s), w 0.40, gap 0.0
     5V               done in 0.9 s
rip  GND              ripped and re-routed Output1_drain, Net-(U102A-Y), .1Vref_2, Net-(D7--)
     ok   .1Vref_2           1.2 mm, 0 via(s), w 0.20, gap 0.9
     ok   .1Vref_2          28.6 mm, 2 via(s) 0.5/0.3, w 0.20, gap 24.4
     ok   .1Vref_2          35.2 mm, 2 via(s) 0.5/0.3, w 0.20, gap 30.6
     ok   Output1_drain     26.0 mm, 1 via(s) 0.5/0.3, w 0.30, gap 18.4
     ok   Net-(D7--)         1.1 mm, 0 via(s), w 0.20, gap 0.8
     ok   Net-(D7--)        31.5 mm, 3 via(s) 0.5/0.3, w 0.20, gap 28.1
     ok   Net-(U102A-Y)     44.2 mm, 7 via(s) 0.5/0.3, w 0.20, gap 29.9
ok   GND                0.2 mm, 1 via(s) 0.5/0.3, w 0.30, gap 0.0
rip  GND              ripped Net-(U24-In+), analog_5V, Net-(U106B-B), Net-(U26A-P0B), but Net-(U106B-B) then failed; undone
rip  GND              ripped Net-(U24-In+), Net-(U13-In-), analog_5V, Net-(U106B-B), Net-(U23-In+), IREF2, Net-(U26A-P0B), Net-(D25-+), but Net-(D25-+) then failed; undone
rip  GND              ripped and re-routed Net-(U26A-P0B), analog_5V, Out-
     ok   analog_5V          1.1 mm, 1 via(s) 0.5/0.3, w 0.40, gap 0.4
     ok   analog_5V          0.9 mm, 1 via(s) 0.5/0.3, w 0.40, gap 0.7
     ok   analog_5V          7.0 mm, 1 via(s) 0.5/0.3, w 0.40, gap 3.3
     ok   analog_5V          4.3 mm, 0 via(s), w 0.40, gap 3.8
     ok   analog_5V          4.6 mm, 2 via(s) 0.5/0.3, w 0.40, gap 3.9
     ok   analog_5V          6.0 mm, 1 via(s) 0.5/0.3, w 0.40, gap 5.0
     ok   analog_5V         10.0 mm, 0 via(s), w 0.30, gap 8.9
     ok   analog_5V         29.9 mm, 3 via(s) 0.5/0.3, w 0.40, gap 9.5
     ok   analog_5V         14.9 mm, 1 via(s) 0.5/0.3, w 0.40, gap 11.7
     ok   analog_5V         21.7 mm, 1 via(s) 0.5/0.3, w 0.40, gap 19.0
     ok   Net-(U26A-P0B)     1.5 mm, 1 via(s) 0.5/0.3, w 0.20, gap 1.3
     ok   Net-(U26A-P0B)    18.5 mm, 2 via(s) 0.5/0.3, w 0.20, gap 5.6
     ok   Net-(U26A-P0B)    15.7 mm, 1 via(s) 0.5/0.3, w 0.20, gap 11.7
     ok   Out-               2.8 mm, 0 via(s), w 0.20, gap 2.1
     ok   Out-               4.4 mm, 1 via(s) 0.5/0.3, w 0.20, gap 2.7
     ok   Out-               3.8 mm, 0 via(s), w 0.20, gap 3.2
     ok   Out-              28.5 mm, 3 via(s) 0.5/0.3, w 0.20, gap 4.4
     ok   Out-               6.4 mm, 0 via(s), w 0.20, gap 5.8
     ok   Out-              12.8 mm, 2 via(s) 0.5/0.3, w 0.20, gap 11.5
     ok   Out-              18.4 mm, 3 via(s) 0.5/0.3, w 0.20, gap 13.1
FAIL GND: island 0 (155417 cells; C10.1 C43.2 R46.1 U3.2 +102) to island 1 (R97.2), gap 0.0 mm
ok   GND                0.6 mm, 1 via(s) 0.5/0.3, w 0.30, gap 0.0
ok   GND                5.9 mm, 0 via(s), w 0.30, gap 0.0
FAIL GND: island 0 (155426 cells; C10.1 C43.2 R46.1 U3.2 +104) to island 2 (C68.2 U13.2 R88.2), gap 0.0 mm
FAIL GND: island 0 (155426 cells; C10.1 C43.2 R46.1 U3.2 +104) to island 3 (C100.2), gap 0.0 mm
FAIL GND: island 1 (307 cells; R97.2) to island 2 (C68.2 U13.2 R88.2), gap 0.3 mm
FAIL GND: island 2 (1187 cells; C68.2 U13.2 R88.2) to island 3 (C100.2), gap 0.4 mm
FAIL GND: island 1 (307 cells; R97.2) to island 3 (C100.2), gap 5.1 mm
     GND              done in 95.6 s (6 failed)
tracks 3413, vias 429, failures 15, 522 s
