board rasterised in 0.8 s
loaded 2366 committed route items
prot Current          track zone on In5.Cu/B.Cu, via zone all layers; 6 nets exempt in the track zone
     Current          sensitive, 0.0 s
prot Net-(U2-In+)     track zone on F.Cu/In5.Cu/B.Cu, via zone all layers; 9 nets exempt in the track zone
     Net-(U2-In+)     sensitive, 0.1 s
prot V_err            track zone on F.Cu/B.Cu, via zone all layers; 11 nets exempt in the track zone (logic nets only)
     V_err            sensitive, 0.1 s
     Net-(U4-In+)     done in 0.0 s
     Net-(U14-In+)    done in 0.0 s
     Net-(U21-In+)    done in 0.0 s
     Net-(U21-In-)    done in 0.0 s
     Net-(Q1-E)       done in 0.0 s


fan  GND              U28.4: nearest via needs 1.6 mm, not fanned out
fan  GND              C37.1: no via reachable
fan  GND              C26.2: no via reachable
fan  GND              C68.2: no via reachable
fan  GND              U21.2: no via reachable
fan  GND              U4.2: nearest via needs 3.6 mm, not fanned out
fan  GND              U13.2: no via reachable
fan  GND              C36.1: nearest via needs 3.1 mm, not fanned out
fan  GND              U23.2: nearest via needs 1.9 mm, not fanned out
fan  GND              U26.7: no via reachable
     FANOUT:GND       0 vias, 10 pads skipped, 0.4 s
fan  5V               C26.1: no via reachable
fan  5V               C24.1: no via reachable
fan  5V               U5.5: no via reachable
fan  5V               C29.1: no via reachable
fan  5V               U4.5: no via reachable
     FANOUT:5V        0 vias, 5 pads skipped, 0.2 s

     analog_5V        done in 0.0 s
rip  12V              ripped Net-(C8-Pad2), Net-(U23-In+), Net-(U103A-A), Net-(U106A-B), but Net-(U23-In+) then failed; undone
rip  12V              ripped Net-(C8-Pad2), Net-(U106A-B), Net-(D24-+), Net-(U23-In+), Net-(U103A-A), Net-(U102B-A), 0err_hi, Verr1, but 0err_hi then failed; undone
rip  12V              ripped Net-(D24-+), Net-(D26-+), Net-(U106A-B), Verr2, Net-(U106C-B), Net-(U23-In+), Output3_drain, 5V, .1Vout_3, Net-(D25-+), Net-(U102B-A), 0err_hi, but Net-(U106C-B) then failed; undone
FAIL 12V: island 0 (2191 cells; J9.9 J11.19) to island 1 (R84.1), gap 15.0 mm
     12V              done in 34.7 s (1 failed)
     .1Vref_2         done in 0.0 s
     Net-(U106A-B)    done in 0.0 s
     Net-(U23-In+)    done in 0.0 s
     Voltage_err_2    done in 0.0 s
     IREF2_input      done in 0.0 s
     IREF3_input      done in 0.0 s
     Net-(D25-+)      done in 0.0 s
rip  .1Vref_3         ripping Net-(D26-+), Net-(U24-In+), 12V, IREF2 did not free a path
rip  .1Vref_3         ripped analog_5V, Net-(U106A-B), Out-, Net-(U102C-A), Net-(U26A-P0B), Net-(D26-+), ena_out_1, Net-(D25-+), but Net-(U26A-P0B) then failed; undone
rip  .1Vref_3         ripped Net-(U106A-B), 0A_hi, Net-(D25-+), Net-(U24-In+), .1Vref_2, but Net-(D25-+) then failed; undone
FAIL .1Vref_3: island 0 (271 cells; R41.2 D23.1) to island 1 (C42.1 U13.3), gap 16.5 mm
     .1Vref_3         done in 24.5 s (1 failed)
rip  Net-(D4-+)       ripped 0err_hi, Net-(D3-+), Net-(U106A-B), but 0err_hi then failed; undone
rip  Net-(D4-+)       ripped 0err_hi, Net-(U106A-B), Net-(Q1-E), Net-(D23-+), Net-(D3-+), Vref_2, but Net-(D23-+) then failed; undone
rip  Net-(D4-+)       ripped Net-(D23-+), Net-(Q1-E), 0err_hi, Net-(U22-In+), but Net-(U22-In+) then failed; undone
FAIL Net-(D4-+): island 0 (448 cells; D4.2 Q1.1) to island 1 (R65.1), gap 20.6 mm
     Net-(D4-+)       done in 20.1 s (1 failed)
     Net-(U106C-A)    done in 0.0 s
     Net-(U106C-B)    done in 0.0 s
rip  Output1_drain    ripped Net-(U7-In-), .1Vout_2, Net-(D25-+), Net-(C17-Pad2), but Net-(D25-+) then failed; undone
rip  Output1_drain    ripped Net-(U7-In-), .1Vout_2, Net-(C17-Pad2), Net-(D25-+), Net-(D20--), Net-(D7--), Vout_2, Net-(U106C-A), but Net-(U7-In-) then failed; undone
rip  Output1_drain    ripped IREF2, M2_ON, out_2_on, Net-(C9-Pad2), Out-, .1Vref_2, Vout_2, .1Vout_2, 5V, but .1Vout_2 then failed; undone
FAIL Output1_drain: island 0 (222 cells; J11.14) to island 1 (R94.1), gap 18.4 mm
     Output1_drain    done in 15.5 s (1 failed)
     .1Vref_1         done in 0.0 s
     Net-(U7-In-)     done in 0.0 s
     Net-(U26B-P1B)   done in 0.0 s
rip  Net-(D26-+)      ripped Net-(U106C-B), Net-(D25-+), Net-(U106A-A), analog_5V, but Net-(D25-+) then failed; undone
rip  Net-(D26-+)      ripped Net-(U106C-B), Net-(D25-+), analog_5V, Output3_drain, Net-(U106A-A), Net-(D24-+), 0err_hi, Out-, but Net-(U106C-B) then failed; undone
rip  Net-(D26-+)      ripped and re-routed Net-(D25-+), Net-(U106A-B), Net-(D24-+), analog_5V, Net-(U106C-B)
     ok   analog_5V          1.1 mm, 1 via(s) 0.5/0.3, w 0.40, gap 0.4
     ok   analog_5V          2.4 mm, 1 via(s) 0.5/0.3, w 0.40, gap 0.7
     ok   analog_5V          6.7 mm, 2 via(s) 0.5/0.3, w 0.40, gap 3.3
     ok   analog_5V          4.3 mm, 0 via(s), w 0.40, gap 3.8
     ok   analog_5V          5.3 mm, 2 via(s) 0.5/0.3, w 0.40, gap 3.9
     ok   analog_5V          7.2 mm, 2 via(s) 0.5/0.3, w 0.40, gap 5.0
     ok   analog_5V         95.5 mm, 2 via(s) 0.5/0.3, w 0.40, gap 8.4
     ok   analog_5V          0.6 mm, 0 via(s), w 0.40, gap 0.0
     ok   analog_5V         10.2 mm, 1 via(s) 0.5/0.3, w 0.40, gap 9.3
     ok   analog_5V         14.0 mm, 0 via(s), w 0.40, gap 11.7
     ok   Net-(U106A-B)      0.0 mm, 1 via(s) 0.5/0.3, w 0.20, gap 0.0
     ok   Net-(U106A-B)     91.9 mm, 6 via(s) 0.5/0.3, w 0.15, gap 12.3
     ok   Net-(U106A-B)      6.7 mm, 0 via(s), w 0.20, gap 4.1
     ok   Net-(D25-+)       55.9 mm, 6 via(s) 0.5/0.3, w 0.15, gap 2.4
     ok   Net-(D25-+)        5.8 mm, 1 via(s) 0.5/0.3, w 0.20, gap 1.2
     ok   Net-(D25-+)       17.2 mm, 1 via(s) 0.5/0.3, w 0.15, gap 8.7
     ok   Net-(U106C-B)      5.6 mm, 0 via(s), w 0.20, gap 4.8
     ok   Net-(U106C-B)     14.2 mm, 1 via(s) 0.5/0.3, w 0.20, gap 10.5
     ok   Net-(U106C-B)     12.7 mm, 0 via(s), w 0.20, gap 10.9
     ok   Net-(D24-+)        3.7 mm, 1 via(s) 0.5/0.3, w 0.15, gap 0.8
     ok   Net-(D24-+)       76.9 mm, 5 via(s) 0.5/0.3, w 0.20, gap 45.1
     Net-(D26-+)      done in 32.2 s
rip  Net-(U26A-P0B)   ripped analog_5V, Net-(D25-+), IREF1, Net-(U106B-A), but Net-(D25-+) then failed; undone
rip  Net-(U26A-P0B)   ripped analog_5V, Net-(D25-+), Net-(U106B-A), IREF1, ena_out_3, Net-(U24-In+), IREF2, Net-(D26-+), but Net-(U24-In+) then failed; undone
rip  Net-(U26A-P0B)   ripped Net-(U106A-B), Voltage_err_2, Net-(D25-+), analog_5V, ena_out_3, Net-(U106B-A), Net-(D24-+), Net-(U24-In+), but Net-(D25-+) then failed; undone
FAIL Net-(U26A-P0B): island 0 (208 cells; R54.1 C100.1) to island 1 (R29.2), gap 5.1 mm
rip  Net-(U26A-P0B)   ripping Vref_3, Net-(U26E-A1), 5V, ARD_M1_INHIBIT did not free a path
rip  Net-(U26A-P0B)   ripping Vref_3, Net-(U26C-P2B), ARD_M1_INHIBIT, 5V, Net-(U26E-A1), 0A_hi, Reset_raw, SCL did not free a path
rip  Net-(U26A-P0B)   ripped 0A_hi, Vref_3, Net-(D26-+), ARD_M1_INHIBIT, analog_5V, .1Vref_2, but Net-(D26-+) then failed; undone
FAIL Net-(U26A-P0B): island 0 (208 cells; R54.1 C100.1) to island 2 (U26.13), gap 12.7 mm
rip  Net-(U26A-P0B)   ripping Net-(U26E-A1), Vref_3, 5V, ARD_M1_INHIBIT did not free a path
rip  Net-(U26A-P0B)   ripping Vref_3, Net-(U26C-P2B), ARD_M1_INHIBIT, 5V, Net-(U26E-A1), 0A_hi, Reset_raw, SCL did not free a path
rip  Net-(U26A-P0B)   ripped Vref_1, .1Vref_1, Voltage_err_1, Voltage_err_2, Net-(U106A-B), Vref_3, analog_5V, Net-(D26-+), ena_out_3, .1Vref_2, Net-(U106B-A), Net-(D25-+), but analog_5V then failed; undone
FAIL Net-(U26A-P0B): island 1 (136 cells; R29.2) to island 2 (U26.13), gap 21.3 mm
     Net-(U26A-P0B)   done in 67.1 s (3 failed)
     Vout_2           done in 0.0 s
rip  IREF1_input      ripping Vref_3, 5V, Net-(U26E-A1), ARD_M1_INHIBIT did not free a path
rip  IREF1_input      ripped Vref_3, ARD_M1_INHIBIT, 5V, Net-(U26E-A1), IREF2_input, 0A_hi, Net-(U26C-P2B), Reset_raw, but IREF2_input then failed; undone
rip  IREF1_input      ripped Vref_1, Voltage_err_1, Vref_3, Net-(U26E-A1), but Vref_1 then failed; undone
FAIL IREF1_input: island 0 (228 cells; J11.26) to island 1 (U26.12), gap 13.5 mm
     IREF1_input      done in 7.6 s (1 failed)
     Vref_1           done in 0.0 s
     Net-(D23-+)      done in 0.0 s
rip  Output2_drain    ripping Net-(D25-+), Net-(U106A-A), Out-, Net-(U24-In+) did not free a path
rip  Output2_drain    ripping Net-(D25-+), analog_5V, Net-(U106C-B), Net-(U106A-B), Net-(U106A-A), Net-(U106B-A), ena_out_3, Out- did not free a path
rip  Output2_drain    ripped Voltage_err_2, Net-(D26-+), Net-(U106A-B), Vout_2, Net-(U3-In-), analog_5V, but Voltage_err_2 then failed; undone
FAIL Output2_drain: island 0 (228 cells; J11.16) to island 1 (R25.1), gap 13.1 mm
     Output2_drain    done in 15.3 s (1 failed)
rip  Net-(U106B-B)    ripped and re-routed Net-(D25-+), Net-(U106B-A), analog_5V, IREF2
     ok   analog_5V          1.1 mm, 1 via(s) 0.5/0.3, w 0.40, gap 0.4
     ok   analog_5V          2.4 mm, 1 via(s) 0.5/0.3, w 0.40, gap 0.7
     ok   analog_5V          6.3 mm, 2 via(s) 0.5/0.3, w 0.40, gap 3.3
     ok   analog_5V          4.3 mm, 0 via(s), w 0.40, gap 3.8
     ok   analog_5V          5.3 mm, 2 via(s) 0.5/0.3, w 0.40, gap 3.9
     ok   analog_5V          6.8 mm, 2 via(s) 0.5/0.3, w 0.40, gap 5.0
     ok   analog_5V         12.0 mm, 1 via(s) 0.5/0.3, w 0.30, gap 8.4
     ok   analog_5V         33.7 mm, 3 via(s) 0.5/0.3, w 0.40, gap 9.5
     ok   analog_5V         13.9 mm, 1 via(s) 0.5/0.3, w 0.40, gap 11.7
     ok   analog_5V         22.3 mm, 1 via(s) 0.5/0.3, w 0.40, gap 19.0
     ok   Net-(D25-+)       58.1 mm, 7 via(s) 0.5/0.3, w 0.15, gap 2.4
     ok   Net-(D25-+)        5.8 mm, 1 via(s) 0.5/0.3, w 0.20, gap 0.0
     ok   Net-(D25-+)       40.3 mm, 2 via(s) 0.5/0.3, w 0.20, gap 8.7
     ok   Net-(U106B-A)      0.9 mm, 0 via(s), w 0.20, gap 0.7
     ok   Net-(U106B-A)      1.5 mm, 1 via(s) 0.5/0.3, w 0.20, gap 1.1
     ok   IREF2             17.9 mm, 1 via(s) 0.5/0.3, w 0.20, gap 9.1
     ok   IREF2             35.4 mm, 4 via(s) 0.5/0.3, w 0.20, gap 18.6
rip  Net-(U106B-B)    ripping analog_5V, Net-(U106A-B), Net-(U106C-B), 12V did not free a path
rip  Net-(U106B-B)    ripping analog_5V, Net-(U106C-B), Net-(D26-+), Net-(U106A-B), Net-(D25-+), 12V, Net-(U26A-P0B), .1Vref_3 did not free a path
FAIL Net-(U106B-B): island 1 (342 cells; U106.4 C64.1) to island 2 (R93.1), gap 3.6 mm
ok   Net-(U106B-B)     10.0 mm, 0 via(s), w 0.20, gap 7.4
rip  Net-(U106B-B)    ripping analog_5V, Net-(U106A-B), Net-(U106C-B), 12V did not free a path
rip  Net-(U106B-B)    ripping analog_5V, Net-(U106C-B), Net-(D26-+), Net-(U106A-B), Net-(D25-+), 12V, Net-(U26A-P0B), Net-(U24-In+) did not free a path
FAIL Net-(U106B-B): island 0 (617 cells; U106.4 U23.4 C64.1) to island 1 (R93.1), gap 3.6 mm
     Net-(U106B-B)    done in 20.1 s (2 failed)
     Net-(U26C-P2B)   done in 0.0 s
     Verr1            done in 0.0 s
rip  Voltage_err_1    ripped Vref_3, IREF2_input, Reset_raw, 0A_hi, but IREF2_input then failed; undone
rip  Voltage_err_1    ripped 0A_hi, analog_5V, Vref_3, ARD_M1_INHIBIT, IREF2, IREF2_input, Net-(U106A-B), .1Vref_2, but IREF2_input then failed; undone
rip  Voltage_err_1    ripped Reset_raw, Vref_3, IREF2_input, .1Vref_1, but .1Vref_1 then failed; undone
FAIL Voltage_err_1: island 0 (76 cells; U3.1) to island 1 (R27.1 R3.1), gap 1.2 mm
     Voltage_err_1    done in 21.5 s (1 failed)
rip  Voltage_err_3    ripping Net-(U106C-B), Output3_drain, Net-(D26-+), Net-(D24-+) did not free a path
rip  Voltage_err_3    ripped Net-(U106C-B), Net-(D26-+), analog_5V, Net-(D25-+), Output3_drain, Net-(U106A-B), Net-(D24-+), Net-(U106A-A), but Net-(D25-+) then failed; undone
rip  Voltage_err_3    ripped Net-(U106C-B), Voltage_err_2, Net-(U106A-B), analog_5V, Net-(D26-+), Output3_drain, IREF2, 12V, but Voltage_err_2 then failed; undone
FAIL Voltage_err_3: island 0 (70 cells; R45.1) to island 2 (R40.1), gap 3.3 mm
rip  Voltage_err_3    ripping analog_5V, Net-(U106A-A), Net-(D25-+), 12V did not free a path
rip  Voltage_err_3    ripping analog_5V, Net-(U106C-B), Net-(D24-+), Net-(U106A-B), Net-(U106A-A), Net-(D25-+), Voltage_err_2, Out- did not free a path
rip  Voltage_err_3    ripped Net-(U106B-B), analog_5V, Voltage_err_2, Net-(U23-In+), ena_out_3, IREF2, but Net-(U23-In+) then failed; undone
FAIL Voltage_err_3: island 1 (77 cells; U13.1) to island 2 (R40.1), gap 4.6 mm
rip  Voltage_err_3    ripping Net-(U106C-B), Output3_drain, Net-(D26-+), Net-(D24-+) did not free a path
rip  Voltage_err_3    ripping Net-(U106C-B), Net-(D26-+), analog_5V, Net-(D25-+), Output3_drain, Net-(U106A-B), Net-(D24-+), 12V did not free a path
rip  Voltage_err_3    ripped Voltage_err_2, Net-(U106B-B), Net-(D26-+), Net-(U106A-B), .1Vref_3, Net-(U106C-B), Net-(U24-In+), analog_5V, 12V, Output3_drain, .1Vref_1, but Voltage_err_2 then failed; undone
FAIL Voltage_err_3: island 0 (70 cells; R45.1) to island 1 (U13.1), gap 7.9 mm
     Voltage_err_3    done in 55.0 s (3 failed)
     Output3_drain    done in 0.0 s
     Vref_2           done in 0.0 s
rip  Net-(U24-In+)    ripped Net-(U26A-P0B), Net-(D26-+), .1Vref_3, IREF2, but .1Vref_3 then failed; undone
rip  Net-(U24-In+)    ripped analog_5V, .1Vref_3, Net-(U106A-B), Net-(D25-+), 12V, Net-(U106C-B), Net-(D26-+), Net-(U26A-P0B), but .1Vref_3 then failed; undone
rip  Net-(U24-In+)    ripped .1Vref_3, Net-(D26-+), but .1Vref_3 then failed; undone
FAIL Net-(U24-In+): island 0 (79 cells; U24.3) to island 2 (C68.1), gap 1.1 mm
rip  Net-(U24-In+)    ripped analog_5V, IREF1, ena_out_3, Net-(U106B-B), but Net-(U106B-B) then failed; undone
rip  Net-(U24-In+)    ripped analog_5V, IREF2, Net-(U106A-A), Out-, IREF1, Net-(U106B-A), Voltage_err_2, Net-(D25-+), but Net-(U106B-A) then failed; undone
rip  Net-(U24-In+)    ripped Net-(U106B-B), ena_out_3, analog_5V, .1Vref_3, but .1Vref_3 then failed; undone
FAIL Net-(U24-In+): island 1 (175 cells; R96.2 R97.1) to island 2 (C68.1), gap 3.7 mm
rip  Net-(U24-In+)    ripping Net-(U26A-P0B), Net-(D26-+), .1Vref_3, 12V did not free a path
rip  Net-(U24-In+)    ripped analog_5V, .1Vref_3, Net-(U106A-B), Net-(U106C-B), Net-(D25-+), 12V, Net-(D26-+), Net-(U26A-P0B), but analog_5V then failed; undone
rip  Net-(U24-In+)    ripped Voltage_err_2, Net-(U106A-B), Net-(U26A-P0B), IREF2, ena_out_3, Net-(D24-+), analog_5V, but Net-(U106A-B) then failed; undone
FAIL Net-(U24-In+): island 0 (79 cells; U24.3) to island 1 (R96.2 R97.1), gap 5.4 mm
     Net-(U24-In+)    done in 78.1 s (3 failed)
rip  Net-(U13-In-)    ripped analog_5V, Net-(U106A-A), Net-(D25-+), 12V, but 12V then failed; undone
rip  Net-(U13-In-)    ripped analog_5V, Net-(U106A-B), Net-(U106C-B), Net-(D24-+), Net-(U106A-A), Net-(D25-+), Net-(U24-In+), Voltage_err_2, but Voltage_err_2 then failed; undone
rip  Net-(U13-In-)    ripped Net-(D25-+), IREF2, Voltage_err_2, but Net-(D25-+) then failed; undone
FAIL Net-(U13-In-): island 0 (69 cells; R39.1) to island 2 (R40.2), gap 0.7 mm
rip  Net-(U13-In-)    ripped analog_5V, Net-(U106A-A), Net-(D25-+), 12V, but 12V then failed; undone
rip  Net-(U13-In-)    ripped analog_5V, Net-(U106A-B), Net-(U106C-B), Net-(D24-+), Net-(U106A-A), Net-(D25-+), Net-(U24-In+), Voltage_err_2, but Net-(U24-In+) then failed; undone
rip  Net-(U13-In-)    ripped analog_5V, Net-(U23-In+), but Net-(U23-In+) then failed; undone
FAIL Net-(U13-In-): island 0 (69 cells; R39.1) to island 1 (U13.4), gap 6.6 mm
rip  Net-(U13-In-)    ripping analog_5V, Out-, Net-(U106B-B), Net-(U102C-A) did not free a path
rip  Net-(U13-In-)    ripping analog_5V, Net-(U102C-A), Net-(U106B-B), Net-(U23-In+), .1Vref_3, Out-, Net-(U102B-A), ena_out_1 did not free a path
rip  Net-(U13-In-)    ripped Voltage_err_2, .1Vref_3, Net-(U106A-B), Net-(U106B-B), Net-(U24-In+), Net-(D25-+), Net-(D26-+), IREF2, 12V, analog_5V, but Net-(D25-+) then failed; undone
FAIL Net-(U13-In-): island 1 (76 cells; U13.4) to island 2 (R40.2), gap 6.9 mm
     Net-(U13-In-)    done in 71.0 s (3 failed)
     Net-(U3-In-)     done in 0.0 s
     Verr2            done in 0.0 s
     Net-(U22-In+)    done in 0.0 s
     Verr3            done in 0.0 s
     Vref_3           done in 0.0 s
rip  .1Vout_3         ripping Net-(D25-+), Net-(U106A-A), Net-(D24-+), analog_5V did not free a path
rip  .1Vout_3         ripped analog_5V, Net-(U106C-B), Net-(D25-+), Net-(U106A-A), IREF2, Net-(D24-+), Out-, Net-(D26-+), but Net-(U106C-B) then failed; undone
rip  .1Vout_3         ripped Net-(U106C-B), Net-(U106A-B), Voltage_err_2, Net-(D25-+), 12V, IREF2, Net-(D24-+), Net-(D26-+), .1Vref_1, Output3_drain, but Net-(D25-+) then failed; undone
FAIL .1Vout_3: island 0 (229 cells; R42.1 R43.1) to island 1 (R39.2), gap 2.8 mm
     .1Vout_3         done in 20.1 s (1 failed)
     Net-(U106A-A)    done in 0.0 s
     Net-(U106B-A)    done in 0.0 s
     Vout_1           done in 0.0 s
     Vout_3           done in 0.0 s
ok   .1Vout_1           0.8 mm, 1 via(s) 0.5/0.3, w 0.20, gap 0.1
     .1Vout_1         done in 0.1 s
     Net-(D4--)       done in 0.0 s
     Net-(D3-+)       done in 0.0 s
     .1Vout_2         done in 0.0 s
     Net-(D24-+)      done in 0.0 s
     VerrGT0          done in 0.0 s
     0err_hi          done in 0.0 s
     Out-             done in 0.0 s
rip  Net-(U103B-Y)    ripping VerrGT0, Net-(D4-+), 5V, 0err_hi did not free a path
rip  Net-(U103B-Y)    ripping 5V, Net-(D4-+), 0err_hi, VerrGT0, Net-(U26B-P1B), Net-(D4--), ARD_M1_INHIBIT, M1_ON did not free a path
rip  Net-(U103B-Y)    ripped IREF2, Net-(U26B-P1B), Net-(U26E-HVC{slash}A0), 0err_hi, analog_5V, Net-(D25-+), SDA, .1Vref_2, Net-(U106A-B), Net-(U101A-Y), Net-(U26A-P0B), but Net-(D25-+) then failed; undone
FAIL Net-(U103B-Y): island 0 (115 cells; U103.6) to island 1 (U104.9), gap 33.2 mm
     Net-(U103B-Y)    done in 18.5 s (1 failed)
rip  Net-(D5--)       ripping Net-(D25-+), ena_out_1, Out-, Net-(U7-In-) did not free a path
rip  Net-(D5--)       ripped Net-(D25-+), Out-, Net-(U23-In+), Net-(U7-In-), ena_out_1, analog_5V, .1Vref_2, Net-(D20--), but .1Vref_2 then failed; undone
rip  Net-(D5--)       ripped ena_out_3, 5V, 0err_hi, Net-(D25-+), Net-(D24-+), IREF2, Net-(U23-In+), Net-(D5-+), analog_5V, Output3_drain, Net-(U7-In-), but Net-(U23-In+) then failed; undone
FAIL Net-(D5--): island 0 (118 cells; U105.3) to island 1 (R64.2 D5.1), gap 31.2 mm
     Net-(D5--)       done in 18.7 s (1 failed)
rip  low_error_timeout ripped Net-(U14-In+), Net-(D4-+), Net-(D4--), M1_ON, but Net-(D4-+) then failed; undone
rip  low_error_timeout ripped Net-(U14-In+), Net-(D4-+), analog_5V, 5V, VerrGT0, Net-(D4--), Net-(U26B-P1B), M1_ON, but Net-(D4-+) then failed; undone
rip  low_error_timeout ripped Out-, VerrGT0, M1_ON, Net-(U102A-Y), set-, Net-(U101A-Y), Net-(U26B-P1B), Net-(C19-Pad1), 5V, M1_INHIBIT, 0err_hi, Net-(D4-+), but 0err_hi then failed; undone
FAIL low_error_timeout: island 0 (692 cells; U18.14 D6.1) to island 1 (U14.1 R71.2 R67.1), gap 17.0 mm
     low_error_timeout done in 16.2 s (1 failed)
     Net-(U102B-A)    done in 0.0 s
rip  Net-(U102C-A)    ripping Net-(C8-Pad2), 0err_hi, Net-(U103A-A), Net-(U106A-B) did not free a path
rip  Net-(U102C-A)    ripped Net-(C8-Pad2), Net-(U106A-B), Verr1, 0err_hi, Net-(U102B-A), Net-(U23-In+), Net-(U103A-A), Net-(U21-In+), but Net-(U23-In+) then failed; undone
rip  Net-(U102C-A)    ripped Net-(D24-+), Net-(U26A-P0B), Net-(D26-+), 0err_hi, IREF2, Net-(U106A-B), .1Vref_3, but .1Vref_3 then failed; undone
FAIL Net-(U102C-A): island 0 (619 cells; U18.2 U102.10) to island 1 (U28.10), gap 20.5 mm
     Net-(U102C-A)    done in 12.7 s (1 failed)
     0A_hi            done in 0.0 s
rip  IREF3            ripping 5V, IREF2, VerrGT0, Net-(U102B-A) did not free a path
rip  IREF3            ripping IREF2, 5V, VerrGT0, Net-(U106B-A), Voltage_err_2, Net-(U106C-B), ena_out_3, Net-(D25-+) did not free a path
rip  IREF3            ripped .1Vref_1, Net-(U26C-P2B), Out-, ena_out_3, Net-(U106C-B), Net-(D25-+), 0A_hi, Net-(D24-+), IREF2, Net-(U106A-B), Output3_drain, Voltage_err_2, but Net-(U106C-B) then failed; undone
FAIL IREF3: island 0 (531 cells; R57.1 J9.6) to island 1 (U106.13), gap 27.7 mm
     IREF3            done in 13.7 s (1 failed)
rip  IREF1            ripping Net-(U106B-B), ena_out_3, analog_5V, Net-(U24-In+) did not free a path
rip  IREF1            ripping analog_5V, ena_out_3, Net-(U23-In+), .1Vref_3, Net-(U106B-B), Net-(D20--), Out-, Net-(D25-+) did not free a path
rip  IREF1            ripped .1Vref_1, Net-(D26-+), Net-(U26C-P2B), 0A_hi, .1Vref_3, Net-(U26A-P0B), IREF3, Vout_3, .1Vout_1, Net-(U3-In-), but .1Vref_3 then failed; undone
FAIL IREF1: island 0 (260 cells; R29.1 U106.6) to island 1 (J9.4), gap 26.3 mm
     IREF1            done in 10.1 s (1 failed)
rip  ena_out_2        ripped 5V, Net-(U102C-A), Out-, Net-(U106C-A), but Out- then failed; undone
rip  ena_out_2        ripped 5V, Net-(U7-In-), Net-(D20--), Net-(C9-Pad2), Net-(U102A-Y), VerrGT0, Net-(D25-+), Net-(U106C-A), but Net-(U7-In-) then failed; undone
rip  ena_out_2        ripped Net-(C9-Pad2), Net-(D25-+), 5V, Voltage_err_2, Net-(U102D-Y), but Net-(C9-Pad2) then failed; undone
FAIL ena_out_2: island 0 (142 cells; U102.12) to island 1 (U104.12 J11.7), gap 11.1 mm
     ena_out_2        done in 17.0 s (1 failed)
     Net-(D7--)       done in 0.0 s
rip  Net-(D5-+)       ripping Net-(U106C-B), Net-(U106A-B), IREF2, ena_out_3 did not free a path
rip  Net-(D5-+)       ripping Net-(U106C-B), IREF2, Net-(U103A-A), Net-(U106A-B), Voltage_err_2, Out-, Net-(D25-+), 5V did not free a path
rip  Net-(D5-+)       ripped 0err_hi, Net-(U106A-B), Net-(D24-+), 5V, Net-(U106C-B), Net-(D25-+), but 0err_hi then failed; undone
FAIL Net-(D5-+): island 0 (116 cells; U103.3) to island 1 (R63.2 D5.2), gap 20.6 mm
     Net-(D5-+)       done in 14.6 s (1 failed)
     IREF2            done in 0.0 s
     Net-(C8-Pad2)    done in 0.0 s
rip  Net-(U103A-A)    ripping .1Vref_3, Net-(U106B-B), ena_out_1, Net-(U24-In+) did not free a path
rip  Net-(U103A-A)    ripped analog_5V, Net-(U106B-B), Net-(U102C-A), .1Vref_3, Out-, Net-(U102B-A), ena_out_1, Net-(U23-In+), but .1Vref_3 then failed; undone
rip  Net-(U103A-A)    ripped ena_out_3, .1Vref_3, Net-(U106A-B), Out-, Voltage_err_2, Net-(U24-In+), analog_5V, 5V, Net-(D25-+), but .1Vref_3 then failed; undone
FAIL Net-(U103A-A): island 0 (118 cells; U18.4) to island 1 (U28.9 U103.1), gap 12.8 mm
     Net-(U103A-A)    done in 25.1 s (1 failed)
     Reset_raw        done in 0.0 s
     Net-(U102A-Y)    done in 0.0 s
rip  Net-(U102D-Y)    ripped Net-(C9-Pad2), Net-(U102A-Y), Net-(C17-Pad2), Net-(U7-In-), but Net-(C9-Pad2) then failed; undone
rip  Net-(U102D-Y)    ripped Net-(D20--), 5V, VerrGT0, Net-(C9-Pad2), Net-(U106C-A), Net-(U102A-Y), Net-(U102B-A), Net-(U102C-A), but VerrGT0 then failed; undone
rip  Net-(U102D-Y)    ripped Out-, Net-(D25-+), Net-(C9-Pad2), 5V, out_2_on, ena_out_1, M2_ON, Voltage_err_2, analog_5V, ena_out_2, Net-(U7-In-), but ena_out_2 then failed; undone
FAIL Net-(U102D-Y): island 0 (140 cells; U102.11) to island 1 (U104.5), gap 18.5 mm
     Net-(U102D-Y)    done in 18.5 s (1 failed)
     ARD_M1_INHIBIT   done in 0.0 s
     ena_out_3        done in 0.0 s
     Net-(D20--)      done in 0.0 s
rip  M1_ON            ripped ARD_M1_INHIBIT, IREF2, IREF2_input, Reset_raw, but IREF2_input then failed; undone
rip  M1_ON            ripped IREF2, Net-(U26B-P1B), ARD_M1_INHIBIT, 0A_hi, Net-(U106A-B), analog_5V, SCL, Out-, but Net-(U26B-P1B) then failed; undone
rip  M1_ON            ripped ena_out_2, ARD_M1_INHIBIT, Out, M2_ON, Net-(U102D-Y), out_2_on, analog_5V, Net-(U102A-Y), SDA, RESET-, set-, Net-(D24-+), but ena_out_2 then failed; undone
FAIL M1_ON: island 0 (1441 cells; U104.2 J11.3) to island 1 (U101.5), gap 3.0 mm
     M1_ON            done in 23.5 s (1 failed)
     Net-(D20-+)      done in 0.0 s
     ena_out_1        done in 0.0 s
rip  out_3_on         ripping 5V, Net-(D4-+), Net-(U14-In+), 0err_hi did not free a path
rip  out_3_on         ripped Net-(D4-+), Net-(U14-In+), 5V, VerrGT0, 0err_hi, analog_5V, ARD_M1_INHIBIT, Net-(U26E-HVC{slash}A0), but analog_5V then failed; undone
rip  out_3_on         ripped Out-, Net-(U26B-P1B), Net-(U26E-HVC{slash}A0), out_2_on, 0err_hi, SDA, Out, set-, analog_5V, 5V, but 0err_hi then failed; undone
FAIL out_3_on: island 0 (226 cells; J11.8) to island 1 (U104.8), gap 15.0 mm
     out_3_on         done in 28.6 s (1 failed)
     set-             done in 0.0 s
     Net-(U101A-Y)    done in 0.0 s
     SDA              done in 0.0 s
     out_2_on         done in 0.0 s
     M2_ON            done in 0.0 s
     Net-(C17-Pad2)   done in 0.0 s
     Net-(C9-Pad2)    done in 0.0 s
     SCL              done in 0.0 s
ok   Net-(U18-Q3)      20.8 mm, 4 via(s) 0.5/0.3, w 0.15, gap 6.7
     Net-(U18-Q3)     done in 0.2 s
     RESET-           done in 0.0 s
     Out              done in 0.0 s
     M1_INHIBIT       done in 0.0 s
     Vref_3_arduino   done in 0.0 s
     Vref_2_arduino   done in 0.0 s
     Net-(D7-+)       done in 0.0 s
rip  Vref_1_arduino   ripped Net-(D23-+), Net-(Q1-E), Net-(U22-In+), 0err_hi, but Net-(U22-In+) then failed; undone
rip  Vref_1_arduino   ripped Net-(D23-+), Net-(Q1-E), 0err_hi, Net-(U22-In+), Net-(U26E-A1), Net-(U106A-B), analog_5V, Vref_3_arduino, but Net-(D23-+) then failed; undone
rip  Vref_1_arduino   ripped 0err_hi, Net-(Q1-E), but 0err_hi then failed; undone
FAIL Vref_1_arduino: island 0 (400 cells; J9.1) to island 1 (R101.1), gap 2.8 mm
     Vref_1_arduino   done in 16.0 s (1 failed)
     Net-(U26E-HVC{slash}A0) done in 0.0 s
     Net-(U26E-A1)    done in 0.0 s
rip  Net-(U26E-~{RESET}) ripped IREF2, 5V, 0A_hi, Net-(U26E-A1), but IREF2 then failed; undone
rip  Net-(U26E-~{RESET}) ripped Vref_3, IREF2, Net-(U26C-P2B), Net-(U26E-A1), 5V, .1Vref_3, 0A_hi, IREF3_input, but .1Vref_3 then failed; undone
rip  Net-(U26E-~{RESET}) ripped 0A_hi, Vref_3, Reset_raw, Net-(U26E-A1), SCL, ARD_M1_INHIBIT, but Reset_raw then failed; undone
FAIL Net-(U26E-~{RESET}): island 0 (74 cells; R103.2) to island 1 (U26.15), gap 2.7 mm
     Net-(U26E-~{RESET}) done in 9.1 s (1 failed)
     Net-(C19-Pad1)   done in 0.0 s
rip  5V               ripped Net-(D23-+), Net-(U26E-A1), Vref_1, Vref_3_arduino, but Net-(D23-+) then failed; undone
rip  5V               ripped Net-(D23-+), Net-(U22-In+), 0err_hi, Vref_3, Net-(Q1-E), Net-(U26C-P2B), Net-(U26E-A1), IREF2, but 0err_hi then failed; undone
rip  5V               ripped Net-(U26E-A1), Vref_3_arduino, Vref_1, SDA, but Vref_1 then failed; undone
FAIL 5V: island 0 (145964 cells; U28.16 U101.14 C52.1 R82.1 +33) to island 1 (R103.1), gap 0.0 mm
rip  5V               ripped Vref_3, Net-(U26C-P2B), IREF2, Net-(U26E-A1), but Net-(U26C-P2B) then failed; undone
rip  5V               ripped IREF2, Net-(U26E-A1), Vref_3, Net-(U26C-P2B), .1Vref_3, 0A_hi, SCL, IREF3_input, but .1Vref_3 then failed; undone
rip  5V               ripped Net-(U26C-P2B), Vref_3, Net-(U26E-A1), IREF3_input, but Net-(U26C-P2B) then failed; undone
FAIL 5V: island 0 (145964 cells; U28.16 U101.14 C52.1 R82.1 +33) to island 2 (U26.17), gap 0.0 mm
rip  5V               ripped Verr1, 0A_hi, Net-(U4-In+), 0err_hi, but 0err_hi then failed; undone
rip  5V               ripped Verr1, Reset_raw, 0A_hi, Net-(U4-In+), 0err_hi, Verr3, IREF2_input, but 0err_hi then failed; undone
rip  5V               ripped Net-(U4-In+), but Net-(U4-In+) then failed; undone
FAIL 5V: island 0 (145964 cells; U28.16 U101.14 C52.1 R82.1 +33) to island 3 (C24.1 U5.5), gap 0.0 mm
rip  5V               ripped Vref_3, IREF2, Net-(U26C-P2B), Net-(U26E-A1), but Net-(U26C-P2B) then failed; undone
rip  5V               ripped IREF2, Net-(U26E-A1), Vref_3, Net-(U26C-P2B), .1Vref_3, 0A_hi, SCL, ARD_M1_INHIBIT, but .1Vref_3 then failed; undone
rip  5V               ripped IREF3_input, Vref_3, Net-(U26C-P2B), Net-(U26E-A1), but Net-(U26C-P2B) then failed; undone
FAIL 5V: island 1 (102 cells; R103.1) to island 2 (U26.17), gap 3.1 mm
FAIL 5V: island 2 (86 cells; U26.17) to island 3 (C24.1 U5.5), gap 21.0 mm
FAIL 5V: island 1 (102 cells; R103.1) to island 3 (C24.1 U5.5), gap 24.0 mm
     5V               done in 64.1 s (6 failed)
ok   GND                0.1 mm, 1 via(s) 0.5/0.3, w 0.30, gap 0.0
     GND              done in 1.1 s
tracks 2190, vias 317, failures 42, 793 s
