board rasterised in 0.5 s
first: 80 nets from earlier passes routed ahead of the plane fan-outs
ok   Current            1.3 mm, 0 via(s), w 0.20, gap 1.1
ok   Current            1.6 mm, 0 via(s), w 0.20, gap 1.4
prot Current          track zone on In5.Cu/B.Cu, via zone all layers; 24 nets exempt in the track zone
     Current          sensitive, 0.2 s
ok   Net-(U2-In+)       0.1 mm, 1 via(s) 0.5/0.3, w 0.15, gap 0.0
ok   Net-(U2-In+)       2.9 mm, 2 via(s) 0.5/0.3, w 0.15, gap 1.9
ok   Net-(U2-In+)       7.7 mm, 1 via(s) 0.5/0.3, w 0.15, gap 6.0
prot Net-(U2-In+)     track zone on F.Cu/In5.Cu/B.Cu, via zone all layers; 9 nets exempt in the track zone
     Net-(U2-In+)     sensitive, 0.3 s
ok   V_err             16.1 mm, 1 via(s) 0.5/0.3, w 0.15, gap 0.0
ok   V_err              1.2 mm, 0 via(s), w 0.15, gap 0.3
prot V_err            track zone on F.Cu/B.Cu, via zone all layers; 13 nets exempt in the track zone (logic nets only)
     V_err            sensitive, 0.2 s
ok   Net-(U4-In+)       1.0 mm, 0 via(s), w 0.20, gap 0.8
ok   Net-(U4-In+)       1.0 mm, 0 via(s), w 0.20, gap 0.8
ok   Net-(U4-In+)      16.0 mm, 0 via(s), w 0.20, gap 3.2
     Net-(U4-In+)     done in 0.2 s
ok   Net-(U14-In+)      0.3 mm, 1 via(s) 0.5/0.3, w 0.20, gap 0.0
ok   Net-(U14-In+)      1.5 mm, 0 via(s), w 0.20, gap 1.2
ok   Net-(U14-In+)      3.7 mm, 0 via(s), w 0.20, gap 2.3
     Net-(U14-In+)    done in 0.2 s
ok   Net-(U21-In+)      0.9 mm, 0 via(s), w 0.20, gap 0.7
ok   Net-(U21-In+)      1.9 mm, 1 via(s) 0.5/0.3, w 0.20, gap 0.8
ok   Net-(U21-In+)      1.4 mm, 0 via(s), w 0.20, gap 1.1
     Net-(U21-In+)    done in 0.2 s
ok   Net-(U21-In-)      0.0 mm, 1 via(s) 0.5/0.3, w 0.20, gap 0.0
ok   Net-(U21-In-)      2.4 mm, 0 via(s), w 0.20, gap 2.0
     Net-(U21-In-)    done in 0.1 s
ok   Net-(Q1-E)         0.2 mm, 1 via(s) 0.5/0.3, w 0.20, gap 0.0
ok   Net-(Q1-E)         3.9 mm, 0 via(s), w 0.20, gap 2.3
ok   Net-(Q1-E)        20.0 mm, 0 via(s), w 0.20, gap 14.0
     Net-(Q1-E)       done in 0.2 s
stch Net-(U2-In+)     5 GND vias beside its In5.Cu run
stch Current          2 GND vias beside its B.Cu run
stch V_err            0 GND vias beside its In5.Cu run
stch J9.10            2 GND vias beside the thermal-relief pad
dcap 5V               C104.1 -> U103.14: 1.1 mm, 0 via(s), w 0.30
dcap 5V               C98.1 -> U4.5: 1.2 mm, 0 via(s), w 0.30
dcap 5V               C28.1 -> U2.5: 1.3 mm, 0 via(s), w 0.30
dcap 5V               C53.2 -> U21.5: 0.9 mm, 0 via(s), w 0.30
dcap 5V               C24.1 -> U5.5: 1.2 mm, 0 via(s), w 0.30
dcap 5V               C12.1 -> U14.5: 1.1 mm, 0 via(s), w 0.30
dcap 5V               C58.1 -> U104.14: 1.2 mm, 0 via(s), w 0.30
dcap 5V               C23.1 -> U106.14: 1.2 mm, 0 via(s), w 0.30
dcap 5V               C52.1 -> U18.16: 0.9 mm, 0 via(s), w 0.30
dcap 5V               C22.1 -> U101.14: 4.8 mm, 0 via(s), w 0.30
dcap analog_5V        C63.1 -> U22.5: 1.1 mm, 0 via(s), w 0.30
dcap analog_5V        C38.2 -> U23.5: 1.4 mm, 0 via(s), w 0.30
dcap analog_5V        C32.1 -> U13.5: 1.4 mm, 0 via(s), w 0.30
dcap analog_5V        C37.2 -> U24.5: 1.3 mm, 0 via(s), w 0.30
dcap analog_5V        C36.2 -> U7.5: 1.2 mm, 0 via(s), w 0.30
     DECAP            15 direct links, 0.9 s
ok   IREF1_input       16.2 mm, 0 via(s), w 0.20, gap 13.5
     IREF1_input      done in 0.2 s
ok   Net-(U26C-P2B)     1.2 mm, 1 via(s) 0.5/0.3, w 0.20, gap 0.4
ok   Net-(U26C-P2B)     0.9 mm, 0 via(s), w 0.20, gap 0.7
ok   Net-(U26C-P2B)    20.4 mm, 0 via(s), w 0.20, gap 9.8
     Net-(U26C-P2B)   done in 0.3 s
ok   Verr1              0.0 mm, 1 via(s) 0.5/0.3, w 0.20, gap 0.0
ok   Verr1              1.0 mm, 0 via(s), w 0.20, gap 0.8
ok   Verr1             17.9 mm, 0 via(s), w 0.20, gap 12.4
     Verr1            done in 0.3 s
ok   Voltage_err_1      2.1 mm, 1 via(s) 0.5/0.3, w 0.20, gap 1.2
ok   Voltage_err_1     13.9 mm, 2 via(s) 0.5/0.3, w 0.20, gap 11.6
     Voltage_err_1    done in 0.2 s
ok   Net-(D26-+)        2.6 mm, 1 via(s) 0.5/0.3, w 0.20, gap 2.2
ok   Net-(D26-+)        4.1 mm, 0 via(s), w 0.20, gap 2.3
ok   Net-(D26-+)        6.4 mm, 0 via(s), w 0.20, gap 5.0
     Net-(D26-+)      done in 0.3 s
ok   Verr2              0.6 mm, 1 via(s) 0.5/0.3, w 0.20, gap 0.4
ok   Verr2              2.9 mm, 0 via(s), w 0.20, gap 2.6
ok   Verr2              9.2 mm, 1 via(s) 0.5/0.3, w 0.20, gap 5.6
     Verr2            done in 0.3 s
ok   Voltage_err_3      4.5 mm, 2 via(s) 0.5/0.3, w 0.20, gap 3.3
ok   Voltage_err_3      5.6 mm, 1 via(s) 0.5/0.3, w 0.20, gap 4.6
     Voltage_err_3    done in 0.2 s
ok   Output3_drain     10.8 mm, 0 via(s), w 0.15, gap 9.7
     Output3_drain    done in 0.3 s
ok   Net-(U24-In+)      1.4 mm, 0 via(s), w 0.20, gap 1.1
ok   Net-(U24-In+)      2.5 mm, 1 via(s) 0.5/0.3, w 0.20, gap 1.8
ok   Net-(U24-In+)      7.8 mm, 2 via(s) 0.5/0.3, w 0.20, gap 3.7
     Net-(U24-In+)    done in 0.3 s
ok   Net-(U3-In-)       0.0 mm, 1 via(s) 0.5/0.3, w 0.20, gap 0.0
ok   Net-(U3-In-)       8.2 mm, 0 via(s), w 0.20, gap 6.9
     Net-(U3-In-)     done in 0.2 s
ok   Net-(U7-In-)       1.0 mm, 0 via(s), w 0.20, gap 0.7
ok   Net-(U7-In-)       4.9 mm, 0 via(s), w 0.20, gap 1.9
     Net-(U7-In-)     done in 0.1 s
ok   Net-(U23-In+)      0.9 mm, 0 via(s), w 0.20, gap 0.7
ok   Net-(U23-In+)      1.0 mm, 0 via(s), w 0.20, gap 0.7
ok   Net-(U23-In+)      1.4 mm, 0 via(s), w 0.20, gap 1.2
     Net-(U23-In+)    done in 0.2 s
ok   .1Vout_3           1.2 mm, 0 via(s), w 0.20, gap 1.0
ok   .1Vout_3           3.4 mm, 2 via(s) 0.5/0.3, w 0.20, gap 2.8
     .1Vout_3         done in 0.2 s
ok   Net-(U106B-A)      0.9 mm, 0 via(s), w 0.20, gap 0.7
ok   Net-(U106B-A)      1.5 mm, 1 via(s) 0.5/0.3, w 0.20, gap 1.1
     Net-(U106B-A)    done in 0.1 s
ok   Net-(D24-+)        3.1 mm, 1 via(s) 0.5/0.3, w 0.20, gap 0.8
ok   Net-(D24-+)       51.9 mm, 2 via(s) 0.5/0.3, w 0.20, gap 45.1
     Net-(D24-+)      done in 0.5 s
ok   0err_hi            1.0 mm, 1 via(s) 0.5/0.3, w 0.20, gap 0.8
ok   0err_hi            5.0 mm, 1 via(s) 0.5/0.3, w 0.20, gap 3.5
rip  0err_hi          ripped and re-routed Verr1, Net-(U4-In+)
     ok   Net-(U4-In+)       1.0 mm, 0 via(s), w 0.20, gap 0.8
     ok   Net-(U4-In+)       1.0 mm, 0 via(s), w 0.20, gap 0.8
     ok   Net-(U4-In+)      14.8 mm, 2 via(s) 0.5/0.3, w 0.20, gap 3.2
     ok   Verr1              0.0 mm, 1 via(s) 0.5/0.3, w 0.20, gap 0.0
     ok   Verr1              1.0 mm, 0 via(s), w 0.20, gap 0.8
     ok   Verr1             18.1 mm, 0 via(s), w 0.20, gap 12.4
ok   0err_hi           27.9 mm, 1 via(s) 0.5/0.3, w 0.20, gap 25.8
ok   0err_hi           30.2 mm, 1 via(s) 0.5/0.3, w 0.20, gap 25.1
     0err_hi          done in 2.6 s
ok   Out-               2.8 mm, 0 via(s), w 0.20, gap 2.1
ok   Out-               4.3 mm, 1 via(s) 0.5/0.3, w 0.20, gap 2.7
ok   Out-               3.8 mm, 0 via(s), w 0.20, gap 3.2
ok   Out-               5.9 mm, 0 via(s), w 0.20, gap 4.4
ok   Out-               6.4 mm, 1 via(s) 0.5/0.3, w 0.20, gap 5.8
ok   Out-              15.2 mm, 2 via(s) 0.5/0.3, w 0.20, gap 13.7
ok   Out-              17.4 mm, 0 via(s), w 0.20, gap 16.3
     Out-             done in 1.0 s
ok   Net-(U103B-Y)     37.5 mm, 4 via(s) 0.5/0.3, w 0.20, gap 33.2
     Net-(U103B-Y)    done in 0.4 s
ok   Net-(U102B-A)     14.6 mm, 2 via(s) 0.5/0.3, w 0.20, gap 14.1
ok   Net-(U102B-A)     23.1 mm, 2 via(s) 0.5/0.3, w 0.20, gap 19.1
     Net-(U102B-A)    done in 0.3 s
ok   Net-(U102C-A)     14.5 mm, 2 via(s) 0.5/0.3, w 0.20, gap 12.9
rip  Net-(U102C-A)    ripped 0err_hi, Net-(U4-In+), Net-(U102B-A), but 0err_hi then failed; undone
rip  Net-(U102C-A)    ripped 0err_hi, Net-(U4-In+), Net-(U21-In+), Net-(U21-In-), Net-(U102B-A), but 0err_hi then failed; undone
rip  Net-(U102C-A)    ripped Net-(U102B-A), Net-(U4-In+), 0err_hi, .1Vout_3, but 0err_hi then failed; undone
FAIL Net-(U102C-A): island 0 (550 cells; U18.2 U102.10) to island 1 (U28.10), gap 20.5 mm
     Net-(U102C-A)    done in 15.1 s (1 failed)
ok   0A_hi             11.7 mm, 2 via(s) 0.5/0.3, w 0.20, gap 8.0
ok   0A_hi             26.0 mm, 1 via(s) 0.5/0.3, w 0.20, gap 21.3
     0A_hi            done in 0.5 s
ok   Reset_raw         38.6 mm, 2 via(s) 0.5/0.3, w 0.15, gap 22.4
     Reset_raw        done in 0.6 s
ok   low_error_timeout   1.1 mm, 0 via(s), w 0.20, gap 0.8
ok   low_error_timeout   2.7 mm, 1 via(s) 0.5/0.3, w 0.20, gap 2.1
ok   low_error_timeout  15.8 mm, 1 via(s) 0.5/0.3, w 0.20, gap 13.1
ok   low_error_timeout  15.3 mm, 2 via(s) 0.5/0.3, w 0.20, gap 13.3
     low_error_timeout done in 0.4 s
ok   Net-(U102D-Y)     29.6 mm, 3 via(s) 0.5/0.3, w 0.20, gap 25.2
     Net-(U102D-Y)    done in 0.2 s
ok   ena_out_3         13.7 mm, 0 via(s), w 0.20, gap 10.3
ok   ena_out_3         14.1 mm, 1 via(s) 0.5/0.3, w 0.20, gap 13.2
     ena_out_3        done in 0.3 s
ok   M1_ON             10.4 mm, 2 via(s) 0.5/0.3, w 0.20, gap 8.9
ok   M1_ON             15.3 mm, 1 via(s) 0.5/0.3, w 0.20, gap 11.9
     M1_ON            done in 0.4 s
ok   ena_out_1          4.4 mm, 2 via(s) 0.5/0.3, w 0.20, gap 3.7
ok   ena_out_1         18.4 mm, 0 via(s), w 0.20, gap 13.6
     ena_out_1        done in 0.2 s
ok   Net-(D5--)         4.3 mm, 0 via(s), w 0.20, gap 4.1
ok   Net-(D5--)        13.4 mm, 1 via(s) 0.5/0.3, w 0.20, gap 12.0
     Net-(D5--)       done in 0.2 s
ok   out_3_on          20.8 mm, 3 via(s) 0.5/0.3, w 0.20, gap 15.0
     out_3_on         done in 0.2 s
ok   SDA               29.9 mm, 1 via(s) 0.5/0.3, w 0.15, gap 11.1
     SDA              done in 0.3 s
ok   out_2_on          22.8 mm, 2 via(s) 0.5/0.3, w 0.20, gap 10.2
     out_2_on         done in 0.2 s
ok   M2_ON             19.4 mm, 2 via(s) 0.5/0.3, w 0.20, gap 10.2
     M2_ON            done in 0.1 s
ok   Net-(D20--)        1.8 mm, 1 via(s) 0.5/0.3, w 0.20, gap 1.5
ok   Net-(D20--)        9.6 mm, 2 via(s) 0.5/0.3, w 0.20, gap 8.8
     Net-(D20--)      done in 0.2 s
rip  SCL              ripped M1_ON, SDA, Net-(U103B-Y), Reset_raw, but SDA then failed; undone
rip  SCL              ripped and re-routed M1_ON, Out-, Reset_raw, out_3_on, SDA, low_error_timeout, Net-(U103B-Y), 0A_hi
     ok   Out-               2.8 mm, 0 via(s), w 0.20, gap 2.1
     ok   Out-               4.4 mm, 1 via(s) 0.5/0.3, w 0.20, gap 2.7
     ok   Out-               3.8 mm, 0 via(s), w 0.20, gap 3.2
     ok   Out-               5.9 mm, 0 via(s), w 0.20, gap 4.4
     ok   Out-               6.4 mm, 1 via(s) 0.5/0.3, w 0.20, gap 5.8
     ok   Out-              15.2 mm, 2 via(s) 0.5/0.3, w 0.20, gap 13.7
     ok   Out-              17.4 mm, 0 via(s), w 0.20, gap 16.3
     ok   Net-(U103B-Y)     37.5 mm, 4 via(s) 0.5/0.3, w 0.20, gap 33.2
     ok   0A_hi             11.7 mm, 2 via(s) 0.5/0.3, w 0.20, gap 8.0
     ok   0A_hi             26.0 mm, 1 via(s) 0.5/0.3, w 0.20, gap 21.3
     ok   Reset_raw         39.7 mm, 2 via(s) 0.5/0.3, w 0.15, gap 22.4
     ok   low_error_timeout   1.1 mm, 0 via(s), w 0.20, gap 0.8
     ok   low_error_timeout   2.7 mm, 1 via(s) 0.5/0.3, w 0.20, gap 2.1
     ok   low_error_timeout  15.8 mm, 1 via(s) 0.5/0.3, w 0.20, gap 13.1
     ok   low_error_timeout  15.3 mm, 2 via(s) 0.5/0.3, w 0.20, gap 13.3
     ok   M1_ON             11.9 mm, 2 via(s) 0.5/0.3, w 0.20, gap 8.9
     ok   M1_ON             17.6 mm, 1 via(s) 0.5/0.3, w 0.20, gap 11.5
     ok   out_3_on          17.2 mm, 3 via(s) 0.5/0.3, w 0.20, gap 15.0
     ok   SDA               29.9 mm, 1 via(s) 0.5/0.3, w 0.15, gap 11.1
     SCL              done in 7.9 s
ok   Net-(U18-Q3)      13.9 mm, 3 via(s) 0.5/0.3, w 0.20, gap 6.7
     Net-(U18-Q3)     done in 0.1 s
ok   Out               17.6 mm, 4 via(s) 0.5/0.3, w 0.20, gap 5.8
     Out              done in 0.1 s
ok   M1_INHIBIT         1.2 mm, 1 via(s) 0.5/0.3, w 0.20, gap 0.0
ok   M1_INHIBIT         0.5 mm, 0 via(s), w 0.20, gap 0.3
ok   M1_INHIBIT         0.9 mm, 0 via(s), w 0.20, gap 0.6
ok   M1_INHIBIT         2.1 mm, 0 via(s), w 0.20, gap 0.8
rip  M1_INHIBIT       ripped Net-(D24-+), Out-, out_2_on, M2_ON, but M2_ON then failed; undone
rip  M1_INHIBIT       ripped out_2_on, Out-, Net-(D24-+), M2_ON, M1_ON, but M2_ON then failed; undone
rip  M1_INHIBIT       ripped and re-routed Net-(D24-+)
     ok   Net-(D24-+)        3.1 mm, 1 via(s) 0.5/0.3, w 0.20, gap 0.8
     ok   Net-(D24-+)       58.7 mm, 2 via(s) 0.5/0.3, w 0.20, gap 45.1
     M1_INHIBIT       done in 18.7 s
ok   Vref_1_arduino    10.4 mm, 1 via(s) 0.5/0.3, w 0.20, gap 2.8
     Vref_1_arduino   done in 0.1 s
rip  Net-(U101A-Y)    ripped Out, M1_ON, Out-, low_error_timeout, but Out then failed; undone
rip  Net-(U101A-Y)    ripped and re-routed Out, Out-, low_error_timeout, Reset_raw, M1_ON, SDA, SCL, Net-(U102D-Y)
     ok   Out-               2.8 mm, 0 via(s), w 0.20, gap 2.1
     ok   Out-               4.1 mm, 1 via(s) 0.5/0.3, w 0.20, gap 2.7
     ok   Out-               3.8 mm, 0 via(s), w 0.20, gap 3.2
     ok   Out-               5.9 mm, 0 via(s), w 0.20, gap 4.4
     ok   Out-               7.5 mm, 1 via(s) 0.5/0.3, w 0.20, gap 6.6
     ok   Out-              15.2 mm, 2 via(s) 0.5/0.3, w 0.20, gap 13.7
     ok   Out-              17.4 mm, 0 via(s), w 0.20, gap 16.3
     ok   Reset_raw         39.7 mm, 2 via(s) 0.5/0.3, w 0.15, gap 22.4
     ok   low_error_timeout   1.1 mm, 0 via(s), w 0.20, gap 0.8
     ok   low_error_timeout   2.7 mm, 1 via(s) 0.5/0.3, w 0.20, gap 2.1
     ok   low_error_timeout  15.8 mm, 1 via(s) 0.5/0.3, w 0.20, gap 13.1
     ok   low_error_timeout  15.3 mm, 2 via(s) 0.5/0.3, w 0.20, gap 13.3
     ok   Net-(U102D-Y)     28.2 mm, 1 via(s) 0.5/0.3, w 0.20, gap 25.2
     ok   M1_ON             11.3 mm, 2 via(s) 0.5/0.3, w 0.20, gap 8.9
     ok   M1_ON             12.0 mm, 0 via(s), w 0.20, gap 10.4
     ok   SDA               26.4 mm, 1 via(s) 0.5/0.3, w 0.15, gap 11.1
     ok   SCL               14.8 mm, 3 via(s) 0.5/0.3, w 0.20, gap 8.6
     ok   Out                7.4 mm, 2 via(s) 0.5/0.3, w 0.20, gap 5.8
     Net-(U101A-Y)    done in 8.6 s
ok   Net-(C19-Pad1)     0.0 mm, 1 via(s) 0.5/0.3, w 0.20, gap 0.0
ok   Net-(C19-Pad1)     0.9 mm, 0 via(s), w 0.20, gap 0.4
     Net-(C19-Pad1)   done in 0.1 s
ok   Net-(D4-+)         9.4 mm, 2 via(s) 0.5/0.3, w 0.15, gap 4.8
ok   Net-(D4-+)        22.1 mm, 1 via(s) 0.5/0.3, w 0.20, gap 20.6
     Net-(D4-+)       done in 0.3 s
ok   Net-(U26A-P0B)     4.3 mm, 2 via(s) 0.5/0.3, w 0.20, gap 1.3
ok   Net-(U26A-P0B)    19.4 mm, 1 via(s) 0.5/0.3, w 0.15, gap 5.6
ok   Net-(U26A-P0B)    15.4 mm, 1 via(s) 0.5/0.3, w 0.20, gap 11.7
     Net-(U26A-P0B)   done in 0.5 s
ok   Net-(D23-+)        0.8 mm, 1 via(s) 0.5/0.3, w 0.20, gap 0.6
ok   Net-(D23-+)       20.1 mm, 2 via(s) 0.5/0.3, w 0.20, gap 2.5
ok   Net-(D23-+)       80.9 mm, 3 via(s) 0.5/0.3, w 0.20, gap 11.7
     Net-(D23-+)      done in 0.9 s
ok   Vout_2            32.7 mm, 3 via(s) 0.5/0.3, w 0.30, gap 10.5
     Vout_2           done in 0.2 s
rip  Output2_drain    ripping Net-(U24-In+), Out-, Voltage_err_3, .1Vout_3 did not free a path
rip  Output2_drain    ripped Net-(U102B-A), Net-(U24-In+), Net-(D26-+), Verr2, Vout_2, Voltage_err_3, .1Vout_3, Out-, but Vout_2 then failed; undone
rip  Output2_drain    ripped Net-(U26A-P0B), Voltage_err_3, Net-(D23-+), Out-, .1Vout_3, Net-(U103B-Y), but Net-(U26A-P0B) then failed; undone
FAIL Output2_drain: island 0 (228 cells; J11.16) to island 1 (R25.1), gap 13.1 mm
     Output2_drain    done in 15.7 s (1 failed)
ok   Net-(U106B-B)      1.4 mm, 0 via(s), w 0.20, gap 1.2
rip  Net-(U106B-B)    ripped and re-routed Net-(D26-+), Net-(U102B-A), Net-(D23-+), .1Vout_3
     ok   Net-(D26-+)        2.6 mm, 1 via(s) 0.5/0.3, w 0.20, gap 2.2
     ok   Net-(D26-+)        4.0 mm, 0 via(s), w 0.20, gap 2.3
     ok   Net-(D26-+)        9.1 mm, 1 via(s) 0.5/0.3, w 0.20, gap 5.0
     ok   .1Vout_3           9.2 mm, 2 via(s) 0.5/0.3, w 0.15, gap 1.0
     ok   .1Vout_3           3.8 mm, 0 via(s), w 0.20, gap 0.6
     ok   Net-(U102B-A)     14.6 mm, 2 via(s) 0.5/0.3, w 0.20, gap 14.1
     ok   Net-(U102B-A)     23.1 mm, 2 via(s) 0.5/0.3, w 0.20, gap 19.1
     ok   Net-(D23-+)        0.8 mm, 1 via(s) 0.5/0.3, w 0.20, gap 0.6
     ok   Net-(D23-+)       20.1 mm, 2 via(s) 0.5/0.3, w 0.20, gap 2.5
     ok   Net-(D23-+)       97.7 mm, 1 via(s) 0.5/0.3, w 0.20, gap 11.7
rip  Net-(U106B-B)    ripped ena_out_3, Out-, Net-(D23-+), Net-(U102C-A), but Net-(U102C-A) then failed; undone
rip  Net-(U106B-B)    ripped Net-(U18-Q3), ena_out_3, Out-, Net-(U102C-A), Net-(D23-+), Net-(U102D-Y), Vout_2, Net-(U102B-A), but Net-(U102C-A) then failed; undone
rip  Net-(U106B-B)    ripped Net-(U18-Q3), Voltage_err_3, Net-(U102B-A), but Net-(U18-Q3) then failed; undone
FAIL Net-(U106B-B): island 0 (867 cells; U106.4 R93.1 C64.1) to island 1 (U23.4), gap 7.4 mm
     Net-(U106B-B)    done in 14.0 s (1 failed)
ok   Net-(U106C-A)      3.7 mm, 0 via(s), w 0.20, gap 2.5
ok   Net-(U106C-A)     18.6 mm, 2 via(s) 0.5/0.3, w 0.20, gap 10.9
     Net-(U106C-A)    done in 0.2 s
ok   Net-(D25-+)        4.7 mm, 2 via(s) 0.5/0.3, w 0.20, gap 2.4
rip  Net-(D25-+)      ripped Net-(U18-Q3), ena_out_3, Out-, Net-(U102C-A), but Net-(U102C-A) then failed; undone
rip  Net-(D25-+)      ripped Net-(U106C-A), ena_out_3, Net-(U18-Q3), Out-, Net-(U102B-A), Net-(D23-+), Vout_2, Net-(U102C-A), but Net-(U102C-A) then failed; undone
rip  Net-(D25-+)      ripped Net-(U18-Q3), analog_5V, Net-(U102C-A), but Net-(U102C-A) then failed; undone
FAIL Net-(D25-+): island 1 (77 cells; U23.1) to island 2 (D25.2), gap 3.8 mm
rip  Net-(D25-+)      ripped Net-(U18-Q3), ena_out_3, Out-, Net-(U102C-A), but Net-(U102C-A) then failed; undone
rip  Net-(D25-+)      ripped Net-(U106C-A), ena_out_3, Net-(U18-Q3), Out-, Net-(U102B-A), Net-(D23-+), Vout_2, Net-(U102C-A), but Net-(U102C-A) then failed; undone
rip  Net-(D25-+)      ripped and re-routed Net-(U18-Q3), Net-(U24-In+), Net-(U102B-A)
     ok   Net-(U24-In+)      1.4 mm, 0 via(s), w 0.20, gap 1.1
     ok   Net-(U24-In+)      2.6 mm, 1 via(s) 0.5/0.3, w 0.20, gap 1.8
     ok   Net-(U24-In+)     11.8 mm, 2 via(s) 0.5/0.3, w 0.15, gap 3.7
     ok   Net-(U102B-A)     14.6 mm, 2 via(s) 0.5/0.3, w 0.20, gap 14.1
     ok   Net-(U102B-A)     23.1 mm, 2 via(s) 0.5/0.3, w 0.20, gap 19.1
     ok   Net-(U18-Q3)      32.2 mm, 4 via(s) 0.5/0.3, w 0.20, gap 6.7
ok   Net-(D25-+)       10.8 mm, 2 via(s) 0.5/0.3, w 0.20, gap 3.8
     Net-(D25-+)      done in 19.3 s (1 failed)
rip  Net-(U13-In-)    ripped .1Vout_3, Net-(U18-Q3), analog_5V, Voltage_err_3, but .1Vout_3 then failed; undone
rip  Net-(U13-In-)    ripped .1Vout_3, Net-(D26-+), Net-(U24-In+), Net-(U18-Q3), Net-(U106B-B), Voltage_err_3, analog_5V, Net-(D25-+), but .1Vout_3 then failed; undone
rip  Net-(U13-In-)    ripped and re-routed Net-(U102B-A), Net-(U18-Q3), .1Vout_3
     ok   .1Vout_3           9.2 mm, 2 via(s) 0.5/0.3, w 0.15, gap 1.0
     ok   .1Vout_3           3.8 mm, 0 via(s), w 0.20, gap 0.6
     ok   Net-(U102B-A)     14.6 mm, 2 via(s) 0.5/0.3, w 0.20, gap 14.1
     ok   Net-(U102B-A)     23.1 mm, 2 via(s) 0.5/0.3, w 0.20, gap 19.1
     ok   Net-(U18-Q3)      31.9 mm, 4 via(s) 0.5/0.3, w 0.20, gap 6.7
rip  Net-(U13-In-)    ripped and re-routed ena_out_3, Out-, Net-(D23-+), Vout_2
     ok   Out-               2.8 mm, 0 via(s), w 0.20, gap 2.1
     ok   Out-               4.1 mm, 1 via(s) 0.5/0.3, w 0.20, gap 2.7
     ok   Out-               3.8 mm, 0 via(s), w 0.20, gap 3.2
     ok   Out-               5.9 mm, 0 via(s), w 0.20, gap 4.4
     ok   Out-               7.5 mm, 1 via(s) 0.5/0.3, w 0.20, gap 6.6
     ok   Out-              19.2 mm, 2 via(s) 0.5/0.3, w 0.20, gap 13.7
     ok   Out-              17.4 mm, 0 via(s), w 0.20, gap 16.3
     ok   ena_out_3         13.8 mm, 0 via(s), w 0.20, gap 10.3
     ok   ena_out_3         18.4 mm, 1 via(s) 0.5/0.3, w 0.20, gap 13.2
     ok   Net-(D23-+)        0.8 mm, 1 via(s) 0.5/0.3, w 0.20, gap 0.6
     ok   Net-(D23-+)       20.1 mm, 2 via(s) 0.5/0.3, w 0.20, gap 2.5
     ok   Net-(D23-+)       96.9 mm, 1 via(s) 0.5/0.3, w 0.20, gap 11.7
     ok   Vout_2            56.6 mm, 3 via(s) 0.5/0.3, w 0.30, gap 10.5
     Net-(U13-In-)    done in 13.8 s
ok   Output1_drain      6.9 mm, 0 via(s), w 0.15, gap 6.1
     Output1_drain    done in 0.3 s
ok   Net-(U22-In+)      0.9 mm, 1 via(s) 0.5/0.3, w 0.20, gap 0.7
rip  Net-(U22-In+)    ripped and re-routed Net-(Q1-E), Net-(D23-+), 0err_hi, Vref_1_arduino
     ok   Net-(Q1-E)         0.2 mm, 1 via(s) 0.5/0.3, w 0.20, gap 0.0
     ok   Net-(Q1-E)         3.9 mm, 0 via(s), w 0.20, gap 2.3
     ok   Net-(Q1-E)        19.0 mm, 1 via(s) 0.5/0.3, w 0.20, gap 14.0
     ok   0err_hi            1.0 mm, 1 via(s) 0.5/0.3, w 0.20, gap 0.8
     ok   0err_hi            5.0 mm, 1 via(s) 0.5/0.3, w 0.20, gap 3.5
     ok   0err_hi           15.2 mm, 2 via(s) 0.5/0.3, w 0.20, gap 5.3
     ok   0err_hi           29.8 mm, 3 via(s) 0.5/0.3, w 0.20, gap 25.8
     ok   0err_hi           30.2 mm, 1 via(s) 0.5/0.3, w 0.20, gap 24.5
     ok   Vref_1_arduino    15.4 mm, 1 via(s) 0.5/0.3, w 0.20, gap 2.8
     ok   Net-(D23-+)        0.8 mm, 1 via(s) 0.5/0.3, w 0.20, gap 0.6
     ok   Net-(D23-+)       20.2 mm, 2 via(s) 0.5/0.3, w 0.20, gap 2.5
     ok   Net-(D23-+)       97.8 mm, 1 via(s) 0.5/0.3, w 0.20, gap 11.7
ok   Net-(U22-In+)     18.9 mm, 2 via(s) 0.5/0.3, w 0.20, gap 1.7
     Net-(U22-In+)    done in 3.7 s
