board rasterised in 0.5 s
first: 75 nets from earlier passes routed ahead of the plane fan-outs
ok   Current            1.3 mm, 0 via(s), w 0.20, gap 1.1
ok   Current            1.6 mm, 0 via(s), w 0.20, gap 1.4
prot Current          track zone on In5.Cu/B.Cu, via zone all layers; 24 nets exempt in the track zone
     Current          sensitive, 0.2 s
ok   Net-(U2-In+)       0.1 mm, 1 via(s) 0.5/0.3, w 0.15, gap 0.0
ok   Net-(U2-In+)       2.9 mm, 2 via(s) 0.5/0.3, w 0.15, gap 1.9
ok   Net-(U2-In+)       7.7 mm, 1 via(s) 0.5/0.3, w 0.15, gap 6.0
prot Net-(U2-In+)     track zone on F.Cu/In5.Cu/B.Cu, via zone all layers; 9 nets exempt in the track zone
     Net-(U2-In+)     sensitive, 0.2 s
ok   V_err             16.1 mm, 1 via(s) 0.5/0.3, w 0.15, gap 0.0
ok   V_err              1.2 mm, 0 via(s), w 0.15, gap 0.3
prot V_err            track zone on F.Cu/B.Cu, via zone all layers; 13 nets exempt in the track zone (logic nets only)
     V_err            sensitive, 0.2 s
ok   Net-(U4-In+)       1.0 mm, 0 via(s), w 0.20, gap 0.8
ok   Net-(U4-In+)       1.0 mm, 0 via(s), w 0.20, gap 0.8
ok   Net-(U4-In+)      16.0 mm, 0 via(s), w 0.20, gap 3.2
     Net-(U4-In+)     done in 0.2 s
ok   Net-(U14-In+)      0.3 mm, 1 via(s) 0.5/0.3, w 0.20, gap 0.0
ok   Net-(U14-In+)      1.5 mm, 0 via(s), w 0.20, gap 1.2
ok   Net-(U14-In+)      3.7 mm, 0 via(s), w 0.20, gap 2.3
     Net-(U14-In+)    done in 0.2 s
ok   Net-(U21-In+)      0.9 mm, 0 via(s), w 0.20, gap 0.7
ok   Net-(U21-In+)      1.9 mm, 1 via(s) 0.5/0.3, w 0.20, gap 0.8
ok   Net-(U21-In+)      1.4 mm, 0 via(s), w 0.20, gap 1.1
     Net-(U21-In+)    done in 0.2 s
ok   Net-(U21-In-)      0.0 mm, 1 via(s) 0.5/0.3, w 0.20, gap 0.0
ok   Net-(U21-In-)      2.4 mm, 0 via(s), w 0.20, gap 2.0
     Net-(U21-In-)    done in 0.1 s
ok   Net-(Q1-E)         0.2 mm, 1 via(s) 0.5/0.3, w 0.20, gap 0.0
ok   Net-(Q1-E)         3.9 mm, 0 via(s), w 0.20, gap 2.3
ok   Net-(Q1-E)        20.0 mm, 0 via(s), w 0.20, gap 14.0
     Net-(Q1-E)       done in 0.2 s
stch Net-(U2-In+)     5 GND vias beside its In5.Cu run
stch Current          2 GND vias beside its B.Cu run
stch V_err            0 GND vias beside its In5.Cu run
stch J9.10            2 GND vias beside the thermal-relief pad
dcap 5V               C104.1 -> U103.14: 1.1 mm, 0 via(s), w 0.30
dcap 5V               C98.1 -> U4.5: 1.2 mm, 0 via(s), w 0.30
dcap 5V               C28.1 -> U2.5: 1.3 mm, 0 via(s), w 0.30
dcap 5V               C53.2 -> U21.5: 0.9 mm, 0 via(s), w 0.30
dcap 5V               C24.1 -> U5.5: 1.2 mm, 0 via(s), w 0.30
dcap 5V               C12.1 -> U14.5: 1.1 mm, 0 via(s), w 0.30
dcap 5V               C58.1 -> U104.14: 1.2 mm, 0 via(s), w 0.30
dcap 5V               C23.1 -> U106.14: 1.2 mm, 0 via(s), w 0.30
dcap 5V               C52.1 -> U18.16: 0.9 mm, 0 via(s), w 0.30
dcap 5V               C22.1 -> U101.14: 4.8 mm, 0 via(s), w 0.30
dcap analog_5V        C63.1 -> U22.5: 1.1 mm, 0 via(s), w 0.30
dcap analog_5V        C38.2 -> U23.5: 1.4 mm, 0 via(s), w 0.30
dcap analog_5V        C32.1 -> U13.5: 1.4 mm, 0 via(s), w 0.30
dcap analog_5V        C37.2 -> U24.5: 1.3 mm, 0 via(s), w 0.30
dcap analog_5V        C36.2 -> U7.5: 1.2 mm, 0 via(s), w 0.30
     DECAP            15 direct links, 0.9 s
ok   IREF1_input       16.2 mm, 0 via(s), w 0.20, gap 13.5
     IREF1_input      done in 0.2 s
ok   Net-(U26C-P2B)     1.2 mm, 1 via(s) 0.5/0.3, w 0.20, gap 0.4
ok   Net-(U26C-P2B)     0.9 mm, 0 via(s), w 0.20, gap 0.7
ok   Net-(U26C-P2B)    20.4 mm, 0 via(s), w 0.20, gap 9.8
     Net-(U26C-P2B)   done in 0.3 s
ok   Verr1              0.0 mm, 1 via(s) 0.5/0.3, w 0.20, gap 0.0
ok   Verr1              1.0 mm, 0 via(s), w 0.20, gap 0.8
ok   Verr1             17.9 mm, 0 via(s), w 0.20, gap 12.4
     Verr1            done in 0.3 s
ok   Voltage_err_1      2.1 mm, 1 via(s) 0.5/0.3, w 0.20, gap 1.2
ok   Voltage_err_1     13.9 mm, 2 via(s) 0.5/0.3, w 0.20, gap 11.6
     Voltage_err_1    done in 0.2 s
ok   Net-(D26-+)        2.6 mm, 1 via(s) 0.5/0.3, w 0.20, gap 2.2
ok   Net-(D26-+)        4.1 mm, 0 via(s), w 0.20, gap 2.3
ok   Net-(D26-+)        6.4 mm, 0 via(s), w 0.20, gap 5.0
     Net-(D26-+)      done in 0.3 s
ok   Verr2              0.6 mm, 1 via(s) 0.5/0.3, w 0.20, gap 0.4
ok   Verr2              2.9 mm, 0 via(s), w 0.20, gap 2.6
ok   Verr2              9.2 mm, 1 via(s) 0.5/0.3, w 0.20, gap 5.6
     Verr2            done in 0.3 s
ok   Voltage_err_3      4.5 mm, 2 via(s) 0.5/0.3, w 0.20, gap 3.3
ok   Voltage_err_3      5.6 mm, 1 via(s) 0.5/0.3, w 0.20, gap 4.6
     Voltage_err_3    done in 0.2 s
ok   Output3_drain     10.8 mm, 0 via(s), w 0.15, gap 9.7
     Output3_drain    done in 0.3 s
ok   Net-(U24-In+)      1.4 mm, 0 via(s), w 0.20, gap 1.1
ok   Net-(U24-In+)      2.5 mm, 1 via(s) 0.5/0.3, w 0.20, gap 1.8
ok   Net-(U24-In+)      7.8 mm, 2 via(s) 0.5/0.3, w 0.20, gap 3.7
     Net-(U24-In+)    done in 0.3 s
ok   Net-(U3-In-)       0.0 mm, 1 via(s) 0.5/0.3, w 0.20, gap 0.0
ok   Net-(U3-In-)       8.2 mm, 0 via(s), w 0.20, gap 6.9
     Net-(U3-In-)     done in 0.2 s
ok   Net-(U7-In-)       1.0 mm, 0 via(s), w 0.20, gap 0.7
ok   Net-(U7-In-)       4.9 mm, 0 via(s), w 0.20, gap 1.9
     Net-(U7-In-)     done in 0.1 s
ok   Net-(U23-In+)      0.9 mm, 0 via(s), w 0.20, gap 0.7
ok   Net-(U23-In+)      1.0 mm, 0 via(s), w 0.20, gap 0.7
ok   Net-(U23-In+)      1.4 mm, 0 via(s), w 0.20, gap 1.2
     Net-(U23-In+)    done in 0.2 s
ok   .1Vout_3           1.2 mm, 0 via(s), w 0.20, gap 1.0
ok   .1Vout_3           3.4 mm, 2 via(s) 0.5/0.3, w 0.20, gap 2.8
     .1Vout_3         done in 0.2 s
ok   Net-(U106B-A)      0.9 mm, 0 via(s), w 0.20, gap 0.7
ok   Net-(U106B-A)      1.5 mm, 1 via(s) 0.5/0.3, w 0.20, gap 1.1
     Net-(U106B-A)    done in 0.1 s
ok   Net-(D24-+)        3.1 mm, 1 via(s) 0.5/0.3, w 0.20, gap 0.8
ok   Net-(D24-+)       51.9 mm, 2 via(s) 0.5/0.3, w 0.20, gap 45.1
     Net-(D24-+)      done in 0.5 s
ok   0err_hi            1.0 mm, 1 via(s) 0.5/0.3, w 0.20, gap 0.8
ok   0err_hi            5.0 mm, 1 via(s) 0.5/0.3, w 0.20, gap 3.5
rip  0err_hi          ripped and re-routed Verr1, Net-(U4-In+)
     ok   Net-(U4-In+)       1.0 mm, 0 via(s), w 0.20, gap 0.8
     ok   Net-(U4-In+)       1.0 mm, 0 via(s), w 0.20, gap 0.8
     ok   Net-(U4-In+)      14.8 mm, 2 via(s) 0.5/0.3, w 0.20, gap 3.2
     ok   Verr1              0.0 mm, 1 via(s) 0.5/0.3, w 0.20, gap 0.0
     ok   Verr1              1.0 mm, 0 via(s), w 0.20, gap 0.8
     ok   Verr1             18.1 mm, 0 via(s), w 0.20, gap 12.4
ok   0err_hi           27.9 mm, 1 via(s) 0.5/0.3, w 0.20, gap 25.8
ok   0err_hi           30.2 mm, 1 via(s) 0.5/0.3, w 0.20, gap 25.1
     0err_hi          done in 2.4 s
ok   Out-               2.8 mm, 0 via(s), w 0.20, gap 2.1
ok   Out-               4.3 mm, 1 via(s) 0.5/0.3, w 0.20, gap 2.7
ok   Out-               3.8 mm, 0 via(s), w 0.20, gap 3.2
ok   Out-               5.9 mm, 0 via(s), w 0.20, gap 4.4
ok   Out-               6.4 mm, 1 via(s) 0.5/0.3, w 0.20, gap 5.8
ok   Out-              15.2 mm, 2 via(s) 0.5/0.3, w 0.20, gap 13.7
ok   Out-              17.4 mm, 0 via(s), w 0.20, gap 16.3
     Out-             done in 1.0 s
ok   Net-(U103B-Y)     37.5 mm, 4 via(s) 0.5/0.3, w 0.20, gap 33.2
     Net-(U103B-Y)    done in 0.4 s
ok   Net-(U102B-A)     14.6 mm, 2 via(s) 0.5/0.3, w 0.20, gap 14.1
ok   Net-(U102B-A)     23.1 mm, 2 via(s) 0.5/0.3, w 0.20, gap 19.1
     Net-(U102B-A)    done in 0.3 s
ok   Net-(U102C-A)     14.5 mm, 2 via(s) 0.5/0.3, w 0.20, gap 12.9
rip  Net-(U102C-A)    ripped 0err_hi, Net-(U4-In+), Net-(U102B-A), but 0err_hi then failed; undone
rip  Net-(U102C-A)    ripped 0err_hi, Net-(U4-In+), Net-(U21-In+), Net-(U21-In-), Net-(U102B-A), but 0err_hi then failed; undone
rip  Net-(U102C-A)    ripped Net-(U102B-A), Net-(U4-In+), 0err_hi, .1Vout_3, but 0err_hi then failed; undone
FAIL Net-(U102C-A): island 0 (550 cells; U18.2 U102.10) to island 1 (U28.10), gap 20.5 mm
     Net-(U102C-A)    done in 14.9 s (1 failed)
ok   0A_hi             11.7 mm, 2 via(s) 0.5/0.3, w 0.20, gap 8.0
ok   0A_hi             26.0 mm, 1 via(s) 0.5/0.3, w 0.20, gap 21.3
     0A_hi            done in 0.5 s
ok   Reset_raw         38.6 mm, 2 via(s) 0.5/0.3, w 0.15, gap 22.4
     Reset_raw        done in 0.6 s
ok   low_error_timeout   1.1 mm, 0 via(s), w 0.20, gap 0.8
ok   low_error_timeout   2.7 mm, 1 via(s) 0.5/0.3, w 0.20, gap 2.1
ok   low_error_timeout  15.8 mm, 1 via(s) 0.5/0.3, w 0.20, gap 13.1
ok   low_error_timeout  15.3 mm, 2 via(s) 0.5/0.3, w 0.20, gap 13.3
     low_error_timeout done in 0.4 s
ok   Net-(U102D-Y)     29.6 mm, 3 via(s) 0.5/0.3, w 0.20, gap 25.2
     Net-(U102D-Y)    done in 0.2 s
ok   ena_out_3         13.7 mm, 0 via(s), w 0.20, gap 10.3
ok   ena_out_3         14.1 mm, 1 via(s) 0.5/0.3, w 0.20, gap 13.2
     ena_out_3        done in 0.3 s
ok   M1_ON             10.4 mm, 2 via(s) 0.5/0.3, w 0.20, gap 8.9
ok   M1_ON             15.3 mm, 1 via(s) 0.5/0.3, w 0.20, gap 11.9
     M1_ON            done in 0.4 s
ok   ena_out_1          4.4 mm, 2 via(s) 0.5/0.3, w 0.20, gap 3.7
ok   ena_out_1         18.4 mm, 0 via(s), w 0.20, gap 13.6
     ena_out_1        done in 0.3 s
ok   Net-(D5--)         4.3 mm, 0 via(s), w 0.20, gap 4.1
ok   Net-(D5--)        13.4 mm, 1 via(s) 0.5/0.3, w 0.20, gap 12.0
     Net-(D5--)       done in 0.2 s
ok   out_3_on          20.8 mm, 3 via(s) 0.5/0.3, w 0.20, gap 15.0
     out_3_on         done in 0.1 s
ok   SDA               29.9 mm, 1 via(s) 0.5/0.3, w 0.15, gap 11.1
     SDA              done in 0.3 s
ok   out_2_on          22.8 mm, 2 via(s) 0.5/0.3, w 0.20, gap 10.2
     out_2_on         done in 0.2 s
ok   M2_ON             19.4 mm, 2 via(s) 0.5/0.3, w 0.20, gap 10.2
     M2_ON            done in 0.1 s
ok   Net-(D20--)        1.8 mm, 1 via(s) 0.5/0.3, w 0.20, gap 1.5
ok   Net-(D20--)        9.6 mm, 2 via(s) 0.5/0.3, w 0.20, gap 8.8
     Net-(D20--)      done in 0.1 s
rip  SCL              ripped M1_ON, SDA, Net-(U103B-Y), Reset_raw, but SDA then failed; undone
rip  SCL              ripped and re-routed M1_ON, Out-, Reset_raw, out_3_on, SDA, low_error_timeout, Net-(U103B-Y), 0A_hi
     ok   Out-               2.8 mm, 0 via(s), w 0.20, gap 2.1
     ok   Out-               4.4 mm, 1 via(s) 0.5/0.3, w 0.20, gap 2.7
     ok   Out-               3.8 mm, 0 via(s), w 0.20, gap 3.2
     ok   Out-               5.9 mm, 0 via(s), w 0.20, gap 4.4
     ok   Out-               6.4 mm, 1 via(s) 0.5/0.3, w 0.20, gap 5.8
     ok   Out-              15.2 mm, 2 via(s) 0.5/0.3, w 0.20, gap 13.7
     ok   Out-              17.4 mm, 0 via(s), w 0.20, gap 16.3
     ok   Net-(U103B-Y)     37.5 mm, 4 via(s) 0.5/0.3, w 0.20, gap 33.2
     ok   0A_hi             11.7 mm, 2 via(s) 0.5/0.3, w 0.20, gap 8.0
     ok   0A_hi             26.0 mm, 1 via(s) 0.5/0.3, w 0.20, gap 21.3
     ok   Reset_raw         39.7 mm, 2 via(s) 0.5/0.3, w 0.15, gap 22.4
     ok   low_error_timeout   1.1 mm, 0 via(s), w 0.20, gap 0.8
     ok   low_error_timeout   2.7 mm, 1 via(s) 0.5/0.3, w 0.20, gap 2.1
     ok   low_error_timeout  15.8 mm, 1 via(s) 0.5/0.3, w 0.20, gap 13.1
     ok   low_error_timeout  15.3 mm, 2 via(s) 0.5/0.3, w 0.20, gap 13.3
     ok   M1_ON             11.9 mm, 2 via(s) 0.5/0.3, w 0.20, gap 8.9
     ok   M1_ON             17.6 mm, 1 via(s) 0.5/0.3, w 0.20, gap 11.5
     ok   out_3_on          17.2 mm, 3 via(s) 0.5/0.3, w 0.20, gap 15.0
     ok   SDA               29.9 mm, 1 via(s) 0.5/0.3, w 0.15, gap 11.1
     SCL              done in 7.9 s
ok   Net-(U18-Q3)      13.9 mm, 3 via(s) 0.5/0.3, w 0.20, gap 6.7
     Net-(U18-Q3)     done in 0.1 s
ok   Out               17.6 mm, 4 via(s) 0.5/0.3, w 0.20, gap 5.8
     Out              done in 0.1 s
ok   M1_INHIBIT         1.2 mm, 1 via(s) 0.5/0.3, w 0.20, gap 0.0
ok   M1_INHIBIT         0.5 mm, 0 via(s), w 0.20, gap 0.3
ok   M1_INHIBIT         0.9 mm, 0 via(s), w 0.20, gap 0.6
ok   M1_INHIBIT         2.1 mm, 0 via(s), w 0.20, gap 0.8
rip  M1_INHIBIT       ripped Net-(D24-+), Out-, out_2_on, M2_ON, but M2_ON then failed; undone
rip  M1_INHIBIT       ripped out_2_on, Out-, Net-(D24-+), M2_ON, M1_ON, but M2_ON then failed; undone
rip  M1_INHIBIT       ripped and re-routed Net-(D24-+)
     ok   Net-(D24-+)        3.1 mm, 1 via(s) 0.5/0.3, w 0.20, gap 0.8
     ok   Net-(D24-+)       58.7 mm, 2 via(s) 0.5/0.3, w 0.20, gap 45.1
     M1_INHIBIT       done in 18.4 s
ok   Vref_1_arduino    10.4 mm, 1 via(s) 0.5/0.3, w 0.20, gap 2.8
     Vref_1_arduino   done in 0.1 s
rip  Net-(U101A-Y)    ripped Out, M1_ON, Out-, low_error_timeout, but Out then failed; undone
rip  Net-(U101A-Y)    ripped and re-routed Out, Out-, low_error_timeout, Reset_raw, M1_ON, SDA, SCL, Net-(U102D-Y)
     ok   Out-               2.8 mm, 0 via(s), w 0.20, gap 2.1
     ok   Out-               4.1 mm, 1 via(s) 0.5/0.3, w 0.20, gap 2.7
     ok   Out-               3.8 mm, 0 via(s), w 0.20, gap 3.2
     ok   Out-               5.9 mm, 0 via(s), w 0.20, gap 4.4
     ok   Out-               7.5 mm, 1 via(s) 0.5/0.3, w 0.20, gap 6.6
     ok   Out-              15.2 mm, 2 via(s) 0.5/0.3, w 0.20, gap 13.7
     ok   Out-              17.4 mm, 0 via(s), w 0.20, gap 16.3
     ok   Reset_raw         39.7 mm, 2 via(s) 0.5/0.3, w 0.15, gap 22.4
     ok   low_error_timeout   1.1 mm, 0 via(s), w 0.20, gap 0.8
     ok   low_error_timeout   2.7 mm, 1 via(s) 0.5/0.3, w 0.20, gap 2.1
     ok   low_error_timeout  15.8 mm, 1 via(s) 0.5/0.3, w 0.20, gap 13.1
     ok   low_error_timeout  15.3 mm, 2 via(s) 0.5/0.3, w 0.20, gap 13.3
     ok   Net-(U102D-Y)     28.2 mm, 1 via(s) 0.5/0.3, w 0.20, gap 25.2
     ok   M1_ON             11.3 mm, 2 via(s) 0.5/0.3, w 0.20, gap 8.9
     ok   M1_ON             12.0 mm, 0 via(s), w 0.20, gap 10.4
     ok   SDA               26.4 mm, 1 via(s) 0.5/0.3, w 0.15, gap 11.1
     ok   SCL               14.8 mm, 3 via(s) 0.5/0.3, w 0.20, gap 8.6
     ok   Out                7.4 mm, 2 via(s) 0.5/0.3, w 0.20, gap 5.8
     Net-(U101A-Y)    done in 8.4 s
ok   Net-(C19-Pad1)     0.0 mm, 1 via(s) 0.5/0.3, w 0.20, gap 0.0
ok   Net-(C19-Pad1)     0.9 mm, 0 via(s), w 0.20, gap 0.4
     Net-(C19-Pad1)   done in 0.1 s
ok   Net-(D4-+)         9.4 mm, 2 via(s) 0.5/0.3, w 0.15, gap 4.8
ok   Net-(D4-+)        22.1 mm, 1 via(s) 0.5/0.3, w 0.20, gap 20.6
     Net-(D4-+)       done in 0.3 s
ok   Net-(U26A-P0B)     4.3 mm, 2 via(s) 0.5/0.3, w 0.20, gap 1.3
ok   Net-(U26A-P0B)    19.4 mm, 1 via(s) 0.5/0.3, w 0.15, gap 5.6
ok   Net-(U26A-P0B)    15.4 mm, 1 via(s) 0.5/0.3, w 0.20, gap 11.7
     Net-(U26A-P0B)   done in 0.5 s
ok   Net-(D23-+)        0.8 mm, 1 via(s) 0.5/0.3, w 0.20, gap 0.6
ok   Net-(D23-+)       20.1 mm, 2 via(s) 0.5/0.3, w 0.20, gap 2.5
ok   Net-(D23-+)       80.9 mm, 3 via(s) 0.5/0.3, w 0.20, gap 11.7
     Net-(D23-+)      done in 0.9 s
ok   Vout_2            32.7 mm, 3 via(s) 0.5/0.3, w 0.30, gap 10.5
     Vout_2           done in 0.2 s
rip  Output2_drain    ripping Net-(U24-In+), Out-, Voltage_err_3, .1Vout_3 did not free a path
rip  Output2_drain    ripped Net-(U102B-A), Net-(U24-In+), Net-(D26-+), Verr2, Vout_2, Voltage_err_3, .1Vout_3, Out-, but Vout_2 then failed; undone
rip  Output2_drain    ripped Net-(U26A-P0B), Voltage_err_3, Net-(D23-+), Out-, .1Vout_3, Net-(U103B-Y), but Net-(U26A-P0B) then failed; undone
FAIL Output2_drain: island 0 (228 cells; J11.16) to island 1 (R25.1), gap 13.1 mm
     Output2_drain    done in 14.1 s (1 failed)
ok   Net-(U106B-B)      1.4 mm, 0 via(s), w 0.20, gap 1.2
rip  Net-(U106B-B)    ripped and re-routed Net-(D26-+), Net-(U102B-A), Net-(D23-+), .1Vout_3
     ok   Net-(D26-+)        2.6 mm, 1 via(s) 0.5/0.3, w 0.20, gap 2.2
     ok   Net-(D26-+)        4.0 mm, 0 via(s), w 0.20, gap 2.3
     ok   Net-(D26-+)        9.1 mm, 1 via(s) 0.5/0.3, w 0.20, gap 5.0
     ok   .1Vout_3           9.2 mm, 2 via(s) 0.5/0.3, w 0.15, gap 1.0
     ok   .1Vout_3           3.8 mm, 0 via(s), w 0.20, gap 0.6
     ok   Net-(U102B-A)     14.6 mm, 2 via(s) 0.5/0.3, w 0.20, gap 14.1
     ok   Net-(U102B-A)     23.1 mm, 2 via(s) 0.5/0.3, w 0.20, gap 19.1
     ok   Net-(D23-+)        0.8 mm, 1 via(s) 0.5/0.3, w 0.20, gap 0.6
     ok   Net-(D23-+)       20.1 mm, 2 via(s) 0.5/0.3, w 0.20, gap 2.5
     ok   Net-(D23-+)       97.7 mm, 1 via(s) 0.5/0.3, w 0.20, gap 11.7
rip  Net-(U106B-B)    ripped ena_out_3, Out-, Net-(D23-+), Net-(U102C-A), but Net-(U102C-A) then failed; undone
rip  Net-(U106B-B)    ripped Net-(U18-Q3), ena_out_3, Out-, Net-(U102C-A), Net-(D23-+), Net-(U102D-Y), Vout_2, Net-(U102B-A), but Net-(U102C-A) then failed; undone
rip  Net-(U106B-B)    ripped Net-(U18-Q3), Voltage_err_3, Net-(U102B-A), but Net-(U18-Q3) then failed; undone
FAIL Net-(U106B-B): island 0 (867 cells; U106.4 R93.1 C64.1) to island 1 (U23.4), gap 7.4 mm
     Net-(U106B-B)    done in 12.3 s (1 failed)
ok   Net-(U106C-A)      3.7 mm, 0 via(s), w 0.20, gap 2.5
ok   Net-(U106C-A)     18.6 mm, 2 via(s) 0.5/0.3, w 0.20, gap 10.9
     Net-(U106C-A)    done in 0.2 s
ok   Net-(D25-+)        4.7 mm, 2 via(s) 0.5/0.3, w 0.20, gap 2.4
rip  Net-(D25-+)      ripped Net-(U18-Q3), ena_out_3, Out-, Net-(U102C-A), but Net-(U102C-A) then failed; undone
rip  Net-(D25-+)      ripped Net-(U106C-A), ena_out_3, Net-(U18-Q3), Out-, Net-(U102B-A), Net-(D23-+), Vout_2, Net-(U102C-A), but Net-(U102C-A) then failed; undone
rip  Net-(D25-+)      ripped Net-(U18-Q3), analog_5V, Net-(U102C-A), but Net-(U102C-A) then failed; undone
FAIL Net-(D25-+): island 1 (77 cells; U23.1) to island 2 (D25.2), gap 3.8 mm
rip  Net-(D25-+)      ripped Net-(U18-Q3), ena_out_3, Out-, Net-(U102C-A), but Net-(U102C-A) then failed; undone
rip  Net-(D25-+)      ripped Net-(U106C-A), ena_out_3, Net-(U18-Q3), Out-, Net-(U102B-A), Net-(D23-+), Vout_2, Net-(U102C-A), but Net-(U102C-A) then failed; undone
rip  Net-(D25-+)      ripped and re-routed Net-(U18-Q3), Net-(U24-In+), Net-(U102B-A)
     ok   Net-(U24-In+)      1.4 mm, 0 via(s), w 0.20, gap 1.1
     ok   Net-(U24-In+)      2.6 mm, 1 via(s) 0.5/0.3, w 0.20, gap 1.8
     ok   Net-(U24-In+)     11.8 mm, 2 via(s) 0.5/0.3, w 0.15, gap 3.7
     ok   Net-(U102B-A)     14.6 mm, 2 via(s) 0.5/0.3, w 0.20, gap 14.1
     ok   Net-(U102B-A)     23.1 mm, 2 via(s) 0.5/0.3, w 0.20, gap 19.1
     ok   Net-(U18-Q3)      32.2 mm, 4 via(s) 0.5/0.3, w 0.20, gap 6.7
ok   Net-(D25-+)       10.8 mm, 2 via(s) 0.5/0.3, w 0.20, gap 3.8
     Net-(D25-+)      done in 17.9 s (1 failed)
rip  Net-(U13-In-)    ripped .1Vout_3, Net-(U18-Q3), analog_5V, Voltage_err_3, but .1Vout_3 then failed; undone
rip  Net-(U13-In-)    ripped .1Vout_3, Net-(D26-+), Net-(U24-In+), Net-(U18-Q3), Net-(U106B-B), Voltage_err_3, analog_5V, Net-(D25-+), but .1Vout_3 then failed; undone
rip  Net-(U13-In-)    ripped and re-routed Net-(U102B-A), Net-(U18-Q3), .1Vout_3
     ok   .1Vout_3           9.2 mm, 2 via(s) 0.5/0.3, w 0.15, gap 1.0
     ok   .1Vout_3           3.8 mm, 0 via(s), w 0.20, gap 0.6
     ok   Net-(U102B-A)     14.6 mm, 2 via(s) 0.5/0.3, w 0.20, gap 14.1
     ok   Net-(U102B-A)     23.1 mm, 2 via(s) 0.5/0.3, w 0.20, gap 19.1
     ok   Net-(U18-Q3)      31.9 mm, 4 via(s) 0.5/0.3, w 0.20, gap 6.7
rip  Net-(U13-In-)    ripped and re-routed ena_out_3, Out-, Net-(D23-+), Vout_2
     ok   Out-               2.8 mm, 0 via(s), w 0.20, gap 2.1
     ok   Out-               4.1 mm, 1 via(s) 0.5/0.3, w 0.20, gap 2.7
     ok   Out-               3.8 mm, 0 via(s), w 0.20, gap 3.2
     ok   Out-               5.9 mm, 0 via(s), w 0.20, gap 4.4
     ok   Out-               7.5 mm, 1 via(s) 0.5/0.3, w 0.20, gap 6.6
     ok   Out-              19.2 mm, 2 via(s) 0.5/0.3, w 0.20, gap 13.7
     ok   Out-              17.4 mm, 0 via(s), w 0.20, gap 16.3
     ok   ena_out_3         13.8 mm, 0 via(s), w 0.20, gap 10.3
     ok   ena_out_3         18.4 mm, 1 via(s) 0.5/0.3, w 0.20, gap 13.2
     ok   Net-(D23-+)        0.8 mm, 1 via(s) 0.5/0.3, w 0.20, gap 0.6
     ok   Net-(D23-+)       20.1 mm, 2 via(s) 0.5/0.3, w 0.20, gap 2.5
     ok   Net-(D23-+)       96.9 mm, 1 via(s) 0.5/0.3, w 0.20, gap 11.7
     ok   Vout_2            56.6 mm, 3 via(s) 0.5/0.3, w 0.30, gap 10.5
     Net-(U13-In-)    done in 12.2 s
ok   Output1_drain      6.9 mm, 0 via(s), w 0.15, gap 6.1
     Output1_drain    done in 0.3 s
ok   Net-(U22-In+)      0.9 mm, 1 via(s) 0.5/0.3, w 0.20, gap 0.7
rip  Net-(U22-In+)    ripped and re-routed Net-(Q1-E), Net-(D23-+), 0err_hi, Vref_1_arduino
     ok   Net-(Q1-E)         0.2 mm, 1 via(s) 0.5/0.3, w 0.20, gap 0.0
     ok   Net-(Q1-E)         3.9 mm, 0 via(s), w 0.20, gap 2.3
     ok   Net-(Q1-E)        19.0 mm, 1 via(s) 0.5/0.3, w 0.20, gap 14.0
     ok   0err_hi            1.0 mm, 1 via(s) 0.5/0.3, w 0.20, gap 0.8
     ok   0err_hi            5.0 mm, 1 via(s) 0.5/0.3, w 0.20, gap 3.5
     ok   0err_hi           15.2 mm, 2 via(s) 0.5/0.3, w 0.20, gap 5.3
     ok   0err_hi           29.8 mm, 3 via(s) 0.5/0.3, w 0.20, gap 25.8
     ok   0err_hi           30.2 mm, 1 via(s) 0.5/0.3, w 0.20, gap 24.5
     ok   Vref_1_arduino    15.4 mm, 1 via(s) 0.5/0.3, w 0.20, gap 2.8
     ok   Net-(D23-+)        0.8 mm, 1 via(s) 0.5/0.3, w 0.20, gap 0.6
     ok   Net-(D23-+)       20.2 mm, 2 via(s) 0.5/0.3, w 0.20, gap 2.5
     ok   Net-(D23-+)       97.8 mm, 1 via(s) 0.5/0.3, w 0.20, gap 11.7
ok   Net-(U22-In+)     18.9 mm, 2 via(s) 0.5/0.3, w 0.20, gap 1.7
     Net-(U22-In+)    done in 3.2 s
ok   Verr3              1.1 mm, 0 via(s), w 0.20, gap 0.9
rip  Verr3            ripped Verr1, 0A_hi, 5V, Reset_raw, but 0A_hi then failed; undone
rip  Verr3            ripped Verr1, 0A_hi, 0err_hi, Reset_raw, Net-(U4-In+), 5V, but 0err_hi then failed; undone
rip  Verr3            ripped and re-routed Verr1
     ok   Verr1              0.0 mm, 1 via(s) 0.5/0.3, w 0.20, gap 0.0
     ok   Verr1              1.0 mm, 0 via(s), w 0.20, gap 0.8
     ok   Verr1             21.6 mm, 2 via(s) 0.5/0.3, w 0.20, gap 12.4
ok   Verr3              1.4 mm, 0 via(s), w 0.20, gap 1.2
     Verr3            done in 9.5 s
ok   Vout_1             1.9 mm, 0 via(s), w 0.30, gap 1.7
     Vout_1           done in 0.1 s
ok   IREF2             19.9 mm, 4 via(s) 0.5/0.3, w 0.20, gap 9.1
rip  IREF2            ripped Net-(U26A-P0B), Net-(U106B-B), Net-(D23-+), Net-(U24-In+), but Net-(U106B-B) then failed; undone
rip  IREF2            ripped Net-(U26A-P0B), Net-(U13-In-), Net-(U24-In+), Net-(D23-+), Out-, ena_out_3, Net-(D20--), Net-(U106B-B), but Net-(U106B-B) then failed; undone
rip  IREF2            ripped Net-(U18-Q3), Net-(U26A-P0B), Net-(U102B-A), Net-(U24-In+), but Net-(U18-Q3) then failed; undone
FAIL IREF2: island 0 (861 cells; R30.1 J9.5) to island 1 (U106.5), gap 18.0 mm
     IREF2            done in 13.3 s (1 failed)
ok   ARD_M1_INHIBIT     1.0 mm, 0 via(s), w 0.20, gap 0.8
ok   ARD_M1_INHIBIT    44.8 mm, 6 via(s) 0.5/0.3, w 0.20, gap 17.4
     ARD_M1_INHIBIT   done in 0.3 s
ok   RESET-            14.5 mm, 3 via(s) 0.5/0.3, w 0.15, gap 4.6
     RESET-           done in 0.2 s
ok   Net-(U26E-~{RESET})   4.3 mm, 1 via(s) 0.5/0.3, w 0.20, gap 2.7
     Net-(U26E-~{RESET}) done in 0.1 s
ok   Net-(U106A-B)      0.0 mm, 1 via(s) 0.5/0.3, w 0.20, gap 0.0
ok   Net-(U106A-B)    120.0 mm, 7 via(s) 0.5/0.3, w 0.15, gap 12.3
rip  Net-(U106A-B)    ripped Net-(U13-In-), Net-(U26A-P0B), Net-(U106B-B), Net-(U106B-A), but Net-(U106B-B) then failed; undone
rip  Net-(U106A-B)    ripped Net-(U13-In-), Net-(U106B-B), Net-(U18-Q3), Net-(U26A-P0B), Net-(D23-+), Net-(U24-In+), Verr2, Voltage_err_3, but Net-(U18-Q3) then failed; undone
rip  Net-(U106A-B)    ripped Net-(D5--), Net-(U106B-B), ena_out_3, Net-(U106C-A), Net-(U13-In-), Vout_2, Net-(D20--), Net-(U106B-A), Net-(U26A-P0B), but Net-(U13-In-) then failed; undone
FAIL Net-(U106A-B): island 0 (2186 cells; U22.4 R90.1 C49.1) to island 1 (U106.2), gap 3.2 mm
     Net-(U106A-B)    done in 14.2 s (1 failed)
ok   .1Vref_2           1.2 mm, 0 via(s), w 0.20, gap 0.9
rip  .1Vref_2         ripped Net-(U106C-A), Net-(D25-+), Vout_2, Net-(U18-Q3), but Net-(D25-+) then failed; undone
rip  .1Vref_2         ripped Net-(U106C-A), ena_out_3, Net-(U18-Q3), Net-(D25-+), Vout_2, Net-(U102B-A), Net-(D23-+), Net-(U102C-A), but Net-(U102C-A) then failed; undone
rip  .1Vref_2         ripped Vout_2, Net-(D23-+), Net-(U106C-A), Net-(D25-+), ena_out_3, Net-(U102C-A), Net-(U106A-B), Net-(U7-In-), Net-(U13-In-), Out-, Net-(D5--), Net-(U102B-A), but Net-(U102C-A) then failed; undone
FAIL .1Vref_2: island 1 (77 cells; U7.3) to island 2 (D25.1), gap 13.3 mm
rip  .1Vref_2         ripped Net-(U106C-A), Net-(D25-+), Vout_2, Net-(U18-Q3), but Vout_2 then failed; undone
rip  .1Vref_2         ripped Net-(U106C-A), ena_out_3, Net-(U18-Q3), Net-(D25-+), Vout_2, Net-(U102B-A), Net-(D23-+), Out-, but Vout_2 then failed; undone
rip  .1Vref_2         ripped Net-(U3-In-), Net-(U26C-P2B), Net-(U106C-A), Reset_raw, Vout_2, Net-(U18-Q3), ARD_M1_INHIBIT, Net-(U26A-P0B), Net-(D25-+), Net-(U102C-A), Voltage_err_1, but Net-(U102C-A) then failed; undone
FAIL .1Vref_2: island 0 (178 cells; C43.1 R33.2) to island 2 (D25.1), gap 21.7 mm
FAIL .1Vref_2: island 0 (178 cells; C43.1 R33.2) to island 1 (U7.3), gap 30.8 mm
     .1Vref_2         done in 27.9 s (3 failed)
rip  IREF3_input      ripped Net-(U26E-~{RESET}), Vref_1_arduino, Net-(U26C-P2B), SDA, but Net-(U26C-P2B) then failed; undone
rip  IREF3_input      ripped Net-(U26E-~{RESET}), Net-(U26C-P2B), 0err_hi, Vref_1_arduino, SDA, Net-(U106A-B), Net-(D23-+), IREF2, but IREF2 then failed; undone
rip  IREF3_input      ripped IREF1_input, 0err_hi, Voltage_err_1, Net-(U26E-~{RESET}), Net-(U26C-P2B), Net-(U26A-P0B), Net-(D24-+), but Net-(U26A-P0B) then failed; undone
FAIL IREF3_input: island 0 (226 cells; J11.30) to island 1 (U26.19), gap 20.2 mm
     IREF3_input      done in 19.8 s (1 failed)
rip  .1Vref_3         ripped Net-(U26A-P0B), Net-(D25-+), Net-(U24-In+), Net-(U13-In-), but Net-(D25-+) then failed; undone
rip  .1Vref_3         ripped Net-(U102B-A), Net-(U18-Q3), Net-(U26A-P0B), Net-(U24-In+), Net-(D25-+), ena_out_3, Net-(D23-+), Out-, but Net-(U26A-P0B) then failed; undone
rip  .1Vref_3         ripped Net-(D25-+), but Net-(D25-+) then failed; undone
FAIL .1Vref_3: island 1 (77 cells; U13.3) to island 3 (C42.1), gap 1.4 mm
ok   .1Vref_3           1.9 mm, 0 via(s), w 0.20, gap 1.5
rip  .1Vref_3         ripping Net-(U102B-A), Net-(U18-Q3), Net-(U24-In+), Net-(D23-+) did not free a path
rip  .1Vref_3         ripped Net-(D25-+), Net-(U26A-P0B), Net-(U102B-A), Net-(U18-Q3), Net-(D26-+), Net-(U24-In+), .1Vout_3, Net-(D23-+), but Net-(U18-Q3) then failed; undone
rip  .1Vref_3         ripped Output1_drain, Net-(D23-+), Net-(U102B-A), Net-(U106A-B), SDA, Net-(U26A-P0B), Net-(U18-Q3), Net-(U24-In+), M1_ON, RESET-, but SDA then failed; undone
FAIL .1Vref_3: island 0 (131 cells; R41.2 D23.1) to island 2 (C42.1), gap 22.2 mm
rip  .1Vref_3         ripped Net-(U26A-P0B), Net-(D25-+), Net-(U13-In-), Net-(U24-In+), but Net-(U26A-P0B) then failed; undone
rip  .1Vref_3         ripped Net-(U102B-A), Net-(U18-Q3), Net-(U26A-P0B), Net-(D25-+), Net-(U24-In+), ena_out_3, Net-(D23-+), Vout_2, but Vout_2 then failed; undone
rip  .1Vref_3         ripped Net-(U106C-A), Output1_drain, Net-(U106A-B), Net-(D25-+), SDA, M1_ON, RESET-, but SDA then failed; undone
FAIL .1Vref_3: island 0 (131 cells; R41.2 D23.1) to island 1 (U13.3), gap 24.2 mm
     .1Vref_3         done in 30.3 s (3 failed)
rip  .1Vref_1         ripped and re-routed .1Vout_3, Net-(D26-+), Output3_drain, Net-(U103B-Y)
     ok   Net-(D26-+)        2.6 mm, 1 via(s) 0.5/0.3, w 0.20, gap 2.2
     ok   Net-(D26-+)        3.8 mm, 0 via(s), w 0.20, gap 2.3
     ok   Net-(D26-+)        9.1 mm, 1 via(s) 0.5/0.3, w 0.20, gap 5.0
     ok   Output3_drain     11.9 mm, 0 via(s), w 0.15, gap 9.7
     ok   .1Vout_3           5.6 mm, 2 via(s) 0.5/0.3, w 0.20, gap 1.0
     ok   .1Vout_3           3.4 mm, 0 via(s), w 0.20, gap 1.8
     ok   Net-(U103B-Y)     37.8 mm, 4 via(s) 0.5/0.3, w 0.20, gap 33.2
rip  .1Vref_1         ripped IREF2, Voltage_err_1, ARD_M1_INHIBIT, IREF1_input, but IREF2 then failed; undone
rip  .1Vref_1         ripped and re-routed IREF2, ARD_M1_INHIBIT, Net-(U26C-P2B), Voltage_err_1, SCL, Net-(U26A-P0B), Net-(U103B-Y), Net-(U3-In-)
     ok   Net-(U26C-P2B)     1.2 mm, 1 via(s) 0.5/0.3, w 0.20, gap 0.4
     ok   Net-(U26C-P2B)     0.9 mm, 0 via(s), w 0.20, gap 0.7
     ok   Net-(U26C-P2B)    20.4 mm, 2 via(s) 0.5/0.3, w 0.20, gap 9.8
     ok   Voltage_err_1      2.1 mm, 1 via(s) 0.5/0.3, w 0.20, gap 1.2
     ok   Voltage_err_1     18.2 mm, 2 via(s) 0.5/0.3, w 0.15, gap 11.6
     ok   Net-(U3-In-)       0.0 mm, 1 via(s) 0.5/0.3, w 0.20, gap 0.0
     ok   Net-(U3-In-)       8.2 mm, 0 via(s), w 0.20, gap 6.9
     ok   Net-(U103B-Y)     38.3 mm, 2 via(s) 0.5/0.3, w 0.20, gap 33.2
     ok   SCL               13.9 mm, 3 via(s) 0.5/0.3, w 0.20, gap 8.6
     ok   Net-(U26A-P0B)     3.4 mm, 2 via(s) 0.5/0.3, w 0.20, gap 1.3
     ok   Net-(U26A-P0B)    12.3 mm, 1 via(s) 0.5/0.3, w 0.15, gap 5.6
     ok   Net-(U26A-P0B)    14.7 mm, 1 via(s) 0.5/0.3, w 0.20, gap 12.0
     ok   IREF2             14.2 mm, 3 via(s) 0.5/0.3, w 0.20, gap 9.1
     ok   IREF2             51.0 mm, 4 via(s) 0.5/0.3, w 0.20, gap 18.0
     ok   ARD_M1_INHIBIT     1.0 mm, 0 via(s), w 0.20, gap 0.8
     ok   ARD_M1_INHIBIT   101.8 mm, 3 via(s) 0.5/0.3, w 0.20, gap 17.4
ok   .1Vref_1           9.3 mm, 1 via(s) 0.5/0.3, w 0.20, gap 7.7
     .1Vref_1         done in 11.1 s
rip  Net-(U106C-B)    ripped Net-(U103B-Y), Vout_2, Net-(D26-+), Net-(U106B-B), but Net-(U106B-B) then failed; undone
rip  Net-(U106C-B)    ripped Net-(U103B-Y), Net-(D26-+), Vout_2, Net-(U106B-B), Net-(U13-In-), ARD_M1_INHIBIT, Net-(U102B-A), .1Vout_3, but Net-(U106B-B) then failed; undone
rip  Net-(U106C-B)    ripped and re-routed Vout_2, ARD_M1_INHIBIT, Net-(U102B-A), Net-(U103B-Y)
     ok   Net-(U103B-Y)     39.8 mm, 2 via(s) 0.5/0.3, w 0.20, gap 33.2
     ok   Net-(U102B-A)     14.6 mm, 2 via(s) 0.5/0.3, w 0.20, gap 14.1
     ok   Net-(U102B-A)     24.0 mm, 2 via(s) 0.5/0.3, w 0.20, gap 19.1
     ok   Vout_2            56.6 mm, 3 via(s) 0.5/0.3, w 0.30, gap 10.5
     ok   ARD_M1_INHIBIT     1.0 mm, 0 via(s), w 0.20, gap 0.8
     ok   ARD_M1_INHIBIT   106.2 mm, 1 via(s) 0.5/0.3, w 0.20, gap 17.4
rip  Net-(U106C-B)    ripped and re-routed .1Vout_3, Net-(D26-+), Net-(U103B-Y), Net-(U102B-A)
     ok   Net-(D26-+)        4.1 mm, 1 via(s) 0.5/0.3, w 0.20, gap 2.2
     ok   Net-(D26-+)        2.6 mm, 0 via(s), w 0.20, gap 2.0
     ok   Net-(D26-+)        6.4 mm, 0 via(s), w 0.15, gap 5.0
     ok   .1Vout_3           5.6 mm, 2 via(s) 0.5/0.3, w 0.20, gap 1.0
     ok   .1Vout_3          14.2 mm, 2 via(s) 0.5/0.3, w 0.15, gap 1.8
     ok   Net-(U103B-Y)     41.2 mm, 2 via(s) 0.5/0.3, w 0.20, gap 33.2
     ok   Net-(U102B-A)     14.6 mm, 2 via(s) 0.5/0.3, w 0.20, gap 14.1
     ok   Net-(U102B-A)     24.8 mm, 2 via(s) 0.5/0.3, w 0.20, gap 19.1
ok   Net-(U106C-B)     21.7 mm, 0 via(s), w 0.20, gap 11.5
     Net-(U106C-B)    done in 17.3 s
ok   Voltage_err_2      5.5 mm, 2 via(s) 0.5/0.3, w 0.20, gap 4.3
rip  Voltage_err_2    ripped Net-(U18-Q3), Net-(U106B-B), Verr2, Net-(U13-In-), but Net-(U18-Q3) then failed; undone
rip  Voltage_err_2    ripped Net-(U13-In-), Net-(U103B-Y), Net-(U102B-A), Vout_2, Net-(U18-Q3), Net-(U106B-B), Verr2, Out-, but Vout_2 then failed; undone
rip  Voltage_err_2    ripped Net-(D5--), Net-(U106C-B), Net-(U7-In-), Verr2, Net-(U106C-A), Out-, but Net-(U7-In-) then failed; undone
FAIL Voltage_err_2: island 0 (263 cells; R32.1 U7.1) to island 1 (R37.1), gap 13.6 mm
     Voltage_err_2    done in 9.2 s (1 failed)
ok   Vref_1             1.1 mm, 0 via(s), w 0.20, gap 0.9
rip  Vref_1           ripped and re-routed 0err_hi, Vref_1_arduino, Net-(D4-+), SDA
     ok   0err_hi            1.0 mm, 1 via(s) 0.5/0.3, w 0.20, gap 0.8
     ok   0err_hi            5.0 mm, 1 via(s) 0.5/0.3, w 0.20, gap 3.5
     ok   0err_hi           15.2 mm, 2 via(s) 0.5/0.3, w 0.20, gap 5.3
     ok   0err_hi           28.1 mm, 2 via(s) 0.5/0.3, w 0.20, gap 25.8
     ok   0err_hi           30.2 mm, 1 via(s) 0.5/0.3, w 0.20, gap 25.1
     ok   SDA              116.2 mm, 8 via(s) 0.5/0.3, w 0.20, gap 11.1
     ok   Vref_1_arduino    14.4 mm, 1 via(s) 0.5/0.3, w 0.20, gap 2.8
     ok   Net-(D4-+)         9.4 mm, 2 via(s) 0.5/0.3, w 0.15, gap 4.8
     ok   Net-(D4-+)        22.2 mm, 1 via(s) 0.5/0.3, w 0.20, gap 20.6
     Vref_1           done in 3.3 s
ok   Vref_3             1.9 mm, 1 via(s) 0.5/0.3, w 0.20, gap 1.5
ok   Vref_3            22.0 mm, 4 via(s) 0.5/0.3, w 0.15, gap 5.8
     Vref_3           done in 0.3 s
ok   Net-(U26B-P1B)     0.2 mm, 1 via(s) 0.5/0.3, w 0.20, gap 0.0
ok   Net-(U26B-P1B)     0.9 mm, 0 via(s), w 0.20, gap 0.4
rip  Net-(U26B-P1B)   ripped and re-routed SCL, SDA, Reset_raw, Net-(U103B-Y)
     ok   Net-(U103B-Y)     41.2 mm, 2 via(s) 0.5/0.3, w 0.20, gap 33.2
     ok   Reset_raw         39.0 mm, 2 via(s) 0.5/0.3, w 0.15, gap 22.4
     ok   SDA              121.0 mm, 5 via(s) 0.5/0.3, w 0.20, gap 11.1
     ok   SCL                9.2 mm, 1 via(s) 0.5/0.3, w 0.20, gap 8.6
     Net-(U26B-P1B)   done in 3.1 s
ok   Vout_3             1.8 mm, 0 via(s), w 0.30, gap 1.6
     Vout_3           done in 0.1 s
ok   VerrGT0            6.3 mm, 2 via(s) 0.5/0.3, w 0.20, gap 3.2
ok   VerrGT0           13.0 mm, 2 via(s) 0.5/0.3, w 0.20, gap 5.3
rip  VerrGT0          ripped Net-(U106C-B), SDA, Net-(U106A-B), Vout_2, but Net-(U106A-B) then failed; undone
rip  VerrGT0          ripped Net-(U106C-B), SDA, Net-(U106B-B), Net-(U106A-B), Vout_2, Net-(D23-+), Net-(U13-In-), Verr2, but Vout_2 then failed; undone
rip  VerrGT0          ripped ena_out_3, Net-(U106A-B), Net-(D20--), IREF2, Net-(D5--), Out-, ena_out_1, Net-(U102B-A), but Net-(D20--) then failed; undone
FAIL VerrGT0: island 0 (357 cells; U102.5 U102.9) to island 2 (U103.2), gap 19.9 mm
ok   VerrGT0           38.8 mm, 2 via(s) 0.5/0.3, w 0.20, gap 29.2
rip  VerrGT0          ripped Net-(U106C-B), SDA, Net-(U106A-B), Vout_2, but Net-(U106A-B) then failed; undone
rip  VerrGT0          ripped Net-(U106C-B), SDA, Net-(U106B-B), Net-(U106A-B), Vout_2, Net-(D23-+), Net-(U13-In-), Verr2, but Vout_2 then failed; undone
rip  VerrGT0          ripped ena_out_3, Net-(U106A-B), Net-(D20--), IREF2, Net-(D5--), Out-, ena_out_1, Net-(U102B-A), but Net-(D20--) then failed; undone
FAIL VerrGT0: island 0 (1690 cells; U101.1 U102.5 U102.9 U104.10) to island 1 (U103.2), gap 19.9 mm
     VerrGT0          done in 34.9 s (2 failed)
rip  Net-(U103A-A)    ripped Net-(U106C-B), Net-(U106A-B), SDA, Vout_2, but Net-(U106A-B) then failed; undone
rip  Net-(U103A-A)    ripped Net-(U106C-B), SDA, Net-(U106A-B), Vout_2, ARD_M1_INHIBIT, Net-(D23-+), ena_out_3, 5V, but Vout_2 then failed; undone
rip  Net-(U103A-A)    ripped ena_out_3, Out-, Net-(U106A-B), Net-(U18-Q3), Net-(D25-+), Net-(D5--), Net-(U106B-B), Net-(U26A-P0B), Net-(U24-In+), but Net-(D5--) then failed; undone
FAIL Net-(U103A-A): island 0 (118 cells; U18.4) to island 1 (U103.1), gap 12.8 mm
rip  Net-(U103A-A)    ripped 0err_hi, ARD_M1_INHIBIT, SDA, Net-(D23-+), but Net-(D23-+) then failed; undone
rip  Net-(U103A-A)    ripped 0err_hi, ARD_M1_INHIBIT, SDA, Net-(U21-In+), Net-(U106A-B), Net-(U4-In+), Net-(D23-+), Net-(U21-In-), but 0err_hi then failed; undone
rip  Net-(U103A-A)    ripped SDA, Net-(U106A-B), ARD_M1_INHIBIT, Net-(U106C-B), Vout_2, 0err_hi, but Net-(U106A-B) then failed; undone
FAIL Net-(U103A-A): island 1 (117 cells; U103.1) to island 2 (U28.9), gap 14.8 mm
FAIL Net-(U103A-A): island 0 (118 cells; U18.4) to island 2 (U28.9), gap 21.7 mm
     Net-(U103A-A)    done in 30.6 s (3 failed)
ok   Net-(D5-+)         1.2 mm, 0 via(s), w 0.20, gap 1.0
rip  Net-(D5-+)       ripped Vout_2, ARD_M1_INHIBIT, SDA, Net-(U106C-B), but Vout_2 then failed; undone
rip  Net-(D5-+)       ripped Net-(U106C-B), SDA, Net-(U13-In-), Net-(U106B-B), Vout_2, Net-(U18-Q3), Net-(U106A-B), Verr2, but Net-(U106B-B) then failed; undone
rip  Net-(D5-+)       ripped Net-(U106C-B), Net-(U106A-B), SDA, Vout_2, but Net-(U106A-B) then failed; undone
FAIL Net-(D5-+): island 0 (116 cells; U103.3) to island 1 (D5.2 R63.2), gap 2.3 mm
     Net-(D5-+)       done in 12.5 s (1 failed)
rip  Net-(U26E-HVC{slash}A0) ripped and re-routed Net-(U101A-Y), 0A_hi, Net-(D24-+), SCL
     ok   Net-(D24-+)        3.1 mm, 1 via(s) 0.5/0.3, w 0.20, gap 0.8
     ok   Net-(D24-+)       85.9 mm, 2 via(s) 0.5/0.3, w 0.20, gap 45.1
     ok   0A_hi             11.7 mm, 2 via(s) 0.5/0.3, w 0.20, gap 8.0
     ok   0A_hi             23.6 mm, 1 via(s) 0.5/0.3, w 0.20, gap 21.3
     ok   SCL                9.2 mm, 1 via(s) 0.5/0.3, w 0.20, gap 8.6
     ok   Net-(U101A-Y)      1.7 mm, 1 via(s) 0.5/0.3, w 0.20, gap 1.4
     Net-(U26E-HVC{slash}A0) done in 2.8 s
ok   set-               0.0 mm, 1 via(s) 0.5/0.3, w 0.20, gap 0.0
ok   set-               7.5 mm, 2 via(s) 0.5/0.3, w 0.15, gap 0.9
     set-             done in 0.2 s
fan  GND              C10.1: no via reachable
fan  GND              C43.2: 0.0 mm stub, via 0.5/0.3
fan  GND              U3.2: no via reachable
fan  GND              U28.4: 1.5 mm stub, via 0.5/0.3
fan  GND              U28.5: 1.3 mm stub, via 0.5/0.3
fan  GND              U28.6: nearest via needs 1.8 mm, not fanned out
fan  GND              U28.7: 1.4 mm stub, via 0.5/0.3
fan  GND              U28.12: no via reachable
fan  GND              U28.13: no via reachable
fan  GND              C14.2: 0.0 mm stub, via 0.5/0.3
fan  GND              U101.7: 0.0 mm stub, via 0.5/0.3
fan  GND              C52.2: 0.0 mm stub, via 0.5/0.3
fan  GND              C37.1: 0.1 mm stub, via 0.5/0.3
fan  GND              C22.2: 0.7 mm stub, via 0.5/0.3
fan  GND              U103.7: no via reachable
fan  GND              U18.8: no via reachable
fan  GND              C59.2: 0.7 mm stub, via 0.5/0.3
fan  GND              U14.2: 0.2 mm stub, via 0.5/0.3
fan  GND              C104.2: 0.0 mm stub, via 0.5/0.3
fan  GND              C46.2: 0.8 mm stub, via 0.5/0.3
fan  GND              C63.2: 0.0 mm stub, via 0.5/0.3
fan  GND              U22.2: no via reachable
fan  GND              C91.1: no via reachable
fan  GND              C102.2: no via reachable
fan  GND              C92.2: 0.2 mm stub, via 0.5/0.3
fan  GND              C8.1: 0.5 mm stub, via 0.5/0.3
fan  GND              U105.7: no via reachable
fan  GND              C12.2: no via reachable
fan  GND              C26.2: no via reachable
fan  GND              U24.2: no via reachable
fan  GND              U102.7: 0.0 mm stub, via 0.5/0.3
fan  GND              C15.2: 0.0 mm stub, via 0.5/0.3
fan  GND              U106.7: no via reachable
fan  GND              C94.2: 0.0 mm stub, via 0.5/0.3
fan  GND              C17.1: 1.0 mm stub, via 0.5/0.3
fan  GND              C24.2: no via reachable
fan  GND              U5.2: no via reachable
fan  GND              C42.2: 0.0 mm stub, via 0.5/0.3
fan  GND              C103.2: 0.0 mm stub, via 0.5/0.3
fan  GND              C65.2: nearest via needs 4.9 mm, not fanned out
fan  GND              C29.2: nearest via needs 2.4 mm, not fanned out
fan  GND              C32.2: no via reachable
fan  GND              U21.2: no via reachable
fan  GND              U7.2: nearest via needs 4.1 mm, not fanned out
fan  GND              U4.2: no via reachable
fan  GND              U13.2: no via reachable
fan  GND              C13.1: 0.5 mm stub, via 0.5/0.3
fan  GND              C23.2: 0.4 mm stub, via 0.5/0.3
fan  GND              C93.2: 1.0 mm stub, via 0.5/0.3
fan  GND              C100.2: no via reachable
fan  GND              C9.1: nearest via needs 3.3 mm, not fanned out
fan  GND              U2.2: nearest via needs 3.0 mm, not fanned out
fan  GND              C54.2: nearest via needs 4.0 mm, not fanned out
fan  GND              C95.2: 0.0 mm stub, via 0.5/0.3
fan  GND              C57.1: 0.6 mm stub, via 0.5/0.3
fan  GND              C97.2: 0.0 mm stub, via 0.5/0.3
fan  GND              C58.2: 0.0 mm stub, via 0.5/0.3
fan  GND              C28.2: no via reachable
fan  GND              C53.1: nearest via needs 2.0 mm, not fanned out
fan  GND              C36.1: no via reachable
fan  GND              C47.2: nearest via needs 1.7 mm, not fanned out
fan  GND              U23.2: no via reachable
fan  GND              U26.7: no via reachable
fan  GND              U26.10: no via reachable
fan  GND              U26.11: no via reachable
fan  GND              U26.20: 1.1 mm stub, via 0.5/0.3
fan  GND              C96.2: no via reachable
fan  GND              C101.2: 0.0 mm stub, via 0.5/0.3
fan  GND              U104.7: 0.0 mm stub, via 0.5/0.3
fan  GND              C19.2: no via reachable
fan  GND              C99.2: no via reachable
fan  GND              C11.1: 0.0 mm stub, via 0.5/0.3
fan  GND              C38.1: no via reachable
fan  GND              C98.2: 0.0 mm stub, via 0.5/0.3
     FANOUT:GND       34 vias, 40 pads skipped, 2.4 s
fan  5V               U28.16: 0.1 mm stub, via 0.5/0.3
fan  5V               U101.14: no via reachable
fan  5V               C52.1: 1.2 mm stub, via 0.5/0.3
fan  5V               C22.1: nearest via needs 1.6 mm, not fanned out
fan  5V               U103.14: 0.1 mm stub, via 0.5/0.3
fan  5V               U18.16: nearest via needs 3.0 mm, not fanned out
fan  5V               U14.5: 0.1 mm stub, via 0.5/0.3
fan  5V               C104.1: 0.0 mm stub, via 0.5/0.3
fan  5V               C91.2: 0.0 mm stub, via 0.5/0.3
fan  5V               C92.1: 0.5 mm stub, via 0.5/0.3
fan  5V               U105.14: 0.5 mm stub, via 0.5/0.3
fan  5V               C12.1: 0.0 mm stub, via 0.5/0.3
fan  5V               C26.1: 1.2 mm stub, via 0.5/0.3
fan  5V               U102.14: 0.2 mm stub, via 0.5/0.3
fan  5V               U106.14: 0.0 mm stub, via 0.5/0.3
fan  5V               C24.1: no via reachable
fan  5V               U5.5: no via reachable
fan  5V               C29.1: 0.0 mm stub, via 0.5/0.3
fan  5V               U21.5: 0.1 mm stub, via 0.5/0.3
fan  5V               U4.5: 1.5 mm stub, via 0.5/0.3
fan  5V               C23.1: 0.4 mm stub, via 0.5/0.3
fan  5V               U2.5: 0.5 mm stub, via 0.5/0.3
fan  5V               C54.1: 0.2 mm stub, via 0.5/0.3
fan  5V               C95.1: 0.0 mm stub, via 0.5/0.3
fan  5V               C97.1: 0.0 mm stub, via 0.5/0.3
fan  5V               C58.1: 0.0 mm stub, via 0.5/0.3
fan  5V               U26.17: no via reachable
fan  5V               C96.1: no via reachable
fan  5V               U104.14: 0.1 mm stub, via 0.5/0.3
     FANOUT:5V        22 vias, 7 pads skipped, 0.6 s
rip  analog_5V        ripped and re-routed Voltage_err_1, Vref_3, IREF2, Net-(U26A-P0B)
     ok   Voltage_err_1      2.1 mm, 1 via(s) 0.5/0.3, w 0.20, gap 1.2
     ok   Voltage_err_1     18.2 mm, 2 via(s) 0.5/0.3, w 0.15, gap 11.6
     ok   Net-(U26A-P0B)     3.4 mm, 2 via(s) 0.5/0.3, w 0.20, gap 1.3
     ok   Net-(U26A-P0B)    12.3 mm, 1 via(s) 0.5/0.3, w 0.15, gap 5.6
     ok   Net-(U26A-P0B)    13.4 mm, 1 via(s) 0.5/0.3, w 0.20, gap 12.0
     ok   IREF2             13.9 mm, 2 via(s) 0.5/0.3, w 0.20, gap 9.1
     ok   IREF2             49.0 mm, 2 via(s) 0.5/0.3, w 0.20, gap 18.6
     ok   Vref_3             1.9 mm, 1 via(s) 0.5/0.3, w 0.20, gap 1.5
     ok   Vref_3             8.2 mm, 2 via(s) 0.5/0.3, w 0.20, gap 5.8
ok   analog_5V          6.7 mm, 2 via(s) 0.5/0.3, w 0.40, gap 2.1
ok   analog_5V          3.6 mm, 1 via(s) 0.5/0.3, w 0.40, gap 2.8
ok   analog_5V          6.7 mm, 2 via(s) 0.5/0.3, w 0.40, gap 3.3
rip  analog_5V        ripped Net-(U22-In+), Vref_1_arduino, out_3_on, VerrGT0, but Net-(U22-In+) then failed; undone
rip  analog_5V        ripped Net-(U22-In+), Net-(D23-+), Vref_1_arduino, Net-(D4-+), 0err_hi, VerrGT0, Net-(U106A-B), .1Vref_3, but Net-(U106A-B) then failed; undone
rip  analog_5V        ripped Net-(D4-+), Net-(U106A-B), 0err_hi, Net-(D23-+), Net-(U22-In+), Net-(Q1-E), but Net-(U22-In+) then failed; undone
FAIL analog_5V: island 0 (179 cells; C63.1 U22.5) to island 6 (R44.1), gap 3.9 mm
ok   analog_5V          6.1 mm, 0 via(s), w 0.40, gap 4.9
ok   analog_5V          5.6 mm, 0 via(s), w 0.30, gap 5.0
ok   analog_5V         10.5 mm, 1 via(s) 0.5/0.3, w 0.40, gap 8.9
ok   analog_5V         36.4 mm, 2 via(s) 0.5/0.3, w 0.40, gap 9.3
FAIL analog_5V: island 1 (3859 cells; R96.1 U3.5 C37.2 U24.5 +9) to island 2 (R44.1), gap 11.3 mm
ok   analog_5V         20.0 mm, 3 via(s) 0.5/0.3, w 0.40, gap 14.3
     analog_5V        done in 27.8 s (2 failed)
ok   12V               16.8 mm, 1 via(s) 0.5/0.3, w 0.40, gap 15.7
     12V              done in 0.2 s
rip  IREF2_input      ripped Net-(U26B-P1B), Vref_3, RESET-, Reset_raw, but Net-(U26B-P1B) then failed; undone
rip  IREF2_input      ripped Net-(U26B-P1B), Reset_raw, set-, Net-(U103B-Y), Vref_3, IREF2, RESET-, low_error_timeout, but IREF2 then failed; undone
rip  IREF2_input      ripped IREF1_input, 0err_hi, Vref_3, Voltage_err_1, Net-(U26C-P2B), 0A_hi, RESET-, but Voltage_err_1 then failed; undone
FAIL IREF2_input: island 0 (222 cells; J11.27) to island 1 (U26.9), gap 22.0 mm
     IREF2_input      done in 13.5 s (1 failed)
ok   Vref_2             0.8 mm, 1 via(s) 0.5/0.3, w 0.20, gap 0.6
ok   Vref_2             9.8 mm, 2 via(s) 0.5/0.3, w 0.20, gap 8.2
     Vref_2           done in 0.2 s
ok   .1Vout_2           0.9 mm, 0 via(s), w 0.20, gap 0.7
ok   .1Vout_2           1.1 mm, 0 via(s), w 0.20, gap 0.7
     .1Vout_2         done in 0.1 s
ok   Net-(U106A-A)      1.0 mm, 0 via(s), w 0.20, gap 0.8
rip  Net-(U106A-A)    ripped Net-(U13-In-), Net-(U18-Q3), Net-(U106B-B), IREF2, but Net-(U18-Q3) then failed; undone
rip  Net-(U106A-A)    ripped Net-(U13-In-), Net-(U106B-B), Net-(U18-Q3), Net-(U106A-B), IREF2, Net-(U102B-A), Net-(U24-In+), Verr2, but Net-(U18-Q3) then failed; undone
rip  Net-(U106A-A)    ripped and re-routed Net-(U13-In-)
     ok   Net-(U13-In-)      0.9 mm, 1 via(s) 0.5/0.3, w 0.20, gap 0.7
     ok   Net-(U13-In-)     23.3 mm, 2 via(s) 0.5/0.3, w 0.15, gap 6.6
     Net-(U106A-A)    done in 5.4 s
ok   .1Vout_1           0.4 mm, 1 via(s) 0.5/0.3, w 0.20, gap 0.1
ok   .1Vout_1           0.9 mm, 0 via(s), w 0.20, gap 0.4
     .1Vout_1         done in 0.2 s
ok   Net-(D4--)         0.0 mm, 1 via(s) 0.5/0.3, w 0.20, gap 0.0
ok   Net-(D4--)         1.2 mm, 0 via(s), w 0.20, gap 0.6
     Net-(D4--)       done in 0.1 s
ok   Net-(D3-+)         0.9 mm, 1 via(s) 0.5/0.3, w 0.20, gap 0.7
     Net-(D3-+)       done in 0.0 s
ok   IREF3              4.3 mm, 1 via(s) 0.5/0.3, w 0.20, gap 3.8
ok   IREF3             54.6 mm, 3 via(s) 0.5/0.3, w 0.15, gap 27.7
     IREF3            done in 1.8 s
ok   IREF1              0.8 mm, 1 via(s) 0.5/0.3, w 0.20, gap 0.6
rip  IREF1            ripping Net-(U26A-P0B), analog_5V, Net-(U24-In+), Net-(U13-In-) did not free a path
rip  IREF1            ripping analog_5V, ena_out_3, Net-(U24-In+), Net-(U26A-P0B), Net-(D23-+), Net-(D20--), Out-, Net-(U13-In-) did not free a path
rip  IREF1            ripped .1Vref_1, Net-(U26C-P2B), Reset_raw, Net-(U24-In+), Vout_3, Net-(U102B-A), Voltage_err_3, Voltage_err_1, .1Vout_1, Net-(U26A-P0B), but Net-(U24-In+) then failed; undone
FAIL IREF1: island 0 (270 cells; R29.1 U106.6) to island 1 (J9.4), gap 26.3 mm
     IREF1            done in 10.8 s (1 failed)
ok   ena_out_2         21.0 mm, 2 via(s) 0.5/0.3, w 0.20, gap 11.5
rip  ena_out_2        ripped 0err_hi, SDA, VerrGT0, 5V, but VerrGT0 then failed; undone
rip  ena_out_2        ripped 0err_hi, VerrGT0, SDA, low_error_timeout, 5V, M2_ON, ARD_M1_INHIBIT, Net-(D4-+), but ARD_M1_INHIBIT then failed; undone
rip  ena_out_2        ripped low_error_timeout, 0err_hi, Net-(U26B-P1B), out_2_on, set-, Net-(U22-In+), SDA, Net-(U101A-Y), Net-(U106A-B), analog_5V, Out, out_3_on, but SDA then failed; undone
FAIL ena_out_2: island 0 (792 cells; U102.12 J11.7) to island 1 (U104.12), gap 17.8 mm
     ena_out_2        done in 16.6 s (1 failed)
ok   Net-(D7--)         0.9 mm, 0 via(s), w 0.20, gap 0.7
rip  Net-(D7--)       ripped VerrGT0, 5V, 0err_hi, ARD_M1_INHIBIT, but VerrGT0 then failed; undone
rip  Net-(D7--)       ripped 0err_hi, VerrGT0, SDA, 5V, M2_ON, out_2_on, ARD_M1_INHIBIT, Net-(D4-+), but VerrGT0 then failed; undone
rip  Net-(D7--)       ripped SDA, M1_INHIBIT, Out-, VerrGT0, Net-(C19-Pad1), but VerrGT0 then failed; undone
FAIL Net-(D7--): island 0 (192 cells; D7.1 R79.2) to island 1 (U104.13), gap 28.1 mm
     Net-(D7--)       done in 28.7 s (1 failed)
rip  Net-(U102A-Y)    ripped ena_out_1, ARD_M1_INHIBIT, Net-(U102B-A), Net-(D24-+), but Net-(U102B-A) then failed; undone
rip  Net-(U102A-Y)    ripped ena_out_1, 5V, Net-(D24-+), ARD_M1_INHIBIT, Voltage_err_2, Net-(U102B-A), Net-(D20--), Out-, but Net-(U102B-A) then failed; undone
rip  Net-(U102A-Y)    ripped Net-(U102D-Y), RESET-, M1_ON, VerrGT0, Net-(U102B-A), ena_out_1, ena_out_2, low_error_timeout, M2_ON, 5V, analog_5V, but VerrGT0 then failed; undone
FAIL Net-(U102A-Y): island 0 (113 cells; U102.3) to island 1 (U104.3), gap 29.9 mm
     Net-(U102A-Y)    done in 14.4 s (1 failed)
ok   Net-(D20-+)        3.2 mm, 1 via(s) 0.5/0.3, w 0.20, gap 2.8
ok   Net-(D20-+)       21.2 mm, 2 via(s) 0.5/0.3, w 0.15, gap 13.3
     Net-(D20-+)      done in 0.2 s
ok   Vref_3_arduino     4.8 mm, 0 via(s), w 0.20, gap 4.6
     Vref_3_arduino   done in 0.1 s
ok   Vref_2_arduino     3.5 mm, 1 via(s) 0.5/0.3, w 0.20, gap 3.0
     Vref_2_arduino   done in 0.1 s
ok   Net-(C8-Pad2)      1.2 mm, 0 via(s), w 0.20, gap 0.9
rip  Net-(C8-Pad2)    ripped IREF3, Net-(U106C-B), 5V, Vout_2, but 5V then failed; undone
rip  Net-(C8-Pad2)    ripped IREF3, Net-(U106C-B), SDA, 5V, Net-(U106A-B), Vout_2, ARD_M1_INHIBIT, Net-(D24-+), but SDA then failed; undone
rip  Net-(C8-Pad2)    ripped and re-routed Net-(U106C-B), IREF3, Net-(D24-+)
     ok   Net-(D24-+)        3.1 mm, 1 via(s) 0.5/0.3, w 0.20, gap 0.8
     ok   Net-(D24-+)       86.1 mm, 2 via(s) 0.5/0.3, w 0.20, gap 45.1
     ok   Net-(U106C-B)      3.6 mm, 1 via(s) 0.5/0.3, w 0.20, gap 3.1
     ok   Net-(U106C-B)      9.0 mm, 3 via(s) 0.5/0.3, w 0.20, gap 4.8
     ok   Net-(U106C-B)     21.7 mm, 2 via(s) 0.5/0.3, w 0.20, gap 11.5
     ok   IREF3              4.3 mm, 1 via(s) 0.5/0.3, w 0.20, gap 3.8
     ok   IREF3             53.4 mm, 4 via(s) 0.5/0.3, w 0.15, gap 27.7
     Net-(C8-Pad2)    done in 29.8 s
ok   Net-(D7-+)         0.9 mm, 0 via(s), w 0.20, gap 0.7
ok   Net-(D7-+)         1.1 mm, 1 via(s) 0.5/0.3, w 0.20, gap 0.9
     Net-(D7-+)       done in 0.1 s
ok   Net-(U26E-A1)      4.8 mm, 0 via(s), w 0.20, gap 3.4
     Net-(U26E-A1)    done in 0.1 s
ok   Net-(C17-Pad2)     1.0 mm, 0 via(s), w 0.20, gap 0.7
ok   Net-(C17-Pad2)     0.9 mm, 0 via(s), w 0.20, gap 0.7
     Net-(C17-Pad2)   done in 0.1 s
ok   Net-(C9-Pad2)      0.0 mm, 1 via(s) 0.5/0.3, w 0.20, gap 0.0
ok   Net-(C9-Pad2)      0.9 mm, 0 via(s), w 0.20, gap 0.2
     Net-(C9-Pad2)    done in 0.1 s
ok   5V                 0.0 mm, 1 via(s) 0.5/0.3, w 0.40, gap 0.0
ok   5V                 1.3 mm, 0 via(s), w 0.40, gap 0.0
ok   5V                 1.6 mm, 1 via(s) 0.5/0.3, w 0.40, gap 0.0
ok   5V                 0.4 mm, 1 via(s) 0.5/0.3, w 0.40, gap 0.0
rip  5V               ripped Out-, ena_out_1, Net-(U106A-B), Net-(U23-In+), but Net-(U106A-B) then failed; undone
rip  5V               ripped analog_5V, Out-, Net-(D20--), Net-(D20-+), Voltage_err_2, ena_out_2, Net-(U102B-A), Vout_2, but Net-(U102B-A) then failed; undone
rip  5V               ripped Net-(U106A-B), Net-(U102B-A), ena_out_1, but Net-(U106A-B) then failed; undone
FAIL 5V: island 0 (167575 cells; U28.16 U101.14 C52.1 R82.1 +29) to island 1 (C94.1), gap 0.0 mm
ok   5V                 0.1 mm, 1 via(s) 0.5/0.3, w 0.40, gap 0.0
FAIL 5V: island 0 (167575 cells; U28.16 U101.14 C52.1 R82.1 +30) to island 2 (U26.17), gap 0.0 mm
FAIL 5V: island 0 (167575 cells; U28.16 U101.14 C52.1 R82.1 +30) to island 3 (C96.1), gap 0.0 mm
ok   5V                 3.7 mm, 0 via(s), w 0.30, gap 0.0
ok   5V                 1.1 mm, 0 via(s), w 0.40, gap 0.0
FAIL 5V: island 0 (167575 cells; U28.16 U101.14 C52.1 R82.1 +32) to island 4 (C24.1 U5.5), gap 0.0 mm
ok   5V                 2.8 mm, 1 via(s) 0.5/0.3, w 0.40, gap 0.0
FAIL 5V: island 3 (78 cells; C96.1) to island 4 (C24.1 U5.5), gap 8.1 mm
FAIL 5V: island 2 (59 cells; U26.17) to island 3 (C96.1), gap 17.4 mm
FAIL 5V: island 1 (78 cells; C94.1) to island 3 (C96.1), gap 17.9 mm
FAIL 5V: island 2 (59 cells; U26.17) to island 4 (C24.1 U5.5), gap 21.4 mm
FAIL 5V: island 1 (78 cells; C94.1) to island 4 (C24.1 U5.5), gap 26.0 mm
FAIL 5V: island 1 (78 cells; C94.1) to island 2 (U26.17), gap 27.4 mm
     5V               done in 37.5 s (10 failed)
     GND              done in 0.0 s
tracks 2424, vias 276, failures 37, 559 s
