board rasterised in 0.5 s
first: 41 nets from earlier passes routed ahead of the plane fan-outs
ok   Current            1.3 mm, 0 via(s), w 0.20, gap 1.1
ok   Current            1.6 mm, 0 via(s), w 0.20, gap 1.4
prot Current          track zone on In5.Cu/B.Cu, via zone all layers; 24 nets exempt in the track zone
     Current          sensitive, 0.2 s
ok   Net-(U2-In+)       0.1 mm, 1 via(s) 0.5/0.3, w 0.15, gap 0.0
ok   Net-(U2-In+)       2.9 mm, 2 via(s) 0.5/0.3, w 0.15, gap 1.9
ok   Net-(U2-In+)       7.7 mm, 1 via(s) 0.5/0.3, w 0.15, gap 6.0
prot Net-(U2-In+)     track zone on F.Cu/In5.Cu/B.Cu, via zone all layers; 9 nets exempt in the track zone
     Net-(U2-In+)     sensitive, 0.3 s
ok   V_err             16.1 mm, 1 via(s) 0.5/0.3, w 0.15, gap 0.0
ok   V_err              1.2 mm, 0 via(s), w 0.15, gap 0.3
prot V_err            track zone on F.Cu/B.Cu, via zone all layers; 13 nets exempt in the track zone (logic nets only)
     V_err            sensitive, 0.2 s
ok   Net-(U4-In+)       1.0 mm, 0 via(s), w 0.20, gap 0.8
ok   Net-(U4-In+)       1.0 mm, 0 via(s), w 0.20, gap 0.8
ok   Net-(U4-In+)      16.0 mm, 0 via(s), w 0.20, gap 3.2
     Net-(U4-In+)     done in 0.2 s
ok   Net-(U14-In+)      0.3 mm, 1 via(s) 0.5/0.3, w 0.20, gap 0.0
ok   Net-(U14-In+)      1.5 mm, 0 via(s), w 0.20, gap 1.2
ok   Net-(U14-In+)      3.7 mm, 0 via(s), w 0.20, gap 2.3
     Net-(U14-In+)    done in 0.2 s
ok   Net-(U21-In+)      0.9 mm, 0 via(s), w 0.20, gap 0.7
ok   Net-(U21-In+)      1.9 mm, 1 via(s) 0.5/0.3, w 0.20, gap 0.8
ok   Net-(U21-In+)      1.4 mm, 0 via(s), w 0.20, gap 1.1
     Net-(U21-In+)    done in 0.2 s
ok   Net-(U21-In-)      0.0 mm, 1 via(s) 0.5/0.3, w 0.20, gap 0.0
ok   Net-(U21-In-)      2.4 mm, 0 via(s), w 0.20, gap 2.0
     Net-(U21-In-)    done in 0.1 s
ok   Net-(Q1-E)         0.2 mm, 1 via(s) 0.5/0.3, w 0.20, gap 0.0
ok   Net-(Q1-E)         3.9 mm, 0 via(s), w 0.20, gap 2.3
ok   Net-(Q1-E)        20.0 mm, 0 via(s), w 0.20, gap 14.0
     Net-(Q1-E)       done in 0.2 s
stch Net-(U2-In+)     5 GND vias beside its In5.Cu run
stch Current          2 GND vias beside its B.Cu run
stch V_err            0 GND vias beside its In5.Cu run
stch J9.10            2 GND vias beside the thermal-relief pad
dcap 5V               C104.1 -> U103.14: 1.1 mm, 0 via(s), w 0.30
dcap 5V               C98.1 -> U4.5: 1.2 mm, 0 via(s), w 0.30
dcap 5V               C28.1 -> U2.5: 1.3 mm, 0 via(s), w 0.30
dcap 5V               C53.2 -> U21.5: 0.9 mm, 0 via(s), w 0.30
dcap 5V               C24.1 -> U5.5: 1.2 mm, 0 via(s), w 0.30
dcap 5V               C12.1 -> U14.5: 1.1 mm, 0 via(s), w 0.30
dcap 5V               C58.1 -> U104.14: 1.2 mm, 0 via(s), w 0.30
dcap 5V               C23.1 -> U106.14: 1.2 mm, 0 via(s), w 0.30
dcap 5V               C52.1 -> U18.16: 0.9 mm, 0 via(s), w 0.30
dcap 5V               C22.1 -> U101.14: 4.8 mm, 0 via(s), w 0.30
dcap analog_5V        C63.1 -> U22.5: 1.1 mm, 0 via(s), w 0.30
dcap analog_5V        C38.2 -> U23.5: 1.4 mm, 0 via(s), w 0.30
dcap analog_5V        C32.1 -> U13.5: 1.4 mm, 0 via(s), w 0.30
dcap analog_5V        C37.2 -> U24.5: 1.3 mm, 0 via(s), w 0.30
dcap analog_5V        C36.2 -> U7.5: 1.2 mm, 0 via(s), w 0.30
     DECAP            15 direct links, 0.9 s
ok   IREF1_input       16.2 mm, 0 via(s), w 0.20, gap 13.5
     IREF1_input      done in 0.2 s
ok   Net-(U26C-P2B)     1.2 mm, 1 via(s) 0.5/0.3, w 0.20, gap 0.4
ok   Net-(U26C-P2B)     0.9 mm, 0 via(s), w 0.20, gap 0.7
ok   Net-(U26C-P2B)    20.4 mm, 0 via(s), w 0.20, gap 9.8
     Net-(U26C-P2B)   done in 0.3 s
ok   Verr1              0.0 mm, 1 via(s) 0.5/0.3, w 0.20, gap 0.0
ok   Verr1              1.0 mm, 0 via(s), w 0.20, gap 0.8
ok   Verr1             17.9 mm, 0 via(s), w 0.20, gap 12.4
     Verr1            done in 0.3 s
ok   Voltage_err_1      2.1 mm, 1 via(s) 0.5/0.3, w 0.20, gap 1.2
ok   Voltage_err_1     13.9 mm, 2 via(s) 0.5/0.3, w 0.20, gap 11.6
     Voltage_err_1    done in 0.2 s
ok   Net-(D26-+)        2.6 mm, 1 via(s) 0.5/0.3, w 0.20, gap 2.2
ok   Net-(D26-+)        4.1 mm, 0 via(s), w 0.20, gap 2.3
ok   Net-(D26-+)        6.4 mm, 0 via(s), w 0.20, gap 5.0
     Net-(D26-+)      done in 0.3 s
ok   Verr2              0.6 mm, 1 via(s) 0.5/0.3, w 0.20, gap 0.4
ok   Verr2              2.9 mm, 0 via(s), w 0.20, gap 2.6
ok   Verr2              9.2 mm, 1 via(s) 0.5/0.3, w 0.20, gap 5.6
     Verr2            done in 0.3 s
ok   Voltage_err_3      4.5 mm, 2 via(s) 0.5/0.3, w 0.20, gap 3.3
ok   Voltage_err_3      5.6 mm, 1 via(s) 0.5/0.3, w 0.20, gap 4.6
     Voltage_err_3    done in 0.2 s
ok   Output3_drain     10.8 mm, 0 via(s), w 0.15, gap 9.7
     Output3_drain    done in 0.3 s
ok   Net-(U24-In+)      1.4 mm, 0 via(s), w 0.20, gap 1.1
ok   Net-(U24-In+)      2.5 mm, 1 via(s) 0.5/0.3, w 0.20, gap 1.8
ok   Net-(U24-In+)      7.8 mm, 2 via(s) 0.5/0.3, w 0.20, gap 3.7
     Net-(U24-In+)    done in 0.3 s
ok   Net-(U3-In-)       0.0 mm, 1 via(s) 0.5/0.3, w 0.20, gap 0.0
ok   Net-(U3-In-)       8.2 mm, 0 via(s), w 0.20, gap 6.9
     Net-(U3-In-)     done in 0.2 s
ok   Net-(U7-In-)       1.0 mm, 0 via(s), w 0.20, gap 0.7
ok   Net-(U7-In-)       4.9 mm, 0 via(s), w 0.20, gap 1.9
     Net-(U7-In-)     done in 0.1 s
ok   Net-(U23-In+)      0.9 mm, 0 via(s), w 0.20, gap 0.7
ok   Net-(U23-In+)      1.0 mm, 0 via(s), w 0.20, gap 0.7
ok   Net-(U23-In+)      1.4 mm, 0 via(s), w 0.20, gap 1.2
     Net-(U23-In+)    done in 0.3 s
ok   .1Vout_3           1.2 mm, 0 via(s), w 0.20, gap 1.0
ok   .1Vout_3           3.4 mm, 2 via(s) 0.5/0.3, w 0.20, gap 2.8
     .1Vout_3         done in 0.2 s
ok   Net-(U106B-A)      0.9 mm, 0 via(s), w 0.20, gap 0.7
ok   Net-(U106B-A)      1.5 mm, 1 via(s) 0.5/0.3, w 0.20, gap 1.1
     Net-(U106B-A)    done in 0.2 s
ok   Net-(D24-+)        3.1 mm, 1 via(s) 0.5/0.3, w 0.20, gap 0.8
ok   Net-(D24-+)       51.9 mm, 2 via(s) 0.5/0.3, w 0.20, gap 45.1
     Net-(D24-+)      done in 0.7 s
ok   0err_hi            1.0 mm, 1 via(s) 0.5/0.3, w 0.20, gap 0.8
ok   0err_hi            5.0 mm, 1 via(s) 0.5/0.3, w 0.20, gap 3.5
rip  0err_hi          ripped and re-routed Verr1, Net-(U4-In+)
     ok   Net-(U4-In+)       1.0 mm, 0 via(s), w 0.20, gap 0.8
     ok   Net-(U4-In+)       1.0 mm, 0 via(s), w 0.20, gap 0.8
     ok   Net-(U4-In+)      14.8 mm, 2 via(s) 0.5/0.3, w 0.20, gap 3.2
     ok   Verr1              0.0 mm, 1 via(s) 0.5/0.3, w 0.20, gap 0.0
     ok   Verr1              1.0 mm, 0 via(s), w 0.20, gap 0.8
     ok   Verr1             18.1 mm, 0 via(s), w 0.20, gap 12.4
ok   0err_hi           27.9 mm, 1 via(s) 0.5/0.3, w 0.20, gap 25.8
ok   0err_hi           30.2 mm, 1 via(s) 0.5/0.3, w 0.20, gap 25.1
     0err_hi          done in 3.3 s
ok   Out-               2.8 mm, 0 via(s), w 0.20, gap 2.1
ok   Out-               4.3 mm, 1 via(s) 0.5/0.3, w 0.20, gap 2.7
ok   Out-               3.8 mm, 0 via(s), w 0.20, gap 3.2
ok   Out-               5.9 mm, 0 via(s), w 0.20, gap 4.4
ok   Out-               6.4 mm, 1 via(s) 0.5/0.3, w 0.20, gap 5.8
ok   Out-              15.2 mm, 2 via(s) 0.5/0.3, w 0.20, gap 13.7
ok   Out-              17.4 mm, 0 via(s), w 0.20, gap 16.3
     Out-             done in 1.3 s
ok   Net-(U103B-Y)     37.5 mm, 4 via(s) 0.5/0.3, w 0.20, gap 33.2
     Net-(U103B-Y)    done in 0.4 s
ok   Net-(U102B-A)     14.6 mm, 2 via(s) 0.5/0.3, w 0.20, gap 14.1
ok   Net-(U102B-A)     23.1 mm, 2 via(s) 0.5/0.3, w 0.20, gap 19.1
     Net-(U102B-A)    done in 0.4 s
ok   Net-(U102C-A)     14.5 mm, 2 via(s) 0.5/0.3, w 0.20, gap 12.9
rip  Net-(U102C-A)    ripped 0err_hi, Net-(U4-In+), Net-(U102B-A), but 0err_hi then failed; undone
rip  Net-(U102C-A)    ripped 0err_hi, Net-(U4-In+), Net-(U21-In+), Net-(U21-In-), Net-(U102B-A), but 0err_hi then failed; undone
rip  Net-(U102C-A)    ripped Net-(U102B-A), Net-(U4-In+), 0err_hi, .1Vout_3, but 0err_hi then failed; undone
FAIL Net-(U102C-A): island 0 (550 cells; U18.2 U102.10) to island 1 (U28.10), gap 20.5 mm
     Net-(U102C-A)    done in 19.0 s (1 failed)
ok   0A_hi             11.7 mm, 2 via(s) 0.5/0.3, w 0.20, gap 8.0
ok   0A_hi             22.9 mm, 2 via(s) 0.5/0.3, w 0.20, gap 21.3
     0A_hi            done in 0.6 s
ok   Reset_raw         31.1 mm, 2 via(s) 0.5/0.3, w 0.15, gap 22.4
     Reset_raw        done in 0.8 s
ok   low_error_timeout   1.1 mm, 0 via(s), w 0.20, gap 0.8
ok   low_error_timeout   2.7 mm, 1 via(s) 0.5/0.3, w 0.20, gap 2.1
ok   low_error_timeout  15.8 mm, 1 via(s) 0.5/0.3, w 0.20, gap 13.1
ok   low_error_timeout  15.3 mm, 2 via(s) 0.5/0.3, w 0.20, gap 13.3
     low_error_timeout done in 0.5 s
ok   Net-(U102D-Y)     28.9 mm, 3 via(s) 0.5/0.3, w 0.20, gap 25.2
     Net-(U102D-Y)    done in 0.2 s
ok   ena_out_3         13.7 mm, 0 via(s), w 0.20, gap 10.3
ok   ena_out_3         14.1 mm, 1 via(s) 0.5/0.3, w 0.20, gap 13.2
     ena_out_3        done in 0.4 s
ok   M1_ON              9.9 mm, 2 via(s) 0.5/0.3, w 0.20, gap 8.9
ok   M1_ON             13.4 mm, 2 via(s) 0.5/0.3, w 0.20, gap 11.7
     M1_ON            done in 0.5 s
ok   ena_out_1          4.4 mm, 2 via(s) 0.5/0.3, w 0.20, gap 3.7
ok   ena_out_1         18.4 mm, 0 via(s), w 0.20, gap 13.6
     ena_out_1        done in 0.3 s
ok   Net-(D5--)         4.3 mm, 0 via(s), w 0.20, gap 4.1
ok   Net-(D5--)        13.4 mm, 1 via(s) 0.5/0.3, w 0.20, gap 12.0
     Net-(D5--)       done in 0.2 s
ok   out_3_on          16.1 mm, 3 via(s) 0.5/0.3, w 0.20, gap 15.0
     out_3_on         done in 0.2 s
ok   SDA               26.0 mm, 1 via(s) 0.5/0.3, w 0.15, gap 11.1
     SDA              done in 0.4 s
ok   out_2_on          15.1 mm, 1 via(s) 0.5/0.3, w 0.20, gap 10.2
     out_2_on         done in 0.2 s
ok   M2_ON             16.3 mm, 2 via(s) 0.5/0.3, w 0.20, gap 10.2
     M2_ON            done in 0.2 s
ok   Net-(D20--)        1.8 mm, 1 via(s) 0.5/0.3, w 0.20, gap 1.5
ok   Net-(D20--)        9.6 mm, 2 via(s) 0.5/0.3, w 0.20, gap 8.8
     Net-(D20--)      done in 0.2 s
ok   SCL               11.2 mm, 1 via(s) 0.5/0.3, w 0.20, gap 8.6
     SCL              done in 0.2 s
ok   Net-(U18-Q3)       8.0 mm, 2 via(s) 0.5/0.3, w 0.20, gap 6.7
     Net-(U18-Q3)     done in 0.1 s
rip  Out              ripped and re-routed out_2_on, M1_ON, low_error_timeout, Net-(U102D-Y)
     ok   low_error_timeout   1.1 mm, 0 via(s), w 0.20, gap 0.8
     ok   low_error_timeout   2.7 mm, 1 via(s) 0.5/0.3, w 0.20, gap 2.1
     ok   low_error_timeout  15.8 mm, 1 via(s) 0.5/0.3, w 0.20, gap 13.1
     ok   low_error_timeout  16.6 mm, 2 via(s) 0.5/0.3, w 0.20, gap 13.3
     ok   Net-(U102D-Y)     31.5 mm, 3 via(s) 0.5/0.3, w 0.20, gap 25.2
     ok   M1_ON             10.0 mm, 2 via(s) 0.5/0.3, w 0.20, gap 8.9
     ok   M1_ON             15.3 mm, 1 via(s) 0.5/0.3, w 0.20, gap 12.5
     ok   out_2_on          17.5 mm, 2 via(s) 0.5/0.3, w 0.20, gap 10.2
     Out              done in 2.6 s
ok   M1_INHIBIT         0.1 mm, 1 via(s) 0.5/0.3, w 0.20, gap 0.0
ok   M1_INHIBIT         1.0 mm, 0 via(s), w 0.20, gap 0.4
ok   M1_INHIBIT         2.4 mm, 0 via(s), w 0.20, gap 0.8
ok   M1_INHIBIT         1.2 mm, 0 via(s), w 0.20, gap 0.8
rip  M1_INHIBIT       ripped and re-routed Net-(D24-+), M2_ON, Out-
     ok   Net-(D24-+)        3.1 mm, 1 via(s) 0.5/0.3, w 0.20, gap 0.8
     ok   Net-(D24-+)       52.6 mm, 2 via(s) 0.5/0.3, w 0.20, gap 45.1
     ok   Out-               2.8 mm, 0 via(s), w 0.20, gap 2.1
     ok   Out-               4.7 mm, 1 via(s) 0.5/0.3, w 0.20, gap 2.7
     ok   Out-               3.8 mm, 0 via(s), w 0.20, gap 3.2
     ok   Out-               5.9 mm, 0 via(s), w 0.20, gap 4.4
     ok   Out-               7.5 mm, 1 via(s) 0.5/0.3, w 0.20, gap 6.7
     ok   Out-              15.2 mm, 2 via(s) 0.5/0.3, w 0.20, gap 13.7
     ok   Out-              17.5 mm, 0 via(s), w 0.20, gap 16.3
     ok   M2_ON             13.5 mm, 2 via(s) 0.5/0.3, w 0.20, gap 10.2
     M1_INHIBIT       done in 3.6 s
ok   Vref_1_arduino     3.0 mm, 1 via(s) 0.5/0.3, w 0.20, gap 2.8
     Vref_1_arduino   done in 0.1 s
ok   Net-(U101A-Y)      1.7 mm, 1 via(s) 0.5/0.3, w 0.20, gap 1.4
     Net-(U101A-Y)    done in 0.1 s
ok   Net-(C19-Pad1)     0.0 mm, 1 via(s) 0.5/0.3, w 0.20, gap 0.0
ok   Net-(C19-Pad1)     0.9 mm, 0 via(s), w 0.20, gap 0.4
     Net-(C19-Pad1)   done in 0.1 s
fan  GND              C10.1: 0.5 mm stub, via 0.5/0.3
fan  GND              C43.2: 0.0 mm stub, via 0.5/0.3
fan  GND              U3.2: no via reachable
fan  GND              U28.4: nearest via needs 1.6 mm, not fanned out
fan  GND              U28.5: 0.3 mm stub, via 0.5/0.3
fan  GND              U28.7: 0.2 mm stub, via 0.5/0.3
fan  GND              U28.12: no via reachable
fan  GND              U28.13: no via reachable
fan  GND              C14.2: 0.0 mm stub, via 0.5/0.3
fan  GND              U101.7: 0.0 mm stub, via 0.5/0.3
fan  GND              C52.2: 0.0 mm stub, via 0.5/0.3
fan  GND              C37.1: 0.1 mm stub, via 0.5/0.3
fan  GND              C22.2: 0.7 mm stub, via 0.5/0.3
fan  GND              U103.7: 0.0 mm stub, via 0.5/0.3
fan  GND              U18.8: 0.1 mm stub, via 0.5/0.3
fan  GND              C59.2: 0.5 mm stub, via 0.5/0.3
fan  GND              U14.2: 0.2 mm stub, via 0.5/0.3
fan  GND              C104.2: 0.0 mm stub, via 0.5/0.3
fan  GND              C46.2: 0.7 mm stub, via 0.5/0.3
fan  GND              C63.2: 0.0 mm stub, via 0.5/0.3
fan  GND              U22.2: 0.3 mm stub, via 0.5/0.3
fan  GND              C91.1: no via reachable
fan  GND              C102.2: 0.0 mm stub, via 0.5/0.3
fan  GND              C92.2: 0.1 mm stub, via 0.5/0.3
fan  GND              C8.1: 0.5 mm stub, via 0.5/0.3
fan  GND              U105.7: 0.0 mm stub, via 0.5/0.3
fan  GND              C12.2: 0.0 mm stub, via 0.5/0.3
fan  GND              C26.2: 1.1 mm stub, via 0.5/0.3
fan  GND              U24.2: 0.0 mm stub, via 0.5/0.3
fan  GND              U102.7: 0.0 mm stub, via 0.5/0.3
fan  GND              C15.2: 0.0 mm stub, via 0.5/0.3
fan  GND              C94.2: 0.0 mm stub, via 0.5/0.3
fan  GND              C17.1: 0.0 mm stub, via 0.5/0.3
fan  GND              U5.2: 1.0 mm stub, via 0.5/0.3
fan  GND              C42.2: 0.0 mm stub, via 0.5/0.3
fan  GND              C103.2: 0.0 mm stub, via 0.5/0.3
fan  GND              C65.2: nearest via needs 2.2 mm, not fanned out
fan  GND              C29.2: nearest via needs 2.4 mm, not fanned out
fan  GND              U21.2: no via reachable
fan  GND              U7.2: nearest via needs 3.9 mm, not fanned out
fan  GND              U4.2: no via reachable
fan  GND              U13.2: no via reachable
fan  GND              C13.1: 0.0 mm stub, via 0.5/0.3
fan  GND              C23.2: 0.4 mm stub, via 0.5/0.3
fan  GND              C93.2: 0.8 mm stub, via 0.5/0.3
fan  GND              C9.1: 0.6 mm stub, via 0.5/0.3
fan  GND              U2.2: nearest via needs 4.5 mm, not fanned out
fan  GND              C54.2: nearest via needs 2.1 mm, not fanned out
fan  GND              C95.2: 0.0 mm stub, via 0.5/0.3
fan  GND              C57.1: 0.6 mm stub, via 0.5/0.3
fan  GND              C97.2: 0.0 mm stub, via 0.5/0.3
fan  GND              C58.2: 0.0 mm stub, via 0.5/0.3
fan  GND              C53.1: 0.0 mm stub, via 0.5/0.3
fan  GND              C36.1: 0.0 mm stub, via 0.5/0.3
fan  GND              C47.2: 1.3 mm stub, via 0.5/0.3
fan  GND              U23.2: no via reachable
fan  GND              U26.7: no via reachable
fan  GND              U26.10: nearest via needs 1.6 mm, not fanned out
fan  GND              U26.20: 0.8 mm stub, via 0.5/0.3
fan  GND              C101.2: 0.3 mm stub, via 0.5/0.3
fan  GND              U104.7: 1.1 mm stub, via 0.5/0.3
fan  GND              C19.2: 0.1 mm stub, via 0.5/0.3
fan  GND              C99.2: 0.0 mm stub, via 0.5/0.3
fan  GND              C11.1: 0.0 mm stub, via 0.5/0.3
fan  GND              C38.1: 0.0 mm stub, via 0.5/0.3
fan  GND              C98.2: 0.0 mm stub, via 0.5/0.3
     FANOUT:GND       50 vias, 16 pads skipped, 2.1 s
fan  5V               U28.16: 0.1 mm stub, via 0.5/0.3
fan  5V               U101.14: 0.0 mm stub, via 0.5/0.3
fan  5V               C52.1: 0.2 mm stub, via 0.5/0.3
fan  5V               C22.1: 1.4 mm stub, via 0.5/0.3
fan  5V               U103.14: 0.1 mm stub, via 0.5/0.3
fan  5V               U14.5: 0.1 mm stub, via 0.5/0.3
fan  5V               C104.1: 0.0 mm stub, via 0.5/0.3
fan  5V               C91.2: 0.0 mm stub, via 0.5/0.3
fan  5V               C92.1: 0.0 mm stub, via 0.5/0.3
fan  5V               U105.14: 0.5 mm stub, via 0.5/0.3
fan  5V               C12.1: 0.0 mm stub, via 0.5/0.3
fan  5V               C26.1: no via reachable
fan  5V               U102.14: 0.2 mm stub, via 0.5/0.3
fan  5V               U106.14: 0.0 mm stub, via 0.5/0.3
fan  5V               C24.1: no via reachable
fan  5V               U5.5: no via reachable
fan  5V               C29.1: 0.0 mm stub, via 0.5/0.3
fan  5V               U21.5: 0.1 mm stub, via 0.5/0.3
fan  5V               U4.5: 1.0 mm stub, via 0.5/0.3
fan  5V               C23.1: 0.4 mm stub, via 0.5/0.3
fan  5V               U2.5: 0.5 mm stub, via 0.5/0.3
fan  5V               C54.1: 0.0 mm stub, via 0.5/0.3
fan  5V               C95.1: 0.0 mm stub, via 0.5/0.3
fan  5V               C97.1: 0.0 mm stub, via 0.5/0.3
fan  5V               C58.1: 0.0 mm stub, via 0.5/0.3
fan  5V               U26.17: no via reachable
fan  5V               C96.1: 0.8 mm stub, via 0.5/0.3
fan  5V               U104.14: 0.1 mm stub, via 0.5/0.3
     FANOUT:5V        24 vias, 4 pads skipped, 0.6 s
rip  analog_5V        ripped and re-routed Voltage_err_1, Reset_raw, Net-(U3-In-), Net-(U103B-Y)
     ok   Voltage_err_1      2.1 mm, 1 via(s) 0.5/0.3, w 0.20, gap 1.2
     ok   Voltage_err_1     13.9 mm, 2 via(s) 0.5/0.3, w 0.20, gap 11.6
     ok   Net-(U3-In-)       0.0 mm, 1 via(s) 0.5/0.3, w 0.20, gap 0.0
     ok   Net-(U3-In-)       8.2 mm, 0 via(s), w 0.20, gap 6.9
     ok   Net-(U103B-Y)     37.5 mm, 4 via(s) 0.5/0.3, w 0.20, gap 33.2
     ok   Reset_raw         32.7 mm, 3 via(s) 0.5/0.3, w 0.15, gap 22.4
ok   analog_5V          4.6 mm, 2 via(s) 0.5/0.3, w 0.40, gap 2.1
ok   analog_5V          5.1 mm, 1 via(s) 0.5/0.3, w 0.40, gap 3.2
ok   analog_5V          6.7 mm, 2 via(s) 0.5/0.3, w 0.40, gap 3.3
ok   analog_5V          4.6 mm, 2 via(s) 0.5/0.3, w 0.40, gap 3.9
ok   analog_5V          5.6 mm, 1 via(s) 0.5/0.3, w 0.40, gap 4.9
ok   analog_5V          9.2 mm, 1 via(s) 0.5/0.3, w 0.40, gap 5.0
ok   analog_5V         41.1 mm, 1 via(s) 0.5/0.3, w 0.40, gap 8.9
ok   analog_5V          6.4 mm, 0 via(s), w 0.40, gap 4.5
ok   analog_5V         32.6 mm, 0 via(s), w 0.40, gap 8.2
     analog_5V        done in 6.5 s
ok   12V               21.2 mm, 1 via(s) 0.5/0.3, w 0.40, gap 15.7
     12V              done in 0.2 s
ok   Net-(U106A-B)      0.0 mm, 1 via(s) 0.5/0.3, w 0.20, gap 0.0
ok   Net-(U106A-B)     86.7 mm, 3 via(s) 0.5/0.3, w 0.20, gap 12.3
ok   Net-(U106A-B)      5.8 mm, 1 via(s) 0.5/0.3, w 0.20, gap 4.4
     Net-(U106A-B)    done in 1.2 s
ok   .1Vref_2           1.2 mm, 0 via(s), w 0.20, gap 0.9
ok   .1Vref_2          15.1 mm, 2 via(s) 0.5/0.3, w 0.20, gap 13.3
ok   .1Vref_2          25.6 mm, 1 via(s) 0.5/0.3, w 0.15, gap 21.7
     .1Vref_2         done in 0.9 s
ok   IREF2_input       83.3 mm, 4 via(s) 0.5/0.3, w 0.15, gap 22.0
     IREF2_input      done in 1.6 s
ok   IREF3_input       87.8 mm, 9 via(s) 0.5/0.3, w 0.15, gap 20.2
     IREF3_input      done in 1.6 s
ok   .1Vref_3           1.8 mm, 0 via(s), w 0.20, gap 1.4
ok   .1Vref_3           1.9 mm, 0 via(s), w 0.20, gap 1.5
ok   .1Vref_3          34.5 mm, 4 via(s) 0.5/0.3, w 0.15, gap 22.2
     .1Vref_3         done in 1.3 s
ok   Net-(D4-+)         7.0 mm, 2 via(s) 0.5/0.3, w 0.20, gap 4.8
rip  Net-(D4-+)       ripped and re-routed 0err_hi
     ok   0err_hi            1.0 mm, 1 via(s) 0.5/0.3, w 0.20, gap 0.8
     ok   0err_hi            5.0 mm, 1 via(s) 0.5/0.3, w 0.20, gap 3.5
     ok   0err_hi           15.2 mm, 2 via(s) 0.5/0.3, w 0.20, gap 5.3
     ok   0err_hi           67.1 mm, 2 via(s) 0.5/0.3, w 0.20, gap 25.8
     ok   0err_hi            7.0 mm, 1 via(s) 0.5/0.3, w 0.20, gap 3.0
     Net-(D4-+)       done in 3.3 s
rip  .1Vref_1         ripped and re-routed Net-(D26-+), Output3_drain, Net-(U103B-Y), Voltage_err_3
     ok   Net-(D26-+)        2.6 mm, 1 via(s) 0.5/0.3, w 0.20, gap 2.2
     ok   Net-(D26-+)        4.1 mm, 0 via(s), w 0.20, gap 2.3
     ok   Net-(D26-+)        6.4 mm, 0 via(s), w 0.20, gap 5.0
     ok   Voltage_err_3      4.5 mm, 2 via(s) 0.5/0.3, w 0.20, gap 3.3
     ok   Voltage_err_3      5.6 mm, 1 via(s) 0.5/0.3, w 0.20, gap 4.6
     ok   Output3_drain     12.6 mm, 0 via(s), w 0.15, gap 9.7
     ok   Net-(U103B-Y)     37.5 mm, 4 via(s) 0.5/0.3, w 0.20, gap 33.2
rip  .1Vref_1         ripped Voltage_err_1, Net-(U106A-B), IREF1_input, Net-(D24-+), but Voltage_err_1 then failed; undone
rip  .1Vref_1         ripped and re-routed Net-(U26C-P2B), analog_5V, Voltage_err_1, 0err_hi, Net-(U103B-Y), Net-(U3-In-), 0A_hi, Net-(U106A-B)
     ok   Net-(U26C-P2B)     1.2 mm, 1 via(s) 0.5/0.3, w 0.20, gap 0.4
     ok   Net-(U26C-P2B)     0.9 mm, 0 via(s), w 0.20, gap 0.7
     ok   Net-(U26C-P2B)    20.4 mm, 2 via(s) 0.5/0.3, w 0.20, gap 9.8
     ok   Voltage_err_1      2.1 mm, 1 via(s) 0.5/0.3, w 0.20, gap 1.2
     ok   Voltage_err_1     18.1 mm, 2 via(s) 0.5/0.3, w 0.15, gap 11.6
     ok   Net-(U3-In-)       0.0 mm, 1 via(s) 0.5/0.3, w 0.20, gap 0.0
     ok   Net-(U3-In-)       8.2 mm, 0 via(s), w 0.20, gap 6.9
     ok   0err_hi            1.0 mm, 1 via(s) 0.5/0.3, w 0.20, gap 0.8
     ok   0err_hi            5.0 mm, 1 via(s) 0.5/0.3, w 0.20, gap 3.5
     ok   0err_hi           15.2 mm, 2 via(s) 0.5/0.3, w 0.20, gap 5.3
     ok   0err_hi           43.6 mm, 2 via(s) 0.5/0.3, w 0.20, gap 25.8
     ok   0err_hi           20.9 mm, 1 via(s) 0.5/0.3, w 0.20, gap 10.6
     ok   Net-(U103B-Y)     38.1 mm, 4 via(s) 0.5/0.3, w 0.20, gap 33.2
     ok   0A_hi             11.7 mm, 2 via(s) 0.5/0.3, w 0.20, gap 8.0
     ok   0A_hi             26.7 mm, 3 via(s) 0.5/0.3, w 0.20, gap 21.3
     ok   analog_5V          1.3 mm, 1 via(s) 0.5/0.3, w 0.40, gap 1.0
     ok   analog_5V          4.6 mm, 2 via(s) 0.5/0.3, w 0.40, gap 2.1
     ok   analog_5V          5.1 mm, 1 via(s) 0.5/0.3, w 0.40, gap 3.2
     ok   analog_5V          6.5 mm, 2 via(s) 0.5/0.3, w 0.40, gap 3.3
     ok   analog_5V          4.6 mm, 2 via(s) 0.5/0.3, w 0.40, gap 3.9
     ok   analog_5V          5.6 mm, 1 via(s) 0.5/0.3, w 0.40, gap 4.9
     ok   analog_5V          9.2 mm, 1 via(s) 0.5/0.3, w 0.40, gap 5.0
     ok   analog_5V         43.8 mm, 2 via(s) 0.5/0.3, w 0.40, gap 8.9
     ok   analog_5V          6.4 mm, 0 via(s), w 0.40, gap 4.5
     ok   analog_5V         32.6 mm, 0 via(s), w 0.40, gap 8.2
     ok   Net-(U106A-B)      0.0 mm, 1 via(s) 0.5/0.3, w 0.20, gap 0.0
     ok   Net-(U106A-B)     86.5 mm, 3 via(s) 0.5/0.3, w 0.15, gap 12.3
     ok   Net-(U106A-B)     29.2 mm, 1 via(s) 0.5/0.3, w 0.20, gap 4.4
rip  .1Vref_1         ripped Net-(D26-+), Output3_drain, Net-(U106A-B), 5V, but 5V then failed; undone
rip  .1Vref_1         ripped .1Vref_2, Net-(D26-+), Net-(U106A-B), Output3_drain, 0A_hi, IREF3_input, 5V, Voltage_err_1, but IREF3_input then failed; undone
rip  .1Vref_1         ripped .1Vref_2, but .1Vref_2 then failed; undone
FAIL .1Vref_1: island 0 (448 cells; U3.3 R6.2) to island 1 (C46.1 D26.1), gap 6.5 mm
     .1Vref_1         done in 44.4 s (1 failed)
rip  Net-(U106C-B)    ripped Net-(D26-+), Net-(U102B-A), Net-(U106A-B), Net-(U103B-Y), but Net-(U103B-Y) then failed; undone
rip  Net-(U106C-B)    ripped Net-(D26-+), Net-(U106A-B), Net-(U103B-Y), 12V, IREF3_input, Net-(U102B-A), 0err_hi, 5V, but 5V then failed; undone
rip  Net-(U106C-B)    ripped and re-routed IREF3_input, Net-(U102B-A), Net-(U103B-Y), Net-(U106A-B)
     ok   Net-(U103B-Y)     39.8 mm, 4 via(s) 0.5/0.3, w 0.20, gap 33.2
     ok   Net-(U102B-A)     14.7 mm, 2 via(s) 0.5/0.3, w 0.20, gap 14.1
     ok   Net-(U102B-A)     24.3 mm, 2 via(s) 0.5/0.3, w 0.20, gap 19.1
     ok   Net-(U106A-B)      0.0 mm, 1 via(s) 0.5/0.3, w 0.20, gap 0.0
     ok   Net-(U106A-B)     56.1 mm, 4 via(s) 0.5/0.3, w 0.15, gap 12.3
     ok   Net-(U106A-B)     15.1 mm, 1 via(s) 0.5/0.3, w 0.20, gap 11.8
     ok   IREF3_input       86.3 mm, 7 via(s) 0.5/0.3, w 0.15, gap 20.2
FAIL Net-(U106C-B): island 0 (76 cells; U24.4) to island 1 (R98.1 C67.1), gap 4.8 mm
FAIL Net-(U106C-B): island 0 (76 cells; U24.4) to island 2 (U106.9), gap 11.5 mm
ok   Net-(U106C-B)     15.7 mm, 2 via(s) 0.5/0.3, w 0.20, gap 12.2
     Net-(U106C-B)    done in 34.3 s (2 failed)
ok   Net-(U26A-P0B)     3.3 mm, 2 via(s) 0.5/0.3, w 0.20, gap 1.3
rip  Net-(U26A-P0B)   ripped Net-(U24-In+), analog_5V, Voltage_err_3, Out-, but analog_5V then failed; undone
rip  Net-(U26A-P0B)   ripped Net-(U24-In+), analog_5V, Voltage_err_3, Net-(D26-+), Out-, .1Vref_2, Net-(U106B-A), Net-(U106A-B), but analog_5V then failed; undone
rip  Net-(U26A-P0B)   ripped analog_5V, Net-(U24-In+), Voltage_err_3, but analog_5V then failed; undone
FAIL Net-(U26A-P0B): island 0 (240 cells; R54.1 C100.1) to island 1 (R29.2), gap 5.6 mm
FAIL Net-(U26A-P0B): island 0 (240 cells; R54.1 C100.1) to island 2 (U26.13), gap 12.2 mm
FAIL Net-(U26A-P0B): island 1 (136 cells; R29.2) to island 2 (U26.13), gap 21.3 mm
     Net-(U26A-P0B)   done in 40.7 s (3 failed)
rip  Voltage_err_2    ripped and re-routed IREF3_input, Net-(U7-In-), analog_5V, Net-(D20--)
     ok   Net-(U7-In-)       1.0 mm, 0 via(s), w 0.20, gap 0.7
     ok   Net-(U7-In-)       5.0 mm, 2 via(s) 0.5/0.3, w 0.20, gap 1.9
     ok   Net-(D20--)        1.8 mm, 1 via(s) 0.5/0.3, w 0.20, gap 1.5
     ok   Net-(D20--)        9.6 mm, 2 via(s) 0.5/0.3, w 0.20, gap 8.8
     ok   analog_5V          1.3 mm, 1 via(s) 0.5/0.3, w 0.40, gap 1.0
     ok   analog_5V          4.6 mm, 2 via(s) 0.5/0.3, w 0.40, gap 2.1
     ok   analog_5V          5.1 mm, 1 via(s) 0.5/0.3, w 0.40, gap 3.2
     ok   analog_5V          6.5 mm, 2 via(s) 0.5/0.3, w 0.40, gap 3.3
     ok   analog_5V          4.6 mm, 2 via(s) 0.5/0.3, w 0.40, gap 3.9
     ok   analog_5V          5.6 mm, 1 via(s) 0.5/0.3, w 0.40, gap 4.9
     ok   analog_5V          9.2 mm, 1 via(s) 0.5/0.3, w 0.40, gap 5.0
     ok   analog_5V         43.8 mm, 2 via(s) 0.5/0.3, w 0.40, gap 8.9
     ok   analog_5V          6.4 mm, 0 via(s), w 0.40, gap 4.5
     ok   analog_5V         32.6 mm, 0 via(s), w 0.40, gap 8.2
     ok   IREF3_input       88.3 mm, 7 via(s) 0.5/0.3, w 0.15, gap 20.2
ok   Voltage_err_2     18.6 mm, 1 via(s) 0.5/0.3, w 0.15, gap 13.6
     Voltage_err_2    done in 6.4 s
ok   Vref_1             1.1 mm, 0 via(s), w 0.20, gap 0.9
rip  Vref_1           ripped Net-(U106A-B), Net-(Q1-E), Net-(D4-+), analog_5V, but Net-(U106A-B) then failed; undone
rip  Vref_1           ripped Net-(Q1-E), Net-(U106A-B), analog_5V, Net-(D4-+), SDA, Vref_1_arduino, .1Vref_3, IREF3_input, but IREF3_input then failed; undone
rip  Vref_1           ripped Net-(D4-+), Net-(U106A-B), Vref_1_arduino, but Net-(D4-+) then failed; undone
FAIL Vref_1: island 0 (70 cells; R101.2) to island 1 (C103.1 R6.1), gap 11.8 mm
     Vref_1           done in 17.4 s (1 failed)
ok   Net-(D23-+)        0.8 mm, 1 via(s) 0.5/0.3, w 0.20, gap 0.6
ok   Net-(D23-+)       12.1 mm, 2 via(s) 0.5/0.3, w 0.20, gap 2.5
rip  Net-(D23-+)      ripped Net-(Q1-E), 0err_hi, Net-(D4-+), Net-(U106A-B), but Net-(D4-+) then failed; undone
rip  Net-(D23-+)      ripped Net-(Q1-E), Net-(D4-+), 0err_hi, Net-(U106A-B), but Net-(D4-+) then failed; undone
rip  Net-(D23-+)      ripped Net-(Q1-E), Net-(D4-+), Vref_1_arduino, analog_5V, SDA, but Net-(D4-+) then failed; undone
FAIL Net-(D23-+): island 0 (332 cells; U22.1 D23.2) to island 1 (R90.2 C49.2), gap 11.7 mm
     Net-(D23-+)      done in 17.9 s (1 failed)
rip  Vout_2           ripping Out-, ena_out_3, Net-(U18-Q3), Net-(U102B-A) did not free a path
rip  Vout_2           ripping Out-, analog_5V, ena_out_3, Net-(U18-Q3), .1Vref_3, IREF3_input, Net-(U23-In+), Net-(U102B-A) did not free a path
rip  Vout_2           ripped Net-(U106A-B), IREF3_input, .1Vref_2, Net-(U102B-A), Net-(U26A-P0B), ena_out_3, Out-, but IREF3_input then failed; undone
FAIL Vout_2: island 0 (226 cells; J11.15) to island 1 (R35.2), gap 10.5 mm
     Vout_2           done in 11.9 s (1 failed)
rip  Output2_drain    ripped Voltage_err_3, Net-(U24-In+), Net-(U106A-B), Out-, but Voltage_err_3 then failed; undone
rip  Output2_drain    ripped Voltage_err_2, Net-(U24-In+), Voltage_err_3, analog_5V, Net-(U103B-Y), Net-(D26-+), Verr2, .1Vout_3, but Voltage_err_3 then failed; undone
rip  Output2_drain    ripped Net-(U106A-B), Voltage_err_3, Out-, Net-(U26A-P0B), .1Vout_3, but Voltage_err_3 then failed; undone
FAIL Output2_drain: island 0 (228 cells; J11.16) to island 1 (R25.1), gap 13.1 mm
     Output2_drain    done in 11.3 s (1 failed)
ok   Net-(U106B-B)      1.4 mm, 0 via(s), w 0.20, gap 1.2
rip  Net-(U106B-B)    ripped Net-(D26-+), Net-(U102B-A), .1Vout_3, Output3_drain, but Output3_drain then failed; undone
rip  Net-(U106B-B)    ripped and re-routed Net-(D26-+), Net-(U102B-A), .1Vref_2, .1Vout_3, analog_5V, Net-(U103B-Y), Voltage_err_3, Net-(U24-In+)
     ok   Net-(D26-+)        2.6 mm, 1 via(s) 0.5/0.3, w 0.20, gap 2.2
     ok   Net-(D26-+)        4.1 mm, 0 via(s), w 0.20, gap 2.3
     ok   Net-(D26-+)        8.6 mm, 2 via(s) 0.5/0.3, w 0.20, gap 5.0
     ok   Voltage_err_3     14.1 mm, 2 via(s) 0.5/0.3, w 0.20, gap 3.3
     ok   Voltage_err_3      6.1 mm, 1 via(s) 0.5/0.3, w 0.20, gap 4.6
     ok   Net-(U24-In+)      1.4 mm, 0 via(s), w 0.20, gap 1.1
     ok   Net-(U24-In+)      2.5 mm, 1 via(s) 0.5/0.3, w 0.20, gap 1.8
     ok   Net-(U24-In+)      7.8 mm, 2 via(s) 0.5/0.3, w 0.20, gap 3.7
     ok   .1Vout_3           1.3 mm, 2 via(s) 0.5/0.3, w 0.20, gap 1.0
     ok   .1Vout_3          27.0 mm, 2 via(s) 0.5/0.3, w 0.20, gap 2.8
     ok   Net-(U103B-Y)     40.2 mm, 4 via(s) 0.5/0.3, w 0.20, gap 33.2
     ok   Net-(U102B-A)     14.6 mm, 2 via(s) 0.5/0.3, w 0.20, gap 14.1
     ok   Net-(U102B-A)     24.8 mm, 2 via(s) 0.5/0.3, w 0.20, gap 19.1
     ok   analog_5V          1.3 mm, 1 via(s) 0.5/0.3, w 0.40, gap 1.0
     ok   analog_5V          4.6 mm, 2 via(s) 0.5/0.3, w 0.40, gap 2.1
     ok   analog_5V          5.1 mm, 1 via(s) 0.5/0.3, w 0.40, gap 3.2
     ok   analog_5V          6.5 mm, 2 via(s) 0.5/0.3, w 0.40, gap 3.3
     ok   analog_5V          4.6 mm, 2 via(s) 0.5/0.3, w 0.40, gap 3.9
     ok   analog_5V          5.6 mm, 1 via(s) 0.5/0.3, w 0.40, gap 4.9
     ok   analog_5V          9.2 mm, 1 via(s) 0.5/0.3, w 0.40, gap 5.0
     ok   analog_5V         43.8 mm, 2 via(s) 0.5/0.3, w 0.40, gap 8.9
     ok   analog_5V          6.4 mm, 0 via(s), w 0.40, gap 4.5
     ok   analog_5V         32.6 mm, 0 via(s), w 0.40, gap 8.2
     ok   .1Vref_2           1.2 mm, 0 via(s), w 0.20, gap 0.9
     ok   .1Vref_2          15.1 mm, 2 via(s) 0.5/0.3, w 0.15, gap 13.3
     ok   .1Vref_2          48.9 mm, 4 via(s) 0.5/0.3, w 0.15, gap 21.7
rip  Net-(U106B-B)    ripped ena_out_3, analog_5V, Out-, Net-(U102C-A), but Net-(U102C-A) then failed; undone
rip  Net-(U106B-B)    ripped ena_out_3, Out-, analog_5V, .1Vref_3, Net-(U18-Q3), IREF3_input, Net-(U102C-A), Net-(U102D-Y), but Net-(U102C-A) then failed; undone
rip  Net-(U106B-B)    ripped and re-routed .1Vref_3, Voltage_err_3, Net-(U102B-A), Net-(U18-Q3)
     ok   Voltage_err_3      7.6 mm, 2 via(s) 0.5/0.3, w 0.15, gap 3.3
     ok   Voltage_err_3      6.1 mm, 1 via(s) 0.5/0.3, w 0.20, gap 4.6
     ok   Net-(U102B-A)     14.7 mm, 2 via(s) 0.5/0.3, w 0.20, gap 14.1
     ok   Net-(U102B-A)     24.8 mm, 2 via(s) 0.5/0.3, w 0.20, gap 19.1
     ok   Net-(U18-Q3)      10.3 mm, 2 via(s) 0.5/0.3, w 0.20, gap 6.7
     ok   .1Vref_3           1.8 mm, 0 via(s), w 0.20, gap 1.4
     ok   .1Vref_3           1.9 mm, 0 via(s), w 0.20, gap 1.5
     ok   .1Vref_3          40.9 mm, 6 via(s) 0.5/0.3, w 0.15, gap 22.2
     Net-(U106B-B)    done in 20.7 s
ok   Net-(U106C-A)      3.7 mm, 0 via(s), w 0.20, gap 2.5
rip  Net-(U106C-A)    ripped Net-(D20--), .1Vref_2, Net-(U106C-B), ena_out_3, but .1Vref_2 then failed; undone
rip  Net-(U106C-A)    ripped ena_out_3, IREF2_input, Net-(D5--), Net-(U106C-B), Net-(D20--), .1Vref_2, Voltage_err_2, Net-(U7-In-), but IREF2_input then failed; undone
rip  Net-(U106C-A)    ripped Net-(U24-In+), .1Vref_3, .1Vout_3, Net-(D5--), Voltage_err_3, IREF2_input, Net-(D20--), ena_out_3, Net-(U106C-B), but Voltage_err_3 then failed; undone
FAIL Net-(U106C-A): island 0 (286 cells; R94.2 R95.1) to island 1 (U106.8), gap 10.9 mm
     Net-(U106C-A)    done in 11.5 s (1 failed)
rip  Net-(D25-+)      ripped .1Vout_3, Net-(D26-+), Net-(U103B-Y), .1Vref_3, but .1Vout_3 then failed; undone
rip  Net-(D25-+)      ripped .1Vref_3, Net-(U102B-A), Voltage_err_3, .1Vref_1, Net-(D26-+), .1Vout_3, Net-(U103B-Y), Output3_drain, but .1Vref_3 then failed; undone
rip  Net-(D25-+)      ripped Output3_drain, Net-(U106B-B), Voltage_err_3, but Voltage_err_3 then failed; undone
FAIL Net-(D25-+): island 2 (195 cells; C64.2) to island 3 (R93.2), gap 2.4 mm
rip  Net-(D25-+)      ripped Net-(U18-Q3), ena_out_3, Out-, .1Vref_2, but .1Vref_2 then failed; undone
rip  Net-(D25-+)      ripped ena_out_3, .1Vref_3, Out-, Net-(U18-Q3), analog_5V, Net-(U106C-A), IREF3_input, Net-(U102B-A), but Net-(U106C-A) then failed; undone
rip  Net-(D25-+)      ripped analog_5V, Net-(U102C-A), Net-(U102B-A), Net-(U18-Q3), but Net-(U102C-A) then failed; undone
FAIL Net-(D25-+): island 0 (77 cells; U23.1) to island 1 (D25.2), gap 3.8 mm
FAIL Net-(D25-+): island 1 (24 cells; D25.2) to island 2 (C64.2), gap 4.9 mm
FAIL Net-(D25-+): island 1 (24 cells; D25.2) to island 3 (R93.2), gap 6.5 mm
FAIL Net-(D25-+): island 0 (77 cells; U23.1) to island 2 (C64.2), gap 9.1 mm
FAIL Net-(D25-+): island 0 (77 cells; U23.1) to island 3 (R93.2), gap 10.2 mm
     Net-(D25-+)      done in 35.8 s (6 failed)
ok   Vref_2             0.8 mm, 1 via(s) 0.5/0.3, w 0.20, gap 0.6
ok   Vref_2             9.5 mm, 2 via(s) 0.5/0.3, w 0.20, gap 8.2
     Vref_2           done in 0.2 s
ok   Vref_3             4.0 mm, 2 via(s) 0.5/0.3, w 0.20, gap 1.5
ok   Vref_3             7.2 mm, 1 via(s) 0.5/0.3, w 0.20, gap 5.8
     Vref_3           done in 0.2 s
ok   Net-(U13-In-)      1.0 mm, 1 via(s) 0.5/0.3, w 0.20, gap 0.7
rip  Net-(U13-In-)    ripping ena_out_3, Out-, Net-(U106B-B), .1Vref_2 did not free a path
rip  Net-(U13-In-)    ripped ena_out_3, Out-, Net-(U24-In+), Net-(U18-Q3), analog_5V, .1Vref_3, Net-(U106B-B), .1Vref_2, but analog_5V then failed; undone
rip  Net-(U13-In-)    ripped .1Vout_3, ena_out_3, Net-(U106B-B), .1Vref_2, Net-(U24-In+), Out-, analog_5V, but analog_5V then failed; undone
FAIL Net-(U13-In-): island 0 (170 cells; R39.1 R40.2) to island 1 (U13.4), gap 6.6 mm
     Net-(U13-In-)    done in 31.4 s (1 failed)
ok   Output1_drain      6.9 mm, 0 via(s), w 0.15, gap 6.1
     Output1_drain    done in 0.3 s
ok   Net-(U22-In+)      1.0 mm, 1 via(s) 0.5/0.3, w 0.20, gap 0.7
rip  Net-(U22-In+)    ripped Net-(Q1-E), analog_5V, Net-(D23-+), Net-(U106A-B), but Net-(U106A-B) then failed; undone
rip  Net-(U22-In+)    ripped analog_5V, Net-(Q1-E), Net-(D23-+), Net-(D4-+), Vref_3, Net-(U106A-B), Net-(U14-In+), Vref_1_arduino, but Net-(U106A-B) then failed; undone
rip  Net-(U22-In+)    ripped Net-(Q1-E), Net-(D4-+), analog_5V, Net-(U106A-B), but Net-(D4-+) then failed; undone
FAIL Net-(U22-In+): island 1 (76 cells; U22.3) to island 2 (R89.1), gap 0.9 mm
FAIL Net-(U22-In+): island 0 (162 cells; C59.1 R44.2) to island 2 (R89.1), gap 1.7 mm
FAIL Net-(U22-In+): island 0 (162 cells; C59.1 R44.2) to island 1 (U22.3), gap 2.4 mm
     Net-(U22-In+)    done in 25.0 s (3 failed)
ok   Verr3              1.1 mm, 0 via(s), w 0.20, gap 0.9
rip  Verr3            ripped Verr1, 0A_hi, 5V, but Verr1 then failed; undone
rip  Verr3            ripped Verr1, .1Vref_2, 0A_hi, 0err_hi, 5V, Reset_raw, Net-(U4-In+), 12V, but .1Vref_2 then failed; undone
rip  Verr3            ripped Verr1, but Verr1 then failed; undone
FAIL Verr3: island 1 (170 cells; C10.2 R46.2) to island 2 (U28.1), gap 1.0 mm
ok   Verr3              1.4 mm, 0 via(s), w 0.20, gap 1.2
rip  Verr3            ripped Verr1, 0A_hi, 5V, but Verr1 then failed; undone
rip  Verr3            ripped Verr1, .1Vref_2, 0A_hi, 0err_hi, 5V, Reset_raw, Net-(U4-In+), 12V, but .1Vref_2 then failed; undone
rip  Verr3            ripped Verr1, but Verr1 then failed; undone
FAIL Verr3: island 0 (273 cells; C10.2 R46.2 R45.2) to island 1 (U28.1), gap 1.0 mm
     Verr3            done in 22.3 s (2 failed)
ok   Net-(U26B-P1B)     0.0 mm, 1 via(s) 0.5/0.3, w 0.20, gap 0.0
ok   Net-(U26B-P1B)     0.9 mm, 0 via(s), w 0.20, gap 0.4
rip  Net-(U26B-P1B)   ripped and re-routed IREF2_input, out_2_on, M1_ON, Reset_raw
     ok   Reset_raw         32.8 mm, 3 via(s) 0.5/0.3, w 0.15, gap 22.4
     ok   M1_ON             10.0 mm, 2 via(s) 0.5/0.3, w 0.20, gap 8.9
     ok   M1_ON             15.1 mm, 0 via(s), w 0.20, gap 12.5
     ok   out_2_on          18.2 mm, 1 via(s) 0.5/0.3, w 0.20, gap 10.2
     ok   IREF2_input       83.2 mm, 4 via(s) 0.5/0.3, w 0.15, gap 22.0
     Net-(U26B-P1B)   done in 4.2 s
ok   .1Vout_2           0.9 mm, 0 via(s), w 0.20, gap 0.7
ok   .1Vout_2           1.1 mm, 0 via(s), w 0.20, gap 0.7
     .1Vout_2         done in 0.1 s
ok   Net-(U106A-A)      1.0 mm, 0 via(s), w 0.20, gap 0.8
ok   Net-(U106A-A)      1.0 mm, 0 via(s), w 0.20, gap 0.8
     Net-(U106A-A)    done in 0.1 s
ok   Vout_1             1.9 mm, 0 via(s), w 0.30, gap 1.7
     Vout_1           done in 0.1 s
ok   Vout_3             1.8 mm, 0 via(s), w 0.30, gap 1.6
     Vout_3           done in 0.1 s
rip  .1Vout_1         ripped and re-routed 0A_hi, Output3_drain, .1Vref_3, .1Vout_3
     ok   Output3_drain     12.6 mm, 0 via(s), w 0.15, gap 9.7
     ok   .1Vout_3           1.3 mm, 2 via(s) 0.5/0.3, w 0.20, gap 1.0
     ok   .1Vout_3          21.7 mm, 2 via(s) 0.5/0.3, w 0.15, gap 2.8
     ok   0A_hi             11.7 mm, 2 via(s) 0.5/0.3, w 0.20, gap 8.0
     ok   0A_hi             26.7 mm, 3 via(s) 0.5/0.3, w 0.20, gap 21.3
     ok   .1Vref_3           1.8 mm, 0 via(s), w 0.20, gap 1.4
     ok   .1Vref_3           1.9 mm, 0 via(s), w 0.20, gap 1.5
     ok   .1Vref_3          33.3 mm, 4 via(s) 0.5/0.3, w 0.15, gap 22.2
ok   .1Vout_1           0.9 mm, 0 via(s), w 0.20, gap 0.4
     .1Vout_1         done in 3.5 s
ok   Net-(D4--)         0.0 mm, 1 via(s) 0.5/0.3, w 0.20, gap 0.0
ok   Net-(D4--)         1.2 mm, 0 via(s), w 0.20, gap 0.6
     Net-(D4--)       done in 0.1 s
ok   Net-(D3-+)         0.9 mm, 1 via(s) 0.5/0.3, w 0.20, gap 0.7
     Net-(D3-+)       done in 0.0 s
ok   VerrGT0            4.3 mm, 0 via(s), w 0.20, gap 3.2
ok   VerrGT0            8.5 mm, 2 via(s) 0.5/0.3, w 0.20, gap 5.3
rip  VerrGT0          ripped IREF3_input, .1Vref_2, ena_out_3, Voltage_err_2, but Voltage_err_2 then failed; undone
rip  VerrGT0          ripped IREF3_input, Voltage_err_2, 5V, Verr2, Net-(U106C-B), .1Vref_2, ena_out_3, Net-(D5--), but Net-(U106C-B) then failed; undone
rip  VerrGT0          ripped ena_out_3, Net-(D20--), Net-(D5--), ena_out_1, IREF3_input, Net-(U102B-A), Out-, 5V, analog_5V, Voltage_err_2, but Net-(D5--) then failed; undone
FAIL VerrGT0: island 0 (309 cells; U102.5 U102.9) to island 2 (U103.2), gap 20.8 mm
ok   VerrGT0           35.6 mm, 4 via(s) 0.5/0.3, w 0.20, gap 29.2
FAIL VerrGT0: island 0 (1480 cells; U101.1 U102.5 U102.9 U104.10) to island 1 (U103.2), gap 20.8 mm
     VerrGT0          done in 22.3 s (2 failed)
ok   IREF3              5.7 mm, 1 via(s) 0.5/0.3, w 0.20, gap 3.8
ok   IREF3             35.7 mm, 1 via(s) 0.5/0.3, w 0.20, gap 27.7
     IREF3            done in 0.6 s
ok   IREF1              0.9 mm, 1 via(s) 0.5/0.3, w 0.20, gap 0.6
rip  IREF1            ripped Net-(U24-In+), .1Vout_3, Voltage_err_3, .1Vref_2, but .1Vout_3 then failed; undone
rip  IREF1            ripped Net-(U24-In+), analog_5V, .1Vout_3, ena_out_3, Net-(U106B-B), Voltage_err_3, Net-(D20--), Out-, but Net-(D20--) then failed; undone
rip  IREF1            ripped .1Vref_2, .1Vref_1, Net-(U26C-P2B), Net-(U24-In+), 0err_hi, Vout_3, Net-(U102B-A), Net-(U106A-B), .1Vout_1, Net-(U26A-P0B), Reset_raw, 0A_hi, but Net-(U24-In+) then failed; undone
FAIL IREF1: island 0 (263 cells; R29.1 U106.6) to island 1 (J9.4), gap 26.3 mm
     IREF1            done in 16.1 s (1 failed)
ok   ena_out_2         12.7 mm, 1 via(s) 0.5/0.3, w 0.20, gap 11.5
ok   ena_out_2         30.2 mm, 2 via(s) 0.5/0.3, w 0.20, gap 17.8
     ena_out_2        done in 0.5 s
rip  IREF2            ripped and re-routed analog_5V, Reset_raw, 0A_hi, Voltage_err_1
     ok   Voltage_err_1      2.1 mm, 1 via(s) 0.5/0.3, w 0.20, gap 1.2
     ok   Voltage_err_1     18.1 mm, 2 via(s) 0.5/0.3, w 0.15, gap 11.6
     ok   0A_hi             11.7 mm, 2 via(s) 0.5/0.3, w 0.20, gap 8.0
     ok   0A_hi             27.0 mm, 4 via(s) 0.5/0.3, w 0.20, gap 21.3
     ok   Reset_raw         34.1 mm, 2 via(s) 0.5/0.3, w 0.15, gap 22.4
     ok   analog_5V          2.5 mm, 1 via(s) 0.5/0.3, w 0.40, gap 1.0
     ok   analog_5V          4.6 mm, 2 via(s) 0.5/0.3, w 0.40, gap 2.1
     ok   analog_5V          5.3 mm, 1 via(s) 0.5/0.3, w 0.40, gap 3.2
     ok   analog_5V          6.5 mm, 2 via(s) 0.5/0.3, w 0.40, gap 3.3
     ok   analog_5V          4.6 mm, 2 via(s) 0.5/0.3, w 0.40, gap 3.9
     ok   analog_5V          5.6 mm, 1 via(s) 0.5/0.3, w 0.40, gap 4.9
     ok   analog_5V          9.1 mm, 1 via(s) 0.5/0.3, w 0.40, gap 5.0
     ok   analog_5V         12.2 mm, 2 via(s) 0.5/0.3, w 0.30, gap 8.5
     ok   analog_5V         43.0 mm, 2 via(s) 0.5/0.3, w 0.40, gap 8.9
     ok   analog_5V          6.4 mm, 0 via(s), w 0.40, gap 4.5
ok   IREF2             29.0 mm, 3 via(s) 0.5/0.3, w 0.20, gap 18.6
     IREF2            done in 8.1 s
ok   Net-(D7--)         0.9 mm, 0 via(s), w 0.20, gap 0.7
ok   Net-(D7--)        33.5 mm, 0 via(s), w 0.20, gap 28.1
     Net-(D7--)       done in 0.2 s
ok   Net-(U103A-A)     27.4 mm, 2 via(s) 0.5/0.3, w 0.20, gap 12.8
ok   Net-(U103A-A)     17.2 mm, 2 via(s) 0.5/0.3, w 0.20, gap 14.8
     Net-(U103A-A)    done in 0.4 s
ok   Net-(U102A-Y)     38.8 mm, 3 via(s) 0.5/0.3, w 0.20, gap 29.9
     Net-(U102A-Y)    done in 0.2 s
ok   ARD_M1_INHIBIT     1.0 mm, 0 via(s), w 0.20, gap 0.8
ok   ARD_M1_INHIBIT    21.3 mm, 2 via(s) 0.5/0.3, w 0.20, gap 17.4
     ARD_M1_INHIBIT   done in 0.3 s
ok   Net-(D20-+)        3.2 mm, 1 via(s) 0.5/0.3, w 0.20, gap 2.8
ok   Net-(D20-+)       14.9 mm, 2 via(s) 0.5/0.3, w 0.20, gap 13.3
     Net-(D20-+)      done in 0.2 s
rip  RESET-           ripping M2_ON, M1_ON, Out, Out- did not free a path
rip  RESET-           ripping ARD_M1_INHIBIT, M1_ON, M2_ON, Out-, low_error_timeout, Out, out_2_on, Net-(D24-+) did not free a path
rip  RESET-           ripped out_3_on, M1_ON, Net-(U26B-P1B), Out, Out-, but Net-(U26B-P1B) then failed; undone
FAIL RESET-: island 0 (112 cells; U101.12) to island 1 (U101.6), gap 4.6 mm
     RESET-           done in 8.7 s (1 failed)
ok   Net-(D5-+)         1.2 mm, 0 via(s), w 0.20, gap 1.0
rip  Net-(D5-+)       ripped Net-(U106C-B), .1Vref_2, Voltage_err_2, IREF3_input, but Voltage_err_2 then failed; undone
rip  Net-(D5-+)       ripped and re-routed Net-(U103A-A), IREF3_input, Voltage_err_2, IREF2, Net-(U106C-B), Verr2, .1Vref_2, IREF2_input
     ok   Verr2              0.6 mm, 1 via(s) 0.5/0.3, w 0.20, gap 0.4
     ok   Verr2              2.9 mm, 0 via(s), w 0.20, gap 2.6
     ok   Verr2             10.7 mm, 0 via(s), w 0.20, gap 5.6
     ok   .1Vref_2           1.2 mm, 0 via(s), w 0.20, gap 0.9
     ok   .1Vref_2          25.0 mm, 2 via(s) 0.5/0.3, w 0.20, gap 13.3
     ok   .1Vref_2          50.5 mm, 1 via(s) 0.5/0.3, w 0.20, gap 21.6
     ok   IREF2_input       82.3 mm, 4 via(s) 0.5/0.3, w 0.15, gap 22.0
     ok   IREF3_input      127.5 mm, 6 via(s) 0.5/0.3, w 0.15, gap 20.2
     ok   Net-(U106C-B)      3.9 mm, 2 via(s) 0.5/0.3, w 0.20, gap 3.1
     ok   Net-(U106C-B)     99.3 mm, 3 via(s) 0.5/0.3, w 0.15, gap 4.8
     ok   Net-(U106C-B)     10.4 mm, 1 via(s) 0.5/0.3, w 0.20, gap 0.0
     ok   Voltage_err_2     18.0 mm, 3 via(s) 0.5/0.3, w 0.15, gap 4.3
     ok   Voltage_err_2     23.2 mm, 2 via(s) 0.5/0.3, w 0.15, gap 8.9
     ok   IREF2             52.2 mm, 2 via(s) 0.5/0.3, w 0.20, gap 9.1
     ok   IREF2             28.9 mm, 2 via(s) 0.5/0.3, w 0.20, gap 18.2
     ok   Net-(U103A-A)     31.2 mm, 3 via(s) 0.5/0.3, w 0.20, gap 12.8
     ok   Net-(U103A-A)     17.0 mm, 2 via(s) 0.5/0.3, w 0.20, gap 14.8
     Net-(D5-+)       done in 17.7 s
ok   Vref_3_arduino     4.8 mm, 1 via(s) 0.5/0.3, w 0.20, gap 4.6
     Vref_3_arduino   done in 0.1 s
ok   Vref_2_arduino     3.7 mm, 0 via(s), w 0.20, gap 3.0
     Vref_2_arduino   done in 0.1 s
ok   Net-(C8-Pad2)      1.2 mm, 0 via(s), w 0.20, gap 0.9
ok   Net-(C8-Pad2)      1.8 mm, 1 via(s) 0.5/0.3, w 0.20, gap 1.3
     Net-(C8-Pad2)    done in 0.1 s
ok   Net-(D7-+)         0.9 mm, 0 via(s), w 0.20, gap 0.7
ok   Net-(D7-+)         1.1 mm, 1 via(s) 0.5/0.3, w 0.20, gap 0.9
     Net-(D7-+)       done in 0.1 s
rip  Net-(U26E-HVC{slash}A0) ripped ARD_M1_INHIBIT, M1_ON, SDA, SCL, but SDA then failed; undone
rip  Net-(U26E-HVC{slash}A0) ripping IREF3_input, M1_ON, VerrGT0, ARD_M1_INHIBIT, Net-(U103B-Y), .1Vref_3, Out, Vref_3 did not free a path
rip  Net-(U26E-HVC{slash}A0) ripped out_3_on, Net-(U101A-Y), out_2_on, .1Vref_3, ARD_M1_INHIBIT, SCL, 0err_hi, Net-(U103B-Y), but out_2_on then failed; undone
FAIL Net-(U26E-HVC{slash}A0): island 0 (74 cells; R102.1) to island 1 (U26.4), gap 3.6 mm
     Net-(U26E-HVC{slash}A0) done in 10.2 s (1 failed)
ok   Net-(U26E-A1)      6.0 mm, 0 via(s), w 0.20, gap 3.4
     Net-(U26E-A1)    done in 0.1 s
rip  Net-(U26E-~{RESET}) ripped Net-(U26C-P2B), ARD_M1_INHIBIT, Net-(U26E-A1), Vref_3, but Net-(U26E-A1) then failed; undone
rip  Net-(U26E-~{RESET}) ripped IREF3_input, Net-(U26C-P2B), Vref_3, Net-(U26E-A1), ARD_M1_INHIBIT, Net-(U106C-B), analog_5V, 0A_hi, but Vref_3 then failed; undone
rip  Net-(U26E-~{RESET}) ripped Net-(U26C-P2B), ARD_M1_INHIBIT, Net-(U26E-A1), analog_5V, but Net-(U26C-P2B) then failed; undone
FAIL Net-(U26E-~{RESET}): island 0 (74 cells; R103.2) to island 1 (U26.15), gap 2.7 mm
     Net-(U26E-~{RESET}) done in 18.9 s (1 failed)
ok   Net-(C17-Pad2)     1.0 mm, 0 via(s), w 0.20, gap 0.7
ok   Net-(C17-Pad2)     0.9 mm, 0 via(s), w 0.20, gap 0.7
     Net-(C17-Pad2)   done in 0.1 s
ok   set-               0.0 mm, 1 via(s) 0.5/0.3, w 0.20, gap 0.0
rip  set-             ripped M1_ON, Net-(U102D-Y), Out-, Net-(D24-+), but Net-(U102D-Y) then failed; undone
rip  set-             ripped Out-, M1_ON, Out, Net-(U102D-Y), M2_ON, out_2_on, low_error_timeout, Net-(D24-+), but M2_ON then failed; undone
rip  set-             ripped Net-(U102D-Y), but Net-(U102D-Y) then failed; undone
FAIL set-: island 0 (160 cells; U101.10 D6.2) to island 1 (R4.1), gap 0.9 mm
     set-             done in 12.1 s (1 failed)
ok   Net-(C9-Pad2)      0.4 mm, 1 via(s) 0.5/0.3, w 0.20, gap 0.0
ok   Net-(C9-Pad2)      0.9 mm, 0 via(s), w 0.20, gap 0.2
     Net-(C9-Pad2)    done in 0.1 s
ok   5V                 1.1 mm, 0 via(s), w 0.40, gap 0.0
rip  5V               ripped and re-routed Net-(U26C-P2B), Net-(U26E-A1), ARD_M1_INHIBIT, Net-(U106C-B)
     ok   Net-(U26C-P2B)     1.2 mm, 1 via(s) 0.5/0.3, w 0.20, gap 0.4
     ok   Net-(U26C-P2B)     0.9 mm, 0 via(s), w 0.20, gap 0.7
     ok   Net-(U26C-P2B)    20.5 mm, 2 via(s) 0.5/0.3, w 0.20, gap 9.8
     ok   Net-(U106C-B)      3.9 mm, 2 via(s) 0.5/0.3, w 0.20, gap 3.1
     ok   Net-(U106C-B)     99.3 mm, 3 via(s) 0.5/0.3, w 0.15, gap 4.8
     ok   Net-(U106C-B)     10.4 mm, 1 via(s) 0.5/0.3, w 0.20, gap 0.0
     ok   ARD_M1_INHIBIT     1.0 mm, 0 via(s), w 0.20, gap 0.8
     ok   ARD_M1_INHIBIT    22.0 mm, 2 via(s) 0.5/0.3, w 0.20, gap 17.4
     ok   Net-(U26E-A1)      6.0 mm, 0 via(s), w 0.20, gap 3.4
ok   5V                 1.9 mm, 1 via(s) 0.5/0.3, w 0.40, gap 0.0
ok   5V                 0.4 mm, 1 via(s) 0.5/0.3, w 0.40, gap 0.0
ok   5V                 0.6 mm, 1 via(s) 0.5/0.3, w 0.40, gap 0.0
ok   5V                 1.7 mm, 0 via(s), w 0.40, gap 0.0
rip  5V               ripped IREF3_input, Net-(U26E-A1), Vref_3, Net-(U26C-P2B), but Net-(U26E-A1) then failed; undone
rip  5V               ripped Net-(U26E-A1), IREF3_input, Vref_3, ARD_M1_INHIBIT, Net-(U26C-P2B), analog_5V, Net-(U106A-B), SDA, but IREF3_input then failed; undone
rip  5V               ripped Net-(U26E-A1), analog_5V, Net-(U26C-P2B), Net-(U106A-B), but Net-(U106A-B) then failed; undone
FAIL 5V: island 0 (167572 cells; U28.16 U101.14 C52.1 R82.1 +32) to island 1 (U26.17), gap 0.0 mm
ok   5V                 0.1 mm, 1 via(s) 0.5/0.3, w 0.40, gap 0.0
ok   5V                 1.0 mm, 0 via(s), w 0.40, gap 0.0
FAIL 5V: island 0 (167572 cells; U28.16 U101.14 C52.1 R82.1 +34) to island 2 (C24.1 U5.5), gap 0.0 mm
FAIL 5V: island 0 (167572 cells; U28.16 U101.14 C52.1 R82.1 +34) to island 3 (R17.2), gap 0.0 mm
FAIL 5V: island 2 (183 cells; C24.1 U5.5) to island 3 (R17.2), gap 5.2 mm
FAIL 5V: island 1 (59 cells; U26.17) to island 2 (C24.1 U5.5), gap 21.4 mm
FAIL 5V: island 1 (59 cells; U26.17) to island 3 (R17.2), gap 25.8 mm
     5V               done in 44.1 s (6 failed)
     GND              done in 0.0 s
tracks 2424, vias 298, failures 37, 564 s
