board rasterised in 0.5 s
ok   Current            1.3 mm, 0 via(s), w 0.20, gap 1.1
ok   Current            1.6 mm, 0 via(s), w 0.20, gap 1.4
prot Current          track zone on In5.Cu/B.Cu, via zone all layers; 24 nets exempt in the track zone
     Current          sensitive, 0.2 s
ok   Net-(U2-In+)       0.1 mm, 1 via(s) 0.5/0.3, w 0.15, gap 0.0
ok   Net-(U2-In+)       2.9 mm, 2 via(s) 0.5/0.3, w 0.15, gap 1.9
ok   Net-(U2-In+)       7.7 mm, 1 via(s) 0.5/0.3, w 0.15, gap 6.0
prot Net-(U2-In+)     track zone on F.Cu/In5.Cu/B.Cu, via zone all layers; 9 nets exempt in the track zone
     Net-(U2-In+)     sensitive, 0.3 s
ok   V_err             16.1 mm, 1 via(s) 0.5/0.3, w 0.15, gap 0.0
ok   V_err              1.2 mm, 0 via(s), w 0.15, gap 0.3
prot V_err            track zone on F.Cu/B.Cu, via zone all layers; 13 nets exempt in the track zone (logic nets only)
     V_err            sensitive, 0.2 s
ok   Net-(U4-In+)       1.0 mm, 0 via(s), w 0.20, gap 0.8
ok   Net-(U4-In+)       1.0 mm, 0 via(s), w 0.20, gap 0.8
ok   Net-(U4-In+)      16.0 mm, 0 via(s), w 0.20, gap 3.2
     Net-(U4-In+)     done in 0.2 s
ok   Net-(U14-In+)      0.3 mm, 1 via(s) 0.5/0.3, w 0.20, gap 0.0
ok   Net-(U14-In+)      1.5 mm, 0 via(s), w 0.20, gap 1.2
ok   Net-(U14-In+)      3.7 mm, 0 via(s), w 0.20, gap 2.3
     Net-(U14-In+)    done in 0.2 s
ok   Net-(U21-In+)      0.9 mm, 0 via(s), w 0.20, gap 0.7
ok   Net-(U21-In+)      1.9 mm, 1 via(s) 0.5/0.3, w 0.20, gap 0.8
ok   Net-(U21-In+)      1.4 mm, 0 via(s), w 0.20, gap 1.1
     Net-(U21-In+)    done in 0.2 s
ok   Net-(U21-In-)      0.0 mm, 1 via(s) 0.5/0.3, w 0.20, gap 0.0
ok   Net-(U21-In-)      2.4 mm, 0 via(s), w 0.20, gap 2.0
     Net-(U21-In-)    done in 0.1 s
ok   Net-(Q1-E)         0.2 mm, 1 via(s) 0.5/0.3, w 0.20, gap 0.0
ok   Net-(Q1-E)         3.9 mm, 0 via(s), w 0.20, gap 2.3
ok   Net-(Q1-E)        20.0 mm, 0 via(s), w 0.20, gap 14.0
     Net-(Q1-E)       done in 0.2 s
stch Net-(U2-In+)     5 GND vias beside its In5.Cu run
stch Current          2 GND vias beside its B.Cu run
stch V_err            0 GND vias beside its In5.Cu run
stch J9.10            2 GND vias beside the thermal-relief pad
dcap 5V               C104.1 -> U103.14: 1.1 mm, 0 via(s), w 0.30
dcap 5V               C98.1 -> U4.5: 1.2 mm, 0 via(s), w 0.30
dcap 5V               C28.1 -> U2.5: 1.3 mm, 0 via(s), w 0.30
dcap 5V               C53.2 -> U21.5: 0.9 mm, 0 via(s), w 0.30
dcap 5V               C24.1 -> U5.5: 1.2 mm, 0 via(s), w 0.30
dcap 5V               C12.1 -> U14.5: 1.1 mm, 0 via(s), w 0.30
dcap 5V               C58.1 -> U104.14: 1.2 mm, 0 via(s), w 0.30
dcap 5V               C23.1 -> U106.14: 1.2 mm, 0 via(s), w 0.30
dcap 5V               C52.1 -> U18.16: 0.9 mm, 0 via(s), w 0.30
dcap 5V               C22.1 -> U101.14: 4.8 mm, 0 via(s), w 0.30
dcap analog_5V        C63.1 -> U22.5: 1.1 mm, 0 via(s), w 0.30
dcap analog_5V        C38.2 -> U23.5: 1.4 mm, 0 via(s), w 0.30
dcap analog_5V        C32.1 -> U13.5: 1.4 mm, 0 via(s), w 0.30
dcap analog_5V        C37.2 -> U24.5: 1.3 mm, 0 via(s), w 0.30
dcap analog_5V        C36.2 -> U7.5: 1.2 mm, 0 via(s), w 0.30
     DECAP            15 direct links, 0.9 s
fan  GND              C10.1: 0.5 mm stub, via 0.5/0.3
fan  GND              C43.2: 0.0 mm stub, via 0.5/0.3
fan  GND              U3.2: 0.2 mm stub, via 0.5/0.3
fan  GND              U28.4: 1.4 mm stub, via 0.5/0.3
fan  GND              U28.5: 0.3 mm stub, via 0.5/0.3
fan  GND              U28.7: 0.2 mm stub, via 0.5/0.3
fan  GND              U28.12: 1.2 mm stub, via 0.5/0.3
fan  GND              U28.13: 0.4 mm stub, via 0.5/0.3
fan  GND              C14.2: 0.0 mm stub, via 0.5/0.3
fan  GND              U101.7: 0.0 mm stub, via 0.5/0.3
fan  GND              C52.2: 0.0 mm stub, via 0.5/0.3
fan  GND              C37.1: 0.1 mm stub, via 0.5/0.3
fan  GND              C22.2: 0.7 mm stub, via 0.5/0.3
fan  GND              U103.7: 0.0 mm stub, via 0.5/0.3
fan  GND              U18.8: 0.1 mm stub, via 0.5/0.3
fan  GND              C59.2: 0.5 mm stub, via 0.5/0.3
fan  GND              U14.2: 0.2 mm stub, via 0.5/0.3
fan  GND              C104.2: 0.0 mm stub, via 0.5/0.3
fan  GND              C46.2: 0.7 mm stub, via 0.5/0.3
fan  GND              C63.2: 0.0 mm stub, via 0.5/0.3
fan  GND              U22.2: 0.3 mm stub, via 0.5/0.3
fan  GND              C91.1: 0.2 mm stub, via 0.5/0.3
fan  GND              C102.2: 0.0 mm stub, via 0.5/0.3
fan  GND              C92.2: 0.1 mm stub, via 0.5/0.3
fan  GND              C8.1: 0.5 mm stub, via 0.5/0.3
fan  GND              U105.7: 0.0 mm stub, via 0.5/0.3
fan  GND              C12.2: 0.0 mm stub, via 0.5/0.3
fan  GND              C26.2: 0.9 mm stub, via 0.5/0.3
fan  GND              U24.2: 0.0 mm stub, via 0.5/0.3
fan  GND              U102.7: 0.0 mm stub, via 0.5/0.3
fan  GND              C15.2: 0.0 mm stub, via 0.5/0.3
fan  GND              C94.2: 0.0 mm stub, via 0.5/0.3
fan  GND              C17.1: 0.0 mm stub, via 0.5/0.3
fan  GND              C42.2: 0.0 mm stub, via 0.5/0.3
fan  GND              C103.2: 0.0 mm stub, via 0.5/0.3
fan  GND              C29.2: nearest via needs 2.4 mm, not fanned out
fan  GND              C32.2: 0.1 mm stub, via 0.5/0.3
fan  GND              U21.2: no via reachable
fan  GND              U7.2: 0.3 mm stub, via 0.5/0.3
fan  GND              U13.2: 1.5 mm stub, via 0.5/0.3
fan  GND              C13.1: 0.0 mm stub, via 0.5/0.3
fan  GND              C23.2: 0.4 mm stub, via 0.5/0.3
fan  GND              C93.2: 0.8 mm stub, via 0.5/0.3
fan  GND              C9.1: 0.6 mm stub, via 0.5/0.3
fan  GND              U2.2: 0.0 mm stub, via 0.5/0.3
fan  GND              C54.2: 1.4 mm stub, via 0.5/0.3
fan  GND              C95.2: 0.0 mm stub, via 0.5/0.3
fan  GND              C57.1: 0.6 mm stub, via 0.5/0.3
fan  GND              C97.2: 0.0 mm stub, via 0.5/0.3
fan  GND              C58.2: 0.0 mm stub, via 0.5/0.3
fan  GND              C53.1: 0.0 mm stub, via 0.5/0.3
fan  GND              C36.1: 0.0 mm stub, via 0.5/0.3
fan  GND              C47.2: 0.2 mm stub, via 0.5/0.3
fan  GND              U23.2: 0.0 mm stub, via 0.5/0.3
fan  GND              U26.7: no via reachable
fan  GND              U26.10: 0.5 mm stub, via 0.5/0.3
fan  GND              U26.20: 0.8 mm stub, via 0.5/0.3
fan  GND              C101.2: 0.0 mm stub, via 0.5/0.3
fan  GND              U104.7: 0.0 mm stub, via 0.5/0.3
fan  GND              C19.2: 0.0 mm stub, via 0.5/0.3
fan  GND              C99.2: 0.0 mm stub, via 0.5/0.3
fan  GND              C38.1: 0.0 mm stub, via 0.5/0.3
fan  GND              C98.2: 0.0 mm stub, via 0.5/0.3
     FANOUT:GND       60 vias, 3 pads skipped, 1.8 s
fan  5V               U28.16: 0.5 mm stub, via 0.5/0.3
fan  5V               U101.14: 0.0 mm stub, via 0.5/0.3
fan  5V               C52.1: 0.0 mm stub, via 0.5/0.3
fan  5V               C22.1: 0.4 mm stub, via 0.5/0.3
fan  5V               U103.14: 0.1 mm stub, via 0.5/0.3
fan  5V               U18.16: 0.0 mm stub, via 0.5/0.3
fan  5V               U14.5: 0.1 mm stub, via 0.5/0.3
fan  5V               C104.1: 0.0 mm stub, via 0.5/0.3
fan  5V               C91.2: 0.0 mm stub, via 0.5/0.3
fan  5V               C92.1: 0.0 mm stub, via 0.5/0.3
fan  5V               U105.14: 0.5 mm stub, via 0.5/0.3
fan  5V               C12.1: 0.0 mm stub, via 0.5/0.3
fan  5V               C26.1: 0.8 mm stub, via 0.5/0.3
fan  5V               U102.14: 0.1 mm stub, via 0.5/0.3
fan  5V               U106.14: 0.0 mm stub, via 0.5/0.3
fan  5V               C24.1: no via reachable
fan  5V               U5.5: no via reachable
fan  5V               C29.1: 0.0 mm stub, via 0.5/0.3
fan  5V               U21.5: 0.1 mm stub, via 0.5/0.3
fan  5V               U4.5: 1.0 mm stub, via 0.5/0.3
fan  5V               C23.1: 0.4 mm stub, via 0.5/0.3
fan  5V               U2.5: 0.5 mm stub, via 0.5/0.3
fan  5V               C54.1: 0.0 mm stub, via 0.5/0.3
fan  5V               C95.1: 0.0 mm stub, via 0.5/0.3
fan  5V               C97.1: 0.0 mm stub, via 0.5/0.3
fan  5V               C58.1: 0.0 mm stub, via 0.5/0.3
fan  5V               U26.17: no via reachable
fan  5V               C96.1: 0.6 mm stub, via 0.5/0.3
fan  5V               U104.14: 0.1 mm stub, via 0.5/0.3
     FANOUT:5V        26 vias, 3 pads skipped, 0.6 s
fan  signals          165 escape vias, 20 pads without a via site within 1.2 mm
ok   analog_5V          1.3 mm, 1 via(s) 0.5/0.3, w 0.40, gap 1.0
ok   analog_5V          4.6 mm, 2 via(s) 0.5/0.3, w 0.40, gap 2.1
ok   analog_5V          5.0 mm, 1 via(s) 0.5/0.3, w 0.40, gap 3.2
rip  analog_5V        ripped and re-routed Net-(U106A-B), Net-(U106B-A)
     ok   Net-(U106A-B)      0.0 mm, 1 via(s) 0.5/0.3, w 0.20, gap 0.0
     ok   Net-(U106A-B)     14.3 mm, 1 via(s) 0.5/0.3, w 0.20, gap 12.3
     ok   Net-(U106A-B)     34.9 mm, 2 via(s) 0.5/0.3, w 0.20, gap 31.5
     ok   Net-(U106B-A)      0.9 mm, 0 via(s), w 0.20, gap 0.7
     ok   Net-(U106B-A)      1.5 mm, 1 via(s) 0.5/0.3, w 0.20, gap 1.1
ok   analog_5V          4.6 mm, 2 via(s) 0.5/0.3, w 0.40, gap 3.9
ok   analog_5V          6.3 mm, 1 via(s) 0.5/0.3, w 0.40, gap 4.9
ok   analog_5V          5.6 mm, 2 via(s) 0.5/0.3, w 0.40, gap 5.0
ok   analog_5V          9.8 mm, 0 via(s), w 0.40, gap 8.9
ok   analog_5V         12.4 mm, 0 via(s), w 0.30, gap 9.3
ok   analog_5V         13.2 mm, 1 via(s) 0.5/0.3, w 0.40, gap 11.3
     analog_5V        done in 5.2 s
ok   12V               19.9 mm, 1 via(s) 0.5/0.3, w 0.40, gap 15.7
     12V              done in 0.2 s
     Net-(U106A-B)    done in 0.0 s
ok   .1Vref_2           1.2 mm, 0 via(s), w 0.20, gap 0.9
ok   .1Vref_2          15.7 mm, 0 via(s), w 0.20, gap 13.1
ok   .1Vref_2          27.7 mm, 1 via(s) 0.5/0.3, w 0.20, gap 21.7
     .1Vref_2         done in 0.6 s
ok   IREF2_input       30.8 mm, 1 via(s) 0.5/0.3, w 0.20, gap 22.0
     IREF2_input      done in 0.3 s
ok   IREF3_input       40.6 mm, 2 via(s) 0.5/0.3, w 0.20, gap 20.2
     IREF3_input      done in 0.3 s
ok   .1Vref_3           1.8 mm, 0 via(s), w 0.20, gap 1.4
ok   .1Vref_3           7.9 mm, 2 via(s) 0.5/0.3, w 0.20, gap 1.5
ok   .1Vref_3          26.0 mm, 2 via(s) 0.5/0.3, w 0.20, gap 22.2
     .1Vref_3         done in 0.3 s
ok   Net-(D4-+)         6.7 mm, 1 via(s) 0.5/0.3, w 0.20, gap 4.8
ok   Net-(D4-+)        86.8 mm, 3 via(s) 0.5/0.3, w 0.20, gap 20.6
     Net-(D4-+)       done in 0.9 s
ok   .1Vref_1           7.0 mm, 1 via(s) 0.5/0.3, w 0.20, gap 3.0
ok   .1Vref_1          11.7 mm, 1 via(s) 0.5/0.3, w 0.20, gap 9.4
ok   .1Vref_1          11.6 mm, 1 via(s) 0.5/0.3, w 0.15, gap 7.5
     .1Vref_1         done in 0.7 s
ok   Net-(U106C-B)      4.3 mm, 0 via(s), w 0.20, gap 2.8
ok   Net-(U106C-B)      5.5 mm, 0 via(s), w 0.20, gap 4.6
ok   Net-(U106C-B)     14.1 mm, 0 via(s), w 0.20, gap 11.5
     Net-(U106C-B)    done in 0.4 s
ok   Net-(U26A-P0B)     2.5 mm, 1 via(s) 0.5/0.3, w 0.20, gap 1.3
ok   Net-(U26A-P0B)    25.1 mm, 3 via(s) 0.5/0.3, w 0.15, gap 5.3
ok   Net-(U26A-P0B)    16.1 mm, 2 via(s) 0.5/0.3, w 0.20, gap 12.7
     Net-(U26A-P0B)   done in 0.7 s
ok   Voltage_err_2      5.9 mm, 0 via(s), w 0.20, gap 4.3
rip  Voltage_err_2    ripped and re-routed Net-(U26A-P0B), Net-(U106C-B), Out-, ena_out_3
     ok   Net-(U106C-B)      4.2 mm, 1 via(s) 0.5/0.3, w 0.20, gap 3.1
     ok   Net-(U106C-B)      5.6 mm, 0 via(s), w 0.20, gap 4.8
     ok   Net-(U106C-B)     17.5 mm, 0 via(s), w 0.20, gap 11.5
     ok   Net-(U26A-P0B)     1.5 mm, 1 via(s) 0.5/0.3, w 0.20, gap 1.3
     ok   Net-(U26A-P0B)    19.0 mm, 2 via(s) 0.5/0.3, w 0.20, gap 5.6
     ok   Net-(U26A-P0B)    16.0 mm, 2 via(s) 0.5/0.3, w 0.20, gap 12.7
     ok   Out-               2.8 mm, 0 via(s), w 0.20, gap 2.1
     ok   Out-               4.4 mm, 1 via(s) 0.5/0.3, w 0.20, gap 2.7
     ok   Out-               4.0 mm, 0 via(s), w 0.20, gap 3.2
     ok   Out-               5.1 mm, 2 via(s) 0.5/0.3, w 0.20, gap 4.4
     ok   Out-               6.4 mm, 0 via(s), w 0.20, gap 5.5
     ok   Out-              15.7 mm, 2 via(s) 0.5/0.3, w 0.20, gap 13.7
     ok   Out-              17.8 mm, 1 via(s) 0.5/0.3, w 0.20, gap 16.2
     ok   ena_out_3         11.0 mm, 2 via(s) 0.5/0.3, w 0.20, gap 10.3
     ok   ena_out_3         16.5 mm, 0 via(s), w 0.20, gap 13.2
     Voltage_err_2    done in 3.6 s
rip  IREF1_input      ripped IREF2_input, Net-(U26A-P0B), .1Vref_1, Net-(U106A-B), but Net-(U26A-P0B) then failed; undone
rip  IREF1_input      ripped IREF2_input, Net-(U26A-P0B), Net-(U106A-B), .1Vref_1, 5V, Net-(U26E-A1), Net-(U26E-~{RESET}), Net-(U26C-P2B), but Net-(U26A-P0B) then failed; undone
rip  IREF1_input      ripped .1Vref_2, but .1Vref_2 then failed; undone
FAIL IREF1_input: island 0 (228 cells; J11.26) to island 1 (U26.12), gap 13.5 mm
     IREF1_input      done in 12.0 s (1 failed)
ok   Vref_1             1.1 mm, 0 via(s), w 0.20, gap 0.9
rip  Vref_1           ripped Net-(U106A-B), IREF3_input, Net-(Q1-E), Net-(D23-+), but Net-(D23-+) then failed; undone
rip  Vref_1           ripped IREF3_input, Net-(U106A-B), Net-(Q1-E), Net-(U22-In+), Net-(D23-+), Vref_3_arduino, .1Vref_3, Net-(U26E-A1), but Net-(D23-+) then failed; undone
rip  Vref_1           ripped Net-(U106A-B), Net-(U22-In+), IREF3_input, but Net-(U22-In+) then failed; undone
FAIL Vref_1: island 0 (73 cells; R101.2) to island 1 (C103.1 R6.1), gap 11.8 mm
     Vref_1           done in 13.2 s (1 failed)
ok   Net-(D23-+)        0.8 mm, 1 via(s) 0.5/0.3, w 0.20, gap 0.6
rip  Net-(D23-+)      ripped and re-routed Net-(U106A-B), Net-(Q1-E), IREF3_input, .1Vref_3
     ok   Net-(Q1-E)         0.2 mm, 1 via(s) 0.5/0.3, w 0.20, gap 0.0
     ok   Net-(Q1-E)         3.9 mm, 0 via(s), w 0.20, gap 2.3
     ok   Net-(Q1-E)        18.5 mm, 2 via(s) 0.5/0.3, w 0.20, gap 14.0
     ok   Net-(U106A-B)      0.1 mm, 1 via(s) 0.5/0.3, w 0.20, gap 0.0
     ok   Net-(U106A-B)     17.9 mm, 2 via(s) 0.5/0.3, w 0.20, gap 12.3
     ok   Net-(U106A-B)     33.7 mm, 1 via(s) 0.5/0.3, w 0.20, gap 30.2
     ok   IREF3_input       31.7 mm, 2 via(s) 0.5/0.3, w 0.20, gap 20.2
     ok   .1Vref_3           1.8 mm, 0 via(s), w 0.20, gap 1.4
     ok   .1Vref_3           2.4 mm, 2 via(s) 0.5/0.3, w 0.20, gap 1.5
     ok   .1Vref_3          26.8 mm, 2 via(s) 0.5/0.3, w 0.20, gap 22.2
ok   Net-(D23-+)       75.0 mm, 4 via(s) 0.5/0.3, w 0.15, gap 11.6
     Net-(D23-+)      done in 3.7 s
rip  Vout_2           ripped analog_5V, Out-, .1Vref_2, Net-(U106B-B), but .1Vref_2 then failed; undone
rip  Vout_2           ripped analog_5V, Out-, .1Vref_2, ena_out_3, Net-(U103A-A), low_error_timeout, Net-(U13-In-), Net-(U18-Q3), but Net-(U13-In-) then failed; undone
rip  Vout_2           ripped .1Vref_2, Net-(U106A-B), .1Vref_3, Net-(U102B-A), Net-(U102C-A), Net-(D25-+), Net-(U106B-B), Out-, but .1Vref_3 then failed; undone
FAIL Vout_2: island 0 (226 cells; J11.15) to island 1 (R35.2), gap 10.5 mm
     Vout_2           done in 18.7 s (1 failed)
rip  Output2_drain    ripped and re-routed Net-(U106A-B), Net-(U26A-P0B), Out-, .1Vout_3
     ok   Net-(U106A-B)      0.1 mm, 1 via(s) 0.5/0.3, w 0.20, gap 0.0
     ok   Net-(U106A-B)     18.0 mm, 2 via(s) 0.5/0.3, w 0.20, gap 12.3
     ok   Net-(U106A-B)     55.1 mm, 5 via(s) 0.5/0.3, w 0.15, gap 30.2
     ok   Net-(U26A-P0B)     1.5 mm, 1 via(s) 0.5/0.3, w 0.20, gap 1.3
     ok   Net-(U26A-P0B)    13.1 mm, 2 via(s) 0.5/0.3, w 0.20, gap 5.6
     ok   Net-(U26A-P0B)    15.4 mm, 3 via(s) 0.5/0.3, w 0.20, gap 12.7
     ok   .1Vout_3           1.2 mm, 0 via(s), w 0.20, gap 1.0
     ok   .1Vout_3           6.5 mm, 2 via(s) 0.5/0.3, w 0.20, gap 2.8
     ok   Out-               2.8 mm, 0 via(s), w 0.20, gap 2.1
     ok   Out-               4.4 mm, 1 via(s) 0.5/0.3, w 0.20, gap 2.7
     ok   Out-               4.0 mm, 0 via(s), w 0.20, gap 3.2
     ok   Out-               5.1 mm, 2 via(s) 0.5/0.3, w 0.20, gap 4.4
     ok   Out-               6.4 mm, 0 via(s), w 0.20, gap 5.5
     ok   Out-              20.9 mm, 2 via(s) 0.5/0.3, w 0.20, gap 13.7
     ok   Out-              20.6 mm, 0 via(s), w 0.20, gap 16.3
     Output2_drain    done in 4.2 s
ok   Net-(U106B-B)      1.4 mm, 0 via(s), w 0.20, gap 1.2
rip  Net-(U106B-B)    ripped Net-(U26A-P0B), Output2_drain, Net-(U106C-B), .1Vout_3, but Output2_drain then failed; undone
rip  Net-(U106B-B)    ripped and re-routed Net-(U26A-P0B), Net-(U106C-B), Output2_drain, .1Vref_1, Net-(D23-+), .1Vref_3, analog_5V, .1Vout_3
     ok   analog_5V          1.3 mm, 1 via(s) 0.5/0.3, w 0.40, gap 1.0
     ok   analog_5V          4.6 mm, 2 via(s) 0.5/0.3, w 0.40, gap 2.1
     ok   analog_5V          5.0 mm, 1 via(s) 0.5/0.3, w 0.40, gap 3.2
     ok   analog_5V          6.6 mm, 2 via(s) 0.5/0.3, w 0.40, gap 3.3
     ok   analog_5V          4.6 mm, 2 via(s) 0.5/0.3, w 0.40, gap 3.9
     ok   analog_5V          5.8 mm, 1 via(s) 0.5/0.3, w 0.40, gap 4.8
     ok   analog_5V          5.6 mm, 2 via(s) 0.5/0.3, w 0.40, gap 5.0
     ok   analog_5V          9.8 mm, 0 via(s), w 0.40, gap 8.9
     ok   analog_5V         12.4 mm, 0 via(s), w 0.30, gap 9.3
     ok   analog_5V         13.2 mm, 1 via(s) 0.5/0.3, w 0.40, gap 11.3
     ok   .1Vref_3           1.8 mm, 0 via(s), w 0.20, gap 1.4
     ok   .1Vref_3           2.4 mm, 2 via(s) 0.5/0.3, w 0.20, gap 1.5
     ok   .1Vref_3          25.1 mm, 1 via(s) 0.5/0.3, w 0.20, gap 22.2
     ok   .1Vref_1           5.2 mm, 1 via(s) 0.5/0.3, w 0.20, gap 3.0
     ok   .1Vref_1          11.0 mm, 2 via(s) 0.5/0.3, w 0.20, gap 9.6
     ok   .1Vref_1          11.6 mm, 1 via(s) 0.5/0.3, w 0.15, gap 7.5
     ok   Net-(U106C-B)      4.2 mm, 1 via(s) 0.5/0.3, w 0.20, gap 3.1
     ok   Net-(U106C-B)      5.6 mm, 0 via(s), w 0.20, gap 4.8
     ok   Net-(U106C-B)     17.5 mm, 0 via(s), w 0.20, gap 11.5
     ok   Net-(U26A-P0B)     1.5 mm, 1 via(s) 0.5/0.3, w 0.20, gap 1.3
     ok   Net-(U26A-P0B)     8.6 mm, 2 via(s) 0.5/0.3, w 0.20, gap 5.6
     ok   Net-(U26A-P0B)    14.5 mm, 2 via(s) 0.5/0.3, w 0.20, gap 12.7
     ok   Net-(D23-+)        0.8 mm, 1 via(s) 0.5/0.3, w 0.20, gap 0.6
     ok   Net-(D23-+)        3.3 mm, 2 via(s) 0.5/0.3, w 0.20, gap 2.5
     ok   Net-(D23-+)       74.7 mm, 5 via(s) 0.5/0.3, w 0.15, gap 11.7
     ok   Output2_drain     65.3 mm, 2 via(s) 0.5/0.3, w 0.15, gap 13.1
     ok   .1Vout_3           1.2 mm, 0 via(s), w 0.20, gap 1.0
     ok   .1Vout_3           3.1 mm, 2 via(s) 0.5/0.3, w 0.20, gap 2.8
ok   Net-(U106B-B)     10.5 mm, 1 via(s) 0.5/0.3, w 0.20, gap 7.4
     Net-(U106B-B)    done in 11.2 s
ok   Net-(U26C-P2B)     1.3 mm, 1 via(s) 0.5/0.3, w 0.20, gap 0.4
ok   Net-(U26C-P2B)     0.9 mm, 0 via(s), w 0.20, gap 0.7
rip  Net-(U26C-P2B)   ripped IREF2_input, IREF3_input, 5V, Net-(U26E-A1), but IREF3_input then failed; undone
rip  Net-(U26C-P2B)   ripped Net-(U106A-B), IREF2_input, Net-(U26A-P0B), IREF3_input, 5V, Net-(U26E-A1), Vref_3, Net-(U26E-~{RESET}), but IREF3_input then failed; undone
rip  Net-(U26C-P2B)   ripped analog_5V, .1Vref_1, 5V, Net-(D23-+), Net-(U26E-A1), but Net-(U26E-A1) then failed; undone
FAIL Net-(U26C-P2B): island 0 (187 cells; C102.1 U26.18) to island 1 (R58.1 R57.2), gap 9.5 mm
     Net-(U26C-P2B)   done in 13.2 s (1 failed)
ok   Verr1              0.4 mm, 1 via(s) 0.5/0.3, w 0.20, gap 0.0
ok   Verr1              0.7 mm, 0 via(s), w 0.20, gap 0.5
rip  Verr1            ripping 12V, Net-(U4-In+), 5V did not free a path
rip  Verr1            ripped Net-(U4-In+), 12V, Net-(D4-+), 5V, 0err_hi, Verr2, but Verr2 then failed; undone
rip  Verr1            ripped 12V, Net-(D23-+), .1Vref_2, 0A_hi, 5V, .1Vref_1, but Net-(D23-+) then failed; undone
FAIL Verr1: island 0 (116 cells; U28.14) to island 1 (R28.2 R27.2 C13.2), gap 12.4 mm
     Verr1            done in 12.0 s (1 failed)
ok   Net-(U106C-A)      8.7 mm, 1 via(s) 0.5/0.3, w 0.15, gap 2.5
ok   Net-(U106C-A)     36.4 mm, 1 via(s) 0.5/0.3, w 0.20, gap 10.9
     Net-(U106C-A)    done in 0.3 s
ok   Voltage_err_1      9.4 mm, 1 via(s) 0.5/0.3, w 0.20, gap 1.2
rip  Voltage_err_1    ripped .1Vref_2, Verr1, .1Vref_1, IREF3, but .1Vref_1 then failed; undone
rip  Voltage_err_1    ripped .1Vref_2, Verr1, IREF3_input, Net-(D23-+), IREF2_input, .1Vref_1, Vref_2, Vref_1, but .1Vref_1 then failed; undone
rip  Voltage_err_1    ripped .1Vref_2, Net-(D23-+), .1Vref_1, but Net-(D23-+) then failed; undone
FAIL Voltage_err_1: island 0 (327 cells; U3.1 R3.1) to island 1 (R27.1), gap 11.3 mm
     Voltage_err_1    done in 16.1 s (1 failed)
rip  Net-(D25-+)      ripped Net-(U26A-P0B), Output2_drain, Net-(D23-+), Net-(U106B-B), but Output2_drain then failed; undone
rip  Net-(D25-+)      ripped Net-(D4-+), Output2_drain, Net-(U26A-P0B), Net-(D23-+), Net-(U106C-B), .1Vref_1, Net-(U106B-B), .1Vout_3, but Output2_drain then failed; undone
rip  Net-(D25-+)      ripped Net-(U26A-P0B), Output2_drain, Net-(U106B-B), but Output2_drain then failed; undone
FAIL Net-(D25-+): island 2 (198 cells; C64.2) to island 3 (R93.2), gap 2.4 mm
rip  Net-(D25-+)      ripped Net-(U106B-B), Net-(U106C-A), .1Vref_2, Output2_drain, but Output2_drain then failed; undone
rip  Net-(D25-+)      ripped Output2_drain, analog_5V, .1Vref_2, .1Vref_3, Net-(U106C-A), Net-(U106B-B), Net-(U106A-B), ena_out_3, but Output2_drain then failed; undone
rip  Net-(D25-+)      ripped Net-(U106C-A), Net-(U106B-B), analog_5V, low_error_timeout, Net-(U18-Q3), but Net-(U106B-B) then failed; undone
FAIL Net-(D25-+): island 0 (81 cells; U23.1) to island 1 (D25.2), gap 3.7 mm
FAIL Net-(D25-+): island 1 (30 cells; D25.2) to island 2 (C64.2), gap 4.9 mm
FAIL Net-(D25-+): island 1 (30 cells; D25.2) to island 3 (R93.2), gap 6.5 mm
FAIL Net-(D25-+): island 0 (81 cells; U23.1) to island 2 (C64.2), gap 9.1 mm
ok   Net-(D25-+)       55.8 mm, 1 via(s) 0.5/0.3, w 0.15, gap 10.1
FAIL Net-(D25-+): island 0 (1035 cells; R93.2 U23.1) to island 2 (C64.2), gap 2.1 mm
FAIL Net-(D25-+): island 0 (1035 cells; R93.2 U23.1) to island 1 (D25.2), gap 3.7 mm
     Net-(D25-+)      done in 34.8 s (7 failed)
ok   Net-(D26-+)        4.1 mm, 1 via(s) 0.5/0.3, w 0.20, gap 2.2
ok   Net-(D26-+)        1.9 mm, 0 via(s), w 0.20, gap 1.5
rip  Net-(D26-+)      ripping Net-(U106B-B), Output2_drain, analog_5V, .1Vref_3 did not free a path
rip  Net-(D26-+)      ripped Net-(U106B-B), Net-(U26A-P0B), Output2_drain, .1Vref_3, analog_5V, Net-(U106C-B), .1Vout_3, Net-(U24-In+), but Net-(U26A-P0B) then failed; undone
rip  Net-(D26-+)      ripped Net-(U106C-B), analog_5V, Output3_drain, Voltage_err_3, Net-(D25-+), .1Vout_3, Net-(U106B-B), but Net-(U106B-B) then failed; undone
FAIL Net-(D26-+): island 0 (79 cells; U24.1) to island 1 (R98.2 D26.2 C67.2), gap 4.9 mm
     Net-(D26-+)      done in 19.1 s (1 failed)
ok   Verr2              0.9 mm, 1 via(s) 0.5/0.3, w 0.20, gap 0.3
ok   Verr2              2.9 mm, 0 via(s), w 0.20, gap 2.6
rip  Verr2            ripped Net-(D25-+), Net-(D26-+), Output2_drain, Out-, but Net-(D26-+) then failed; undone
rip  Verr2            ripped Net-(D25-+), Net-(U106C-B), Net-(D26-+), Output2_drain, Out-, Voltage_err_2, ena_out_3, Net-(D5-+), but Voltage_err_2 then failed; undone
rip  Verr2            ripped and re-routed Net-(U4-In+), Net-(U106C-B), Voltage_err_2, Out-
     ok   Net-(U4-In+)       1.0 mm, 0 via(s), w 0.20, gap 0.8
     ok   Net-(U4-In+)       1.0 mm, 0 via(s), w 0.20, gap 0.8
     ok   Net-(U4-In+)      17.6 mm, 3 via(s) 0.5/0.3, w 0.20, gap 3.2
     ok   Net-(U106C-B)      4.3 mm, 1 via(s) 0.5/0.3, w 0.20, gap 3.1
     ok   Net-(U106C-B)      5.6 mm, 0 via(s), w 0.20, gap 4.8
     ok   Net-(U106C-B)     18.3 mm, 1 via(s) 0.5/0.3, w 0.20, gap 11.5
     ok   Voltage_err_2      5.9 mm, 0 via(s), w 0.20, gap 4.3
     ok   Voltage_err_2     18.5 mm, 2 via(s) 0.5/0.3, w 0.20, gap 13.6
     ok   Out-               2.8 mm, 0 via(s), w 0.20, gap 2.1
     ok   Out-               4.4 mm, 1 via(s) 0.5/0.3, w 0.20, gap 2.7
     ok   Out-               4.0 mm, 0 via(s), w 0.20, gap 3.2
     ok   Out-               5.1 mm, 2 via(s) 0.5/0.3, w 0.20, gap 4.4
     ok   Out-               6.4 mm, 0 via(s), w 0.20, gap 5.5
     ok   Out-              21.4 mm, 2 via(s) 0.5/0.3, w 0.20, gap 13.7
     ok   Out-              20.6 mm, 0 via(s), w 0.20, gap 16.3
     Verr2            done in 8.3 s
rip  Voltage_err_3    ripped Net-(U106C-B), Net-(D25-+), Net-(D26-+), Net-(D4-+), but Net-(D25-+) then failed; undone
rip  Voltage_err_3    ripped Net-(U106C-B), Net-(D25-+), Net-(D26-+), 12V, .1Vref_1, Net-(D4-+), .1Vout_3, Net-(U26A-P0B), but Net-(D25-+) then failed; undone
rip  Voltage_err_3    ripped Net-(U26A-P0B), Net-(D25-+), .1Vout_3, Output3_drain, but Net-(D25-+) then failed; undone
FAIL Voltage_err_3: island 0 (73 cells; R45.1) to island 2 (R40.1), gap 3.3 mm
FAIL Voltage_err_3: island 1 (94 cells; U13.1) to island 2 (R40.1), gap 4.4 mm
FAIL Voltage_err_3: island 0 (73 cells; R45.1) to island 1 (U13.1), gap 7.8 mm
     Voltage_err_3    done in 26.5 s (3 failed)
rip  Output3_drain    ripping Net-(U106C-B), Net-(D25-+), Net-(D26-+), Net-(U26A-P0B) did not free a path
rip  Output3_drain    ripped Net-(U106C-B), Net-(D25-+), Net-(U26A-P0B), Net-(D26-+), Net-(U106B-B), Net-(D4-+), 12V, .1Vout_3, but Net-(U106B-B) then failed; undone
rip  Output3_drain    ripped .1Vref_1, Net-(D23-+), 5V, .1Vout_3, but .1Vref_1 then failed; undone
FAIL Output3_drain: island 0 (226 cells; J11.18) to island 1 (R87.1), gap 9.7 mm
     Output3_drain    done in 11.6 s (1 failed)
ok   Vref_2             0.8 mm, 1 via(s) 0.5/0.3, w 0.20, gap 0.6
ok   Vref_2            10.3 mm, 1 via(s) 0.5/0.3, w 0.20, gap 8.2
     Vref_2           done in 0.2 s
ok   Net-(U24-In+)      1.4 mm, 0 via(s), w 0.20, gap 1.1
rip  Net-(U24-In+)    ripped Output2_drain, Net-(U26A-P0B), .1Vref_3, Net-(U106C-A), but .1Vref_3 then failed; undone
rip  Net-(U24-In+)    ripped Output2_drain, Net-(U106B-B), .1Vref_3, Net-(U26A-P0B), analog_5V, Net-(U106C-B), Net-(D25-+), Net-(U106C-A), but .1Vref_3 then failed; undone
rip  Net-(U24-In+)    ripped Net-(D26-+), .1Vref_3, but Net-(D26-+) then failed; undone
FAIL Net-(U24-In+): island 0 (79 cells; U24.3) to island 2 (C68.1), gap 1.8 mm
rip  Net-(U24-In+)    ripped Net-(U106B-B), Output2_drain, analog_5V, .1Vref_3, but Output2_drain then failed; undone
rip  Net-(U24-In+)    ripped Net-(U106B-B), Net-(U26A-P0B), Output2_drain, analog_5V, .1Vref_3, IREF2, Net-(U103A-A), Net-(U13-In-), but Output2_drain then failed; undone
rip  Net-(U24-In+)    ripped analog_5V, Net-(U106B-B), but Net-(U106B-B) then failed; undone
FAIL Net-(U24-In+): island 1 (172 cells; R96.2 R97.1) to island 2 (C68.1), gap 3.7 mm
FAIL Net-(U24-In+): island 0 (79 cells; U24.3) to island 1 (R96.2 R97.1), gap 5.4 mm
     Net-(U24-In+)    done in 32.9 s (3 failed)
ok   Vref_3             2.6 mm, 1 via(s) 0.5/0.3, w 0.20, gap 1.4
ok   Vref_3             9.3 mm, 1 via(s) 0.5/0.3, w 0.20, gap 5.7
     Vref_3           done in 0.2 s
rip  Net-(U13-In-)    ripped Net-(U26A-P0B), Net-(U106C-B), analog_5V, Net-(U106B-B), but Net-(U26A-P0B) then failed; undone
rip  Net-(U13-In-)    ripped Net-(U26A-P0B), Net-(D25-+), Net-(U106C-B), Net-(U106B-B), analog_5V, Net-(D26-+), .1Vout_3, Net-(D23-+), but Net-(U106B-B) then failed; undone
rip  Net-(U13-In-)    ripped Net-(U26A-P0B), but Net-(U26A-P0B) then failed; undone
FAIL Net-(U13-In-): island 0 (79 cells; R39.1) to island 2 (R40.2), gap 0.6 mm
FAIL Net-(U13-In-): island 0 (79 cells; R39.1) to island 1 (U13.4), gap 6.4 mm
FAIL Net-(U13-In-): island 1 (82 cells; U13.4) to island 2 (R40.2), gap 6.9 mm
     Net-(U13-In-)    done in 24.0 s (3 failed)
rip  Output1_drain    ripped Output2_drain, Net-(U106C-A), .1Vref_3, .1Vref_2, but Output2_drain then failed; undone
rip  Output1_drain    ripped Output2_drain, Net-(U106C-A), .1Vref_3, Net-(U106A-B), .1Vref_2, Net-(U106B-B), Net-(U26A-P0B), Net-(D23-+), but Net-(D23-+) then failed; undone
rip  Output1_drain    ripped .1Vref_2, Output2_drain, but Output2_drain then failed; undone
FAIL Output1_drain: island 0 (222 cells; J11.14) to island 1 (R94.1), gap 6.1 mm
     Output1_drain    done in 13.0 s (1 failed)
ok   Net-(U3-In-)       0.4 mm, 1 via(s) 0.5/0.3, w 0.20, gap 0.0
rip  Net-(U3-In-)     ripped Net-(D4-+), Net-(D23-+), Net-(U26A-P0B), .1Vout_1, but Net-(D23-+) then failed; undone
rip  Net-(U3-In-)     ripped Output2_drain, Net-(D23-+), Net-(D4-+), Net-(U26A-P0B), .1Vref_1, Net-(D25-+), Vout_1, Vout_3, but Net-(D23-+) then failed; undone
rip  Net-(U3-In-)     ripped Net-(D4-+), analog_5V, Net-(U26A-P0B), but Net-(D4-+) then failed; undone
FAIL Net-(U3-In-): island 0 (115 cells; U3.4 R3.2) to island 1 (R2.1), gap 6.9 mm
     Net-(U3-In-)     done in 19.0 s (1 failed)
ok   Net-(U22-In+)      1.3 mm, 1 via(s) 0.5/0.3, w 0.20, gap 0.6
ok   Net-(U22-In+)      1.5 mm, 1 via(s) 0.5/0.3, w 0.20, gap 0.9
ok   Net-(U22-In+)      3.6 mm, 0 via(s), w 0.15, gap 1.7
     Net-(U22-In+)    done in 0.3 s
ok   Verr3              1.1 mm, 0 via(s), w 0.20, gap 0.9
ok   Verr3              1.3 mm, 0 via(s), w 0.20, gap 1.0
ok   Verr3              1.5 mm, 0 via(s), w 0.20, gap 1.2
     Verr3            done in 0.3 s
ok   Net-(U7-In-)       1.0 mm, 0 via(s), w 0.20, gap 0.7
rip  Net-(U7-In-)     ripped Net-(U106A-B), analog_5V, .1Vref_2, Voltage_err_2, but .1Vref_2 then failed; undone
rip  Net-(U7-In-)     ripped Output2_drain, analog_5V, Voltage_err_2, Net-(U106A-B), Net-(D25-+), .1Vref_2, Net-(U106C-A), ena_out_3, but Output2_drain then failed; undone
rip  Net-(U7-In-)     ripped Out-, Net-(U106A-B), Voltage_err_2, Net-(D5--), .1Vref_2, analog_5V, but .1Vref_2 then failed; undone
FAIL Net-(U7-In-): island 0 (155 cells; R32.2 R31.1) to island 1 (U7.4), gap 1.9 mm
     Net-(U7-In-)     done in 21.3 s (1 failed)
ok   Net-(U23-In+)      0.9 mm, 0 via(s), w 0.20, gap 0.7
ok   Net-(U23-In+)      1.0 mm, 0 via(s), w 0.20, gap 0.7
ok   Net-(U23-In+)      1.4 mm, 0 via(s), w 0.20, gap 1.2
     Net-(U23-In+)    done in 0.3 s
     .1Vout_3         done in 0.0 s
ok   Net-(U26B-P1B)     0.2 mm, 1 via(s) 0.5/0.3, w 0.20, gap 0.0
ok   Net-(U26B-P1B)     0.9 mm, 0 via(s), w 0.20, gap 0.4
ok   Net-(U26B-P1B)    12.0 mm, 0 via(s), w 0.15, gap 2.1
     Net-(U26B-P1B)   done in 0.4 s
ok   .1Vout_2           0.9 mm, 0 via(s), w 0.20, gap 0.7
ok   .1Vout_2           1.1 mm, 0 via(s), w 0.20, gap 0.7
     .1Vout_2         done in 0.2 s
ok   Net-(U106A-A)      1.0 mm, 0 via(s), w 0.20, gap 0.8
ok   Net-(U106A-A)      1.0 mm, 0 via(s), w 0.20, gap 0.8
     Net-(U106A-A)    done in 0.1 s
     Net-(U106B-A)    done in 0.0 s
rip  Vout_1           ripped Output2_drain, Net-(D23-+), Net-(U26A-P0B), Net-(U106C-A), but Output2_drain then failed; undone
rip  Vout_1           ripped Output2_drain, Net-(D23-+), Net-(D4-+), Net-(U26A-P0B), .1Vref_3, Net-(U106A-B), .1Vref_2, Net-(U106C-A), but Net-(U26A-P0B) then failed; undone
rip  Vout_1           ripped Output2_drain, Net-(D23-+), but Output2_drain then failed; undone
FAIL Vout_1: island 0 (222 cells; J11.13) to island 1 (R9.2), gap 1.7 mm
     Vout_1           done in 12.2 s (1 failed)
ok   Vout_3             1.7 mm, 0 via(s), w 0.30, gap 1.5
     Vout_3           done in 0.1 s
ok   .1Vout_1           4.4 mm, 1 via(s) 0.5/0.3, w 0.20, gap 0.1
ok   .1Vout_1           0.9 mm, 0 via(s), w 0.20, gap 0.3
     .1Vout_1         done in 0.2 s
ok   Net-(D4--)         0.0 mm, 1 via(s) 0.5/0.3, w 0.20, gap 0.0
ok   Net-(D4--)         1.2 mm, 0 via(s), w 0.20, gap 0.4
     Net-(D4--)       done in 0.1 s
ok   Net-(D3-+)         0.9 mm, 1 via(s) 0.5/0.3, w 0.20, gap 0.7
     Net-(D3-+)       done in 0.1 s
ok   Net-(D24-+)        4.1 mm, 1 via(s) 0.5/0.3, w 0.20, gap 0.8
ok   Net-(D24-+)       52.1 mm, 1 via(s) 0.5/0.3, w 0.20, gap 45.1
     Net-(D24-+)      done in 0.5 s
ok   VerrGT0            4.3 mm, 0 via(s), w 0.20, gap 3.2
ok   VerrGT0            6.1 mm, 0 via(s), w 0.20, gap 5.2
ok   VerrGT0           23.9 mm, 0 via(s), w 0.20, gap 20.8
ok   VerrGT0           33.1 mm, 2 via(s) 0.5/0.3, w 0.20, gap 29.2
     VerrGT0          done in 0.7 s
ok   0err_hi            1.0 mm, 1 via(s) 0.5/0.3, w 0.20, gap 0.8
ok   0err_hi            6.2 mm, 1 via(s) 0.5/0.3, w 0.20, gap 3.5
rip  0err_hi          ripped Net-(U4-In+), 12V, 5V, but 5V then failed; undone
rip  0err_hi          ripped Net-(U4-In+), Verr2, 12V, 5V, Net-(U103A-A), Net-(D4-+), but 5V then failed; undone
rip  0err_hi          ripped and re-routed Net-(U4-In+), Net-(D4-+)
     ok   Net-(U4-In+)       1.0 mm, 0 via(s), w 0.20, gap 0.8
     ok   Net-(U4-In+)       1.0 mm, 0 via(s), w 0.20, gap 0.8
     ok   Net-(U4-In+)      18.9 mm, 2 via(s) 0.5/0.3, w 0.20, gap 3.2
     ok   Net-(D4-+)         9.0 mm, 1 via(s) 0.5/0.3, w 0.20, gap 4.8
     ok   Net-(D4-+)        83.7 mm, 5 via(s) 0.5/0.3, w 0.20, gap 20.8
ok   0err_hi           29.0 mm, 0 via(s), w 0.20, gap 25.7
ok   0err_hi           30.7 mm, 1 via(s) 0.5/0.3, w 0.20, gap 24.3
     0err_hi          done in 29.7 s
     Out-             done in 0.0 s
rip  Net-(U103B-Y)    ripped Net-(U106C-B), Output2_drain, Net-(D25-+), Verr2, but Output2_drain then failed; undone
rip  Net-(U103B-Y)    ripped Net-(U106C-B), Net-(D25-+), Net-(D26-+), Output2_drain, Out-, Net-(U26A-P0B), Verr2, Voltage_err_2, but Output2_drain then failed; undone
rip  Net-(U103B-Y)    ripped Net-(D4-+), Net-(D24-+), Net-(D26-+), Net-(U26B-P1B), Net-(U106C-B), Net-(D23-+), Net-(D25-+), IREF2_input, Net-(U26E-HVC{slash}A0), SCL, out_3_on, Voltage_err_3, but Net-(D25-+) then failed; undone
FAIL Net-(U103B-Y): island 0 (115 cells; U103.6) to island 1 (U104.9), gap 33.2 mm
     Net-(U103B-Y)    done in 17.8 s (1 failed)
ok   Net-(U102B-A)     33.2 mm, 2 via(s) 0.5/0.3, w 0.15, gap 14.1
rip  Net-(U102B-A)    ripping 0err_hi, Net-(U4-In+), Net-(D4-+), 12V did not free a path
rip  Net-(U102B-A)    ripping Net-(U4-In+), 0err_hi, Net-(D4-+), Verr2, 12V, 5V, Net-(U21-In-), Net-(U103A-A) did not free a path
FAIL Net-(U102B-A): island 0 (730 cells; U18.3 U102.4) to island 1 (U28.11), gap 19.1 mm
     Net-(U102B-A)    done in 7.4 s (1 failed)
ok   Net-(U102C-A)     31.4 mm, 1 via(s) 0.5/0.3, w 0.15, gap 12.9
ok   Net-(U102C-A)     35.2 mm, 1 via(s) 0.5/0.3, w 0.15, gap 20.5
     Net-(U102C-A)    done in 0.9 s
ok   0A_hi             13.9 mm, 2 via(s) 0.5/0.3, w 0.20, gap 8.0
ok   0A_hi             63.0 mm, 2 via(s) 0.5/0.3, w 0.20, gap 21.3
     0A_hi            done in 1.9 s
ok   IREF3              4.2 mm, 0 via(s), w 0.20, gap 3.8
ok   IREF3             47.8 mm, 0 via(s), w 0.20, gap 27.6
     IREF3            done in 1.4 s
ok   IREF1              0.8 mm, 1 via(s) 0.5/0.3, w 0.20, gap 0.6
ok   IREF1             61.7 mm, 2 via(s) 0.5/0.3, w 0.20, gap 26.3
     IREF1            done in 1.4 s
ok   ena_out_2         20.7 mm, 1 via(s) 0.5/0.3, w 0.20, gap 11.5
ok   ena_out_2         30.3 mm, 1 via(s) 0.5/0.3, w 0.20, gap 17.8
     ena_out_2        done in 0.4 s
ok   IREF2             51.8 mm, 2 via(s) 0.5/0.3, w 0.15, gap 9.1
ok   IREF2             74.8 mm, 3 via(s) 0.5/0.3, w 0.20, gap 18.5
     IREF2            done in 2.0 s
ok   Net-(D7--)         0.9 mm, 0 via(s), w 0.20, gap 0.7
ok   Net-(D7--)        34.0 mm, 3 via(s) 0.5/0.3, w 0.20, gap 28.1
     Net-(D7--)       done in 0.2 s
rip  Net-(U103A-A)    ripped Net-(U106C-B), IREF2, IREF3, 5V, but IREF2 then failed; undone
rip  Net-(U103A-A)    ripped Net-(U106C-B), IREF2, Voltage_err_2, IREF3, 5V, Out-, Output2_drain, VerrGT0, but Output2_drain then failed; undone
rip  Net-(U103A-A)    ripped ena_out_3, IREF1, VerrGT0, Out-, IREF2, IREF3, 5V, Net-(U106B-A), analog_5V, Voltage_err_3, but Voltage_err_3 then failed; undone
FAIL Net-(U103A-A): island 0 (124 cells; U18.4) to island 1 (U103.1), gap 12.8 mm
rip  Net-(U103A-A)    ripped Net-(U106C-B), IREF2, IREF3, 5V, but IREF3 then failed; undone
rip  Net-(U103A-A)    ripped Net-(U106C-B), IREF2, Voltage_err_2, IREF3, 5V, Out-, Output2_drain, ena_out_3, but IREF3 then failed; undone
rip  Net-(U103A-A)    ripped IREF3, 0err_hi, IREF2, Net-(U106C-B), Net-(U102C-A), IREF1, Net-(D5--), Verr2, but Net-(U102C-A) then failed; undone
FAIL Net-(U103A-A): island 1 (121 cells; U103.1) to island 2 (U28.9), gap 14.8 mm
FAIL Net-(U103A-A): island 0 (124 cells; U18.4) to island 2 (U28.9), gap 21.6 mm
     Net-(U103A-A)    done in 32.8 s (3 failed)
rip  Reset_raw        ripped 0A_hi, 5V, but 0A_hi then failed; undone
rip  Reset_raw        ripped 0A_hi, 5V, 0err_hi, but 0A_hi then failed; undone
rip  Reset_raw        ripped 0A_hi, Net-(D24-+), Voltage_err_1, .1Vref_1, M1_ON, Vref_3, Net-(U26A-P0B), but Voltage_err_1 then failed; undone
FAIL Reset_raw: island 0 (120 cells; U101.4) to island 1 (U5.1), gap 22.4 mm
     Reset_raw        done in 15.1 s (1 failed)
ok   low_error_timeout   1.1 mm, 0 via(s), w 0.20, gap 0.8
ok   low_error_timeout   2.9 mm, 1 via(s) 0.5/0.3, w 0.20, gap 2.1
rip  low_error_timeout ripped Out-, VerrGT0, Net-(U26B-P1B), Net-(D23-+), but Out- then failed; undone
rip  low_error_timeout ripped 0A_hi, Out-, Net-(U26B-P1B), IREF2, VerrGT0, Net-(D24-+), Net-(D23-+), Net-(D4-+), but Out- then failed; undone
rip  low_error_timeout ripped VerrGT0, Out-, Net-(U102B-A), analog_5V, Net-(U106A-B), Net-(U106C-A), but Net-(U106C-A) then failed; undone
FAIL low_error_timeout: island 0 (113 cells; U18.14) to island 2 (D6.1), gap 13.1 mm
FAIL low_error_timeout: island 1 (303 cells; U14.1 R71.2 R67.1) to island 2 (D6.1), gap 13.3 mm
FAIL low_error_timeout: island 0 (113 cells; U18.14) to island 1 (U14.1 R71.2 R67.1), gap 27.2 mm
     low_error_timeout done in 29.7 s (3 failed)
ok   Net-(U102A-Y)     44.2 mm, 6 via(s) 0.5/0.3, w 0.20, gap 29.9
     Net-(U102A-Y)    done in 0.2 s
rip  Net-(U102D-Y)    ripped ena_out_2, Net-(U102C-A), VerrGT0, Net-(D25-+), but Net-(D25-+) then failed; undone
rip  Net-(U102D-Y)    ripped Net-(U102A-Y), VerrGT0, Net-(U102B-A), ena_out_2, Out-, Net-(D25-+), Net-(U102C-A), 5V, but Net-(D25-+) then failed; undone
rip  Net-(U102D-Y)    ripped Out-, Net-(U102A-Y), IREF2, ena_out_2, Net-(U102B-A), Out, 5V, RESET-, but Net-(U102B-A) then failed; undone
FAIL Net-(U102D-Y): island 0 (121 cells; U102.11) to island 1 (U104.5), gap 25.2 mm
     Net-(U102D-Y)    done in 23.6 s (1 failed)
ok   ARD_M1_INHIBIT     1.0 mm, 0 via(s), w 0.20, gap 0.8
ok   ARD_M1_INHIBIT    23.8 mm, 3 via(s) 0.5/0.3, w 0.15, gap 17.4
     ARD_M1_INHIBIT   done in 0.5 s
     ena_out_3        done in 0.0 s
rip  M1_ON            ripped IREF2_input, Net-(U26B-P1B), 0A_hi, Vref_3, but 0A_hi then failed; undone
rip  M1_ON            ripped 0A_hi, IREF2_input, Net-(U26A-P0B), Net-(U26B-P1B), Voltage_err_1, VerrGT0, Vref_3, Net-(D24-+), but Voltage_err_1 then failed; undone
rip  M1_ON            ripped Net-(U102A-Y), Net-(D4-+), Net-(U26B-P1B), VerrGT0, M2_ON, but Net-(U102A-Y) then failed; undone
FAIL M1_ON: island 1 (120 cells; U101.5) to island 2 (U104.2), gap 8.9 mm
rip  M1_ON            ripped 0err_hi, Out-, Net-(U102A-Y), 0A_hi, but Net-(U102A-Y) then failed; undone
rip  M1_ON            ripped 0A_hi, Net-(D24-+), Out-, Net-(U102A-Y), 0err_hi, ARD_M1_INHIBIT, ena_out_2, 5V, but 0A_hi then failed; undone
rip  M1_ON            ripped Net-(U102A-Y), 0A_hi, Out, IREF2, M2_ON, but M2_ON then failed; undone
FAIL M1_ON: island 0 (222 cells; J11.3) to island 2 (U104.2), gap 12.4 mm
FAIL M1_ON: island 0 (222 cells; J11.3) to island 1 (U101.5), gap 12.5 mm
     M1_ON            done in 34.3 s (3 failed)
ok   ena_out_1          5.2 mm, 0 via(s), w 0.20, gap 3.7
ok   ena_out_1         68.4 mm, 3 via(s) 0.5/0.3, w 0.15, gap 13.4
     ena_out_1        done in 1.5 s
rip  Net-(D20-+)      ripped Net-(U106C-A), Net-(D25-+), VerrGT0, IREF2, but Net-(D25-+) then failed; undone
rip  Net-(D20-+)      ripped Net-(U106C-A), VerrGT0, Net-(D25-+), IREF2, Net-(U102A-Y), ena_out_1, Net-(U102B-A), 5V, but Net-(D25-+) then failed; undone
rip  Net-(D20-+)      ripped and re-routed IREF2, VerrGT0
     ok   VerrGT0            4.3 mm, 0 via(s), w 0.20, gap 3.2
     ok   VerrGT0            6.0 mm, 2 via(s) 0.5/0.3, w 0.20, gap 5.3
     ok   VerrGT0           25.3 mm, 2 via(s) 0.5/0.3, w 0.20, gap 20.8
     ok   VerrGT0           33.5 mm, 3 via(s) 0.5/0.3, w 0.20, gap 29.2
     ok   IREF2             51.9 mm, 3 via(s) 0.5/0.3, w 0.15, gap 9.1
     ok   IREF2             73.3 mm, 4 via(s) 0.5/0.3, w 0.15, gap 18.6
FAIL Net-(D20-+): island 0 (259 cells; U102.6 R80.2) to island 1 (D20.2), gap 13.2 mm
     Net-(D20-+)      done in 20.9 s (1 failed)
ok   Net-(D5--)         8.0 mm, 2 via(s) 0.5/0.3, w 0.20, gap 4.1
ok   Net-(D5--)        24.3 mm, 3 via(s) 0.5/0.3, w 0.15, gap 11.7
     Net-(D5--)       done in 0.3 s
rip  out_3_on         ripped Net-(D4-+), 0err_hi, VerrGT0, 5V, but VerrGT0 then failed; undone
rip  out_3_on         ripped Net-(D4-+), 0err_hi, Net-(U14-In+), VerrGT0, Net-(D23-+), IREF2, analog_5V, low_error_timeout, but IREF2 then failed; undone
rip  out_3_on         ripped Net-(U26B-P1B), Net-(D4-+), 0A_hi, ARD_M1_INHIBIT, Net-(U26E-HVC{slash}A0), SCL, IREF2_input, VerrGT0, but Net-(U26B-P1B) then failed; undone
FAIL out_3_on: island 0 (226 cells; J11.8) to island 1 (U104.8), gap 14.9 mm
     out_3_on         done in 20.1 s (1 failed)
rip  SDA              ripping Net-(U26B-P1B), VerrGT0, IREF2_input, 0A_hi did not free a path
rip  SDA              ripping 0A_hi, VerrGT0, IREF2_input, Net-(U26B-P1B), Vref_3, ARD_M1_INHIBIT, Voltage_err_1, .1Vref_3 did not free a path
rip  SDA              ripped .1Vref_2, IREF2_input, Net-(U26A-P0B), Net-(D23-+), Vref_3, analog_5V, Reset_raw, .1Vref_1, M1_ON, Voltage_err_1, but IREF2_input then failed; undone
FAIL SDA: island 0 (309 cells; J9.8) to island 1 (U26.6), gap 11.1 mm
     SDA              done in 11.1 s (1 failed)
rip  out_2_on         ripped Net-(D23-+), ARD_M1_INHIBIT, VerrGT0, 0A_hi, but 0A_hi then failed; undone
rip  out_2_on         ripped VerrGT0, 0A_hi, ARD_M1_INHIBIT, Net-(D23-+), Out-, Net-(D4-+), 5V, Net-(U102A-Y), but Out- then failed; undone
rip  out_2_on         ripped Net-(U102A-Y), 0A_hi, RESET-, Out, IREF2, but IREF2 then failed; undone
FAIL out_2_on: island 0 (228 cells; J11.6) to island 1 (U104.6), gap 10.2 mm
     out_2_on         done in 22.2 s (1 failed)
rip  M2_ON            ripped 0A_hi, ARD_M1_INHIBIT, Net-(U102A-Y), 0err_hi, but Net-(U102A-Y) then failed; undone
rip  M2_ON            ripped Out-, Net-(U102A-Y), 0err_hi, 0A_hi, Net-(D24-+), ARD_M1_INHIBIT, 5V, Net-(D4-+), but 0A_hi then failed; undone
rip  M2_ON            ripped Net-(U102A-Y), 0A_hi, RESET-, Out, IREF2, 0err_hi, but IREF2 then failed; undone
FAIL M2_ON: island 0 (222 cells; J11.4) to island 1 (U104.4), gap 10.2 mm
     M2_ON            done in 21.5 s (1 failed)
rip  Net-(D20--)      ripped Voltage_err_2, VerrGT0, Out-, ena_out_1, but ena_out_1 then failed; undone
rip  Net-(D20--)      ripped Net-(U106C-A), VerrGT0, Out-, Voltage_err_2, Output2_drain, Net-(U102A-Y), ena_out_1, 5V, but Net-(U102A-Y) then failed; undone
rip  Net-(D20--)      ripped and re-routed ena_out_1
     ok   ena_out_1          5.9 mm, 2 via(s) 0.5/0.3, w 0.20, gap 3.7
     ok   ena_out_1         68.0 mm, 3 via(s) 0.5/0.3, w 0.15, gap 13.4
rip  Net-(D20--)      ripped ena_out_1, Out-, Net-(U106A-B), Net-(D25-+), but Net-(D25-+) then failed; undone
rip  Net-(D20--)      ripped ena_out_1, Net-(U106A-B), IREF2, Voltage_err_2, Out-, ena_out_3, Net-(D25-+), IREF1, but Net-(D25-+) then failed; undone
rip  Net-(D20--)      ripped Out-, Net-(D5--), analog_5V, but Net-(D5--) then failed; undone
FAIL Net-(D20--): island 0 (248 cells; U105.1 R81.2) to island 1 (D20.1), gap 8.6 mm
     Net-(D20--)      done in 43.5 s (1 failed)
ok   SCL               13.7 mm, 2 via(s) 0.5/0.3, w 0.20, gap 8.6
     SCL              done in 0.2 s
ok   Net-(U18-Q3)       8.3 mm, 0 via(s), w 0.20, gap 6.6
     Net-(U18-Q3)     done in 0.1 s
rip  RESET-           ripped 0A_hi, Out-, Net-(U26B-P1B), Net-(D23-+), but 0A_hi then failed; undone
rip  RESET-           ripped 0A_hi, Net-(U102A-Y), Out-, VerrGT0, Net-(D24-+), ARD_M1_INHIBIT, Net-(D23-+), Net-(U26B-P1B), but Out- then failed; undone
rip  RESET-           ripped Net-(D4-+), Net-(U101A-Y), IREF2_input, but Net-(U101A-Y) then failed; undone
FAIL RESET-: island 0 (118 cells; U101.12) to island 1 (U101.6), gap 4.6 mm
     RESET-           done in 16.1 s (1 failed)
ok   Net-(D5-+)         1.2 mm, 0 via(s), w 0.20, gap 1.0
rip  Net-(D5-+)       ripped Net-(U106C-B), ena_out_1, Net-(D5--), IREF3, but Net-(D5--) then failed; undone
rip  Net-(D5-+)       ripped Net-(U106C-B), Net-(D5--), ena_out_1, Output2_drain, IREF1, IREF3, IREF2, Out-, but IREF2 then failed; undone
rip  Net-(D5-+)       ripped Net-(U106C-B), IREF2, Voltage_err_2, VerrGT0, but IREF2 then failed; undone
FAIL Net-(D5-+): island 0 (117 cells; U103.3) to island 1 (D5.2 R63.2), gap 2.3 mm
     Net-(D5-+)       done in 23.6 s (1 failed)
rip  Out              ripped 0A_hi, ARD_M1_INHIBIT, 5V, Net-(D23-+), but 0A_hi then failed; undone
rip  Out              ripped VerrGT0, 0A_hi, ARD_M1_INHIBIT, Net-(U102A-Y), Net-(D4-+), Out-, Net-(D23-+), 0err_hi, but Out- then failed; undone
rip  Out              ripped Out-, VerrGT0, Net-(U101A-Y), but Out- then failed; undone
FAIL Out: island 0 (119 cells; U101.8) to island 1 (U101.13), gap 5.7 mm
     Out              done in 29.2 s (1 failed)
ok   M1_INHIBIT         0.1 mm, 1 via(s) 0.5/0.3, w 0.20, gap 0.0
ok   M1_INHIBIT         1.0 mm, 0 via(s), w 0.20, gap 0.4
ok   M1_INHIBIT         1.1 mm, 1 via(s) 0.5/0.3, w 0.20, gap 0.8
ok   M1_INHIBIT         1.2 mm, 0 via(s), w 0.20, gap 0.9
ok   M1_INHIBIT         1.3 mm, 0 via(s), w 0.20, gap 1.0
     M1_INHIBIT       done in 0.4 s
ok   Vref_3_arduino     5.4 mm, 1 via(s) 0.5/0.3, w 0.20, gap 4.4
     Vref_3_arduino   done in 0.1 s
ok   Vref_2_arduino     3.4 mm, 0 via(s), w 0.20, gap 2.9
     Vref_2_arduino   done in 0.1 s
rip  Vref_1_arduino   ripped Net-(U106A-B), Net-(U22-In+), Net-(Q1-E), 0err_hi, but Net-(U106A-B) then failed; undone
rip  Vref_1_arduino   ripped Net-(U106A-B), Net-(Q1-E), Net-(U22-In+), 0err_hi, analog_5V, IREF3_input, Net-(D23-+), IREF2, but Net-(D23-+) then failed; undone
rip  Vref_1_arduino   ripped Net-(Q1-E), IREF3_input, Net-(U22-In+), but IREF3_input then failed; undone
FAIL Vref_1_arduino: island 0 (400 cells; J9.1) to island 1 (R101.1), gap 2.8 mm
     Vref_1_arduino   done in 16.0 s (1 failed)
ok   Net-(C8-Pad2)      1.3 mm, 0 via(s), w 0.20, gap 0.9
rip  Net-(C8-Pad2)    ripped IREF3, Net-(U106C-B), IREF2, 5V, but Net-(U106C-B) then failed; undone
rip  Net-(C8-Pad2)    ripped Net-(U106C-B), IREF3, 5V, Net-(D5--), IREF2, ena_out_1, Output2_drain, Out-, but ena_out_1 then failed; undone
rip  Net-(C8-Pad2)    ripped Net-(U106C-B), IREF2, IREF3, Output2_drain, but Output2_drain then failed; undone
FAIL Net-(C8-Pad2): island 0 (102 cells; C8.2) to island 1 (R63.1 R64.1), gap 0.9 mm
     Net-(C8-Pad2)    done in 15.4 s (1 failed)
ok   Net-(D7-+)         0.9 mm, 0 via(s), w 0.20, gap 0.7
ok   Net-(D7-+)         1.2 mm, 1 via(s) 0.5/0.3, w 0.20, gap 0.9
     Net-(D7-+)       done in 0.1 s
ok   Net-(U26E-HVC{slash}A0)   4.8 mm, 0 via(s), w 0.20, gap 3.6
     Net-(U26E-HVC{slash}A0) done in 0.1 s
rip  Net-(U26E-A1)    ripping ARD_M1_INHIBIT, IREF2_input, Net-(U26C-P2B), 5V did not free a path
rip  Net-(U26E-A1)    ripping SCL, ARD_M1_INHIBIT, Vref_3, Vref_3_arduino, Voltage_err_1, IREF2_input, Net-(U26A-P0B), Net-(U26C-P2B) did not free a path
rip  Net-(U26E-A1)    ripped Vref_3, ARD_M1_INHIBIT, Net-(U26E-~{RESET}), Vref_3_arduino, but ARD_M1_INHIBIT then failed; undone
FAIL Net-(U26E-A1): island 0 (94 cells; R99.1) to island 1 (U26.16), gap 3.1 mm
     Net-(U26E-A1)    done in 6.3 s (1 failed)
rip  Net-(U26E-~{RESET}) ripped Vref_3_arduino, Vref_3, Net-(U106A-B), IREF3_input, but Vref_3 then failed; undone
rip  Net-(U26E-~{RESET}) ripped Net-(U106A-B), ARD_M1_INHIBIT, Vref_3, Vref_3_arduino, Net-(Q1-E), Net-(U26C-P2B), IREF3_input, 0err_hi, but Net-(U26C-P2B) then failed; undone
rip  Net-(U26E-~{RESET}) ripped ARD_M1_INHIBIT, Net-(U26C-P2B), IREF3_input, IREF2_input, but Net-(U26C-P2B) then failed; undone
FAIL Net-(U26E-~{RESET}): island 0 (74 cells; R103.2) to island 1 (U26.15), gap 2.7 mm
     Net-(U26E-~{RESET}) done in 12.7 s (1 failed)
rip  Net-(U101A-Y)    ripped Net-(U26B-P1B), VerrGT0, Net-(D23-+), Net-(U26E-HVC{slash}A0), but VerrGT0 then failed; undone
rip  Net-(U101A-Y)    ripped 0A_hi, VerrGT0, SCL, Net-(U26B-P1B), Net-(D23-+), Net-(D4-+), Out-, ARD_M1_INHIBIT, but Out- then failed; undone
rip  Net-(U101A-Y)    ripped VerrGT0, Net-(D4-+), Net-(D23-+), SCL, Net-(U26E-HVC{slash}A0), but Net-(U26E-HVC{slash}A0) then failed; undone
FAIL Net-(U101A-Y): island 0 (119 cells; U101.3) to island 1 (R4.2), gap 1.4 mm
     Net-(U101A-Y)    done in 29.0 s (1 failed)
ok   Net-(C17-Pad2)     1.0 mm, 0 via(s), w 0.20, gap 0.7
ok   Net-(C17-Pad2)     0.9 mm, 0 via(s), w 0.20, gap 0.7
     Net-(C17-Pad2)   done in 0.1 s
ok   set-               0.3 mm, 1 via(s) 0.5/0.3, w 0.20, gap 0.0
rip  set-             ripped 0A_hi, Net-(U26B-P1B), VerrGT0, Net-(D23-+), but VerrGT0 then failed; undone
rip  set-             ripped 0A_hi, Out-, VerrGT0, Net-(U26B-P1B), IREF2_input, Net-(D24-+), Net-(D23-+), .1Vref_3, but VerrGT0 then failed; undone
rip  set-             ripped and re-routed Net-(U26B-P1B)
     ok   Net-(U26B-P1B)     0.0 mm, 1 via(s) 0.5/0.3, w 0.20, gap 0.0
     ok   Net-(U26B-P1B)     0.9 mm, 0 via(s), w 0.20, gap 0.4
     ok   Net-(U26B-P1B)    15.1 mm, 0 via(s), w 0.15, gap 2.1
     set-             done in 17.4 s
ok   Net-(C9-Pad2)      0.8 mm, 1 via(s) 0.5/0.3, w 0.20, gap 0.0
ok   Net-(C9-Pad2)      0.7 mm, 0 via(s), w 0.20, gap 0.2
     Net-(C9-Pad2)    done in 0.1 s
ok   Net-(C19-Pad1)     0.5 mm, 1 via(s) 0.5/0.3, w 0.20, gap 0.0
ok   Net-(C19-Pad1)     0.9 mm, 0 via(s), w 0.20, gap 0.4
     Net-(C19-Pad1)   done in 0.1 s
ok   5V                 1.2 mm, 0 via(s), w 0.40, gap 0.0
ok   5V                 1.6 mm, 1 via(s) 0.5/0.3, w 0.40, gap 0.0
ok   5V                 0.4 mm, 1 via(s) 0.5/0.3, w 0.40, gap 0.0
ok   5V                 1.9 mm, 1 via(s) 0.5/0.3, w 0.40, gap 0.0
ok   5V                 1.6 mm, 0 via(s), w 0.40, gap 0.0
rip  5V               ripped ARD_M1_INHIBIT, Vref_3, Net-(U26C-P2B), Vref_3_arduino, but Net-(U26C-P2B) then failed; undone
rip  5V               ripping SCL, Vref_3, ARD_M1_INHIBIT, Vref_3_arduino, IREF2_input, Voltage_err_1, Net-(U106A-B), Net-(U26A-P0B) did not free a path
rip  5V               ripped Net-(U26C-P2B), but Net-(U26C-P2B) then failed; undone
FAIL 5V: island 0 (167572 cells; U28.16 U101.14 C52.1 R82.1 +32) to island 1 (U26.17), gap 0.0 mm
ok   5V                 1.1 mm, 1 via(s) 0.5/0.3, w 0.40, gap 0.0
ok   5V                 1.2 mm, 0 via(s), w 0.40, gap 0.0
rip  5V               ripping 0err_hi did not free a path
rip  5V               ripped 0A_hi, 0err_hi, Net-(U102C-A), Net-(U4-In+), Verr3, Reset_raw, but 0err_hi then failed; undone
rip  5V               ripped Net-(D4-+), Net-(U102C-A), Net-(U21-In-), Net-(U103A-A), Net-(U4-In+), but Net-(U4-In+) then failed; undone
FAIL 5V: island 0 (167572 cells; U28.16 U101.14 C52.1 R82.1 +34) to island 2 (C24.1 U5.5), gap 0.0 mm
ok   5V                 3.0 mm, 1 via(s) 0.5/0.3, w 0.40, gap 0.0
FAIL 5V: island 1 (59 cells; U26.17) to island 2 (C24.1 U5.5), gap 21.4 mm
     5V               done in 33.5 s (3 failed)
     GND              done in 0.0 s
tracks 2580, vias 383, failures 58, 894 s
