board rasterised in 0.5 s
ok   Current            1.3 mm, 0 via(s), w 0.20, gap 1.1
ok   Current            1.6 mm, 0 via(s), w 0.20, gap 1.4
prot Current          track zone on In5.Cu/B.Cu, via zone all layers; 24 nets exempt in the track zone
     Current          sensitive, 0.2 s
ok   Net-(U2-In+)       0.1 mm, 1 via(s) 0.6/0.3, w 0.15, gap 0.0
ok   Net-(U2-In+)       2.9 mm, 2 via(s) 0.6/0.3, w 0.15, gap 1.9
ok   Net-(U2-In+)       7.6 mm, 1 via(s) 0.5/0.3, w 0.15, gap 6.0
prot Net-(U2-In+)     track zone on F.Cu/In5.Cu/B.Cu, via zone all layers; 9 nets exempt in the track zone
     Net-(U2-In+)     sensitive, 0.3 s
ok   V_err              9.4 mm, 1 via(s) 0.6/0.3, w 0.15, gap 0.0
ok   V_err              1.2 mm, 0 via(s), w 0.15, gap 0.5
prot V_err            track zone on F.Cu/B.Cu, via zone all layers; 15 nets exempt in the track zone (logic nets only)
     V_err            sensitive, 0.2 s
ok   Net-(U4-In+)       1.0 mm, 0 via(s), w 0.20, gap 0.8
ok   Net-(U4-In+)       1.0 mm, 0 via(s), w 0.20, gap 0.8
ok   Net-(U4-In+)       3.7 mm, 0 via(s), w 0.20, gap 3.2
     Net-(U4-In+)     done in 0.2 s
ok   Net-(U14-In+)      0.3 mm, 1 via(s) 0.6/0.3, w 0.20, gap 0.0
ok   Net-(U14-In+)      1.5 mm, 0 via(s), w 0.20, gap 1.2
ok   Net-(U14-In+)      3.6 mm, 0 via(s), w 0.20, gap 2.3
     Net-(U14-In+)    done in 0.2 s
ok   Net-(U21-In+)      0.9 mm, 0 via(s), w 0.20, gap 0.7
ok   Net-(U21-In+)      1.9 mm, 1 via(s) 0.6/0.3, w 0.20, gap 0.8
ok   Net-(U21-In+)      1.4 mm, 0 via(s), w 0.20, gap 1.1
     Net-(U21-In+)    done in 0.2 s
ok   Net-(U21-In-)      0.0 mm, 1 via(s) 0.6/0.3, w 0.20, gap 0.0
ok   Net-(U21-In-)      2.4 mm, 0 via(s), w 0.20, gap 2.0
     Net-(U21-In-)    done in 0.1 s
ok   Net-(Q1-E)         0.2 mm, 1 via(s) 0.6/0.3, w 0.20, gap 0.0
ok   Net-(Q1-E)         3.9 mm, 0 via(s), w 0.20, gap 2.3
ok   Net-(Q1-E)        19.9 mm, 0 via(s), w 0.20, gap 14.0
     Net-(Q1-E)       done in 0.2 s
stch Net-(U2-In+)     4 GND vias beside its In5.Cu run
stch Current          2 GND vias beside its B.Cu run
stch V_err            0 GND vias beside its In5.Cu run
stch J9.10            2 GND vias beside the thermal-relief pad
dcap 5V               C104.1 -> U103.14: 1.1 mm, 0 via(s), w 0.30
dcap 5V               C98.1 -> U4.5: 1.2 mm, 0 via(s), w 0.30
dcap 5V               C28.1 -> U2.5: 1.3 mm, 0 via(s), w 0.30
dcap 5V               C53.2 -> U21.5: 0.9 mm, 0 via(s), w 0.30
dcap 5V               C24.1 -> U5.5: shortest path 29.6 mm > 3.5 mm, not drawn
dcap 5V               C12.1 -> U14.5: 1.1 mm, 0 via(s), w 0.30
dcap 5V               C58.1 -> U104.14: 1.2 mm, 0 via(s), w 0.30
dcap 5V               C23.1 -> U106.14: 1.2 mm, 0 via(s), w 0.30
dcap 5V               C52.1 -> U18.16: 0.9 mm, 0 via(s), w 0.30
dcap 5V               C22.1 -> U101.14: 4.8 mm, 0 via(s), w 0.30
dcap analog_5V        C63.1 -> U22.5: 1.1 mm, 0 via(s), w 0.30
dcap analog_5V        C38.2 -> U23.5: 1.4 mm, 0 via(s), w 0.30
dcap analog_5V        C32.1 -> U13.5: 1.4 mm, 0 via(s), w 0.30
dcap analog_5V        C37.2 -> U24.5: 1.3 mm, 0 via(s), w 0.30
dcap analog_5V        C36.2 -> U7.5: 1.2 mm, 0 via(s), w 0.30
     DECAP            14 direct links, 0.9 s
fan  GND              C10.1: 0.5 mm stub, via 0.6/0.3
fan  GND              C43.2: 0.0 mm stub, via 0.6/0.3
fan  GND              U3.2: 1.1 mm stub, via 0.6/0.3
fan  GND              U28.2: 0.0 mm stub, via 0.6/0.3
fan  GND              U28.4: nearest via needs 3.5 mm, not fanned out
fan  GND              U28.5: 0.3 mm stub, via 0.6/0.3
fan  GND              U28.7: 0.3 mm stub, via 0.6/0.3
fan  GND              U28.12: 0.2 mm stub, via 0.6/0.3
fan  GND              U28.13: 0.1 mm stub, via 0.6/0.3
fan  GND              C14.2: 0.0 mm stub, via 0.6/0.3
fan  GND              U101.7: 0.0 mm stub, via 0.6/0.3
fan  GND              C52.2: 0.0 mm stub, via 0.6/0.3
fan  GND              C37.1: 0.1 mm stub, via 0.6/0.3
fan  GND              C22.2: 0.8 mm stub, via 0.6/0.3
fan  GND              U103.7: 0.0 mm stub, via 0.6/0.3
fan  GND              U18.8: 0.1 mm stub, via 0.6/0.3
fan  GND              C59.2: 0.5 mm stub, via 0.6/0.3
fan  GND              U14.2: 0.2 mm stub, via 0.5/0.3
fan  GND              C104.2: 0.0 mm stub, via 0.6/0.3
fan  GND              C46.2: 0.8 mm stub, via 0.6/0.3
fan  GND              C63.2: 0.0 mm stub, via 0.6/0.3
fan  GND              U22.2: 1.2 mm stub, via 0.6/0.3
fan  GND              C91.1: 1.1 mm stub, via 0.6/0.3
fan  GND              C102.2: 0.0 mm stub, via 0.6/0.3
fan  GND              C92.2: 0.1 mm stub, via 0.6/0.3
fan  GND              C8.1: 0.6 mm stub, via 0.6/0.3
fan  GND              U105.7: 0.0 mm stub, via 0.6/0.3
fan  GND              C12.2: 0.1 mm stub, via 0.6/0.3
fan  GND              C26.2: 0.9 mm stub, via 0.6/0.3
fan  GND              U24.2: 0.6 mm stub, via 0.6/0.3
fan  GND              U102.7: 0.0 mm stub, via 0.6/0.3
fan  GND              C15.2: 0.0 mm stub, via 0.6/0.3
fan  GND              C94.2: 0.0 mm stub, via 0.6/0.3
fan  GND              C17.1: 0.0 mm stub, via 0.6/0.3
fan  GND              U5.2: 0.6 mm stub, via 0.6/0.3
fan  GND              C42.2: 0.0 mm stub, via 0.6/0.3
fan  GND              C103.2: 0.0 mm stub, via 0.6/0.3
fan  GND              C29.2: nearest via needs 2.5 mm, not fanned out
fan  GND              C32.2: 0.1 mm stub, via 0.6/0.3
fan  GND              U21.2: no via reachable
fan  GND              U7.2: 0.3 mm stub, via 0.6/0.3
fan  GND              U4.2: 1.2 mm stub, via 0.6/0.3
fan  GND              U13.2: nearest via needs 1.6 mm, not fanned out
fan  GND              C13.1: 0.0 mm stub, via 0.6/0.3
fan  GND              C23.2: 0.5 mm stub, via 0.6/0.3
fan  GND              C93.2: 0.9 mm stub, via 0.6/0.3
fan  GND              C100.2: no via reachable
fan  GND              C9.1: 0.7 mm stub, via 0.6/0.3
fan  GND              U2.2: 0.0 mm stub, via 0.6/0.3
fan  GND              C54.2: 1.4 mm stub, via 0.6/0.3
fan  GND              C95.2: 0.0 mm stub, via 0.6/0.3
fan  GND              C57.1: 0.7 mm stub, via 0.6/0.3
fan  GND              C97.2: 0.0 mm stub, via 0.6/0.3
fan  GND              C58.2: 0.0 mm stub, via 0.6/0.3
fan  GND              C28.2: 0.8 mm stub, via 0.6/0.3
fan  GND              C53.1: 0.0 mm stub, via 0.6/0.3
fan  GND              C36.1: 0.0 mm stub, via 0.6/0.3
fan  GND              C47.2: 0.3 mm stub, via 0.6/0.3
fan  GND              U23.2: 0.1 mm stub, via 0.6/0.3
fan  GND              U26.7: no via reachable
fan  GND              U26.10: 0.6 mm stub, via 0.6/0.3
fan  GND              U26.20: 0.8 mm stub, via 0.6/0.3
fan  GND              C96.2: 0.6 mm stub, via 0.6/0.3
fan  GND              C101.2: 0.0 mm stub, via 0.6/0.3
fan  GND              U104.7: 0.0 mm stub, via 0.6/0.3
fan  GND              C19.2: 0.0 mm stub, via 0.6/0.3
fan  GND              C99.2: 0.0 mm stub, via 0.6/0.3
fan  GND              C38.1: 0.0 mm stub, via 0.6/0.3
fan  GND              C98.2: 0.0 mm stub, via 0.6/0.3
     FANOUT:GND       63 vias, 6 pads skipped, 2.2 s
fan  5V               U28.16: 0.1 mm stub, via 0.6/0.3
fan  5V               U101.14: 0.0 mm stub, via 0.6/0.3
fan  5V               C52.1: 0.0 mm stub, via 0.6/0.3
fan  5V               C22.1: 0.4 mm stub, via 0.6/0.3
fan  5V               U103.14: 0.1 mm stub, via 0.6/0.3
fan  5V               U18.16: 0.0 mm stub, via 0.6/0.3
fan  5V               U14.5: 0.1 mm stub, via 0.6/0.3
fan  5V               C104.1: 0.0 mm stub, via 0.6/0.3
fan  5V               C91.2: 0.0 mm stub, via 0.6/0.3
fan  5V               C92.1: 0.0 mm stub, via 0.6/0.3
fan  5V               U105.14: 0.5 mm stub, via 0.6/0.3
fan  5V               C12.1: 0.0 mm stub, via 0.6/0.3
fan  5V               C26.1: 0.8 mm stub, via 0.6/0.3
fan  5V               U102.14: 0.1 mm stub, via 0.6/0.3
fan  5V               U106.14: 0.0 mm stub, via 0.6/0.3
fan  5V               C24.1: no via reachable
fan  5V               U5.5: no via reachable
fan  5V               C29.1: 0.0 mm stub, via 0.6/0.3
fan  5V               U21.5: 0.1 mm stub, via 0.6/0.3
fan  5V               U4.5: 1.0 mm stub, via 0.6/0.3
fan  5V               C23.1: 0.4 mm stub, via 0.6/0.3
fan  5V               U2.5: 0.6 mm stub, via 0.6/0.3
fan  5V               C54.1: 0.0 mm stub, via 0.6/0.3
fan  5V               C95.1: 0.0 mm stub, via 0.6/0.3
fan  5V               C97.1: 0.0 mm stub, via 0.6/0.3
fan  5V               C58.1: 0.0 mm stub, via 0.6/0.3
fan  5V               U26.17: no via reachable
fan  5V               C96.1: 0.4 mm stub, via 0.6/0.3
fan  5V               U104.14: 0.1 mm stub, via 0.6/0.3
     FANOUT:5V        26 vias, 3 pads skipped, 0.5 s
ok   analog_5V          1.4 mm, 1 via(s) 0.6/0.3, w 0.40, gap 1.0
ok   analog_5V          4.6 mm, 2 via(s) 0.6/0.3, w 0.40, gap 2.1
ok   analog_5V          5.1 mm, 1 via(s) 0.6/0.3, w 0.40, gap 3.2
ok   analog_5V          6.3 mm, 2 via(s) 0.6/0.3, w 0.40, gap 3.3
ok   analog_5V          4.7 mm, 2 via(s) 0.6/0.3, w 0.40, gap 3.9
ok   analog_5V          6.5 mm, 0 via(s), w 0.40, gap 4.9
ok   analog_5V          6.6 mm, 1 via(s) 0.6/0.3, w 0.40, gap 5.0
ok   analog_5V          9.8 mm, 0 via(s), w 0.40, gap 8.9
ok   analog_5V         31.6 mm, 0 via(s), w 0.40, gap 9.3
ok   analog_5V         13.2 mm, 1 via(s) 0.6/0.3, w 0.40, gap 11.3
     analog_5V        done in 2.5 s
ok   12V               20.9 mm, 1 via(s) 0.6/0.3, w 0.40, gap 15.7
     12V              done in 0.2 s
ok   Net-(U106A-B)      0.0 mm, 1 via(s) 0.6/0.3, w 0.20, gap 0.0
ok   Net-(U106A-B)     14.3 mm, 1 via(s) 0.6/0.3, w 0.20, gap 12.3
ok   Net-(U106A-B)     35.5 mm, 2 via(s) 0.6/0.3, w 0.20, gap 31.7
     Net-(U106A-B)    done in 0.5 s
ok   .1Vref_2           1.2 mm, 0 via(s), w 0.20, gap 0.9
ok   .1Vref_2          19.6 mm, 2 via(s) 0.6/0.3, w 0.20, gap 13.3
ok   .1Vref_2          26.6 mm, 1 via(s) 0.6/0.3, w 0.20, gap 21.7
     .1Vref_2         done in 0.6 s
ok   IREF2_input       28.3 mm, 1 via(s) 0.6/0.3, w 0.20, gap 22.0
     IREF2_input      done in 0.3 s
ok   IREF3_input       32.2 mm, 2 via(s) 0.6/0.3, w 0.20, gap 20.2
     IREF3_input      done in 0.3 s
ok   .1Vref_3           1.9 mm, 0 via(s), w 0.20, gap 1.4
ok   .1Vref_3           1.9 mm, 0 via(s), w 0.20, gap 1.5
ok   .1Vref_3          23.2 mm, 2 via(s) 0.6/0.3, w 0.20, gap 22.2
     .1Vref_3         done in 0.3 s
ok   Net-(D4-+)         6.7 mm, 1 via(s) 0.6/0.3, w 0.20, gap 4.8
ok   Net-(D4-+)        80.3 mm, 3 via(s) 0.6/0.3, w 0.20, gap 20.8
     Net-(D4-+)       done in 1.0 s
ok   .1Vref_1           6.8 mm, 1 via(s) 0.6/0.3, w 0.20, gap 3.0
ok   .1Vref_1          11.1 mm, 2 via(s) 0.6/0.3, w 0.20, gap 8.9
ok   .1Vref_1          11.6 mm, 1 via(s) 0.6/0.3, w 0.15, gap 7.4
     .1Vref_1         done in 0.8 s
ok   Net-(U106C-B)      4.4 mm, 1 via(s) 0.6/0.3, w 0.20, gap 3.1
ok   Net-(U106C-B)      5.6 mm, 0 via(s), w 0.20, gap 4.8
ok   Net-(U106C-B)     14.2 mm, 0 via(s), w 0.20, gap 11.5
     Net-(U106C-B)    done in 0.4 s
ok   Net-(U26A-P0B)     1.7 mm, 1 via(s) 0.6/0.3, w 0.20, gap 1.3
ok   Net-(U26A-P0B)    18.4 mm, 2 via(s) 0.6/0.3, w 0.20, gap 5.6
ok   Net-(U26A-P0B)    29.8 mm, 3 via(s) 0.6/0.3, w 0.15, gap 12.1
     Net-(U26A-P0B)   done in 0.7 s
ok   Voltage_err_2      5.9 mm, 0 via(s), w 0.20, gap 4.3
ok   Voltage_err_2     18.2 mm, 2 via(s) 0.6/0.3, w 0.20, gap 13.6
     Voltage_err_2    done in 0.2 s
rip  IREF1_input      ripped IREF2_input, Net-(U26A-P0B), 5V, Net-(U106A-B), but 5V then failed; undone
rip  IREF1_input      ripped IREF2_input, Net-(U26A-P0B), .1Vref_3, .1Vref_1, 5V, Net-(U106A-B), but 5V then failed; undone
rip  IREF1_input      ripped and re-routed IREF2_input, .1Vref_1, Net-(U26A-P0B)
     ok   IREF2_input       27.8 mm, 2 via(s) 0.6/0.3, w 0.15, gap 22.0
     ok   .1Vref_1           6.8 mm, 1 via(s) 0.6/0.3, w 0.20, gap 3.0
     ok   .1Vref_1          41.9 mm, 4 via(s) 0.6/0.3, w 0.15, gap 8.9
     ok   .1Vref_1          14.9 mm, 0 via(s), w 0.15, gap 9.6
     ok   Net-(U26A-P0B)     3.8 mm, 2 via(s) 0.5/0.3, w 0.20, gap 1.3
     ok   Net-(U26A-P0B)    28.4 mm, 1 via(s) 0.6/0.3, w 0.20, gap 5.6
     ok   Net-(U26A-P0B)    57.1 mm, 4 via(s) 0.6/0.3, w 0.20, gap 11.9
     IREF1_input      done in 60.3 s
ok   Vref_1             1.1 mm, 0 via(s), w 0.20, gap 0.9
ok   Vref_1           114.5 mm, 4 via(s) 0.6/0.3, w 0.20, gap 11.8
     Vref_1           done in 1.0 s
