board rasterised in 0.5 s
ok   Current            1.3 mm, 0 via(s), w 0.20, gap 1.1
ok   Current            1.6 mm, 0 via(s), w 0.20, gap 1.4
prot Current          track zone on In5.Cu/B.Cu, via zone all layers; 24 nets exempt in the track zone
     Current          sensitive, 0.2 s
ok   Net-(U2-In+)       0.1 mm, 1 via(s) 0.6/0.3, w 0.15, gap 0.0
ok   Net-(U2-In+)       2.9 mm, 2 via(s) 0.6/0.3, w 0.15, gap 1.9
ok   Net-(U2-In+)       7.7 mm, 1 via(s) 0.5/0.3, w 0.15, gap 6.0
prot Net-(U2-In+)     track zone on F.Cu/In5.Cu/B.Cu, via zone all layers; 9 nets exempt in the track zone
     Net-(U2-In+)     sensitive, 0.3 s
ok   V_err             16.2 mm, 1 via(s) 0.6/0.3, w 0.15, gap 0.0
ok   V_err              1.2 mm, 0 via(s), w 0.15, gap 0.3
prot V_err            track zone on F.Cu/B.Cu, via zone all layers; 13 nets exempt in the track zone (logic nets only)
     V_err            sensitive, 0.2 s
ok   Net-(U4-In+)       1.0 mm, 0 via(s), w 0.20, gap 0.8
ok   Net-(U4-In+)       1.0 mm, 0 via(s), w 0.20, gap 0.8
ok   Net-(U4-In+)      16.1 mm, 0 via(s), w 0.20, gap 3.2
     Net-(U4-In+)     done in 0.2 s
ok   Net-(U14-In+)      0.3 mm, 1 via(s) 0.6/0.3, w 0.20, gap 0.0
ok   Net-(U14-In+)      1.5 mm, 0 via(s), w 0.20, gap 1.2
ok   Net-(U14-In+)      3.6 mm, 0 via(s), w 0.20, gap 2.3
     Net-(U14-In+)    done in 0.2 s
ok   Net-(U21-In+)      0.9 mm, 0 via(s), w 0.20, gap 0.7
ok   Net-(U21-In+)      1.9 mm, 1 via(s) 0.6/0.3, w 0.20, gap 0.8
ok   Net-(U21-In+)      1.4 mm, 0 via(s), w 0.20, gap 1.1
     Net-(U21-In+)    done in 0.2 s
ok   Net-(U21-In-)      0.0 mm, 1 via(s) 0.6/0.3, w 0.20, gap 0.0
ok   Net-(U21-In-)      2.4 mm, 0 via(s), w 0.20, gap 2.0
     Net-(U21-In-)    done in 0.1 s
ok   Net-(Q1-E)         0.2 mm, 1 via(s) 0.6/0.3, w 0.20, gap 0.0
ok   Net-(Q1-E)         3.9 mm, 0 via(s), w 0.20, gap 2.3
ok   Net-(Q1-E)        19.9 mm, 0 via(s), w 0.20, gap 14.0
     Net-(Q1-E)       done in 0.2 s
stch Net-(U2-In+)     4 GND vias beside its In5.Cu run
stch Current          2 GND vias beside its B.Cu run
stch V_err            0 GND vias beside its In5.Cu run
stch J9.10            2 GND vias beside the thermal-relief pad
dcap 5V               C104.1 -> U103.14: 1.1 mm, 0 via(s), w 0.30
dcap 5V               C98.1 -> U4.5: 1.2 mm, 0 via(s), w 0.30
dcap 5V               C28.1 -> U2.5: 1.3 mm, 0 via(s), w 0.30
dcap 5V               C53.2 -> U21.5: 0.9 mm, 0 via(s), w 0.30
dcap 5V               C24.1 -> U5.5: 1.2 mm, 0 via(s), w 0.30
dcap 5V               C12.1 -> U14.5: 1.1 mm, 0 via(s), w 0.30
dcap 5V               C58.1 -> U104.14: 1.2 mm, 0 via(s), w 0.30
dcap 5V               C23.1 -> U106.14: 1.2 mm, 0 via(s), w 0.30
dcap 5V               C52.1 -> U18.16: 0.9 mm, 0 via(s), w 0.30
dcap 5V               C22.1 -> U101.14: 4.8 mm, 0 via(s), w 0.30
dcap analog_5V        C63.1 -> U22.5: 1.1 mm, 0 via(s), w 0.30
dcap analog_5V        C38.2 -> U23.5: 1.4 mm, 0 via(s), w 0.30
dcap analog_5V        C32.1 -> U13.5: 1.4 mm, 0 via(s), w 0.30
dcap analog_5V        C37.2 -> U24.5: 1.3 mm, 0 via(s), w 0.30
dcap analog_5V        C36.2 -> U7.5: 1.2 mm, 0 via(s), w 0.30
     DECAP            15 direct links, 0.9 s
fan  GND              C10.1: 0.5 mm stub, via 0.6/0.3
fan  GND              C43.2: 0.0 mm stub, via 0.6/0.3
fan  GND              U3.2: 1.1 mm stub, via 0.6/0.3
fan  GND              U28.2: 0.0 mm stub, via 0.6/0.3
fan  GND              U28.4: 1.4 mm stub, via 0.6/0.3
fan  GND              U28.5: 0.3 mm stub, via 0.6/0.3
fan  GND              U28.7: 0.3 mm stub, via 0.6/0.3
fan  GND              U28.12: 1.2 mm stub, via 0.6/0.3
fan  GND              U28.13: nearest via needs 2.5 mm, not fanned out
fan  GND              C14.2: 0.0 mm stub, via 0.6/0.3
fan  GND              U101.7: 0.0 mm stub, via 0.6/0.3
fan  GND              C52.2: 0.0 mm stub, via 0.6/0.3
fan  GND              C37.1: 0.1 mm stub, via 0.6/0.3
fan  GND              C22.2: 0.8 mm stub, via 0.6/0.3
fan  GND              U103.7: 0.0 mm stub, via 0.6/0.3
fan  GND              U18.8: 0.1 mm stub, via 0.6/0.3
fan  GND              C59.2: 0.5 mm stub, via 0.6/0.3
fan  GND              U14.2: 0.2 mm stub, via 0.5/0.3
fan  GND              C104.2: 0.0 mm stub, via 0.6/0.3
fan  GND              C46.2: 0.8 mm stub, via 0.6/0.3
fan  GND              C63.2: 0.0 mm stub, via 0.6/0.3
fan  GND              U22.2: 1.2 mm stub, via 0.6/0.3
fan  GND              C91.1: 1.1 mm stub, via 0.6/0.3
fan  GND              C102.2: 0.0 mm stub, via 0.6/0.3
fan  GND              C92.2: 0.1 mm stub, via 0.6/0.3
fan  GND              C8.1: 0.6 mm stub, via 0.6/0.3
fan  GND              U105.7: 0.0 mm stub, via 0.6/0.3
fan  GND              C12.2: 0.1 mm stub, via 0.6/0.3
fan  GND              C26.2: 0.9 mm stub, via 0.6/0.3
fan  GND              U24.2: 0.6 mm stub, via 0.6/0.3
fan  GND              U102.7: 0.0 mm stub, via 0.6/0.3
fan  GND              C15.2: 0.0 mm stub, via 0.6/0.3
fan  GND              C94.2: 0.0 mm stub, via 0.6/0.3
fan  GND              C17.1: 0.0 mm stub, via 0.6/0.3
fan  GND              U5.2: 0.1 mm stub, via 0.6/0.3
fan  GND              C42.2: 0.0 mm stub, via 0.6/0.3
fan  GND              C103.2: 0.0 mm stub, via 0.6/0.3
fan  GND              C29.2: nearest via needs 2.5 mm, not fanned out
fan  GND              C32.2: 0.1 mm stub, via 0.6/0.3
fan  GND              U21.2: no via reachable
fan  GND              U7.2: 0.3 mm stub, via 0.6/0.3
fan  GND              U4.2: no via reachable
fan  GND              U13.2: nearest via needs 1.6 mm, not fanned out
fan  GND              C13.1: 0.0 mm stub, via 0.6/0.3
fan  GND              C23.2: 0.5 mm stub, via 0.6/0.3
fan  GND              C93.2: 0.9 mm stub, via 0.6/0.3
fan  GND              C100.2: no via reachable
fan  GND              C9.1: 0.7 mm stub, via 0.6/0.3
fan  GND              U2.2: 0.0 mm stub, via 0.6/0.3
fan  GND              C54.2: 1.4 mm stub, via 0.6/0.3
fan  GND              C95.2: 0.0 mm stub, via 0.6/0.3
fan  GND              C57.1: 0.7 mm stub, via 0.6/0.3
fan  GND              C97.2: 0.0 mm stub, via 0.6/0.3
fan  GND              C58.2: 0.0 mm stub, via 0.6/0.3
fan  GND              C28.2: 0.8 mm stub, via 0.6/0.3
fan  GND              C53.1: 0.0 mm stub, via 0.6/0.3
fan  GND              C36.1: 0.0 mm stub, via 0.6/0.3
fan  GND              C47.2: 0.3 mm stub, via 0.6/0.3
fan  GND              U23.2: 0.1 mm stub, via 0.6/0.3
fan  GND              U26.7: no via reachable
fan  GND              U26.10: 0.6 mm stub, via 0.6/0.3
fan  GND              U26.20: 0.8 mm stub, via 0.6/0.3
fan  GND              C96.2: 0.6 mm stub, via 0.6/0.3
fan  GND              C101.2: 0.0 mm stub, via 0.6/0.3
fan  GND              U104.7: 0.0 mm stub, via 0.6/0.3
fan  GND              C19.2: 0.0 mm stub, via 0.6/0.3
fan  GND              C99.2: 0.0 mm stub, via 0.6/0.3
fan  GND              C38.1: 0.0 mm stub, via 0.6/0.3
fan  GND              C98.2: 0.0 mm stub, via 0.6/0.3
     FANOUT:GND       62 vias, 7 pads skipped, 2.0 s
fan  5V               U28.16: 0.6 mm stub, via 0.6/0.3
fan  5V               U101.14: 0.0 mm stub, via 0.6/0.3
fan  5V               C52.1: 0.0 mm stub, via 0.6/0.3
fan  5V               C22.1: 0.4 mm stub, via 0.6/0.3
fan  5V               U103.14: 0.1 mm stub, via 0.6/0.3
fan  5V               U18.16: 0.0 mm stub, via 0.6/0.3
fan  5V               U14.5: 0.1 mm stub, via 0.6/0.3
fan  5V               C104.1: 0.0 mm stub, via 0.6/0.3
fan  5V               C91.2: 0.0 mm stub, via 0.6/0.3
fan  5V               C92.1: 0.0 mm stub, via 0.6/0.3
fan  5V               U105.14: 0.5 mm stub, via 0.6/0.3
fan  5V               C12.1: 0.0 mm stub, via 0.6/0.3
fan  5V               C26.1: 0.8 mm stub, via 0.6/0.3
fan  5V               U102.14: 0.1 mm stub, via 0.6/0.3
fan  5V               U106.14: 0.0 mm stub, via 0.6/0.3
fan  5V               C24.1: no via reachable
fan  5V               U5.5: no via reachable
fan  5V               C29.1: 0.0 mm stub, via 0.6/0.3
fan  5V               U21.5: 0.1 mm stub, via 0.6/0.3
fan  5V               U4.5: 1.0 mm stub, via 0.6/0.3
fan  5V               C23.1: 0.4 mm stub, via 0.6/0.3
fan  5V               U2.5: 0.6 mm stub, via 0.6/0.3
fan  5V               C54.1: 0.0 mm stub, via 0.6/0.3
fan  5V               C95.1: 0.0 mm stub, via 0.6/0.3
fan  5V               C97.1: 0.0 mm stub, via 0.6/0.3
fan  5V               C58.1: 0.0 mm stub, via 0.6/0.3
fan  5V               U26.17: no via reachable
fan  5V               C96.1: 0.4 mm stub, via 0.6/0.3
fan  5V               U104.14: 0.1 mm stub, via 0.6/0.3
     FANOUT:5V        26 vias, 3 pads skipped, 0.5 s
ok   analog_5V          1.4 mm, 1 via(s) 0.6/0.3, w 0.40, gap 1.0
ok   analog_5V          4.6 mm, 2 via(s) 0.6/0.3, w 0.40, gap 2.1
ok   analog_5V          5.1 mm, 1 via(s) 0.6/0.3, w 0.40, gap 3.2
ok   analog_5V          6.3 mm, 2 via(s) 0.6/0.3, w 0.40, gap 3.3
ok   analog_5V          4.7 mm, 2 via(s) 0.6/0.3, w 0.40, gap 3.9
ok   analog_5V          6.5 mm, 0 via(s), w 0.40, gap 4.9
ok   analog_5V          6.6 mm, 1 via(s) 0.6/0.3, w 0.40, gap 5.0
ok   analog_5V          9.8 mm, 0 via(s), w 0.40, gap 8.9
ok   analog_5V         31.6 mm, 0 via(s), w 0.40, gap 9.3
ok   analog_5V         13.2 mm, 1 via(s) 0.6/0.3, w 0.40, gap 11.3
     analog_5V        done in 2.6 s
ok   12V               21.3 mm, 1 via(s) 0.6/0.3, w 0.40, gap 15.7
     12V              done in 0.2 s
ok   Net-(U106A-B)      0.0 mm, 1 via(s) 0.6/0.3, w 0.20, gap 0.0
ok   Net-(U106A-B)     14.3 mm, 1 via(s) 0.6/0.3, w 0.20, gap 12.3
ok   Net-(U106A-B)     35.5 mm, 2 via(s) 0.6/0.3, w 0.20, gap 31.7
     Net-(U106A-B)    done in 0.5 s
ok   .1Vref_2           1.2 mm, 0 via(s), w 0.20, gap 0.9
ok   .1Vref_2          19.6 mm, 2 via(s) 0.6/0.3, w 0.20, gap 13.3
ok   .1Vref_2          26.6 mm, 1 via(s) 0.6/0.3, w 0.20, gap 21.7
     .1Vref_2         done in 0.6 s
ok   IREF2_input       28.3 mm, 1 via(s) 0.6/0.3, w 0.20, gap 22.0
     IREF2_input      done in 0.8 s
ok   IREF3_input       32.2 mm, 2 via(s) 0.6/0.3, w 0.20, gap 20.2
     IREF3_input      done in 0.7 s
ok   .1Vref_3           1.9 mm, 0 via(s), w 0.20, gap 1.4
ok   .1Vref_3           1.9 mm, 0 via(s), w 0.20, gap 1.5
ok   .1Vref_3          23.2 mm, 2 via(s) 0.6/0.3, w 0.20, gap 22.2
     .1Vref_3         done in 0.4 s
ok   Net-(D4-+)         6.7 mm, 1 via(s) 0.6/0.3, w 0.20, gap 4.8
ok   Net-(D4-+)        82.0 mm, 3 via(s) 0.6/0.3, w 0.20, gap 20.8
     Net-(D4-+)       done in 2.3 s
ok   .1Vref_1           6.8 mm, 1 via(s) 0.6/0.3, w 0.20, gap 3.0
ok   .1Vref_1          11.1 mm, 2 via(s) 0.6/0.3, w 0.20, gap 8.9
ok   .1Vref_1          11.6 mm, 1 via(s) 0.6/0.3, w 0.15, gap 7.4
     .1Vref_1         done in 1.5 s
ok   Net-(U106C-B)      4.4 mm, 1 via(s) 0.6/0.3, w 0.20, gap 3.1
ok   Net-(U106C-B)      5.6 mm, 0 via(s), w 0.20, gap 4.8
ok   Net-(U106C-B)     14.2 mm, 0 via(s), w 0.20, gap 11.5
     Net-(U106C-B)    done in 0.5 s
ok   Net-(U26A-P0B)     1.7 mm, 1 via(s) 0.6/0.3, w 0.20, gap 1.3
ok   Net-(U26A-P0B)    18.4 mm, 2 via(s) 0.6/0.3, w 0.20, gap 5.6
ok   Net-(U26A-P0B)    29.8 mm, 3 via(s) 0.6/0.3, w 0.15, gap 12.1
     Net-(U26A-P0B)   done in 0.8 s
ok   Voltage_err_2      5.9 mm, 0 via(s), w 0.20, gap 4.3
ok   Voltage_err_2     18.2 mm, 2 via(s) 0.6/0.3, w 0.20, gap 13.6
     Voltage_err_2    done in 0.2 s
rip  IREF1_input      ripped IREF2_input, Net-(U26A-P0B), 5V, Net-(U106A-B), but 5V then failed; undone
rip  IREF1_input      ripped IREF2_input, Net-(U26A-P0B), .1Vref_3, .1Vref_1, 5V, Net-(U106A-B), but Net-(U26A-P0B) then failed; undone
rip  IREF1_input      ripped IREF2_input, .1Vref_1, Net-(U26A-P0B), but Net-(U26A-P0B) then failed; undone
FAIL IREF1_input: island 0 (228 cells; J11.26) to island 1 (U26.12), gap 13.5 mm
     IREF1_input      done in 56.1 s (1 failed)
ok   Vref_1             1.1 mm, 0 via(s), w 0.20, gap 0.9
ok   Vref_1           102.1 mm, 4 via(s) 0.6/0.3, w 0.20, gap 11.8
     Vref_1           done in 1.0 s
ok   Net-(D23-+)        0.8 mm, 1 via(s) 0.6/0.3, w 0.20, gap 0.6
ok   Net-(D23-+)        5.9 mm, 2 via(s) 0.6/0.3, w 0.20, gap 2.5
rip  Net-(D23-+)      ripped and re-routed Net-(Q1-E), Net-(U106A-B), Vref_1, analog_5V
     ok   Net-(Q1-E)         0.2 mm, 1 via(s) 0.6/0.3, w 0.20, gap 0.0
     ok   Net-(Q1-E)         4.0 mm, 0 via(s), w 0.20, gap 2.3
     ok   Net-(Q1-E)        18.4 mm, 2 via(s) 0.6/0.3, w 0.20, gap 14.0
     ok   analog_5V          1.4 mm, 1 via(s) 0.6/0.3, w 0.40, gap 1.0
     ok   analog_5V          4.6 mm, 2 via(s) 0.6/0.3, w 0.40, gap 2.1
     ok   analog_5V          5.1 mm, 1 via(s) 0.6/0.3, w 0.40, gap 3.2
     ok   analog_5V          6.3 mm, 2 via(s) 0.6/0.3, w 0.40, gap 3.3
     ok   analog_5V          4.6 mm, 2 via(s) 0.6/0.3, w 0.40, gap 3.9
     ok   analog_5V          6.5 mm, 0 via(s), w 0.40, gap 4.9
     ok   analog_5V          6.6 mm, 1 via(s) 0.6/0.3, w 0.40, gap 5.0
     ok   analog_5V          9.8 mm, 0 via(s), w 0.40, gap 8.9
     ok   analog_5V         31.6 mm, 0 via(s), w 0.40, gap 9.3
     ok   analog_5V         13.2 mm, 1 via(s) 0.6/0.3, w 0.40, gap 11.3
     ok   Net-(U106A-B)      0.1 mm, 1 via(s) 0.6/0.3, w 0.20, gap 0.0
     ok   Net-(U106A-B)     85.2 mm, 2 via(s) 0.6/0.3, w 0.20, gap 12.3
     ok   Net-(U106A-B)     23.7 mm, 1 via(s) 0.6/0.3, w 0.20, gap 6.2
     ok   Vref_1             1.1 mm, 0 via(s), w 0.20, gap 0.9
     ok   Vref_1            97.4 mm, 3 via(s) 0.6/0.3, w 0.15, gap 11.8
     Net-(D23-+)      done in 8.1 s
ok   Vout_2            23.2 mm, 3 via(s) 0.6/0.3, w 0.15, gap 10.5
     Vout_2           done in 0.5 s
rip  Output2_drain    ripped and re-routed Net-(U106A-B)
     ok   Net-(U106A-B)      0.1 mm, 1 via(s) 0.6/0.3, w 0.20, gap 0.0
     ok   Net-(U106A-B)    119.3 mm, 4 via(s) 0.6/0.3, w 0.15, gap 12.3
     ok   Net-(U106A-B)      0.8 mm, 1 via(s) 0.6/0.3, w 0.20, gap 0.4
     Output2_drain    done in 5.1 s
ok   Net-(U106B-B)      1.4 mm, 0 via(s), w 0.20, gap 1.2
ok   Net-(U106B-B)     29.7 mm, 3 via(s) 0.6/0.3, w 0.20, gap 3.6
ok   Net-(U106B-B)     19.5 mm, 1 via(s) 0.6/0.3, w 0.20, gap 7.4
     Net-(U106B-B)    done in 0.4 s
ok   Net-(U26C-P2B)     1.5 mm, 1 via(s) 0.6/0.3, w 0.20, gap 0.4
ok   Net-(U26C-P2B)     0.9 mm, 0 via(s), w 0.20, gap 0.7
rip  Net-(U26C-P2B)   ripped 5V, IREF3_input, but IREF3_input then failed; undone
rip  Net-(U26C-P2B)   ripped IREF2_input, Net-(U26A-P0B), Net-(D23-+), .1Vref_3, IREF3_input, 5V, but Net-(D23-+) then failed; undone
rip  Net-(U26C-P2B)   ripped Net-(D23-+), IREF3_input, Net-(Q1-E), but Net-(D23-+) then failed; undone
FAIL Net-(U26C-P2B): island 0 (176 cells; C102.1 U26.18) to island 1 (R58.1 R57.2), gap 9.5 mm
     Net-(U26C-P2B)   done in 20.7 s (1 failed)
ok   Verr1              0.0 mm, 1 via(s) 0.6/0.3, w 0.20, gap 0.0
ok   Verr1              1.0 mm, 0 via(s), w 0.20, gap 0.8
rip  Verr1            ripped Net-(U4-In+), 12V, Net-(D4-+), 5V, but 5V then failed; undone
rip  Verr1            ripped Net-(U4-In+), Net-(D4-+), 12V, Net-(U106B-B), 5V, Vref_1, Net-(U106C-B), but 5V then failed; undone
rip  Verr1            ripped 12V, .1Vref_1, .1Vref_2, Net-(D4-+), 5V, Net-(U106B-B), but 5V then failed; undone
FAIL Verr1: island 0 (116 cells; U28.14) to island 1 (R28.2 R27.2 C13.2), gap 12.4 mm
     Verr1            done in 70.1 s (1 failed)
rip  Net-(U106C-A)    ripped and re-routed .1Vref_2, Net-(U26A-P0B), Vref_1
     ok   .1Vref_2           1.2 mm, 0 via(s), w 0.20, gap 0.9
     ok   .1Vref_2          19.6 mm, 2 via(s) 0.6/0.3, w 0.20, gap 13.3
     ok   .1Vref_2          27.8 mm, 1 via(s) 0.6/0.3, w 0.20, gap 21.7
     ok   Net-(U26A-P0B)     1.5 mm, 1 via(s) 0.6/0.3, w 0.20, gap 1.3
     ok   Net-(U26A-P0B)    18.4 mm, 2 via(s) 0.6/0.3, w 0.20, gap 5.6
     ok   Net-(U26A-P0B)    31.2 mm, 3 via(s) 0.6/0.3, w 0.15, gap 12.1
     ok   Vref_1             1.1 mm, 0 via(s), w 0.20, gap 0.9
     ok   Vref_1            96.0 mm, 3 via(s) 0.6/0.3, w 0.15, gap 11.8
ok   Net-(U106C-A)     40.7 mm, 4 via(s) 0.6/0.3, w 0.15, gap 10.9
     Net-(U106C-A)    done in 6.5 s
ok   Voltage_err_1      3.5 mm, 2 via(s) 0.6/0.3, w 0.20, gap 1.2
rip  Voltage_err_1    ripped .1Vref_2, Verr1, .1Vref_1, but .1Vref_1 then failed; undone
rip  Voltage_err_1    ripped .1Vref_2, Vref_1, IREF3_input, IREF2_input, .1Vref_1, Verr1, Net-(U26C-P2B), but .1Vref_1 then failed; undone
rip  Voltage_err_1    ripped .1Vref_2, Verr1, .1Vref_1, but .1Vref_1 then failed; undone
FAIL Voltage_err_1: island 0 (229 cells; U3.1 R3.1) to island 1 (R27.1), gap 11.6 mm
     Voltage_err_1    done in 21.0 s (1 failed)
ok   Net-(D25-+)       59.0 mm, 6 via(s) 0.5/0.3, w 0.15, gap 2.4
ok   Net-(D25-+)        4.7 mm, 1 via(s) 0.6/0.3, w 0.20, gap 2.6
ok   Net-(D25-+)       19.9 mm, 3 via(s) 0.6/0.3, w 0.20, gap 3.8
     Net-(D25-+)      done in 2.3 s
rip  Net-(D26-+)      ripping Net-(D25-+), Net-(U106B-B), Net-(D4-+), 12V did not free a path
rip  Net-(D26-+)      ripped Net-(D25-+), Net-(U106C-B), Net-(U106B-B), 12V, Net-(D4-+), Net-(U106C-A), 5V, Output2_drain, but Output2_drain then failed; undone
rip  Net-(D26-+)      ripped Net-(U106B-B), Net-(U106C-B), Net-(D25-+), Output2_drain, but Output2_drain then failed; undone
FAIL Net-(D26-+): island 1 (70 cells; R98.2) to island 2 (D26.2), gap 2.2 mm
rip  Net-(D26-+)      ripped and re-routed Net-(U106C-B), Net-(U106C-A), Net-(U106B-B), Output2_drain
     ok   Net-(U106C-B)      4.4 mm, 1 via(s) 0.6/0.3, w 0.20, gap 3.1
     ok   Net-(U106C-B)      5.6 mm, 0 via(s), w 0.20, gap 4.8
     ok   Net-(U106C-B)     14.2 mm, 0 via(s), w 0.20, gap 11.5
     ok   Output2_drain     25.7 mm, 1 via(s) 0.6/0.3, w 0.15, gap 13.1
     ok   Net-(U106B-B)      1.4 mm, 0 via(s), w 0.20, gap 1.2
     ok   Net-(U106B-B)     29.7 mm, 3 via(s) 0.6/0.3, w 0.20, gap 3.6
     ok   Net-(U106B-B)     19.5 mm, 3 via(s) 0.6/0.3, w 0.20, gap 7.4
     ok   Net-(U106C-A)      3.7 mm, 0 via(s), w 0.20, gap 2.5
     ok   Net-(U106C-A)     40.7 mm, 4 via(s) 0.6/0.3, w 0.15, gap 10.9
rip  Net-(D26-+)      ripped Net-(D25-+), Net-(U106A-B), analog_5V, Net-(U106C-A), but Net-(D25-+) then failed; undone
rip  Net-(D26-+)      ripped Net-(U26A-P0B), Net-(U106C-A), Net-(U106A-B), analog_5V, Net-(D25-+), Net-(U106C-B), .1Vref_3, Vref_1, but Net-(D25-+) then failed; undone
rip  Net-(D26-+)      ripped Net-(U106C-B), Net-(U106C-A), analog_5V, but Net-(U106C-B) then failed; undone
FAIL Net-(D26-+): island 0 (79 cells; U24.1) to island 1 (R98.2 C67.2), gap 5.0 mm
FAIL Net-(D26-+): island 0 (79 cells; U24.1) to island 2 (D26.2), gap 6.6 mm
     Net-(D26-+)      done in 75.0 s (3 failed)
ok   Verr2              0.7 mm, 1 via(s) 0.5/0.3, w 0.20, gap 0.4
rip  Verr2            ripping Net-(U4-In+), 12V, Net-(D4-+), 5V did not free a path
rip  Verr2            ripped Net-(U4-In+), Net-(U106B-B), Net-(D4-+), 12V, Net-(D25-+), Net-(U106C-B), 5V, but Net-(D25-+) then failed; undone
rip  Verr2            ripped Net-(D25-+), 5V, but Net-(D25-+) then failed; undone
FAIL Verr2: island 0 (118 cells; U28.15) to island 1 (R38.2 C11.2), gap 2.6 mm
FAIL Verr2: island 0 (118 cells; U28.15) to island 2 (R37.2), gap 5.6 mm
FAIL Verr2: island 1 (159 cells; R38.2 C11.2) to island 2 (R37.2), gap 7.5 mm
     Verr2            done in 30.9 s (3 failed)
rip  Voltage_err_3    ripped Net-(U106C-B), Net-(D25-+), Output2_drain, Net-(U106B-B), but Output2_drain then failed; undone
rip  Voltage_err_3    ripped Net-(U106C-B), Net-(D25-+), Net-(U106C-A), Output2_drain, 12V, Net-(U106B-B), Net-(D4-+), .1Vref_1, but Output2_drain then failed; undone
rip  Voltage_err_3    ripped Net-(U106C-B), Output2_drain, Vref_1, Net-(U106B-B), Net-(D25-+), but Output2_drain then failed; undone
FAIL Voltage_err_3: island 0 (70 cells; R45.1) to island 2 (R40.1), gap 3.3 mm
rip  Voltage_err_3    ripping Net-(U106C-A), analog_5V, Net-(U106A-B), Output2_drain did not free a path
rip  Voltage_err_3    ripping Net-(U106C-B), Net-(U106C-A), Net-(U106A-B), Net-(D25-+), analog_5V, Net-(D26-+), Net-(U106B-B), Output2_drain did not free a path
rip  Voltage_err_3    ripped and re-routed analog_5V, Net-(U26A-P0B), Net-(U106A-B)
     ok   analog_5V          1.4 mm, 1 via(s) 0.6/0.3, w 0.40, gap 1.0
     ok   analog_5V          4.6 mm, 2 via(s) 0.6/0.3, w 0.40, gap 2.1
     ok   analog_5V          5.1 mm, 1 via(s) 0.6/0.3, w 0.40, gap 3.2
     ok   analog_5V          6.3 mm, 2 via(s) 0.6/0.3, w 0.40, gap 3.3
     ok   analog_5V          4.6 mm, 2 via(s) 0.6/0.3, w 0.40, gap 3.9
     ok   analog_5V          5.9 mm, 1 via(s) 0.6/0.3, w 0.40, gap 4.9
     ok   analog_5V          5.8 mm, 2 via(s) 0.6/0.3, w 0.40, gap 5.0
     ok   analog_5V          9.8 mm, 0 via(s), w 0.40, gap 8.9
     ok   analog_5V         31.6 mm, 0 via(s), w 0.40, gap 9.3
     ok   analog_5V         13.2 mm, 1 via(s) 0.6/0.3, w 0.40, gap 11.3
     ok   Net-(U106A-B)      0.1 mm, 1 via(s) 0.6/0.3, w 0.20, gap 0.0
     ok   Net-(U106A-B)    105.0 mm, 5 via(s) 0.6/0.3, w 0.15, gap 12.3
     ok   Net-(U106A-B)      0.8 mm, 1 via(s) 0.6/0.3, w 0.20, gap 0.1
     ok   Net-(U26A-P0B)     1.5 mm, 1 via(s) 0.6/0.3, w 0.20, gap 1.3
     ok   Net-(U26A-P0B)    18.5 mm, 2 via(s) 0.5/0.3, w 0.20, gap 5.6
     ok   Net-(U26A-P0B)    52.3 mm, 3 via(s) 0.6/0.3, w 0.15, gap 12.1
FAIL Voltage_err_3: island 0 (70 cells; R45.1) to island 1 (U13.1 R40.1), gap 3.3 mm
     Voltage_err_3    done in 31.5 s (2 failed)
rip  Output3_drain    ripped Net-(U106C-B), Net-(U106C-A), Output2_drain, Net-(U106B-B), but Output2_drain then failed; undone
rip  Output3_drain    ripped Net-(U106C-B), Net-(U106C-A), Net-(D25-+), Output2_drain, Net-(U106A-B), Net-(U106B-B), Net-(D4-+), analog_5V, but Output2_drain then failed; undone
rip  Output3_drain    ripped .1Vref_1, Net-(D25-+), Net-(U106B-B), but .1Vref_1 then failed; undone
FAIL Output3_drain: island 0 (226 cells; J11.18) to island 1 (R87.1), gap 9.7 mm
     Output3_drain    done in 20.7 s (1 failed)
ok   Vref_2             0.8 mm, 1 via(s) 0.6/0.3, w 0.20, gap 0.6
ok   Vref_2             9.8 mm, 2 via(s) 0.6/0.3, w 0.20, gap 8.2
     Vref_2           done in 0.2 s
ok   Net-(U24-In+)      1.4 mm, 0 via(s), w 0.20, gap 1.1
rip  Net-(U24-In+)    ripping .1Vref_3, Vref_1, Net-(U106C-A), Net-(U26A-P0B) did not free a path
rip  Net-(U24-In+)    ripped Net-(U26A-P0B), Net-(U106C-A), Net-(D25-+), Net-(U106C-B), .1Vref_3, Net-(U106A-B), Vref_1, analog_5V, but Net-(U106C-A) then failed; undone
rip  Net-(U24-In+)    ripped Net-(U106A-B), Net-(D25-+), Vref_1, but Vref_1 then failed; undone
FAIL Net-(U24-In+): island 0 (79 cells; U24.3) to island 2 (C68.1), gap 1.8 mm
FAIL Net-(U24-In+): island 1 (172 cells; R96.2 R97.1) to island 2 (C68.1), gap 3.7 mm
FAIL Net-(U24-In+): island 0 (79 cells; U24.3) to island 1 (R96.2 R97.1), gap 5.4 mm
     Net-(U24-In+)    done in 26.4 s (3 failed)
ok   Vref_3             2.0 mm, 1 via(s) 0.6/0.3, w 0.20, gap 1.5
ok   Vref_3             7.0 mm, 2 via(s) 0.6/0.3, w 0.20, gap 5.8
     Vref_3           done in 0.2 s
ok   Net-(U13-In-)      1.2 mm, 1 via(s) 0.6/0.3, w 0.20, gap 0.7
rip  Net-(U13-In-)    ripped analog_5V, Net-(U26A-P0B), Net-(D25-+), Vout_2, but Vout_2 then failed; undone
rip  Net-(U13-In-)    ripped analog_5V, Net-(U26A-P0B), Net-(D25-+), Net-(U106A-B), .1Vref_2, Vref_1, Vout_2, Net-(U106B-B), but Vout_2 then failed; undone
rip  Net-(U13-In-)    ripped and re-routed Net-(D25-+), Net-(U26A-P0B), analog_5V
     ok   analog_5V          1.4 mm, 1 via(s) 0.6/0.3, w 0.40, gap 1.0
     ok   analog_5V          4.6 mm, 2 via(s) 0.6/0.3, w 0.40, gap 2.1
     ok   analog_5V          5.1 mm, 1 via(s) 0.6/0.3, w 0.40, gap 3.2
     ok   analog_5V          7.2 mm, 2 via(s) 0.6/0.3, w 0.40, gap 3.3
     ok   analog_5V          4.6 mm, 2 via(s) 0.6/0.3, w 0.40, gap 3.9
     ok   analog_5V          5.8 mm, 1 via(s) 0.6/0.3, w 0.40, gap 4.9
     ok   analog_5V          5.6 mm, 2 via(s) 0.6/0.3, w 0.40, gap 5.0
     ok   analog_5V          9.8 mm, 0 via(s), w 0.40, gap 8.9
     ok   analog_5V         31.6 mm, 2 via(s) 0.6/0.3, w 0.40, gap 9.3
     ok   analog_5V         13.2 mm, 1 via(s) 0.6/0.3, w 0.40, gap 11.3
     ok   Net-(U26A-P0B)     1.5 mm, 1 via(s) 0.6/0.3, w 0.20, gap 1.3
     ok   Net-(U26A-P0B)    18.5 mm, 2 via(s) 0.5/0.3, w 0.20, gap 5.6
     ok   Net-(U26A-P0B)    56.7 mm, 3 via(s) 0.6/0.3, w 0.15, gap 12.1
     ok   Net-(D25-+)       61.7 mm, 6 via(s) 0.5/0.3, w 0.15, gap 2.4
     ok   Net-(D25-+)        4.3 mm, 1 via(s) 0.5/0.3, w 0.20, gap 0.8
     ok   Net-(D25-+)       18.6 mm, 2 via(s) 0.6/0.3, w 0.20, gap 3.8
     Net-(U13-In-)    done in 26.6 s
rip  Output1_drain    ripped Net-(U106C-A), Net-(U26A-P0B), Net-(U106A-B), .1Vref_3, but Net-(U26A-P0B) then failed; undone
rip  Output1_drain    ripped Net-(U26A-P0B), Net-(U106C-A), analog_5V, .1Vref_2, Net-(D25-+), Net-(U106A-B), .1Vref_3, Net-(D4-+), but Net-(U106C-A) then failed; undone
rip  Output1_drain    ripped and re-routed Net-(U106C-A), .1Vref_2
     ok   .1Vref_2           1.2 mm, 0 via(s), w 0.20, gap 0.9
     ok   .1Vref_2          18.6 mm, 2 via(s) 0.5/0.3, w 0.20, gap 13.3
     ok   .1Vref_2          65.1 mm, 4 via(s) 0.6/0.3, w 0.15, gap 21.7
     ok   Net-(U106C-A)      3.7 mm, 0 via(s), w 0.20, gap 2.5
     ok   Net-(U106C-A)     42.6 mm, 3 via(s) 0.5/0.3, w 0.20, gap 10.9
     Output1_drain    done in 35.3 s
ok   Net-(U3-In-)       0.0 mm, 1 via(s) 0.6/0.3, w 0.20, gap 0.0
rip  Net-(U3-In-)     ripped .1Vref_2, Net-(D4-+), Net-(U26A-P0B), Output2_drain, but Net-(U26A-P0B) then failed; undone
rip  Net-(U3-In-)     ripped .1Vref_2, .1Vref_1, Net-(U26A-P0B), 12V, Net-(D4-+), Output1_drain, Vout_2, Output2_drain, but Vout_2 then failed; undone
rip  Net-(U3-In-)     ripped Vout_2, analog_5V, Net-(D4-+), .1Vref_2, but Vout_2 then failed; undone
FAIL Net-(U3-In-): island 0 (105 cells; U3.4 R3.2) to island 1 (R2.1), gap 6.9 mm
     Net-(U3-In-)     done in 26.3 s (1 failed)
ok   Net-(U22-In+)      1.8 mm, 2 via(s) 0.6/0.3, w 0.20, gap 0.7
ok   Net-(U22-In+)      8.3 mm, 2 via(s) 0.5/0.3, w 0.15, gap 0.9
ok   Net-(U22-In+)      2.6 mm, 0 via(s), w 0.20, gap 0.9
     Net-(U22-In+)    done in 0.4 s
ok   Verr3              1.1 mm, 0 via(s), w 0.20, gap 0.9
ok   Verr3              1.3 mm, 0 via(s), w 0.20, gap 1.0
ok   Verr3              2.9 mm, 2 via(s) 0.6/0.3, w 0.20, gap 1.2
     Verr3            done in 0.2 s
ok   Net-(U7-In-)       1.0 mm, 0 via(s), w 0.20, gap 0.7
rip  Net-(U7-In-)     ripped Net-(D25-+), .1Vref_2, Net-(U106B-B), analog_5V, but Net-(D25-+) then failed; undone
rip  Net-(U7-In-)     ripped Net-(D25-+), .1Vref_2, analog_5V, Net-(U106B-B), Voltage_err_2, Net-(U106C-A), but Voltage_err_2 then failed; undone
rip  Net-(U7-In-)     ripped Net-(U106B-B), Net-(D25-+), .1Vref_2, Voltage_err_2, analog_5V, but Voltage_err_2 then failed; undone
FAIL Net-(U7-In-): island 0 (155 cells; R32.2 R31.1) to island 1 (U7.4), gap 1.9 mm
     Net-(U7-In-)     done in 21.4 s (1 failed)
ok   Net-(U23-In+)      0.9 mm, 0 via(s), w 0.20, gap 0.7
ok   Net-(U23-In+)      1.0 mm, 0 via(s), w 0.20, gap 0.7
rip  Net-(U23-In+)    ripped Net-(U106C-A), Net-(D25-+), Net-(U106B-B), .1Vref_2, but Net-(U106B-B) then failed; undone
rip  Net-(U23-In+)    ripped Net-(U106C-A), analog_5V, Net-(D25-+), Net-(U106B-B), Vout_2, .1Vref_2, 5V, but Net-(D25-+) then failed; undone
rip  Net-(U23-In+)    ripped Net-(U106B-B), but Net-(U106B-B) then failed; undone
FAIL Net-(U23-In+): island 0 (258 cells; C65.1 R92.1 R91.2) to island 1 (U23.3), gap 1.2 mm
     Net-(U23-In+)    done in 23.7 s (1 failed)
ok   .1Vout_3           1.2 mm, 0 via(s), w 0.20, gap 1.0
rip  .1Vout_3         ripped Net-(U106A-B), .1Vref_2, Net-(U13-In-), Voltage_err_3, but Voltage_err_3 then failed; undone
rip  .1Vout_3         ripped Output2_drain, Net-(U106C-B), .1Vref_2, Net-(U106A-B), Net-(U13-In-), analog_5V, Net-(D25-+), Net-(U106B-B), but Net-(U106B-B) then failed; undone
rip  .1Vout_3         ripped Net-(U106C-B), .1Vref_2, but .1Vref_2 then failed; undone
FAIL .1Vout_3: island 0 (238 cells; R42.1 R43.1) to island 1 (R39.2), gap 2.8 mm
     .1Vout_3         done in 28.8 s (1 failed)
ok   Net-(U26B-P1B)     0.0 mm, 1 via(s) 0.6/0.3, w 0.20, gap 0.0
ok   Net-(U26B-P1B)     0.8 mm, 0 via(s), w 0.20, gap 0.4
rip  Net-(U26B-P1B)   ripped Net-(U106A-B), .1Vref_3, IREF2_input, Vref_1, but Vref_1 then failed; undone
rip  Net-(U26B-P1B)   ripped Net-(U106A-B), Net-(U26A-P0B), analog_5V, IREF2_input, .1Vref_3, Net-(D4-+), Vref_3, Vref_1, but Vref_1 then failed; undone
rip  Net-(U26B-P1B)   ripped and re-routed Net-(D4-+), Net-(U106A-B)
     ok   Net-(U106A-B)      0.1 mm, 1 via(s) 0.6/0.3, w 0.20, gap 0.0
     ok   Net-(U106A-B)     92.8 mm, 4 via(s) 0.6/0.3, w 0.20, gap 12.3
     ok   Net-(U106A-B)     16.6 mm, 2 via(s) 0.5/0.3, w 0.15, gap 6.7
     ok   Net-(D4-+)         8.6 mm, 2 via(s) 0.5/0.3, w 0.20, gap 4.8
     ok   Net-(D4-+)        50.5 mm, 6 via(s) 0.5/0.3, w 0.15, gap 20.8
     Net-(U26B-P1B)   done in 25.4 s
ok   .1Vout_2           0.9 mm, 0 via(s), w 0.20, gap 0.7
ok   .1Vout_2           1.1 mm, 0 via(s), w 0.20, gap 0.7
     .1Vout_2         done in 0.1 s
ok   Net-(U106A-A)      1.0 mm, 0 via(s), w 0.20, gap 0.8
ok   Net-(U106A-A)      1.0 mm, 0 via(s), w 0.20, gap 0.8
     Net-(U106A-A)    done in 0.1 s
ok   Net-(U106B-A)      0.9 mm, 0 via(s), w 0.20, gap 0.7
rip  Net-(U106B-A)    ripped analog_5V, Net-(U106A-B), Net-(U24-In+), Voltage_err_2, but Voltage_err_2 then failed; undone
rip  Net-(U106B-A)    ripped analog_5V, Net-(U106A-B), Net-(U13-In-), Net-(U106B-B), .1Vref_2, Voltage_err_3, Net-(U26A-P0B), Output2_drain, but Output2_drain then failed; undone
rip  Net-(U106B-A)    ripped Net-(U106A-B), analog_5V, Voltage_err_2, but Voltage_err_2 then failed; undone
FAIL Net-(U106B-A): island 0 (228 cells; R25.2 R36.1) to island 1 (U106.3), gap 1.1 mm
     Net-(U106B-A)    done in 26.4 s (1 failed)
ok   Vout_1             1.9 mm, 0 via(s), w 0.30, gap 1.7
     Vout_1           done in 0.1 s
ok   Vout_3             2.1 mm, 0 via(s), w 0.30, gap 1.6
     Vout_3           done in 0.1 s
ok   .1Vout_1           1.6 mm, 1 via(s) 0.6/0.3, w 0.20, gap 0.1
ok   .1Vout_1           0.6 mm, 0 via(s), w 0.20, gap 0.3
     .1Vout_1         done in 0.2 s
ok   Net-(D4--)         0.0 mm, 1 via(s) 0.6/0.3, w 0.20, gap 0.0
ok   Net-(D4--)         1.2 mm, 0 via(s), w 0.20, gap 0.6
     Net-(D4--)       done in 0.1 s
ok   Net-(D3-+)         0.9 mm, 1 via(s) 0.6/0.3, w 0.20, gap 0.7
     Net-(D3-+)       done in 0.0 s
rip  Net-(D24-+)      ripped Net-(U21-In+), Net-(U106A-B), Vref_1, but Vref_1 then failed; undone
rip  Net-(D24-+)      ripped Net-(U21-In+), Net-(U106A-B), Vref_1, 5V, Net-(U21-In-), but Vref_1 then failed; undone
rip  Net-(D24-+)      ripped Vref_1, Net-(U106A-B), but Vref_1 then failed; undone
FAIL Net-(D24-+): island 1 (145 cells; R86.1) to island 2 (U21.1), gap 0.8 mm
rip  Net-(D24-+)      ripping 5V did not free a path
rip  Net-(D24-+)      ripping 5V did not free a path
rip  Net-(D24-+)      ripped analog_5V, Net-(U106A-B), Vref_1, Net-(U26B-P1B), Vout_2, IREF3_input, Net-(U26A-P0B), .1Vref_1, Net-(D4-+), but Net-(U26A-P0B) then failed; undone
FAIL Net-(D24-+): island 0 (104 cells; D24.2) to island 1 (R86.1), gap 45.1 mm
ok   Net-(D24-+)       54.0 mm, 2 via(s) 0.6/0.3, w 0.20, gap 46.4
     Net-(D24-+)      done in 47.6 s (2 failed)
ok   VerrGT0            5.1 mm, 0 via(s), w 0.20, gap 3.2
ok   VerrGT0            6.3 mm, 2 via(s) 0.6/0.3, w 0.20, gap 5.3
ok   VerrGT0           25.6 mm, 2 via(s) 0.6/0.3, w 0.20, gap 20.5
ok   VerrGT0           33.8 mm, 1 via(s) 0.6/0.3, w 0.20, gap 29.1
     VerrGT0          done in 0.7 s
ok   0err_hi            1.0 mm, 1 via(s) 0.6/0.3, w 0.20, gap 0.8
ok   0err_hi            5.2 mm, 1 via(s) 0.6/0.3, w 0.20, gap 3.5
rip  0err_hi          ripping 12V, Verr3, Net-(U106A-B), Net-(D25-+) did not free a path
rip  0err_hi          ripped Net-(D25-+), Verr3, Net-(U106B-B), 12V, Net-(U106A-B), Net-(U106C-B), Net-(U4-In+), 5V, but Net-(U4-In+) then failed; undone
rip  0err_hi          ripped Net-(U4-In+), Net-(U106A-B), Net-(D25-+), 12V, Verr3, Net-(U106B-B), but Net-(U4-In+) then failed; undone
FAIL 0err_hi: island 2 (73 cells; R18.1) to island 3 (U4.1), gap 5.3 mm
ok   0err_hi           27.9 mm, 2 via(s) 0.6/0.3, w 0.20, gap 25.8
rip  0err_hi          ripped 12V, Verr3, Net-(U106A-B), Net-(D25-+), but Net-(D25-+) then failed; undone
rip  0err_hi          ripped Net-(D25-+), Verr3, Net-(U106B-B), 12V, Net-(U106A-B), Net-(U106C-B), Net-(U4-In+), 5V, but Net-(D25-+) then failed; undone
rip  0err_hi          ripped .1Vref_1, 12V, Verr3, analog_5V, IREF3_input, Net-(D25-+), Net-(D23-+), 5V, Net-(Q1-E), Net-(D4-+), but Net-(D25-+) then failed; undone
FAIL 0err_hi: island 0 (923 cells; R66.1 D1.2 D3.1 U104.11) to island 1 (R18.1), gap 24.7 mm
FAIL 0err_hi: island 0 (923 cells; R66.1 D1.2 D3.1 U104.11) to island 2 (U4.1), gap 27.2 mm
     0err_hi          done in 70.5 s (3 failed)
ok   Out-               3.6 mm, 2 via(s) 0.6/0.3, w 0.20, gap 2.1
ok   Out-               4.7 mm, 1 via(s) 0.6/0.3, w 0.20, gap 2.7
ok   Out-               4.3 mm, 2 via(s) 0.6/0.3, w 0.20, gap 3.2
ok   Out-               7.9 mm, 0 via(s), w 0.20, gap 4.4
ok   Out-               8.9 mm, 0 via(s), w 0.20, gap 6.7
rip  Out-             ripped Voltage_err_2, Output2_drain, .1Vref_2, Vref_1, but Vref_1 then failed; undone
rip  Out-             ripped Output2_drain, .1Vref_2, Net-(U106C-B), VerrGT0, Voltage_err_2, Vref_1, Net-(D26-+), Net-(U106B-B), but Output2_drain then failed; undone
rip  Out-             ripped analog_5V, Output2_drain, Vout_2, Net-(U106A-A), Net-(U13-In-), Voltage_err_3, but Vout_2 then failed; undone
FAIL Out-: island 1 (599 cells; U18.13 U102.1 U102.13) to island 2 (U103.5), gap 13.7 mm
ok   Out-              17.6 mm, 0 via(s), w 0.20, gap 15.4
FAIL Out-: island 0 (1670 cells; U101.9 U101.11 U18.13 R51.1 +3) to island 1 (U103.5), gap 13.7 mm
     Out-             done in 22.9 s (2 failed)
rip  Net-(U103B-Y)    ripping Net-(D4-+), Net-(U26A-P0B), VerrGT0, 0err_hi did not free a path
rip  Net-(U103B-Y)    ripping 0err_hi, Net-(D4-+), Net-(U26A-P0B), 5V, VerrGT0, Net-(U106A-B), analog_5V, Net-(U14-In+) did not free a path
rip  Net-(U103B-Y)    ripped Net-(U106C-B), Net-(U106A-B), Net-(D24-+), Net-(U26B-P1B), .1Vref_2, Net-(U106B-B), Output2_drain, Verr3, Net-(D25-+), analog_5V, Vout_2, VerrGT0, but Output2_drain then failed; undone
FAIL Net-(U103B-Y): island 0 (115 cells; U103.6) to island 1 (U104.9), gap 33.2 mm
     Net-(U103B-Y)    done in 18.9 s (1 failed)
ok   Net-(U102B-A)     23.9 mm, 2 via(s) 0.6/0.3, w 0.15, gap 14.1
rip  Net-(U102B-A)    ripping Net-(U4-In+), 12V did not free a path
rip  Net-(U102B-A)    ripping Net-(U106A-B), Vref_1, 12V, Net-(U4-In+), Net-(D25-+), 5V, Verr2, Net-(U21-In-) did not free a path
FAIL Net-(U102B-A): island 0 (657 cells; U18.3 U102.4) to island 1 (U28.11), gap 17.4 mm
     Net-(U102B-A)    done in 12.4 s (1 failed)
rip  Net-(U102C-A)    ripped Net-(U102B-A), Net-(U26A-P0B), Net-(U106C-A), .1Vref_3, but Net-(U106C-A) then failed; undone
rip  Net-(U102C-A)    ripped Net-(U26A-P0B), Net-(U102B-A), Net-(U106C-A), Net-(D25-+), analog_5V, Output1_drain, .1Vref_3, Vref_1, but Net-(U106C-A) then failed; undone
rip  Net-(U102C-A)    ripped Net-(U106B-B), Net-(U26A-P0B), Net-(U106C-A), analog_5V, Vref_1, .1Vref_2, Net-(U102B-A), Net-(D25-+), 5V, but Net-(U106B-B) then failed; undone
FAIL Net-(U102C-A): island 0 (117 cells; U102.10) to island 1 (U18.2), gap 12.9 mm
FAIL Net-(U102C-A): island 1 (116 cells; U18.2) to island 2 (U28.10), gap 20.5 mm
ok   Net-(U102C-A)     43.3 mm, 2 via(s) 0.5/0.3, w 0.20, gap 33.7
     Net-(U102C-A)    done in 32.1 s (2 failed)
rip  0A_hi            ripping Net-(U102C-A), 5V, IREF2_input did not free a path
rip  0A_hi            ripped Verr3, Net-(U102C-A), 12V, Net-(D25-+), but Net-(U102C-A) then failed; undone
FAIL 0A_hi: island 1 (78 cells; U2.1) to island 2 (R11.1), gap 8.0 mm
rip  0A_hi            ripped Verr3, Net-(D25-+), Net-(U102C-A), 12V, but Net-(U102C-A) then failed; undone
rip  0A_hi            ripped Verr3, 12V, Net-(D25-+), Net-(U102C-A), Net-(U106A-B), 5V, Net-(U106B-B), Net-(U106C-B), but Net-(D25-+) then failed; undone
rip  0A_hi            ripped Net-(U26A-P0B), Net-(U102C-A), IREF2_input, Net-(D24-+), Verr3, Net-(D4-+), Vref_3, 12V, Net-(D25-+), .1Vref_1, 5V, but Net-(U26A-P0B) then failed; undone
FAIL 0A_hi: island 0 (117 cells; U101.2) to island 1 (U2.1), gap 22.2 mm
ok   0A_hi             42.5 mm, 2 via(s) 0.6/0.3, w 0.15, gap 26.5
FAIL 0A_hi: island 0 (767 cells; U101.2 R11.1) to island 1 (U2.1), gap 1.4 mm
     0A_hi            done in 53.1 s (3 failed)
ok   IREF3              4.2 mm, 0 via(s), w 0.20, gap 3.8
ok   IREF3             41.8 mm, 2 via(s) 0.6/0.3, w 0.15, gap 27.7
     IREF3            done in 1.1 s
ok   IREF1              0.8 mm, 1 via(s) 0.6/0.3, w 0.20, gap 0.6
ok   IREF1             55.6 mm, 3 via(s) 0.6/0.3, w 0.20, gap 26.3
     IREF1            done in 2.0 s
ok   ena_out_2         14.6 mm, 1 via(s) 0.6/0.3, w 0.20, gap 11.5
ok   ena_out_2         29.2 mm, 3 via(s) 0.6/0.3, w 0.20, gap 17.8
     ena_out_2        done in 0.4 s
ok   IREF2             12.7 mm, 1 via(s) 0.6/0.3, w 0.15, gap 9.1
ok   IREF2             72.8 mm, 5 via(s) 0.5/0.3, w 0.20, gap 18.6
     IREF2            done in 2.8 s
ok   Net-(D7--)         0.9 mm, 0 via(s), w 0.20, gap 0.7
ok   Net-(D7--)        32.4 mm, 2 via(s) 0.6/0.3, w 0.20, gap 28.1
     Net-(D7--)       done in 0.2 s
ok   Net-(U103A-A)     21.6 mm, 2 via(s) 0.5/0.3, w 0.20, gap 12.8
ok   Net-(U103A-A)     22.7 mm, 1 via(s) 0.6/0.3, w 0.20, gap 12.3
     Net-(U103A-A)    done in 0.4 s
rip  Reset_raw        ripped 5V, 0A_hi, but 0A_hi then failed; undone
rip  Reset_raw        ripped IREF3, 0A_hi, 5V, Net-(U102C-A), but Net-(U102C-A) then failed; undone
rip  Reset_raw        ripped Net-(D4-+), Net-(D24-+), IREF2_input, .1Vref_2, Net-(U26A-P0B), 0A_hi, IREF2, Vref_3, .1Vref_1, .1Vref_3, but .1Vref_1 then failed; undone
FAIL Reset_raw: island 0 (117 cells; U101.4) to island 1 (U5.1), gap 22.4 mm
     Reset_raw        done in 46.9 s (1 failed)
ok   low_error_timeout   1.1 mm, 0 via(s), w 0.20, gap 0.8
ok   low_error_timeout   4.1 mm, 2 via(s) 0.6/0.3, w 0.20, gap 2.1
rip  low_error_timeout ripped Out-, Net-(D24-+), Net-(U106A-B), Net-(U26A-P0B), but Net-(U26A-P0B) then failed; undone
rip  low_error_timeout ripped Out-, Net-(U106A-B), Net-(U26B-P1B), 0A_hi, analog_5V, Net-(D24-+), Net-(U26A-P0B), but Net-(U26B-P1B) then failed; undone
rip  low_error_timeout ripped Vout_2, Net-(U26A-P0B), 0A_hi, analog_5V, Net-(U106C-A), but Vout_2 then failed; undone
FAIL low_error_timeout: island 0 (113 cells; U18.14) to island 2 (D6.1), gap 13.1 mm
ok   low_error_timeout  16.2 mm, 2 via(s) 0.5/0.3, w 0.15, gap 13.3
FAIL low_error_timeout: island 0 (113 cells; U18.14) to island 1 (U14.1 D6.1 R71.2 R67.1), gap 13.1 mm
     low_error_timeout done in 30.7 s (2 failed)
ok   Net-(U102A-Y)     57.6 mm, 2 via(s) 0.6/0.3, w 0.20, gap 29.9
     Net-(U102A-Y)    done in 0.2 s
rip  Net-(U102D-Y)    ripping ena_out_2, Net-(U102C-A), Net-(U102B-A), Net-(U106C-A) did not free a path
rip  Net-(U102D-Y)    ripped VerrGT0, ena_out_2, Net-(D25-+), Net-(U102C-A), Out-, 5V, IREF2, Net-(U102B-A), but Out- then failed; undone
rip  Net-(U102D-Y)    ripped low_error_timeout, analog_5V, Net-(U102C-A), ena_out_2, Net-(D25-+), Out-, 5V, Net-(D24-+), IREF2, but Net-(D24-+) then failed; undone
FAIL Net-(U102D-Y): island 0 (117 cells; U102.11) to island 1 (U104.5), gap 25.2 mm
     Net-(U102D-Y)    done in 32.8 s (1 failed)
ok   ARD_M1_INHIBIT     1.0 mm, 0 via(s), w 0.20, gap 0.8
ok   ARD_M1_INHIBIT    22.4 mm, 2 via(s) 0.6/0.3, w 0.20, gap 17.4
     ARD_M1_INHIBIT   done in 0.3 s
rip  ena_out_3        ripping Net-(D25-+), analog_5V, IREF2, Net-(U106B-B) did not free a path
rip  ena_out_3        ripped Net-(D25-+), analog_5V, .1Vref_2, IREF2, Net-(U106B-B), Net-(U103A-A), Net-(U7-In-), .1Vout_2, but Net-(D25-+) then failed; undone
rip  ena_out_3        ripped IREF1, Net-(U103A-A), VerrGT0, Voltage_err_2, Net-(U106A-B), IREF2, but Voltage_err_2 then failed; undone
FAIL ena_out_3: island 1 (116 cells; U105.4) to island 2 (U103.4), gap 10.3 mm
FAIL ena_out_3: island 0 (223 cells; J11.9) to island 1 (U105.4), gap 13.2 mm
FAIL ena_out_3: island 0 (223 cells; J11.9) to island 2 (U103.4), gap 17.6 mm
     ena_out_3        done in 23.7 s (3 failed)
rip  M1_ON            ripped Net-(U26B-P1B), IREF2, .1Vref_3, Vref_3, but Net-(U26B-P1B) then failed; undone
rip  M1_ON            ripped IREF2, Net-(U26B-P1B), Net-(U26A-P0B), IREF2_input, Out-, analog_5V, Net-(U106A-B), .1Vref_3, but Net-(U26A-P0B) then failed; undone
rip  M1_ON            ripped Out-, low_error_timeout, Net-(U26B-P1B), Net-(U106A-B), Net-(D24-+), but Net-(U26B-P1B) then failed; undone
FAIL M1_ON: island 1 (117 cells; U101.5) to island 2 (U104.2), gap 8.9 mm
FAIL M1_ON: island 0 (222 cells; J11.3) to island 2 (U104.2), gap 12.5 mm
FAIL M1_ON: island 0 (222 cells; J11.3) to island 1 (U101.5), gap 12.5 mm
     M1_ON            done in 30.6 s (3 failed)
rip  ena_out_1        ripping Net-(U106C-A), IREF2, Voltage_err_2, Net-(U102A-Y) did not free a path
rip  ena_out_1        ripped Voltage_err_2, IREF2, Net-(D25-+), VerrGT0, Out-, Net-(U102A-Y), .1Vref_2, Net-(U106C-A), but Voltage_err_2 then failed; undone
rip  ena_out_1        ripped Net-(U106B-B), VerrGT0, Out-, but Out- then failed; undone
FAIL ena_out_1: island 0 (112 cells; U102.2) to island 2 (U105.2), gap 3.7 mm
rip  ena_out_1        ripped analog_5V, Net-(D25-+), .1Vref_2, Net-(U106B-B), but Net-(U106B-B) then failed; undone
rip  ena_out_1        ripped Net-(D25-+), .1Vref_2, analog_5V, Voltage_err_2, IREF2, Net-(U106B-B), VerrGT0, Net-(U7-In-), but Net-(U106B-B) then failed; undone
rip  ena_out_1        ripped ena_out_2, Net-(U102B-A), Net-(U102C-A), 5V, but Net-(U102B-A) then failed; undone
FAIL ena_out_1: island 1 (226 cells; J11.5) to island 2 (U105.2), gap 13.6 mm
FAIL ena_out_1: island 0 (112 cells; U102.2) to island 1 (J11.5), gap 15.8 mm
     ena_out_1        done in 47.4 s (3 failed)
ok   Net-(D20-+)        3.5 mm, 1 via(s) 0.6/0.3, w 0.20, gap 2.8
ok   Net-(D20-+)       15.7 mm, 2 via(s) 0.5/0.3, w 0.20, gap 13.3
     Net-(D20-+)      done in 0.2 s
rip  Net-(D5--)       ripped Net-(U106C-B), Voltage_err_2, IREF1, Net-(U106A-B), but Voltage_err_2 then failed; undone
rip  Net-(D5--)       ripped Net-(U103A-A), VerrGT0, .1Vref_2, Net-(U106A-B), Net-(U106C-B), IREF1, Voltage_err_2, IREF3, but Voltage_err_2 then failed; undone
rip  Net-(D5--)       ripped Net-(U106C-B), .1Vref_2, but Net-(U106C-B) then failed; undone
FAIL Net-(D5--): island 1 (70 cells; R64.2) to island 2 (D5.1), gap 4.1 mm
rip  Net-(D5--)       ripped Net-(U106C-B), Voltage_err_2, Net-(U106B-B), IREF1, but Net-(U106C-B) then failed; undone
rip  Net-(D5--)       ripping Net-(U103A-A), VerrGT0, .1Vref_2, Net-(U106A-B), Net-(U106C-B), IREF1, Voltage_err_2, IREF3 did not free a path
rip  Net-(D5--)       ripped Net-(U106C-B), Net-(U106B-B), Net-(D25-+), IREF2, Voltage_err_2, VerrGT0, but Net-(U106B-B) then failed; undone
FAIL Net-(D5--): island 0 (118 cells; U105.3) to island 1 (R64.2), gap 12.0 mm
FAIL Net-(D5--): island 0 (118 cells; U105.3) to island 2 (D5.1), gap 16.9 mm
     Net-(D5--)       done in 35.6 s (3 failed)
rip  out_3_on         ripped Net-(U26A-P0B), low_error_timeout, 0err_hi, Net-(D4-+), but Net-(U26A-P0B) then failed; undone
rip  out_3_on         ripped Net-(D4-+), Net-(U26A-P0B), 0err_hi, low_error_timeout, Net-(U14-In+), ARD_M1_INHIBIT, VerrGT0, Net-(U106A-B), but Net-(D4-+) then failed; undone
rip  out_3_on         ripped Net-(U106A-B), Net-(U26B-P1B), analog_5V, VerrGT0, but Net-(U26B-P1B) then failed; undone
FAIL out_3_on: island 0 (226 cells; J11.8) to island 1 (U104.8), gap 15.0 mm
     out_3_on         done in 24.8 s (1 failed)
rip  SDA              ripped IREF2, 0A_hi, .1Vref_3, IREF2_input, but 0A_hi then failed; undone
rip  SDA              ripped IREF2, Out-, Net-(U26A-P0B), .1Vref_3, Net-(U106A-B), 0A_hi, Net-(D4-+), Net-(U26B-P1B), but Net-(D4-+) then failed; undone
rip  SDA              ripped .1Vref_2, Net-(D4-+), IREF2_input, .1Vref_3, Vref_3, analog_5V, Voltage_err_1, but IREF2_input then failed; undone
FAIL SDA: island 0 (309 cells; J9.8) to island 1 (U26.6), gap 11.1 mm
     SDA              done in 27.4 s (1 failed)
rip  out_2_on         ripped IREF2, Net-(U26A-P0B), ARD_M1_INHIBIT, Out-, but Out- then failed; undone
rip  out_2_on         ripped IREF2, low_error_timeout, ARD_M1_INHIBIT, Out-, Net-(U26A-P0B), Net-(D4-+), VerrGT0, 0A_hi, but Net-(U26A-P0B) then failed; undone
rip  out_2_on         ripped low_error_timeout, Out-, analog_5V, Net-(D24-+), IREF2, but Net-(D24-+) then failed; undone
FAIL out_2_on: island 0 (228 cells; J11.6) to island 1 (U104.6), gap 10.2 mm
     out_2_on         done in 23.0 s (1 failed)
rip  M2_ON            ripped low_error_timeout, 0err_hi, IREF2, 5V, but 0err_hi then failed; undone
rip  M2_ON            ripped Net-(U102A-Y), IREF2, 0err_hi, ARD_M1_INHIBIT, low_error_timeout, Net-(D24-+), 5V, Net-(D4-+), but Net-(D24-+) then failed; undone
rip  M2_ON            ripped low_error_timeout, analog_5V, Out-, Net-(D24-+), IREF2, but Net-(D24-+) then failed; undone
FAIL M2_ON: island 0 (222 cells; J11.4) to island 1 (U104.4), gap 10.2 mm
     M2_ON            done in 29.2 s (1 failed)
rip  Net-(D20--)      ripped Voltage_err_2, Net-(D25-+), VerrGT0, Net-(U106B-B), but Net-(U106B-B) then failed; undone
rip  Net-(D20--)      ripping Voltage_err_2, VerrGT0, Net-(D25-+), Out-, 5V, Net-(U106C-A), IREF2, analog_5V did not free a path
rip  Net-(D20--)      ripped VerrGT0, Net-(U106B-B), Voltage_err_2, Out-, but Net-(U106B-B) then failed; undone
FAIL Net-(D20--): island 0 (116 cells; U105.1) to island 2 (R81.2), gap 1.5 mm
rip  Net-(D20--)      ripped Net-(U106B-B), analog_5V, IREF2, Net-(U106C-B), but IREF2 then failed; undone
rip  Net-(D20--)      ripped and re-routed Net-(U106B-B), Net-(U103A-A), Net-(U106A-B), .1Vref_2, IREF2, Net-(D20-+), Net-(U106C-A), analog_5V
     ok   analog_5V          1.4 mm, 1 via(s) 0.6/0.3, w 0.40, gap 1.0
     ok   analog_5V          5.7 mm, 2 via(s) 0.6/0.3, w 0.40, gap 2.1
     ok   analog_5V          5.1 mm, 1 via(s) 0.6/0.3, w 0.40, gap 3.2
     ok   analog_5V          7.2 mm, 2 via(s) 0.6/0.3, w 0.40, gap 3.3
     ok   analog_5V          4.6 mm, 2 via(s) 0.6/0.3, w 0.40, gap 3.9
     ok   analog_5V          5.8 mm, 1 via(s) 0.6/0.3, w 0.40, gap 4.9
     ok   analog_5V          5.6 mm, 2 via(s) 0.6/0.3, w 0.40, gap 5.0
     ok   analog_5V         10.0 mm, 1 via(s) 0.6/0.3, w 0.40, gap 8.9
     ok   analog_5V         31.6 mm, 2 via(s) 0.6/0.3, w 0.40, gap 9.3
     ok   analog_5V         14.2 mm, 1 via(s) 0.6/0.3, w 0.40, gap 11.3
     ok   Net-(U106A-B)      0.1 mm, 1 via(s) 0.6/0.3, w 0.20, gap 0.0
     ok   Net-(U106A-B)     87.5 mm, 4 via(s) 0.6/0.3, w 0.20, gap 12.3
     ok   Net-(U106A-B)     18.5 mm, 2 via(s) 0.5/0.3, w 0.20, gap 6.7
     ok   .1Vref_2           1.2 mm, 0 via(s), w 0.20, gap 0.9
     ok   .1Vref_2          19.9 mm, 2 via(s) 0.6/0.3, w 0.20, gap 13.3
     ok   .1Vref_2          55.0 mm, 5 via(s) 0.6/0.3, w 0.15, gap 21.7
     ok   Net-(U106B-B)      1.4 mm, 0 via(s), w 0.20, gap 1.2
     ok   Net-(U106B-B)     12.6 mm, 2 via(s) 0.6/0.3, w 0.15, gap 3.6
     ok   Net-(U106B-B)     32.2 mm, 2 via(s) 0.5/0.3, w 0.20, gap 7.4
     ok   Net-(U106C-A)      3.7 mm, 0 via(s), w 0.20, gap 2.5
     ok   Net-(U106C-A)     47.6 mm, 3 via(s) 0.5/0.3, w 0.20, gap 10.9
     ok   IREF2             12.3 mm, 1 via(s) 0.6/0.3, w 0.20, gap 9.1
     ok   IREF2             93.4 mm, 6 via(s) 0.5/0.3, w 0.20, gap 18.6
     ok   Net-(U103A-A)     23.3 mm, 3 via(s) 0.6/0.3, w 0.20, gap 12.8
     ok   Net-(U103A-A)     12.8 mm, 1 via(s) 0.6/0.3, w 0.20, gap 11.0
     ok   Net-(D20-+)        3.2 mm, 1 via(s) 0.6/0.3, w 0.20, gap 2.8
     ok   Net-(D20-+)       15.4 mm, 2 via(s) 0.5/0.3, w 0.20, gap 13.3
     Net-(D20--)      done in 37.2 s (1 failed)
rip  SCL              ripped .1Vref_2, 0A_hi, analog_5V, .1Vref_3, but .1Vref_2 then failed; undone
rip  SCL              ripped Net-(U26A-P0B), .1Vref_2, Out-, Net-(U106A-B), .1Vref_3, Net-(D4-+), 0A_hi, Net-(U26B-P1B), but .1Vref_2 then failed; undone
rip  SCL              ripped Net-(U26A-P0B), .1Vref_3, IREF2, Vref_3, 5V, Net-(D4-+), .1Vref_2, but Net-(U26A-P0B) then failed; undone
FAIL SCL: island 0 (310 cells; J9.7) to island 1 (U26.5), gap 8.6 mm
     SCL              done in 24.5 s (1 failed)
rip  Net-(U18-Q3)     ripped .1Vref_2, ena_out_2, Net-(D25-+), analog_5V, but Net-(D25-+) then failed; undone
rip  Net-(U18-Q3)     ripped Out-, Net-(U106B-B), ena_out_2, Net-(U106C-A), .1Vref_2, Net-(U102C-A), Net-(U26A-P0B), analog_5V, but Net-(U106C-A) then failed; undone
rip  Net-(U18-Q3)     ripped analog_5V, Vout_2, Net-(U13-In-), Net-(D25-+), but Vout_2 then failed; undone
FAIL Net-(U18-Q3): island 0 (113 cells; U18.15) to island 1 (U18.7), gap 6.7 mm
     Net-(U18-Q3)     done in 35.8 s (1 failed)
ok   RESET-             6.4 mm, 2 via(s) 0.6/0.3, w 0.20, gap 4.6
     RESET-           done in 0.1 s
rip  Net-(D5-+)       ripped and re-routed IREF2, Net-(U103A-A), VerrGT0, IREF3
     ok   VerrGT0            5.1 mm, 0 via(s), w 0.20, gap 3.2
     ok   VerrGT0            6.3 mm, 2 via(s) 0.6/0.3, w 0.20, gap 5.3
     ok   VerrGT0           21.7 mm, 2 via(s) 0.6/0.3, w 0.20, gap 20.5
     ok   VerrGT0           33.9 mm, 1 via(s) 0.6/0.3, w 0.20, gap 29.1
     ok   IREF3              4.2 mm, 0 via(s), w 0.20, gap 3.8
     ok   IREF3             41.8 mm, 2 via(s) 0.6/0.3, w 0.15, gap 27.7
     ok   IREF2             12.3 mm, 1 via(s) 0.6/0.3, w 0.20, gap 9.1
     ok   IREF2             91.0 mm, 6 via(s) 0.5/0.3, w 0.20, gap 18.6
     ok   Net-(U103A-A)     20.0 mm, 2 via(s) 0.6/0.3, w 0.20, gap 12.8
     ok   Net-(U103A-A)     12.7 mm, 1 via(s) 0.6/0.3, w 0.20, gap 11.0
rip  Net-(D5-+)       ripped Net-(U106A-B), Net-(U106C-B), IREF2, Net-(U103A-A), but Net-(U103A-A) then failed; undone
rip  Net-(D5-+)       ripped Net-(U103A-A), Net-(U106A-B), IREF2, IREF3, Voltage_err_2, Net-(U106C-B), IREF1, VerrGT0, but Net-(U103A-A) then failed; undone
rip  Net-(D5-+)       ripped and re-routed Net-(U103A-A), IREF2, Net-(D25-+)
     ok   Net-(D25-+)        3.0 mm, 2 via(s) 0.6/0.3, w 0.20, gap 2.4
     ok   Net-(D25-+)       16.4 mm, 3 via(s) 0.5/0.3, w 0.15, gap 3.8
     ok   Net-(D25-+)        6.2 mm, 1 via(s) 0.6/0.3, w 0.20, gap 4.9
     ok   IREF2             12.3 mm, 1 via(s) 0.6/0.3, w 0.20, gap 9.1
     ok   IREF2             75.3 mm, 6 via(s) 0.5/0.3, w 0.20, gap 18.6
     ok   Net-(U103A-A)     21.4 mm, 2 via(s) 0.6/0.3, w 0.20, gap 12.8
     ok   Net-(U103A-A)     12.7 mm, 1 via(s) 0.6/0.3, w 0.20, gap 11.0
     Net-(D5-+)       done in 29.4 s
rip  Out              ripped ARD_M1_INHIBIT, Net-(U26A-P0B), Net-(D4-+), low_error_timeout, but low_error_timeout then failed; undone
rip  Out              ripped VerrGT0, ARD_M1_INHIBIT, low_error_timeout, Net-(U26A-P0B), Net-(D4-+), Out-, IREF2, 0err_hi, but 0err_hi then failed; undone
rip  Out              ripped Net-(U26A-P0B), 0A_hi, RESET-, Out-, but 0A_hi then failed; undone
FAIL Out: island 0 (113 cells; U101.13) to island 1 (U101.8), gap 5.8 mm
     Out              done in 27.2 s (1 failed)
ok   M1_INHIBIT         0.1 mm, 1 via(s) 0.6/0.3, w 0.20, gap 0.0
ok   M1_INHIBIT         0.9 mm, 0 via(s), w 0.20, gap 0.4
ok   M1_INHIBIT         1.4 mm, 1 via(s) 0.6/0.3, w 0.20, gap 0.8
ok   M1_INHIBIT         1.2 mm, 0 via(s), w 0.20, gap 0.9
rip  M1_INHIBIT       ripped Out-, Net-(D24-+), ena_out_2, IREF2, but Net-(D24-+) then failed; undone
rip  M1_INHIBIT       ripped IREF2, Out-, Net-(D24-+), Net-(D7--), Net-(U102A-Y), ena_out_2, VerrGT0, but Net-(D24-+) then failed; undone
rip  M1_INHIBIT       ripped Net-(D24-+), but Net-(D24-+) then failed; undone
FAIL M1_INHIBIT: island 0 (545 cells; D27.1 D24.1 D1.1 D15.1 +1) to island 1 (R26.1), gap 1.0 mm
     M1_INHIBIT       done in 21.9 s (1 failed)
rip  Vref_3_arduino   ripped and re-routed Vref_3, Net-(U106A-B), Net-(U26A-P0B), Net-(U22-In+)
     ok   Net-(U106A-B)      0.1 mm, 1 via(s) 0.6/0.3, w 0.20, gap 0.0
     ok   Net-(U106A-B)     87.3 mm, 4 via(s) 0.6/0.3, w 0.20, gap 12.3
     ok   Net-(U106A-B)     18.2 mm, 2 via(s) 0.5/0.3, w 0.20, gap 6.7
     ok   Net-(U26A-P0B)     1.5 mm, 1 via(s) 0.6/0.3, w 0.20, gap 1.3
     ok   Net-(U26A-P0B)    18.4 mm, 2 via(s) 0.5/0.3, w 0.20, gap 5.6
     ok   Net-(U26A-P0B)    25.4 mm, 4 via(s) 0.5/0.3, w 0.20, gap 12.1
     ok   Vref_3             2.0 mm, 1 via(s) 0.6/0.3, w 0.20, gap 1.5
     ok   Vref_3             6.7 mm, 1 via(s) 0.6/0.3, w 0.20, gap 5.8
     ok   Net-(U22-In+)      1.0 mm, 1 via(s) 0.6/0.3, w 0.20, gap 0.7
     ok   Net-(U22-In+)      3.8 mm, 2 via(s) 0.6/0.3, w 0.20, gap 0.9
     ok   Net-(U22-In+)      0.9 mm, 0 via(s), w 0.20, gap 0.6
     Vref_3_arduino   done in 5.8 s
ok   Vref_2_arduino     3.8 mm, 1 via(s) 0.6/0.3, w 0.20, gap 3.0
     Vref_2_arduino   done in 0.1 s
rip  Vref_1_arduino   ripped Net-(D23-+), Net-(Q1-E), Net-(U22-In+), Vref_1, but Net-(U22-In+) then failed; undone
rip  Vref_1_arduino   ripped Net-(D23-+), Net-(Q1-E), Net-(U22-In+), analog_5V, 0err_hi, IREF3_input, Vref_1, Net-(U106A-B), but Net-(D23-+) then failed; undone
rip  Vref_1_arduino   ripped Net-(Q1-E), IREF3_input, but IREF3_input then failed; undone
FAIL Vref_1_arduino: island 0 (400 cells; J9.1) to island 1 (R101.1), gap 2.8 mm
     Vref_1_arduino   done in 30.6 s (1 failed)
ok   Net-(C8-Pad2)      1.2 mm, 0 via(s), w 0.20, gap 0.9
ok   Net-(C8-Pad2)      2.3 mm, 1 via(s) 0.6/0.3, w 0.20, gap 1.3
     Net-(C8-Pad2)    done in 0.1 s
ok   Net-(D7-+)         0.9 mm, 0 via(s), w 0.20, gap 0.7
ok   Net-(D7-+)        10.1 mm, 2 via(s) 0.6/0.3, w 0.20, gap 0.9
     Net-(D7-+)       done in 0.1 s
rip  Net-(U26E-HVC{slash}A0) ripped and re-routed .1Vref_2, analog_5V, .1Vref_3, Net-(D4-+)
     ok   analog_5V          1.4 mm, 1 via(s) 0.6/0.3, w 0.40, gap 1.0
     ok   analog_5V          5.5 mm, 2 via(s) 0.6/0.3, w 0.40, gap 2.1
     ok   analog_5V          5.1 mm, 1 via(s) 0.6/0.3, w 0.40, gap 3.2
     ok   analog_5V          7.2 mm, 2 via(s) 0.6/0.3, w 0.40, gap 3.3
     ok   analog_5V          4.6 mm, 2 via(s) 0.6/0.3, w 0.40, gap 3.9
     ok   analog_5V          5.8 mm, 1 via(s) 0.6/0.3, w 0.40, gap 4.9
     ok   analog_5V          5.6 mm, 2 via(s) 0.6/0.3, w 0.40, gap 5.0
     ok   analog_5V          9.8 mm, 0 via(s), w 0.40, gap 8.9
     ok   analog_5V         31.6 mm, 4 via(s) 0.6/0.3, w 0.40, gap 9.3
     ok   analog_5V         14.2 mm, 1 via(s) 0.6/0.3, w 0.40, gap 11.3
     ok   .1Vref_2           1.2 mm, 0 via(s), w 0.20, gap 0.9
     ok   .1Vref_2          19.4 mm, 3 via(s) 0.6/0.3, w 0.15, gap 13.3
     ok   .1Vref_2          39.5 mm, 4 via(s) 0.6/0.3, w 0.20, gap 21.7
     ok   .1Vref_3           1.9 mm, 0 via(s), w 0.20, gap 1.4
     ok   .1Vref_3           1.9 mm, 0 via(s), w 0.20, gap 1.5
     ok   .1Vref_3          27.9 mm, 3 via(s) 0.6/0.3, w 0.15, gap 22.2
     ok   Net-(D4-+)         6.7 mm, 1 via(s) 0.6/0.3, w 0.20, gap 4.8
     ok   Net-(D4-+)       122.9 mm, 4 via(s) 0.6/0.3, w 0.15, gap 20.8
     Net-(U26E-HVC{slash}A0) done in 7.3 s
ok   Net-(U26E-A1)      7.0 mm, 2 via(s) 0.6/0.3, w 0.20, gap 3.4
     Net-(U26E-A1)    done in 0.1 s
ok   Net-(U26E-~{RESET})   7.3 mm, 1 via(s) 0.6/0.3, w 0.15, gap 2.7
     Net-(U26E-~{RESET}) done in 0.2 s
rip  Net-(U101A-Y)    ripped Out-, 0A_hi, Net-(U26E-HVC{slash}A0), .1Vref_3, but 0A_hi then failed; undone
rip  Net-(U101A-Y)    ripped analog_5V, Out-, Net-(U26E-HVC{slash}A0), Net-(U26B-P1B), IREF2, 0A_hi, .1Vref_3, low_error_timeout, but 0A_hi then failed; undone
rip  Net-(U101A-Y)    ripped 0A_hi, RESET-, analog_5V, .1Vref_3, Net-(U26E-HVC{slash}A0), but Net-(U26E-HVC{slash}A0) then failed; undone
FAIL Net-(U101A-Y): island 0 (115 cells; U101.3) to island 1 (R4.2), gap 1.4 mm
     Net-(U101A-Y)    done in 27.6 s (1 failed)
ok   Net-(C17-Pad2)     1.0 mm, 0 via(s), w 0.20, gap 0.7
ok   Net-(C17-Pad2)     0.9 mm, 0 via(s), w 0.20, gap 0.7
     Net-(C17-Pad2)   done in 0.1 s
ok   set-               0.0 mm, 1 via(s) 0.6/0.3, w 0.20, gap 0.0
ok   set-               9.1 mm, 2 via(s) 0.6/0.3, w 0.20, gap 0.9
     set-             done in 0.2 s
ok   Net-(C9-Pad2)      0.4 mm, 1 via(s) 0.6/0.3, w 0.20, gap 0.0
ok   Net-(C9-Pad2)      0.9 mm, 0 via(s), w 0.20, gap 0.2
     Net-(C9-Pad2)    done in 0.1 s
rip  Net-(C19-Pad1)   ripped IREF2, Out-, Net-(D7--), Net-(U102A-Y), but IREF2 then failed; undone
rip  Net-(C19-Pad1)   ripped Out-, Net-(D7--), Net-(U102A-Y), Net-(D24-+), IREF2, Net-(D4-+), ena_out_2, VerrGT0, but Net-(D24-+) then failed; undone
rip  Net-(C19-Pad1)   ripped Out-, ena_out_2, but ena_out_2 then failed; undone
FAIL Net-(C19-Pad1): island 1 (72 cells; R51.2) to island 2 (C19.1), gap 0.0 mm
FAIL Net-(C19-Pad1): island 0 (71 cells; R26.2) to island 2 (C19.1), gap 0.4 mm
ok   Net-(C19-Pad1)     0.9 mm, 0 via(s), w 0.20, gap 0.7
     Net-(C19-Pad1)   done in 24.3 s (2 failed)
ok   5V                 1.4 mm, 0 via(s), w 0.40, gap 0.0
ok   5V                 0.7 mm, 1 via(s) 0.6/0.3, w 0.40, gap 0.0
ok   5V                 0.7 mm, 1 via(s) 0.5/0.3, w 0.40, gap 0.0
ok   5V                 0.7 mm, 1 via(s) 0.6/0.3, w 0.40, gap 0.0
ok   5V                 1.6 mm, 0 via(s), w 0.40, gap 0.0
rip  5V               ripped Net-(U26E-A1), ARD_M1_INHIBIT, Vref_3, Net-(U26C-P2B), but Net-(U26C-P2B) then failed; undone
rip  5V               ripping Net-(U26E-~{RESET}), ARD_M1_INHIBIT, Net-(U26E-A1), Vref_3, .1Vref_2, IREF2_input, Net-(U26A-P0B), .1Vref_3 did not free a path
rip  5V               ripped Net-(U26E-A1), ARD_M1_INHIBIT, Net-(U26C-P2B), but Net-(U26C-P2B) then failed; undone
FAIL 5V: island 0 (167572 cells; U28.16 U101.14 C52.1 R82.1 +32) to island 1 (U26.17), gap 0.0 mm
FAIL 5V: island 0 (167572 cells; U28.16 U101.14 C52.1 R82.1 +32) to island 2 (C99.1), gap 0.0 mm
ok   5V                 1.0 mm, 0 via(s), w 0.40, gap 0.0
FAIL 5V: island 0 (167572 cells; U28.16 U101.14 C52.1 R82.1 +33) to island 3 (C24.1 U5.5), gap 0.0 mm
ok   5V                 3.4 mm, 1 via(s) 0.6/0.3, w 0.40, gap 0.0
FAIL 5V: island 2 (84 cells; C99.1) to island 3 (C24.1 U5.5), gap 5.6 mm
FAIL 5V: island 1 (59 cells; U26.17) to island 3 (C24.1 U5.5), gap 21.4 mm
FAIL 5V: island 1 (59 cells; U26.17) to island 2 (C99.1), gap 23.8 mm
     5V               done in 41.2 s (6 failed)
     GND              done in 0.0 s
tracks 2266, vias 292, failures 70, 1541 s
