exported 133 nets, 41 barrels, 513 pads
tracks 2481, vias 391, failures 52, 1556 s
net changed by KiCad, restored: PCB_VIA at (59.750, 90.450) IREF1_input -> GND
net changed by KiCad, restored: PCB_VIA at (59.750, 87.450) IREF2_input -> GND
net changed by KiCad, restored: PCB_VIA at (53.250, 81.750) out_2_on -> GND
net changed by KiCad, restored: PCB_VIA at (56.750, 78.350) M2_ON -> GND
net changed by KiCad, restored: PCB_VIA at (57.350, 84.650) SCL -> GND
net changed by KiCad, restored: PCB_VIA at (71.150, 106.150) Reset_raw -> GND
net changed by KiCad, restored: PCB_VIA at (69.250, 70.650) Net-(D25-+) -> GND
net changed by KiCad, restored: PCB_VIA at (48.250, 106.650) Net-(Q1-E) -> GND
net changed by KiCad, restored: PCB_VIA at (50.350, 92.650) Net-(U22-In+) -> GND
net changed by KiCad, restored: PCB_VIA at (56.550, 84.750) Net-(U26E-HVC{slash}A0) -> GND
net changed by KiCad, restored: PCB_VIA at (55.150, 92.650) IREF3_input -> GND
net changed by KiCad, restored: PCB_VIA at (75.050, 98.850) 0A_hi -> GND
net changed by KiCad, restored: PCB_VIA at (71.150, 108.150) 0A_hi -> GND
net changed by KiCad, restored: PCB_VIA at (88.750, 97.450) Net-(C8-Pad2) -> GND
added 2481 tracks, 391 vias -> work/sig_c3r_1.kicad_pcb
{('clearance', 'error'): 32, ('shorting_items', 'error'): 1, ('hole_clearance', 'error'): 3, ('solder_mask_bridge', 'error'): 1, ('via_dangling', 'warning'): 58, ('track_dangling', 'warning'): 1, ('silk_edge_clearance', 'warning'): 1, ('silk_overlap', 'warning'): 5, ('silk_over_copper', 'warning'): 11}
unconnected 46
exported 133 nets, 432 barrels, 513 pads
tracks 2606, vias 402, failures 41, 1086 s
net changed by KiCad, restored: PCB_VIA at (75.450, 109.150) GND -> 5V
net changed by KiCad, restored: PCB_VIA at (75.350, 107.250) GND -> 5V
net changed by KiCad, restored: PCB_VIA at (70.950, 103.150) GND -> 5V
net changed by KiCad, restored: PCB_VIA at (70.150, 100.650) GND -> 5V
net changed by KiCad, restored: PCB_VIA at (60.750, 100.150) GND -> 5V
net changed by KiCad, restored: PCB_VIA at (59.750, 90.450) IREF1_input -> 5V
net changed by KiCad, restored: PCB_VIA at (59.750, 87.450) IREF2_input -> 5V
net changed by KiCad, restored: PCB_VIA at (53.250, 81.750) out_2_on -> 5V
net changed by KiCad, restored: PCB_VIA at (56.750, 78.350) M2_ON -> 5V
net changed by KiCad, restored: PCB_VIA at (57.350, 84.650) SCL -> 5V
net changed by KiCad, restored: PCB_VIA at (71.150, 106.150) Reset_raw -> 5V
net changed by KiCad, restored: PCB_VIA at (48.250, 106.650) Net-(Q1-E) -> GND
net changed by KiCad, restored: PCB_VIA at (50.350, 92.650) Net-(U22-In+) -> GND
net changed by KiCad, restored: PCB_VIA at (56.550, 84.750) Net-(U26E-HVC{slash}A0) -> 5V
net changed by KiCad, restored: PCB_VIA at (55.150, 92.650) IREF3_input -> 5V
net changed by KiCad, restored: PCB_VIA at (75.050, 98.850) 0A_hi -> 5V
net changed by KiCad, restored: PCB_VIA at (71.150, 108.150) 0A_hi -> 5V
net changed by KiCad, restored: PCB_VIA at (88.750, 97.450) Net-(C8-Pad2) -> GND
added 2606 tracks, 402 vias -> work/sig_c3r_2.kicad_pcb
{('clearance', 'error'): 31, ('shorting_items', 'error'): 1, ('hole_clearance', 'error'): 10, ('solder_mask_bridge', 'error'): 1, ('via_dangling', 'warning'): 70, ('track_dangling', 'warning'): 1, ('silk_edge_clearance', 'warning'): 1, ('silk_overlap', 'warning'): 5, ('silk_over_copper', 'warning'): 11}
unconnected 38
exported 133 nets, 443 barrels, 513 pads
tracks 2606, vias 402, failures 41, 1661 s
net changed by KiCad, restored: PCB_VIA at (59.750, 90.450) IREF1_input -> GND
net changed by KiCad, restored: PCB_VIA at (59.750, 87.450) IREF2_input -> GND
net changed by KiCad, restored: PCB_VIA at (53.250, 81.750) out_2_on -> GND
net changed by KiCad, restored: PCB_VIA at (56.750, 78.350) M2_ON -> GND
net changed by KiCad, restored: PCB_VIA at (57.350, 84.650) SCL -> GND
net changed by KiCad, restored: PCB_VIA at (71.150, 106.150) Reset_raw -> GND
net changed by KiCad, restored: PCB_VIA at (48.250, 106.650) Net-(Q1-E) -> GND
net changed by KiCad, restored: PCB_VIA at (50.350, 92.650) Net-(U22-In+) -> GND
net changed by KiCad, restored: PCB_VIA at (56.550, 84.750) Net-(U26E-HVC{slash}A0) -> GND
net changed by KiCad, restored: PCB_VIA at (55.150, 92.650) IREF3_input -> GND
net changed by KiCad, restored: PCB_VIA at (75.050, 98.850) 0A_hi -> GND
net changed by KiCad, restored: PCB_VIA at (71.150, 108.150) 0A_hi -> GND
net changed by KiCad, restored: PCB_VIA at (88.750, 97.450) Net-(C8-Pad2) -> GND
added 2606 tracks, 402 vias -> work/sig_c3r_3.kicad_pcb
{('clearance', 'error'): 30, ('shorting_items', 'error'): 1, ('hole_clearance', 'error'): 3, ('solder_mask_bridge', 'error'): 1, ('via_dangling', 'warning'): 55, ('track_dangling', 'warning'): 1, ('silk_edge_clearance', 'warning'): 1, ('silk_overlap', 'warning'): 5, ('silk_over_copper', 'warning'): 11}
unconnected 38
exported 133 nets, 443 barrels, 513 pads
