board rasterised in 0.5 s
ok   Current            1.3 mm, 0 via(s), w 0.20, gap 1.1
ok   Current            1.6 mm, 0 via(s), w 0.20, gap 1.4
prot Current          track zone on In5.Cu/B.Cu, via zone all layers; 24 nets exempt in the track zone
     Current          sensitive, 0.2 s
ok   Net-(U2-In+)       0.1 mm, 1 via(s) 0.6/0.3, w 0.15, gap 0.0
ok   Net-(U2-In+)       2.9 mm, 2 via(s) 0.6/0.3, w 0.15, gap 1.9
ok   Net-(U2-In+)       7.6 mm, 1 via(s) 0.5/0.3, w 0.15, gap 6.0
prot Net-(U2-In+)     track zone on F.Cu/In5.Cu/B.Cu, via zone all layers; 9 nets exempt in the track zone
     Net-(U2-In+)     sensitive, 0.3 s
ok   V_err              9.4 mm, 1 via(s) 0.6/0.3, w 0.15, gap 0.0
ok   V_err              1.2 mm, 0 via(s), w 0.15, gap 0.5
prot V_err            track zone on F.Cu/B.Cu, via zone all layers; 15 nets exempt in the track zone (logic nets only)
     V_err            sensitive, 0.2 s
ok   Net-(U4-In+)       1.0 mm, 0 via(s), w 0.20, gap 0.8
ok   Net-(U4-In+)       1.0 mm, 0 via(s), w 0.20, gap 0.8
ok   Net-(U4-In+)       3.7 mm, 0 via(s), w 0.20, gap 3.2
     Net-(U4-In+)     done in 0.2 s
ok   Net-(U14-In+)      0.3 mm, 1 via(s) 0.6/0.3, w 0.20, gap 0.0
ok   Net-(U14-In+)      1.5 mm, 0 via(s), w 0.20, gap 1.2
ok   Net-(U14-In+)      3.6 mm, 0 via(s), w 0.20, gap 2.3
     Net-(U14-In+)    done in 0.2 s
ok   Net-(U21-In+)      0.9 mm, 0 via(s), w 0.20, gap 0.7
ok   Net-(U21-In+)      1.9 mm, 1 via(s) 0.6/0.3, w 0.20, gap 0.8
ok   Net-(U21-In+)      1.4 mm, 0 via(s), w 0.20, gap 1.1
     Net-(U21-In+)    done in 0.2 s
ok   Net-(U21-In-)      0.0 mm, 1 via(s) 0.6/0.3, w 0.20, gap 0.0
ok   Net-(U21-In-)      2.4 mm, 0 via(s), w 0.20, gap 2.0
     Net-(U21-In-)    done in 0.1 s
ok   Net-(Q1-E)         0.2 mm, 1 via(s) 0.6/0.3, w 0.20, gap 0.0
ok   Net-(Q1-E)         3.9 mm, 0 via(s), w 0.20, gap 2.3
ok   Net-(Q1-E)        19.9 mm, 0 via(s), w 0.20, gap 14.0
     Net-(Q1-E)       done in 0.2 s
stch Net-(U2-In+)     4 GND vias beside its In5.Cu run
stch Current          2 GND vias beside its B.Cu run
stch V_err            0 GND vias beside its In5.Cu run
dcap 5V               C104.1 -> U103.14: 1.1 mm, 0 via(s), w 0.30
dcap 5V               C98.1 -> U4.5: 1.2 mm, 0 via(s), w 0.30
dcap 5V               C28.1 -> U2.5: 1.3 mm, 0 via(s), w 0.30
dcap 5V               C53.2 -> U21.5: 0.9 mm, 0 via(s), w 0.30
dcap 5V               C24.1 -> U5.5: shortest path 29.6 mm > 3.5 mm, not drawn
dcap 5V               C12.1 -> U14.5: 1.1 mm, 0 via(s), w 0.30
dcap 5V               C58.1 -> U104.14: 1.2 mm, 0 via(s), w 0.30
dcap 5V               C23.1 -> U106.14: 1.2 mm, 0 via(s), w 0.30
dcap 5V               C52.1 -> U18.16: 0.9 mm, 0 via(s), w 0.30
dcap 5V               C22.1 -> U101.14: 4.8 mm, 0 via(s), w 0.30
dcap analog_5V        C63.1 -> U22.5: 1.1 mm, 0 via(s), w 0.30
dcap analog_5V        C38.2 -> U23.5: 1.4 mm, 0 via(s), w 0.30
dcap analog_5V        C32.1 -> U13.5: 1.4 mm, 0 via(s), w 0.30
dcap analog_5V        C37.2 -> U24.5: 1.3 mm, 0 via(s), w 0.30
dcap analog_5V        C36.2 -> U7.5: 1.2 mm, 0 via(s), w 0.30
     DECAP            14 direct links, 0.9 s
fan  GND              C10.1: 0.5 mm stub, via 0.6/0.3
fan  GND              C43.2: 0.0 mm stub, via 0.6/0.3
fan  GND              U3.2: 1.1 mm stub, via 0.6/0.3
fan  GND              U28.2: 0.0 mm stub, via 0.6/0.3
fan  GND              U28.4: nearest via needs 3.5 mm, not fanned out
fan  GND              U28.5: 0.3 mm stub, via 0.6/0.3
fan  GND              U28.7: 0.3 mm stub, via 0.6/0.3
fan  GND              U28.12: 0.2 mm stub, via 0.6/0.3
fan  GND              U28.13: 0.1 mm stub, via 0.6/0.3
fan  GND              C14.2: 0.0 mm stub, via 0.6/0.3
fan  GND              U101.7: 0.0 mm stub, via 0.6/0.3
fan  GND              C52.2: 0.0 mm stub, via 0.6/0.3
fan  GND              C37.1: 0.1 mm stub, via 0.6/0.3
fan  GND              C22.2: 0.8 mm stub, via 0.6/0.3
fan  GND              U103.7: 0.0 mm stub, via 0.6/0.3
fan  GND              U18.8: 0.1 mm stub, via 0.6/0.3
fan  GND              C59.2: 0.5 mm stub, via 0.6/0.3
fan  GND              U14.2: 0.2 mm stub, via 0.5/0.3
fan  GND              C104.2: 0.0 mm stub, via 0.6/0.3
fan  GND              C46.2: 0.8 mm stub, via 0.6/0.3
fan  GND              C63.2: 0.0 mm stub, via 0.6/0.3
fan  GND              U22.2: 1.2 mm stub, via 0.6/0.3
fan  GND              C91.1: 1.1 mm stub, via 0.6/0.3
fan  GND              C102.2: 0.0 mm stub, via 0.6/0.3
fan  GND              C92.2: 0.1 mm stub, via 0.6/0.3
fan  GND              C8.1: 0.6 mm stub, via 0.6/0.3
fan  GND              U105.7: 0.0 mm stub, via 0.6/0.3
fan  GND              C12.2: 0.1 mm stub, via 0.6/0.3
fan  GND              C26.2: 0.9 mm stub, via 0.6/0.3
fan  GND              U24.2: 0.6 mm stub, via 0.6/0.3
fan  GND              U102.7: 0.0 mm stub, via 0.6/0.3
fan  GND              C15.2: 0.0 mm stub, via 0.6/0.3
fan  GND              C94.2: 0.0 mm stub, via 0.6/0.3
fan  GND              C17.1: 0.0 mm stub, via 0.6/0.3
fan  GND              U5.2: 0.6 mm stub, via 0.6/0.3
fan  GND              C42.2: 0.0 mm stub, via 0.6/0.3
fan  GND              C103.2: 0.0 mm stub, via 0.6/0.3
fan  GND              C29.2: nearest via needs 2.5 mm, not fanned out
fan  GND              C32.2: 0.1 mm stub, via 0.6/0.3
fan  GND              U21.2: no via reachable
fan  GND              U7.2: 0.3 mm stub, via 0.6/0.3
fan  GND              U4.2: 1.2 mm stub, via 0.6/0.3
fan  GND              U13.2: nearest via needs 1.6 mm, not fanned out
fan  GND              C13.1: 0.0 mm stub, via 0.6/0.3
fan  GND              C23.2: 0.5 mm stub, via 0.6/0.3
fan  GND              C93.2: 0.9 mm stub, via 0.6/0.3
fan  GND              C100.2: no via reachable
fan  GND              C9.1: 0.7 mm stub, via 0.6/0.3
fan  GND              U2.2: 0.0 mm stub, via 0.6/0.3
fan  GND              C54.2: 1.4 mm stub, via 0.6/0.3
fan  GND              C95.2: 0.0 mm stub, via 0.6/0.3
fan  GND              C57.1: 0.7 mm stub, via 0.6/0.3
fan  GND              C97.2: 0.0 mm stub, via 0.6/0.3
fan  GND              C58.2: 0.0 mm stub, via 0.6/0.3
fan  GND              C28.2: 0.8 mm stub, via 0.6/0.3
fan  GND              C53.1: 0.0 mm stub, via 0.6/0.3
fan  GND              C36.1: 0.0 mm stub, via 0.6/0.3
fan  GND              C47.2: 0.3 mm stub, via 0.6/0.3
fan  GND              U23.2: 0.1 mm stub, via 0.6/0.3
fan  GND              U26.7: no via reachable
fan  GND              U26.10: 0.6 mm stub, via 0.6/0.3
fan  GND              U26.20: 0.8 mm stub, via 0.6/0.3
fan  GND              C96.2: 0.6 mm stub, via 0.6/0.3
fan  GND              C101.2: 0.0 mm stub, via 0.6/0.3
fan  GND              U104.7: 0.0 mm stub, via 0.6/0.3
fan  GND              C19.2: 0.0 mm stub, via 0.6/0.3
fan  GND              C99.2: 0.0 mm stub, via 0.6/0.3
fan  GND              C38.1: 0.0 mm stub, via 0.6/0.3
fan  GND              C98.2: 0.0 mm stub, via 0.6/0.3
     FANOUT:GND       63 vias, 6 pads skipped, 2.0 s
fan  5V               U28.16: 0.1 mm stub, via 0.6/0.3
fan  5V               U101.14: 0.0 mm stub, via 0.6/0.3
fan  5V               C52.1: 0.0 mm stub, via 0.6/0.3
fan  5V               C22.1: 0.4 mm stub, via 0.6/0.3
fan  5V               U103.14: 0.1 mm stub, via 0.6/0.3
fan  5V               U18.16: 0.0 mm stub, via 0.6/0.3
fan  5V               U14.5: 0.1 mm stub, via 0.6/0.3
fan  5V               C104.1: 0.0 mm stub, via 0.6/0.3
fan  5V               C91.2: 0.0 mm stub, via 0.6/0.3
fan  5V               C92.1: 0.0 mm stub, via 0.6/0.3
fan  5V               U105.14: 0.5 mm stub, via 0.6/0.3
fan  5V               C12.1: 0.0 mm stub, via 0.6/0.3
fan  5V               C26.1: 0.8 mm stub, via 0.6/0.3
fan  5V               U102.14: 0.1 mm stub, via 0.6/0.3
fan  5V               U106.14: 0.0 mm stub, via 0.6/0.3
fan  5V               C24.1: no via reachable
fan  5V               U5.5: no via reachable
fan  5V               C29.1: 0.0 mm stub, via 0.6/0.3
fan  5V               U21.5: 0.1 mm stub, via 0.6/0.3
fan  5V               U4.5: 1.0 mm stub, via 0.6/0.3
fan  5V               C23.1: 0.4 mm stub, via 0.6/0.3
fan  5V               U2.5: 0.6 mm stub, via 0.6/0.3
fan  5V               C54.1: 0.0 mm stub, via 0.6/0.3
fan  5V               C95.1: 0.0 mm stub, via 0.6/0.3
fan  5V               C97.1: 0.0 mm stub, via 0.6/0.3
fan  5V               C58.1: 0.0 mm stub, via 0.6/0.3
fan  5V               U26.17: no via reachable
fan  5V               C96.1: 0.4 mm stub, via 0.6/0.3
fan  5V               U104.14: 0.1 mm stub, via 0.6/0.3
     FANOUT:5V        26 vias, 3 pads skipped, 0.5 s
ok   analog_5V          1.4 mm, 1 via(s) 0.6/0.3, w 0.40, gap 1.0
ok   analog_5V          4.6 mm, 2 via(s) 0.6/0.3, w 0.40, gap 2.1
ok   analog_5V          5.1 mm, 1 via(s) 0.6/0.3, w 0.40, gap 3.2
ok   analog_5V          6.3 mm, 2 via(s) 0.6/0.3, w 0.40, gap 3.3
ok   analog_5V          4.7 mm, 2 via(s) 0.6/0.3, w 0.40, gap 3.9
ok   analog_5V          6.5 mm, 0 via(s), w 0.40, gap 4.9
ok   analog_5V          6.6 mm, 1 via(s) 0.6/0.3, w 0.40, gap 5.0
ok   analog_5V          9.8 mm, 0 via(s), w 0.40, gap 8.9
ok   analog_5V         31.6 mm, 0 via(s), w 0.40, gap 9.3
ok   analog_5V         13.2 mm, 1 via(s) 0.6/0.3, w 0.40, gap 11.3
     analog_5V        done in 2.4 s
ok   12V               20.9 mm, 1 via(s) 0.6/0.3, w 0.40, gap 15.7
     12V              done in 0.2 s
ok   Net-(U106A-B)      0.0 mm, 1 via(s) 0.6/0.3, w 0.20, gap 0.0
ok   Net-(U106A-B)     14.3 mm, 1 via(s) 0.6/0.3, w 0.20, gap 12.3
ok   Net-(U106A-B)     35.5 mm, 2 via(s) 0.6/0.3, w 0.20, gap 31.7
     Net-(U106A-B)    done in 0.5 s
ok   .1Vref_2           1.2 mm, 0 via(s), w 0.20, gap 0.9
ok   .1Vref_2          19.6 mm, 2 via(s) 0.6/0.3, w 0.20, gap 13.3
ok   .1Vref_2          26.6 mm, 1 via(s) 0.6/0.3, w 0.20, gap 21.7
     .1Vref_2         done in 0.6 s
ok   IREF2_input       28.3 mm, 1 via(s) 0.6/0.3, w 0.20, gap 22.0
     IREF2_input      done in 0.3 s
ok   IREF3_input       32.2 mm, 2 via(s) 0.6/0.3, w 0.20, gap 20.2
     IREF3_input      done in 0.2 s
ok   .1Vref_3           1.9 mm, 0 via(s), w 0.20, gap 1.4
ok   .1Vref_3           1.9 mm, 0 via(s), w 0.20, gap 1.5
ok   .1Vref_3          23.2 mm, 2 via(s) 0.6/0.3, w 0.20, gap 22.2
     .1Vref_3         done in 0.3 s
ok   Net-(D4-+)         6.7 mm, 1 via(s) 0.6/0.3, w 0.20, gap 4.8
ok   Net-(D4-+)        80.3 mm, 3 via(s) 0.6/0.3, w 0.20, gap 20.8
     Net-(D4-+)       done in 1.0 s
ok   .1Vref_1           6.8 mm, 1 via(s) 0.6/0.3, w 0.20, gap 3.0
ok   .1Vref_1          11.1 mm, 2 via(s) 0.6/0.3, w 0.20, gap 8.9
ok   .1Vref_1          11.6 mm, 1 via(s) 0.6/0.3, w 0.15, gap 7.4
     .1Vref_1         done in 0.8 s
ok   Net-(U106C-B)      4.4 mm, 1 via(s) 0.6/0.3, w 0.20, gap 3.1
ok   Net-(U106C-B)      5.6 mm, 0 via(s), w 0.20, gap 4.8
ok   Net-(U106C-B)     14.2 mm, 0 via(s), w 0.20, gap 11.5
     Net-(U106C-B)    done in 0.4 s
ok   Net-(U26A-P0B)     1.7 mm, 1 via(s) 0.6/0.3, w 0.20, gap 1.3
ok   Net-(U26A-P0B)    18.4 mm, 2 via(s) 0.6/0.3, w 0.20, gap 5.6
ok   Net-(U26A-P0B)    29.8 mm, 3 via(s) 0.6/0.3, w 0.15, gap 12.1
     Net-(U26A-P0B)   done in 0.7 s
ok   Voltage_err_2      5.9 mm, 0 via(s), w 0.20, gap 4.3
ok   Voltage_err_2     18.2 mm, 2 via(s) 0.6/0.3, w 0.20, gap 13.6
     Voltage_err_2    done in 0.2 s
rip  IREF1_input      ripped IREF2_input, Net-(U26A-P0B), 5V, Net-(U106A-B), but 5V then failed; undone
rip  IREF1_input      ripped IREF2_input, Net-(U26A-P0B), .1Vref_3, .1Vref_1, 5V, Net-(U106A-B), but 5V then failed; undone
rip  IREF1_input      ripped and re-routed IREF2_input, .1Vref_1, Net-(U26A-P0B)
     ok   IREF2_input       27.8 mm, 2 via(s) 0.6/0.3, w 0.15, gap 22.0
     ok   .1Vref_1           6.8 mm, 1 via(s) 0.6/0.3, w 0.20, gap 3.0
     ok   .1Vref_1          41.9 mm, 4 via(s) 0.6/0.3, w 0.15, gap 8.9
     ok   .1Vref_1          14.9 mm, 0 via(s), w 0.15, gap 9.6
     ok   Net-(U26A-P0B)     3.8 mm, 2 via(s) 0.5/0.3, w 0.20, gap 1.3
     ok   Net-(U26A-P0B)    28.4 mm, 1 via(s) 0.6/0.3, w 0.20, gap 5.6
     ok   Net-(U26A-P0B)    57.1 mm, 4 via(s) 0.6/0.3, w 0.20, gap 11.9
     IREF1_input      done in 59.9 s
ok   Vref_1             1.1 mm, 0 via(s), w 0.20, gap 0.9
ok   Vref_1           114.5 mm, 4 via(s) 0.6/0.3, w 0.20, gap 11.8
     Vref_1           done in 1.0 s
ok   Net-(D23-+)        0.8 mm, 1 via(s) 0.6/0.3, w 0.20, gap 0.6
ok   Net-(D23-+)       18.2 mm, 4 via(s) 0.5/0.3, w 0.20, gap 2.5
rip  Net-(D23-+)      ripped Net-(Q1-E), Net-(U106A-B), but Net-(U106A-B) then failed; undone
rip  Net-(D23-+)      ripped Net-(Q1-E), Net-(U106A-B), Net-(D4-+), but Net-(D4-+) then failed; undone
rip  Net-(D23-+)      ripped Net-(Q1-E), IREF3_input, but Net-(Q1-E) then failed; undone
FAIL Net-(D23-+): island 0 (479 cells; U22.1 D23.2) to island 1 (R90.2 C49.2), gap 11.2 mm
     Net-(D23-+)      done in 11.7 s (1 failed)
ok   Vout_2            20.4 mm, 3 via(s) 0.6/0.3, w 0.15, gap 10.5
     Vout_2           done in 0.5 s
rip  Output2_drain    ripped Net-(U106A-B), but Net-(U106A-B) then failed; undone
rip  Output2_drain    ripped Net-(U26A-P0B), Net-(U106C-B), Net-(U106A-B), analog_5V, Voltage_err_2, but Net-(U26A-P0B) then failed; undone
rip  Output2_drain    ripped Net-(U106A-B), Net-(U26A-P0B), Vout_2, but Net-(U26A-P0B) then failed; undone
FAIL Output2_drain: island 0 (228 cells; J11.16) to island 1 (R25.1), gap 13.1 mm
     Output2_drain    done in 28.4 s (1 failed)
ok   Net-(U106B-B)      1.4 mm, 0 via(s), w 0.20, gap 1.2
ok   Net-(U106B-B)     34.2 mm, 5 via(s) 0.6/0.3, w 0.20, gap 3.6
ok   Net-(U106B-B)     24.2 mm, 2 via(s) 0.6/0.3, w 0.20, gap 7.4
     Net-(U106B-B)    done in 0.4 s
ok   Net-(U26C-P2B)     1.5 mm, 1 via(s) 0.6/0.3, w 0.20, gap 0.4
ok   Net-(U26C-P2B)     0.9 mm, 0 via(s), w 0.20, gap 0.7
rip  Net-(U26C-P2B)   ripped Net-(D23-+), .1Vref_1, Net-(U26A-P0B), Net-(U106A-B), but .1Vref_1 then failed; undone
rip  Net-(U26C-P2B)   ripped .1Vref_1, Net-(D23-+), IREF1_input, Net-(U26A-P0B), IREF2_input, Net-(U106A-B), .1Vref_3, IREF3_input, but .1Vref_1 then failed; undone
rip  Net-(U26C-P2B)   ripped analog_5V, 5V, but 5V then failed; undone
FAIL Net-(U26C-P2B): island 0 (176 cells; C102.1 U26.18) to island 1 (R58.1 R57.2), gap 9.5 mm
     Net-(U26C-P2B)   done in 62.6 s (1 failed)
ok   Verr1              0.0 mm, 1 via(s) 0.6/0.3, w 0.20, gap 0.0
ok   Verr1              1.0 mm, 0 via(s), w 0.20, gap 0.8
rip  Verr1            ripped Net-(U4-In+), 12V, 5V, Net-(D4-+), but Net-(D4-+) then failed; undone
rip  Verr1            ripped 12V, Net-(U4-In+), Net-(D4-+), 5V, Net-(U106C-B), but Net-(D4-+) then failed; undone
rip  Verr1            ripped .1Vref_1, Net-(D4-+), 12V, .1Vref_2, 5V, IREF2_input, but .1Vref_1 then failed; undone
FAIL Verr1: island 0 (116 cells; U28.14) to island 1 (R28.2 R27.2 C13.2), gap 12.4 mm
     Verr1            done in 17.4 s (1 failed)
rip  Net-(U106C-A)    ripped and re-routed .1Vref_2, Net-(U26A-P0B)
     ok   .1Vref_2           1.2 mm, 0 via(s), w 0.20, gap 0.9
     ok   .1Vref_2          19.6 mm, 2 via(s) 0.6/0.3, w 0.20, gap 13.3
     ok   .1Vref_2          27.8 mm, 1 via(s) 0.6/0.3, w 0.20, gap 21.7
     ok   Net-(U26A-P0B)     3.8 mm, 2 via(s) 0.5/0.3, w 0.20, gap 1.3
     ok   Net-(U26A-P0B)    19.2 mm, 4 via(s) 0.6/0.3, w 0.20, gap 5.6
     ok   Net-(U26A-P0B)    44.7 mm, 2 via(s) 0.6/0.3, w 0.20, gap 11.3
ok   Net-(U106C-A)     32.8 mm, 2 via(s) 0.6/0.3, w 0.20, gap 10.9
     Net-(U106C-A)    done in 4.6 s
rip  Voltage_err_1    ripped .1Vref_1, IREF2_input, IREF1_input, but IREF1_input then failed; undone
rip  Voltage_err_1    ripped .1Vref_1, IREF1_input, analog_5V, IREF2_input, Net-(U106A-B), Net-(U26A-P0B), 5V, .1Vref_2, but Net-(U26A-P0B) then failed; undone
rip  Voltage_err_1    ripped IREF2_input, Net-(U106A-B), IREF1_input, but IREF2_input then failed; undone
FAIL Voltage_err_1: island 0 (76 cells; U3.1) to island 1 (R3.1), gap 1.2 mm
rip  Voltage_err_1    ripped .1Vref_2, .1Vref_1, Verr1, but .1Vref_2 then failed; undone
rip  Voltage_err_1    ripped .1Vref_2, Vref_1, IREF1_input, .1Vref_1, IREF3_input, Verr1, Net-(U26C-P2B), but IREF1_input then failed; undone
rip  Voltage_err_1    ripped .1Vref_1, .1Vref_2, Verr1, but .1Vref_2 then failed; undone
FAIL Voltage_err_1: island 1 (75 cells; R3.1) to island 2 (R27.1), gap 11.6 mm
rip  Voltage_err_1    ripped .1Vref_2, .1Vref_1, Verr1, but .1Vref_2 then failed; undone
rip  Voltage_err_1    ripped .1Vref_2, Vref_1, IREF1_input, .1Vref_1, IREF3_input, Verr1, Net-(U26C-P2B), but IREF1_input then failed; undone
rip  Voltage_err_1    ripped analog_5V, .1Vref_1, Net-(D4-+), IREF1_input, .1Vref_2, Verr1, but .1Vref_1 then failed; undone
FAIL Voltage_err_1: island 0 (76 cells; U3.1) to island 2 (R27.1), gap 13.7 mm
     Voltage_err_1    done in 69.9 s (3 failed)
ok   Net-(D25-+)        2.9 mm, 2 via(s) 0.6/0.3, w 0.20, gap 2.4
ok   Net-(D25-+)       10.8 mm, 3 via(s) 0.6/0.3, w 0.20, gap 3.8
ok   Net-(D25-+)        8.1 mm, 2 via(s) 0.6/0.3, w 0.20, gap 4.9
     Net-(D25-+)      done in 0.7 s
ok   Net-(D26-+)        2.7 mm, 2 via(s) 0.6/0.3, w 0.20, gap 2.2
ok   Net-(D26-+)        2.7 mm, 1 via(s) 0.6/0.3, w 0.20, gap 2.3
ok   Net-(D26-+)       74.8 mm, 4 via(s) 0.6/0.3, w 0.15, gap 5.0
     Net-(D26-+)      done in 2.0 s
ok   Verr2              0.6 mm, 1 via(s) 0.6/0.3, w 0.20, gap 0.4
ok   Verr2              2.9 mm, 0 via(s), w 0.20, gap 2.6
rip  Verr2            ripped and re-routed Net-(D26-+), Net-(U106B-B), Voltage_err_2
     ok   Voltage_err_2      5.9 mm, 0 via(s), w 0.20, gap 4.3
     ok   Voltage_err_2     18.2 mm, 2 via(s) 0.6/0.3, w 0.20, gap 13.6
     ok   Net-(U106B-B)      1.4 mm, 0 via(s), w 0.20, gap 1.2
     ok   Net-(U106B-B)     28.0 mm, 3 via(s) 0.6/0.3, w 0.20, gap 3.6
     ok   Net-(U106B-B)     24.2 mm, 2 via(s) 0.6/0.3, w 0.20, gap 7.4
     ok   Net-(D26-+)        2.7 mm, 1 via(s) 0.6/0.3, w 0.20, gap 2.2
     ok   Net-(D26-+)        2.7 mm, 2 via(s) 0.6/0.3, w 0.20, gap 2.3
     ok   Net-(D26-+)       74.8 mm, 4 via(s) 0.6/0.3, w 0.15, gap 5.0
     Verr2            done in 4.9 s
ok   Voltage_err_3      7.6 mm, 2 via(s) 0.6/0.3, w 0.15, gap 3.3
rip  Voltage_err_3    ripped Net-(D26-+), Net-(U26A-P0B), analog_5V, Vout_2, but Vout_2 then failed; undone
rip  Voltage_err_3    ripped Net-(U26A-P0B), Net-(D26-+), analog_5V, Net-(D25-+), Vout_2, .1Vref_3, Net-(U106B-B), but Net-(U26A-P0B) then failed; undone
rip  Voltage_err_3    ripped analog_5V, Net-(U106A-B), Net-(U26A-P0B), Net-(D26-+), but Net-(D26-+) then failed; undone
FAIL Voltage_err_3: island 0 (224 cells; R45.1 R40.1) to island 1 (U13.1), gap 4.5 mm
     Voltage_err_3    done in 40.2 s (1 failed)
rip  Output3_drain    ripping Net-(U106C-B), Net-(D26-+), Voltage_err_3, Net-(U106B-B) did not free a path
rip  Output3_drain    ripped Net-(U106C-B), Verr2, Net-(D26-+), Voltage_err_3, Net-(U106A-B), Net-(U106B-B), Net-(D4-+), analog_5V, but Net-(D26-+) then failed; undone
rip  Output3_drain    ripped .1Vref_1, but .1Vref_1 then failed; undone
FAIL Output3_drain: island 0 (226 cells; J11.18) to island 1 (R87.1), gap 9.7 mm
     Output3_drain    done in 27.4 s (1 failed)
ok   Vref_2             0.8 mm, 1 via(s) 0.6/0.3, w 0.20, gap 0.6
ok   Vref_2             9.8 mm, 2 via(s) 0.6/0.3, w 0.20, gap 8.2
     Vref_2           done in 0.2 s
ok   Net-(U24-In+)      1.4 mm, 0 via(s), w 0.20, gap 1.1
rip  Net-(U24-In+)    ripping Vout_2, Net-(D25-+), .1Vref_3, Voltage_err_3 did not free a path
rip  Net-(U24-In+)    ripped Vout_2, .1Vref_1, Net-(D26-+), Net-(D25-+), Net-(U26A-P0B), Net-(U106C-B), .1Vref_3, analog_5V, but Net-(D26-+) then failed; undone
rip  Net-(U24-In+)    ripped Vout_2, Net-(U106A-B), Net-(D26-+), Net-(D25-+), but Net-(D26-+) then failed; undone
FAIL Net-(U24-In+): island 0 (79 cells; U24.3) to island 2 (C68.1), gap 1.8 mm
rip  Net-(U24-In+)    ripped Net-(D26-+), Net-(D25-+), Vout_2, analog_5V, but analog_5V then failed; undone
rip  Net-(U24-In+)    ripped Net-(U26A-P0B), Net-(D25-+), Net-(D26-+), Vout_2, analog_5V, Net-(U106A-B), .1Vref_3, Voltage_err_3, but Net-(U106A-B) then failed; undone
rip  Net-(U24-In+)    ripped analog_5V, Net-(U106A-B), Net-(D26-+), Net-(D25-+), Vout_2, but Net-(U106A-B) then failed; undone
FAIL Net-(U24-In+): island 1 (172 cells; R96.2 R97.1) to island 2 (C68.1), gap 3.7 mm
FAIL Net-(U24-In+): island 0 (79 cells; U24.3) to island 1 (R96.2 R97.1), gap 5.4 mm
     Net-(U24-In+)    done in 75.7 s (3 failed)
rip  Vref_3           ripped Net-(D23-+), .1Vref_1, Net-(U106A-B), Net-(U26A-P0B), but Net-(D23-+) then failed; undone
rip  Vref_3           ripped Net-(D23-+), .1Vref_1, Net-(U106A-B), Net-(U26A-P0B), IREF2_input, Net-(U26C-P2B), .1Vref_3, IREF1_input, but Net-(U26A-P0B) then failed; undone
rip  Vref_3           ripped Net-(D23-+), Net-(U106A-B), but Net-(D23-+) then failed; undone
FAIL Vref_3: island 0 (70 cells; R77.2) to island 1 (R41.1), gap 1.5 mm
ok   Vref_3            12.2 mm, 1 via(s) 0.6/0.3, w 0.15, gap 5.8
     Vref_3           done in 22.0 s (1 failed)
ok   Net-(U13-In-)      1.1 mm, 1 via(s) 0.6/0.3, w 0.20, gap 0.7
rip  Net-(U13-In-)    ripped Net-(D26-+), Net-(D25-+), Net-(U26A-P0B), Vout_2, but Vout_2 then failed; undone
rip  Net-(U13-In-)    ripped Net-(D26-+), Net-(U26A-P0B), analog_5V, Net-(D25-+), .1Vref_2, Vout_2, Net-(U106C-A), Net-(U106B-B), but Vout_2 then failed; undone
rip  Net-(U13-In-)    ripped Net-(D25-+), Vout_2, Net-(U106A-B), Net-(D26-+), Voltage_err_3, analog_5V, Net-(U26A-P0B), but Net-(U106A-B) then failed; undone
FAIL Net-(U13-In-): island 0 (175 cells; R39.1 R40.2) to island 1 (U13.4), gap 6.6 mm
     Net-(U13-In-)    done in 25.3 s (1 failed)
rip  Output1_drain    ripped Net-(U106C-A), Net-(U26A-P0B), Net-(D26-+), Vout_2, but Net-(D26-+) then failed; undone
rip  Output1_drain    ripped Net-(U26A-P0B), .1Vref_2, .1Vref_1, Net-(U106C-A), Net-(D25-+), Net-(D26-+), Vout_2, .1Vref_3, but Net-(U106C-A) then failed; undone
rip  Output1_drain    ripped .1Vref_2, Net-(U26A-P0B), but Net-(U26A-P0B) then failed; undone
FAIL Output1_drain: island 0 (222 cells; J11.14) to island 1 (R94.1), gap 6.1 mm
     Output1_drain    done in 37.2 s (1 failed)
ok   Net-(U3-In-)       0.0 mm, 1 via(s) 0.6/0.3, w 0.20, gap 0.0
rip  Net-(U3-In-)     ripped .1Vref_1, Vout_2, Net-(U26A-P0B), Net-(D4-+), but .1Vref_1 then failed; undone
rip  Net-(U3-In-)     ripped .1Vref_1, Vout_2, Net-(U26A-P0B), 12V, Net-(D4-+), Net-(D25-+), Net-(U106A-B), but .1Vref_1 then failed; undone
rip  Net-(U3-In-)     ripped and re-routed Net-(D4-+), Net-(U26A-P0B), analog_5V
     ok   analog_5V          1.4 mm, 1 via(s) 0.6/0.3, w 0.40, gap 1.0
     ok   analog_5V          4.6 mm, 2 via(s) 0.6/0.3, w 0.40, gap 2.1
     ok   analog_5V          5.1 mm, 1 via(s) 0.6/0.3, w 0.40, gap 3.2
     ok   analog_5V          6.3 mm, 2 via(s) 0.6/0.3, w 0.40, gap 3.3
     ok   analog_5V          4.7 mm, 2 via(s) 0.6/0.3, w 0.40, gap 3.9
     ok   analog_5V          6.5 mm, 0 via(s), w 0.40, gap 4.9
     ok   analog_5V          6.6 mm, 1 via(s) 0.6/0.3, w 0.40, gap 5.0
     ok   analog_5V         10.2 mm, 2 via(s) 0.6/0.3, w 0.40, gap 8.9
     ok   analog_5V         33.4 mm, 0 via(s), w 0.40, gap 9.3
     ok   analog_5V         13.2 mm, 1 via(s) 0.6/0.3, w 0.40, gap 11.3
     ok   Net-(D4-+)         6.7 mm, 1 via(s) 0.6/0.3, w 0.20, gap 4.8
     ok   Net-(D4-+)       119.2 mm, 4 via(s) 0.6/0.3, w 0.20, gap 20.8
     ok   Net-(U26A-P0B)     5.1 mm, 1 via(s) 0.6/0.3, w 0.15, gap 1.3
     ok   Net-(U26A-P0B)    17.8 mm, 3 via(s) 0.6/0.3, w 0.20, gap 5.6
     ok   Net-(U26A-P0B)    33.3 mm, 3 via(s) 0.6/0.3, w 0.15, gap 11.3
     Net-(U3-In-)     done in 20.0 s
ok   Net-(U22-In+)      1.1 mm, 1 via(s) 0.6/0.3, w 0.20, gap 0.7
rip  Net-(U22-In+)    ripped Net-(Q1-E), Net-(D23-+), analog_5V, Net-(U106A-B), but Net-(U106A-B) then failed; undone
rip  Net-(U22-In+)    ripped Net-(D23-+), Net-(Q1-E), analog_5V, Net-(U106A-B), Vref_1, Net-(U14-In+), .1Vref_3, Net-(U26A-P0B), but Net-(D23-+) then failed; undone
rip  Net-(U22-In+)    ripped Net-(Q1-E), Net-(U106A-B), but Net-(U106A-B) then failed; undone
FAIL Net-(U22-In+): island 1 (76 cells; U22.3) to island 2 (R89.1), gap 0.9 mm
ok   Net-(U22-In+)      4.1 mm, 2 via(s) 0.6/0.3, w 0.20, gap 1.7
rip  Net-(U22-In+)    ripped Net-(Q1-E), Net-(D23-+), Net-(U106A-B), Vref_1, but Vref_1 then failed; undone
rip  Net-(U22-In+)    ripped Net-(D23-+), Net-(Q1-E), Net-(U106A-B), analog_5V, IREF3_input, Net-(U26A-P0B), Vref_1, .1Vref_3, but Vref_1 then failed; undone
rip  Net-(U22-In+)    ripped Net-(Q1-E), Net-(U106A-B), but Net-(U106A-B) then failed; undone
FAIL Net-(U22-In+): island 0 (292 cells; C59.1 R44.2 R89.1) to island 1 (U22.3), gap 0.9 mm
     Net-(U22-In+)    done in 37.8 s (2 failed)
ok   Verr3              1.1 mm, 0 via(s), w 0.20, gap 0.9
ok   Verr3              1.3 mm, 0 via(s), w 0.20, gap 1.0
ok   Verr3              1.4 mm, 0 via(s), w 0.20, gap 1.2
     Verr3            done in 0.3 s
ok   Net-(U7-In-)       1.0 mm, 0 via(s), w 0.20, gap 0.7
rip  Net-(U7-In-)     ripped Net-(U106B-B), analog_5V, .1Vref_2, Vref_1, but Net-(U106B-B) then failed; undone
rip  Net-(U7-In-)     ripped and re-routed Net-(U106B-B), analog_5V, Vref_1, Voltage_err_2, .1Vref_2, Net-(U106C-A), Net-(D26-+)
     ok   analog_5V          1.4 mm, 1 via(s) 0.6/0.3, w 0.40, gap 1.0
     ok   analog_5V          5.2 mm, 2 via(s) 0.6/0.3, w 0.40, gap 2.1
     ok   analog_5V          5.1 mm, 1 via(s) 0.6/0.3, w 0.40, gap 3.2
     ok   analog_5V          6.3 mm, 2 via(s) 0.6/0.3, w 0.40, gap 3.3
     ok   analog_5V          4.7 mm, 2 via(s) 0.6/0.3, w 0.40, gap 3.9
     ok   analog_5V          6.5 mm, 0 via(s), w 0.40, gap 4.9
     ok   analog_5V          6.6 mm, 1 via(s) 0.6/0.3, w 0.40, gap 5.0
     ok   analog_5V         10.8 mm, 1 via(s) 0.6/0.3, w 0.40, gap 8.9
     ok   analog_5V         33.4 mm, 0 via(s), w 0.40, gap 9.3
     ok   analog_5V         13.2 mm, 1 via(s) 0.6/0.3, w 0.40, gap 11.3
     ok   .1Vref_2           1.2 mm, 0 via(s), w 0.20, gap 0.9
     ok   .1Vref_2          20.4 mm, 2 via(s) 0.6/0.3, w 0.20, gap 13.3
     ok   .1Vref_2          50.5 mm, 1 via(s) 0.6/0.3, w 0.20, gap 21.7
     ok   Voltage_err_2      5.9 mm, 0 via(s), w 0.20, gap 4.3
     ok   Voltage_err_2     18.2 mm, 2 via(s) 0.6/0.3, w 0.20, gap 13.6
     ok   Vref_1             1.1 mm, 0 via(s), w 0.20, gap 0.9
     ok   Vref_1            24.3 mm, 2 via(s) 0.6/0.3, w 0.20, gap 11.8
     ok   Net-(U106B-B)      1.4 mm, 0 via(s), w 0.20, gap 1.2
     ok   Net-(U106B-B)     32.8 mm, 6 via(s) 0.6/0.3, w 0.20, gap 3.6
     ok   Net-(U106B-B)     18.7 mm, 1 via(s) 0.6/0.3, w 0.20, gap 7.4
     ok   Net-(U106C-A)      3.7 mm, 0 via(s), w 0.20, gap 2.5
     ok   Net-(U106C-A)     28.7 mm, 2 via(s) 0.6/0.3, w 0.20, gap 10.9
     ok   Net-(D26-+)        2.7 mm, 1 via(s) 0.6/0.3, w 0.20, gap 2.2
     ok   Net-(D26-+)        2.7 mm, 2 via(s) 0.6/0.3, w 0.20, gap 2.3
     ok   Net-(D26-+)       56.1 mm, 3 via(s) 0.5/0.3, w 0.15, gap 5.0
     Net-(U7-In-)     done in 19.0 s
ok   Net-(U23-In+)      0.9 mm, 0 via(s), w 0.20, gap 0.7
ok   Net-(U23-In+)      1.0 mm, 0 via(s), w 0.20, gap 0.7
ok   Net-(U23-In+)      2.9 mm, 0 via(s), w 0.20, gap 1.2
     Net-(U23-In+)    done in 0.2 s
ok   .1Vout_3           1.4 mm, 0 via(s), w 0.20, gap 1.0
rip  .1Vout_3         ripped Net-(U106A-B), Net-(U13-In-), Voltage_err_3, Net-(D26-+), but Voltage_err_3 then failed; undone
rip  .1Vout_3         ripped Net-(U106C-B), Net-(U106B-B), Verr2, Net-(D26-+), Voltage_err_3, analog_5V, Net-(U106A-B), Net-(D25-+), but Verr2 then failed; undone
rip  .1Vout_3         ripped Net-(U106C-B), Voltage_err_3, but Voltage_err_3 then failed; undone
FAIL .1Vout_3: island 0 (231 cells; R42.1 R43.1) to island 1 (R39.2), gap 2.8 mm
     .1Vout_3         done in 29.6 s (1 failed)
ok   Net-(U26B-P1B)     0.0 mm, 1 via(s) 0.6/0.3, w 0.20, gap 0.0
ok   Net-(U26B-P1B)     0.8 mm, 0 via(s), w 0.20, gap 0.4
ok   Net-(U26B-P1B)     9.6 mm, 2 via(s) 0.6/0.3, w 0.20, gap 2.1
     Net-(U26B-P1B)   done in 0.3 s
ok   .1Vout_2           0.9 mm, 0 via(s), w 0.20, gap 0.7
ok   .1Vout_2           1.1 mm, 0 via(s), w 0.20, gap 0.7
     .1Vout_2         done in 0.1 s
ok   Net-(U106A-A)      1.0 mm, 0 via(s), w 0.20, gap 0.8
ok   Net-(U106A-A)      1.0 mm, 0 via(s), w 0.20, gap 0.8
     Net-(U106A-A)    done in 0.1 s
ok   Net-(U106B-A)      0.9 mm, 0 via(s), w 0.20, gap 0.7
rip  Net-(U106B-A)    ripped and re-routed .1Vref_2, analog_5V, Net-(U106B-B), Net-(U106A-B)
     ok   analog_5V          1.4 mm, 1 via(s) 0.6/0.3, w 0.40, gap 1.0
     ok   analog_5V          5.2 mm, 2 via(s) 0.6/0.3, w 0.40, gap 2.1
     ok   analog_5V          5.1 mm, 1 via(s) 0.6/0.3, w 0.40, gap 3.2
     ok   analog_5V          6.3 mm, 2 via(s) 0.6/0.3, w 0.40, gap 3.3
     ok   analog_5V          4.7 mm, 2 via(s) 0.6/0.3, w 0.40, gap 3.9
     ok   analog_5V          6.5 mm, 0 via(s), w 0.40, gap 4.9
     ok   analog_5V          6.6 mm, 1 via(s) 0.6/0.3, w 0.40, gap 5.0
     ok   analog_5V         10.8 mm, 1 via(s) 0.6/0.3, w 0.40, gap 8.9
     ok   analog_5V         33.4 mm, 0 via(s), w 0.40, gap 9.3
     ok   analog_5V         13.2 mm, 1 via(s) 0.6/0.3, w 0.40, gap 11.3
     ok   Net-(U106A-B)      0.0 mm, 1 via(s) 0.6/0.3, w 0.20, gap 0.0
     ok   Net-(U106A-B)     14.3 mm, 1 via(s) 0.6/0.3, w 0.20, gap 12.3
     ok   Net-(U106A-B)     34.1 mm, 2 via(s) 0.5/0.3, w 0.20, gap 31.7
     ok   .1Vref_2           1.2 mm, 0 via(s), w 0.20, gap 0.9
     ok   .1Vref_2          20.4 mm, 2 via(s) 0.6/0.3, w 0.20, gap 13.3
     ok   .1Vref_2          50.5 mm, 1 via(s) 0.6/0.3, w 0.20, gap 21.7
     ok   Net-(U106B-B)      1.4 mm, 0 via(s), w 0.20, gap 1.2
     ok   Net-(U106B-B)     32.8 mm, 6 via(s) 0.6/0.3, w 0.20, gap 3.6
     ok   Net-(U106B-B)     18.7 mm, 1 via(s) 0.6/0.3, w 0.20, gap 7.4
     Net-(U106B-A)    done in 7.7 s
rip  Vout_1           ripped .1Vref_1, Net-(U26A-P0B), Vout_2, Net-(U106C-A), but Net-(U26A-P0B) then failed; undone
rip  Vout_1           ripped Net-(U26A-P0B), .1Vref_1, Vout_2, Net-(U106C-A), .1Vref_3, Net-(D25-+), Net-(U106A-B), Net-(U3-In-), but Net-(U26A-P0B) then failed; undone
rip  Vout_1           ripped and re-routed Net-(U26A-P0B)
     ok   Net-(U26A-P0B)     5.1 mm, 1 via(s) 0.6/0.3, w 0.15, gap 1.3
     ok   Net-(U26A-P0B)    28.1 mm, 3 via(s) 0.6/0.3, w 0.20, gap 5.6
     ok   Net-(U26A-P0B)    32.8 mm, 3 via(s) 0.6/0.3, w 0.15, gap 6.3
     Vout_1           done in 14.7 s
ok   Vout_3             2.1 mm, 0 via(s), w 0.30, gap 1.6
     Vout_3           done in 0.1 s
ok   .1Vout_1           0.6 mm, 1 via(s) 0.6/0.3, w 0.20, gap 0.1
ok   .1Vout_1           0.9 mm, 0 via(s), w 0.20, gap 0.4
     .1Vout_1         done in 0.2 s
ok   Net-(D4--)         0.0 mm, 1 via(s) 0.6/0.3, w 0.20, gap 0.0
ok   Net-(D4--)         1.2 mm, 0 via(s), w 0.20, gap 0.6
     Net-(D4--)       done in 0.1 s
ok   Net-(D3-+)         0.9 mm, 1 via(s) 0.6/0.3, w 0.20, gap 0.7
     Net-(D3-+)       done in 0.0 s
ok   Net-(D24-+)        7.6 mm, 1 via(s) 0.6/0.3, w 0.20, gap 0.8
ok   Net-(D24-+)       49.5 mm, 2 via(s) 0.6/0.3, w 0.20, gap 44.1
     Net-(D24-+)      done in 0.5 s
ok   VerrGT0            5.1 mm, 0 via(s), w 0.20, gap 3.2
ok   VerrGT0            6.2 mm, 2 via(s) 0.5/0.3, w 0.20, gap 5.3
ok   VerrGT0           22.0 mm, 2 via(s) 0.6/0.3, w 0.20, gap 20.5
ok   VerrGT0           34.1 mm, 2 via(s) 0.6/0.3, w 0.20, gap 28.8
     VerrGT0          done in 0.7 s
ok   0err_hi            1.0 mm, 1 via(s) 0.6/0.3, w 0.20, gap 0.8
ok   0err_hi            5.1 mm, 1 via(s) 0.6/0.3, w 0.20, gap 3.5
ok   0err_hi           19.2 mm, 2 via(s) 0.5/0.3, w 0.20, gap 5.3
ok   0err_hi           27.8 mm, 2 via(s) 0.6/0.3, w 0.20, gap 25.8
ok   0err_hi           30.1 mm, 1 via(s) 0.6/0.3, w 0.20, gap 25.1
     0err_hi          done in 0.9 s
ok   Out-               2.8 mm, 0 via(s), w 0.20, gap 2.1
ok   Out-               4.6 mm, 1 via(s) 0.6/0.3, w 0.20, gap 2.7
ok   Out-               3.8 mm, 0 via(s), w 0.15, gap 3.2
ok   Out-              35.8 mm, 4 via(s) 0.6/0.3, w 0.20, gap 4.4
ok   Out-               6.0 mm, 0 via(s), w 0.20, gap 5.2
ok   Out-              15.0 mm, 0 via(s), w 0.20, gap 10.3
ok   Out-              14.6 mm, 1 via(s) 0.6/0.3, w 0.20, gap 11.7
     Out-             done in 1.2 s
rip  Net-(U103B-Y)    ripping Net-(D4-+), 5V, Net-(U14-In+), VerrGT0 did not free a path
rip  Net-(U103B-Y)    ripping Net-(D4-+), 0err_hi, 5V, analog_5V, Net-(U14-In+), VerrGT0 did not free a path
rip  Net-(U103B-Y)    ripped Net-(U106C-B), VerrGT0, Net-(U106B-B), Net-(D24-+), Net-(D26-+), Net-(U26B-P1B), Net-(U26A-P0B), .1Vref_1, Verr2, analog_5V, Voltage_err_3, .1Vout_1, but Net-(U26A-P0B) then failed; undone
FAIL Net-(U103B-Y): island 0 (115 cells; U103.6) to island 1 (U104.9), gap 33.2 mm
     Net-(U103B-Y)    done in 17.9 s (1 failed)
rip  Net-(U102B-A)    ripping Out-, VerrGT0, Net-(D4-+) did not free a path
rip  Net-(U102B-A)    ripping Out-, VerrGT0, Net-(D26-+), Net-(D4-+), 5V did not free a path
rip  Net-(U102B-A)    ripped Out-, Net-(D26-+), Net-(D25-+), Net-(U106B-B), Net-(U106C-A), VerrGT0, Net-(U26A-P0B), Vout_2, but Net-(U106B-B) then failed; undone
FAIL Net-(U102B-A): island 0 (114 cells; U102.4) to island 1 (U18.3), gap 14.1 mm
rip  Net-(U102B-A)    ripped and re-routed Net-(U26A-P0B), Out-, .1Vref_3, Net-(D25-+)
     ok   .1Vref_3           1.9 mm, 0 via(s), w 0.20, gap 1.4
     ok   .1Vref_3           1.9 mm, 0 via(s), w 0.20, gap 1.5
     ok   .1Vref_3          23.8 mm, 2 via(s) 0.6/0.3, w 0.20, gap 22.2
     ok   Net-(U26A-P0B)     5.1 mm, 1 via(s) 0.6/0.3, w 0.15, gap 1.3
     ok   Net-(U26A-P0B)    28.1 mm, 3 via(s) 0.6/0.3, w 0.20, gap 5.6
     ok   Net-(U26A-P0B)    32.8 mm, 3 via(s) 0.6/0.3, w 0.15, gap 6.3
     ok   Net-(D25-+)        2.9 mm, 2 via(s) 0.6/0.3, w 0.20, gap 2.4
     ok   Net-(D25-+)       10.2 mm, 3 via(s) 0.6/0.3, w 0.20, gap 3.8
     ok   Net-(D25-+)        8.3 mm, 2 via(s) 0.6/0.3, w 0.20, gap 4.9
     ok   Out-               2.8 mm, 0 via(s), w 0.20, gap 2.1
     ok   Out-               4.6 mm, 1 via(s) 0.6/0.3, w 0.20, gap 2.7
     ok   Out-               3.8 mm, 0 via(s), w 0.15, gap 3.2
     ok   Out-              34.6 mm, 4 via(s) 0.6/0.3, w 0.20, gap 4.4
     ok   Out-               6.0 mm, 0 via(s), w 0.20, gap 5.2
     ok   Out-              15.0 mm, 0 via(s), w 0.20, gap 10.3
     ok   Out-              14.6 mm, 1 via(s) 0.6/0.3, w 0.20, gap 11.7
     Net-(U102B-A)    done in 19.5 s (1 failed)
rip  Net-(U102C-A)    ripped Net-(U106C-A), .1Vref_3, Net-(U26A-P0B), Net-(U102B-A), but Net-(U106C-A) then failed; undone
rip  Net-(U102C-A)    ripped Net-(U26A-P0B), Net-(U106C-A), .1Vref_3, Net-(D25-+), Vout_2, .1Vref_2, Out-, Net-(U102B-A), but Vout_2 then failed; undone
rip  Net-(U102C-A)    ripped Net-(U26A-P0B), Net-(U106B-B), Net-(U23-In+), Net-(U106C-A), analog_5V, .1Vref_2, Net-(D25-+), 5V, but Net-(U106B-B) then failed; undone
FAIL Net-(U102C-A): island 0 (117 cells; U102.10) to island 1 (U18.2), gap 12.9 mm
rip  Net-(U102C-A)    ripped Net-(U106C-A), .1Vref_3, Net-(U26A-P0B), Net-(U102B-A), but Net-(U106C-A) then failed; undone
rip  Net-(U102C-A)    ripped Net-(U26A-P0B), Net-(U106C-A), .1Vref_3, Net-(D25-+), Vout_2, .1Vref_2, Out-, Net-(U102B-A), but Vout_2 then failed; undone
rip  Net-(U102C-A)    ripped Net-(U106C-B), 0err_hi, Verr2, Vout_2, 12V, Net-(U102B-A), Voltage_err_3, Net-(D25-+), but Net-(D25-+) then failed; undone
FAIL Net-(U102C-A): island 1 (116 cells; U18.2) to island 2 (U28.10), gap 20.5 mm
ok   Net-(U102C-A)     43.9 mm, 2 via(s) 0.6/0.3, w 0.20, gap 33.7
     Net-(U102C-A)    done in 49.2 s (2 failed)
ok   0A_hi             16.4 mm, 2 via(s) 0.6/0.3, w 0.20, gap 8.0
ok   0A_hi             33.8 mm, 3 via(s) 0.6/0.3, w 0.20, gap 19.3
     0A_hi            done in 0.5 s
ok   IREF3              4.2 mm, 0 via(s), w 0.20, gap 3.8
ok   IREF3             66.6 mm, 2 via(s) 0.6/0.3, w 0.20, gap 27.7
     IREF3            done in 0.5 s
ok   IREF1              0.8 mm, 1 via(s) 0.6/0.3, w 0.20, gap 0.6
ok   IREF1             64.6 mm, 1 via(s) 0.6/0.3, w 0.20, gap 26.3
     IREF1            done in 2.0 s
ok   ena_out_2         12.8 mm, 1 via(s) 0.6/0.3, w 0.20, gap 11.5
ok   ena_out_2         30.9 mm, 3 via(s) 0.6/0.3, w 0.20, gap 17.8
     ena_out_2        done in 0.4 s
ok   IREF2             19.6 mm, 1 via(s) 0.6/0.3, w 0.20, gap 9.1
rip  IREF2            ripped Net-(U106B-B), .1Vref_2, Net-(U26A-P0B), IREF1, but Net-(U106B-B) then failed; undone
rip  IREF2            ripped Net-(U106B-B), .1Vref_2, Net-(U26A-P0B), analog_5V, Out-, IREF1, Net-(U106B-A), Net-(U106A-B), but Net-(U106B-A) then failed; undone
rip  IREF2            ripped Net-(U26A-P0B), Net-(U106C-A), .1Vref_1, .1Vref_3, IREF1, but Net-(U26A-P0B) then failed; undone
FAIL IREF2: island 0 (825 cells; R30.1 J9.5) to island 1 (U106.5), gap 18.6 mm
     IREF2            done in 33.4 s (1 failed)
ok   Net-(D7--)         0.9 mm, 0 via(s), w 0.20, gap 0.7
ok   Net-(D7--)        33.4 mm, 0 via(s), w 0.20, gap 28.1
     Net-(D7--)       done in 0.2 s
ok   Net-(U103A-A)     73.5 mm, 4 via(s) 0.6/0.3, w 0.20, gap 12.8
ok   Net-(U103A-A)     17.5 mm, 2 via(s) 0.6/0.3, w 0.20, gap 14.8
     Net-(U103A-A)    done in 1.2 s
rip  Reset_raw        ripped 0A_hi, IREF3, but IREF3 then failed; undone
rip  Reset_raw        ripped 0A_hi, IREF3, IREF2_input, Net-(U4-In+), but IREF2_input then failed; undone
rip  Reset_raw        ripped Net-(D24-+), .1Vref_1, Vref_1, IREF1_input, 0A_hi, Net-(U26A-P0B), IREF2, Vref_3, IREF2_input, .1Vref_2, .1Vref_3, but Net-(U26A-P0B) then failed; undone
FAIL Reset_raw: island 0 (117 cells; U101.4) to island 1 (U5.1), gap 22.4 mm
     Reset_raw        done in 22.1 s (1 failed)
ok   low_error_timeout   1.1 mm, 0 via(s), w 0.20, gap 0.8
ok   low_error_timeout   2.8 mm, 1 via(s) 0.6/0.3, w 0.20, gap 2.1
rip  low_error_timeout ripped and re-routed Out-, VerrGT0, Net-(U26B-P1B)
     ok   Net-(U26B-P1B)     0.0 mm, 1 via(s) 0.6/0.3, w 0.20, gap 0.0
     ok   Net-(U26B-P1B)     0.8 mm, 0 via(s), w 0.20, gap 0.4
     ok   Net-(U26B-P1B)     9.6 mm, 2 via(s) 0.6/0.3, w 0.20, gap 2.1
     ok   VerrGT0            5.1 mm, 0 via(s), w 0.20, gap 3.2
     ok   VerrGT0            6.2 mm, 2 via(s) 0.5/0.3, w 0.20, gap 5.3
     ok   VerrGT0           22.0 mm, 2 via(s) 0.6/0.3, w 0.20, gap 20.5
     ok   VerrGT0           35.7 mm, 2 via(s) 0.6/0.3, w 0.20, gap 28.8
     ok   Out-               2.8 mm, 0 via(s), w 0.20, gap 2.1
     ok   Out-               4.6 mm, 1 via(s) 0.6/0.3, w 0.20, gap 2.7
     ok   Out-               3.8 mm, 0 via(s), w 0.15, gap 3.2
     ok   Out-              41.6 mm, 5 via(s) 0.6/0.3, w 0.15, gap 4.4
     ok   Out-               6.0 mm, 0 via(s), w 0.20, gap 5.2
     ok   Out-              17.0 mm, 0 via(s), w 0.20, gap 7.6
     ok   Out-              14.6 mm, 1 via(s) 0.6/0.3, w 0.20, gap 11.1
ok   low_error_timeout  19.0 mm, 2 via(s) 0.5/0.3, w 0.20, gap 13.3
     low_error_timeout done in 6.5 s
ok   Net-(U102A-Y)     47.2 mm, 3 via(s) 0.6/0.3, w 0.20, gap 29.9
     Net-(U102A-Y)    done in 0.1 s
ok   Net-(U102D-Y)     34.8 mm, 4 via(s) 0.6/0.3, w 0.20, gap 25.2
     Net-(U102D-Y)    done in 0.2 s
ok   ARD_M1_INHIBIT     1.0 mm, 0 via(s), w 0.20, gap 0.8
ok   ARD_M1_INHIBIT    24.1 mm, 4 via(s) 0.6/0.3, w 0.20, gap 17.4
     ARD_M1_INHIBIT   done in 0.3 s
ok   ena_out_3         10.8 mm, 2 via(s) 0.6/0.3, w 0.20, gap 10.3
rip  ena_out_3        ripped low_error_timeout, Out-, VerrGT0, analog_5V, but Out- then failed; undone
rip  ena_out_3        ripped Out-, Net-(U26A-P0B), low_error_timeout, VerrGT0, analog_5V, Net-(D25-+), Net-(U106C-A), ena_out_2, but Net-(U106C-A) then failed; undone
rip  ena_out_3        ripped Net-(D25-+), Net-(D26-+), Net-(U26A-P0B), low_error_timeout, Out-, .1Vref_2, Net-(U106C-A), analog_5V, but Net-(U106C-A) then failed; undone
FAIL ena_out_3: island 0 (223 cells; J11.9) to island 1 (U103.4 U105.4), gap 13.2 mm
     ena_out_3        done in 40.8 s (1 failed)
rip  M1_ON            ripped .1Vref_1, IREF2_input, Net-(U26A-P0B), .1Vref_3, but .1Vref_1 then failed; undone
rip  M1_ON            ripped IREF2, .1Vref_1, Net-(U26A-P0B), Net-(U26B-P1B), IREF2_input, IREF1_input, analog_5V, .1Vref_3, but .1Vref_1 then failed; undone
rip  M1_ON            ripped low_error_timeout, Net-(U26A-P0B), Net-(U26B-P1B), Net-(U102D-Y), Net-(D24-+), .1Vref_1, Net-(U102A-Y), but .1Vref_1 then failed; undone
FAIL M1_ON: island 1 (117 cells; U101.5) to island 2 (U104.2), gap 8.9 mm
rip  M1_ON            ripped and re-routed 0err_hi, low_error_timeout, Net-(U102A-Y), Net-(D24-+)
     ok   Net-(D24-+)        7.6 mm, 1 via(s) 0.6/0.3, w 0.20, gap 0.8
     ok   Net-(D24-+)       49.5 mm, 2 via(s) 0.6/0.3, w 0.20, gap 44.1
     ok   0err_hi            1.0 mm, 1 via(s) 0.6/0.3, w 0.20, gap 0.8
     ok   0err_hi            5.1 mm, 1 via(s) 0.6/0.3, w 0.20, gap 3.5
     ok   0err_hi           19.2 mm, 2 via(s) 0.5/0.3, w 0.20, gap 5.3
     ok   0err_hi           27.8 mm, 2 via(s) 0.6/0.3, w 0.20, gap 25.8
     ok   0err_hi           30.1 mm, 1 via(s) 0.6/0.3, w 0.20, gap 25.1
     ok   low_error_timeout   1.1 mm, 0 via(s), w 0.20, gap 0.8
     ok   low_error_timeout   2.8 mm, 1 via(s) 0.6/0.3, w 0.20, gap 2.1
     ok   low_error_timeout  17.4 mm, 3 via(s) 0.5/0.3, w 0.20, gap 13.1
     ok   low_error_timeout  19.0 mm, 2 via(s) 0.6/0.3, w 0.20, gap 13.3
     ok   Net-(U102A-Y)     43.0 mm, 3 via(s) 0.6/0.3, w 0.15, gap 29.9
rip  M1_ON            ripped .1Vref_1, IREF2_input, Net-(U26A-P0B), .1Vref_3, but .1Vref_1 then failed; undone
rip  M1_ON            ripped IREF2, .1Vref_1, Net-(U26A-P0B), Net-(U26B-P1B), IREF2_input, IREF1_input, analog_5V, .1Vref_3, but .1Vref_1 then failed; undone
rip  M1_ON            ripped low_error_timeout, Net-(U26A-P0B), Net-(U26B-P1B), Net-(U102D-Y), Net-(D24-+), .1Vref_1, Net-(U102A-Y), but .1Vref_1 then failed; undone
FAIL M1_ON: island 0 (846 cells; U104.2 J11.3) to island 1 (U101.5), gap 8.9 mm
     M1_ON            done in 45.4 s (2 failed)
rip  ena_out_1        ripped Out-, Net-(U102C-A), VerrGT0, Net-(D26-+), but Net-(U102C-A) then failed; undone
rip  ena_out_1        ripped Net-(U106C-A), Out-, VerrGT0, Voltage_err_2, .1Vref_2, Net-(U102A-Y), Net-(U102C-A), Net-(D26-+), but Voltage_err_2 then failed; undone
rip  ena_out_1        ripped Net-(U106B-B), Out-, Net-(U7-In-), Net-(D26-+), but Net-(U7-In-) then failed; undone
FAIL ena_out_1: island 0 (112 cells; U102.2) to island 2 (U105.2), gap 3.7 mm
rip  ena_out_1        ripped .1Vref_2, Net-(U7-In-), analog_5V, Net-(U106B-B), but Net-(U106B-B) then failed; undone
rip  ena_out_1        ripped Net-(U106C-A), analog_5V, .1Vref_2, Voltage_err_2, Net-(U7-In-), Net-(U106B-B), Out-, .1Vout_2, but Voltage_err_2 then failed; undone
rip  ena_out_1        ripped ena_out_2, VerrGT0, .1Vref_2, 5V, Net-(D25-+), but ena_out_2 then failed; undone
FAIL ena_out_1: island 1 (226 cells; J11.5) to island 2 (U105.2), gap 13.6 mm
FAIL ena_out_1: island 0 (112 cells; U102.2) to island 1 (J11.5), gap 15.8 mm
     ena_out_1        done in 63.3 s (3 failed)
ok   Net-(D20-+)        4.0 mm, 1 via(s) 0.6/0.3, w 0.20, gap 2.8
rip  Net-(D20-+)      ripped Net-(U103A-A), IREF1, Net-(U102C-A), Net-(D26-+), but Net-(U102C-A) then failed; undone
rip  Net-(D20-+)      ripped Net-(U106B-B), VerrGT0, Net-(U103A-A), IREF1, Net-(D26-+), IREF3, 5V, Net-(D4-+), but Net-(U106B-B) then failed; undone
rip  Net-(D20-+)      ripped Net-(U103A-A), Net-(U102C-A), Net-(D4-+), Net-(D26-+), but Net-(D26-+) then failed; undone
FAIL Net-(D20-+): island 0 (276 cells; U102.6 R80.2) to island 1 (D20.2), gap 13.3 mm
     Net-(D20-+)      done in 17.5 s (1 failed)
rip  Net-(D5--)       ripped Net-(U106C-B), Voltage_err_2, Net-(U106B-B), Net-(D26-+), but Voltage_err_2 then failed; undone
rip  Net-(D5--)       ripped Net-(U106B-B), Net-(D26-+), IREF3, VerrGT0, ena_out_3, .1Vref_2, IREF1, Net-(U106C-B), but IREF3 then failed; undone
rip  Net-(D5--)       ripped and re-routed Net-(U106C-B)
     ok   Net-(U106C-B)      4.4 mm, 1 via(s) 0.6/0.3, w 0.20, gap 3.1
     ok   Net-(U106C-B)      5.6 mm, 0 via(s), w 0.20, gap 4.8
     ok   Net-(U106C-B)     15.0 mm, 2 via(s) 0.6/0.3, w 0.20, gap 11.5
rip  Net-(D5--)       ripped analog_5V, .1Vref_2, Net-(U7-In-), Net-(U106B-B), but Net-(U106B-B) then failed; undone
rip  Net-(D5--)       ripped .1Vref_2, analog_5V, Voltage_err_2, Net-(U7-In-), Net-(U106B-B), IREF1, Net-(U106C-A), .1Vout_2, but Net-(U106B-B) then failed; undone
rip  Net-(D5--)       ripped Net-(U106B-B), Net-(U106C-B), IREF1, .1Vref_2, Net-(U7-In-), VerrGT0, but Net-(U106B-B) then failed; undone
FAIL Net-(D5--): island 0 (118 cells; U105.3) to island 1 (D5.1 R64.2), gap 12.0 mm
     Net-(D5--)       done in 48.9 s (1 failed)
rip  out_3_on         ripped Net-(D4-+), 5V, Net-(U14-In+), low_error_timeout, but low_error_timeout then failed; undone
rip  out_3_on         ripped Net-(D4-+), Net-(U14-In+), 0err_hi, low_error_timeout, ARD_M1_INHIBIT, analog_5V, VerrGT0, 5V, but low_error_timeout then failed; undone
rip  out_3_on         ripped Net-(U102D-Y), Net-(U26B-P1B), analog_5V, VerrGT0, Net-(D4-+), .1Vref_1, but .1Vref_1 then failed; undone
FAIL out_3_on: island 0 (226 cells; J11.8) to island 1 (U104.8), gap 15.0 mm
     out_3_on         done in 36.2 s (1 failed)
rip  SDA              ripped IREF2, Net-(U26A-P0B), .1Vref_3, IREF2_input, but IREF2_input then failed; undone
rip  SDA              ripped .1Vref_1, IREF2, IREF2_input, .1Vref_3, Net-(U26A-P0B), Net-(U106A-B), VerrGT0, Net-(D23-+), but IREF2_input then failed; undone
rip  SDA              ripped Vref_1, analog_5V, IREF2_input, 0A_hi, .1Vref_3, Net-(U26A-P0B), but Net-(U26A-P0B) then failed; undone
FAIL SDA: island 0 (309 cells; J9.8) to island 1 (U26.6), gap 11.1 mm
     SDA              done in 23.5 s (1 failed)
rip  out_2_on         ripped VerrGT0, ARD_M1_INHIBIT, 5V, Net-(U102D-Y), but Net-(U102D-Y) then failed; undone
rip  out_2_on         ripped VerrGT0, Out-, Net-(D4-+), low_error_timeout, .1Vref_1, ARD_M1_INHIBIT, 5V, Net-(D24-+), but .1Vref_1 then failed; undone
rip  out_2_on         ripped and re-routed low_error_timeout, Net-(U102D-Y), analog_5V
     ok   analog_5V          1.4 mm, 1 via(s) 0.6/0.3, w 0.40, gap 1.0
     ok   analog_5V          5.2 mm, 2 via(s) 0.6/0.3, w 0.40, gap 2.1
     ok   analog_5V          5.1 mm, 1 via(s) 0.6/0.3, w 0.40, gap 3.2
     ok   analog_5V          6.3 mm, 2 via(s) 0.6/0.3, w 0.40, gap 3.3
     ok   analog_5V          4.7 mm, 2 via(s) 0.6/0.3, w 0.40, gap 3.9
     ok   analog_5V          6.5 mm, 0 via(s), w 0.40, gap 4.9
     ok   analog_5V          6.6 mm, 1 via(s) 0.6/0.3, w 0.40, gap 5.0
     ok   analog_5V         10.8 mm, 1 via(s) 0.6/0.3, w 0.40, gap 8.9
     ok   analog_5V         32.1 mm, 2 via(s) 0.6/0.3, w 0.40, gap 9.3
     ok   analog_5V         13.3 mm, 1 via(s) 0.6/0.3, w 0.40, gap 11.3
     ok   low_error_timeout   1.1 mm, 0 via(s), w 0.20, gap 0.8
     ok   low_error_timeout   2.8 mm, 1 via(s) 0.6/0.3, w 0.20, gap 2.1
     ok   low_error_timeout  17.3 mm, 3 via(s) 0.5/0.3, w 0.20, gap 13.1
     ok   low_error_timeout  19.9 mm, 4 via(s) 0.6/0.3, w 0.20, gap 13.3
     ok   Net-(U102D-Y)     45.0 mm, 6 via(s) 0.6/0.3, w 0.15, gap 25.2
     out_2_on         done in 15.4 s
rip  M2_ON            ripping 0err_hi, low_error_timeout, 5V, Net-(U102A-Y) did not free a path
rip  M2_ON            ripped 0err_hi, Out-, low_error_timeout, 5V, ARD_M1_INHIBIT, Net-(U102A-Y), Net-(D24-+), M1_ON, but low_error_timeout then failed; undone
rip  M2_ON            ripped out_2_on, Net-(U102D-Y), low_error_timeout, Net-(U103A-A), but low_error_timeout then failed; undone
FAIL M2_ON: island 0 (222 cells; J11.4) to island 1 (U104.4), gap 10.2 mm
     M2_ON            done in 21.9 s (1 failed)
rip  Net-(D20--)      ripping Out-, Voltage_err_2, VerrGT0, Net-(D26-+) did not free a path
rip  Net-(D20--)      ripped Out-, Net-(U106C-A), VerrGT0, .1Vref_2, Voltage_err_2, Net-(U102C-A), Net-(U7-In-), Net-(D26-+), but Net-(D26-+) then failed; undone
rip  Net-(D20--)      ripped and re-routed Net-(U106B-B), Voltage_err_2, Out-, Net-(U106C-A), VerrGT0
     ok   Voltage_err_2      5.2 mm, 2 via(s) 0.6/0.3, w 0.20, gap 4.3
     ok   Voltage_err_2     18.2 mm, 2 via(s) 0.6/0.3, w 0.20, gap 13.6
     ok   Net-(U106B-B)      1.4 mm, 0 via(s), w 0.20, gap 1.2
     ok   Net-(U106B-B)     33.0 mm, 6 via(s) 0.6/0.3, w 0.20, gap 3.6
     ok   Net-(U106B-B)     21.3 mm, 3 via(s) 0.6/0.3, w 0.15, gap 7.4
     ok   Net-(U106C-A)      3.7 mm, 0 via(s), w 0.20, gap 2.5
     ok   Net-(U106C-A)     41.0 mm, 2 via(s) 0.6/0.3, w 0.15, gap 10.9
     ok   VerrGT0            5.1 mm, 0 via(s), w 0.20, gap 3.2
     ok   VerrGT0            6.3 mm, 2 via(s) 0.6/0.3, w 0.20, gap 5.3
     ok   VerrGT0           22.0 mm, 2 via(s) 0.6/0.3, w 0.20, gap 20.5
     ok   VerrGT0           34.0 mm, 2 via(s) 0.6/0.3, w 0.20, gap 28.8
     ok   Out-               2.8 mm, 0 via(s), w 0.20, gap 2.1
     ok   Out-               4.6 mm, 1 via(s) 0.6/0.3, w 0.20, gap 2.7
     ok   Out-              12.0 mm, 4 via(s) 0.6/0.3, w 0.20, gap 3.2
     ok   Out-              31.2 mm, 4 via(s) 0.6/0.3, w 0.15, gap 4.4
     ok   Out-               6.0 mm, 0 via(s), w 0.20, gap 5.2
     ok   Out-              13.6 mm, 0 via(s), w 0.20, gap 7.6
     ok   Out-              14.6 mm, 1 via(s) 0.6/0.3, w 0.20, gap 11.1
rip  Net-(D20--)      ripped Net-(U106B-B), .1Vref_2, VerrGT0, analog_5V, but Net-(U106B-B) then failed; undone
rip  Net-(D20--)      ripped Net-(U106B-B), VerrGT0, .1Vref_2, Net-(D26-+), IREF1, ena_out_3, Net-(U103A-A), analog_5V, but Net-(D26-+) then failed; undone
rip  Net-(D20--)      ripped Net-(U106B-B), Net-(U7-In-), analog_5V, but Net-(U106B-B) then failed; undone
FAIL Net-(D20--): island 0 (239 cells; U105.1 R81.2) to island 1 (D20.1), gap 8.8 mm
     Net-(D20--)      done in 51.2 s (1 failed)
ok   SCL               17.6 mm, 1 via(s) 0.6/0.3, w 0.15, gap 8.6
     SCL              done in 0.4 s
rip  Net-(U18-Q3)     ripped low_error_timeout, Net-(U106C-A), Net-(D25-+), .1Vref_2, but low_error_timeout then failed; undone
rip  Net-(U18-Q3)     ripped Out-, Net-(D25-+), Net-(U106C-A), low_error_timeout, analog_5V, ena_out_2, .1Vref_2, Net-(U23-In+), but ena_out_2 then failed; undone
rip  Net-(U18-Q3)     ripped Net-(D26-+), Net-(D25-+), low_error_timeout, analog_5V, but Net-(D26-+) then failed; undone
FAIL Net-(U18-Q3): island 0 (113 cells; U18.15) to island 1 (U18.7), gap 6.7 mm
     Net-(U18-Q3)     done in 30.8 s (1 failed)
rip  RESET-           ripped Net-(U102D-Y), Out-, low_error_timeout, out_2_on, but low_error_timeout then failed; undone
rip  RESET-           ripped Out-, VerrGT0, Net-(U102D-Y), SCL, low_error_timeout, ARD_M1_INHIBIT, Net-(D24-+), Net-(U102A-Y), but Net-(U102A-Y) then failed; undone
rip  RESET-           ripped VerrGT0, Net-(U26A-P0B), Net-(U102D-Y), but VerrGT0 then failed; undone
FAIL RESET-: island 0 (112 cells; U101.12) to island 1 (U101.6), gap 4.6 mm
     RESET-           done in 19.4 s (1 failed)
rip  Net-(D5-+)       ripped Net-(D4-+), IREF1, Net-(U106C-B), Net-(U103A-A), but Net-(U103A-A) then failed; undone
rip  Net-(D5-+)       ripped Net-(U106C-B), Net-(D4-+), IREF3, Net-(U102C-A), IREF1, 5V, Net-(U106B-B), Net-(D26-+), but Net-(U106B-B) then failed; undone
rip  Net-(D5-+)       ripped and re-routed Net-(D4-+)
     ok   Net-(D4-+)         6.7 mm, 1 via(s) 0.6/0.3, w 0.20, gap 4.8
     ok   Net-(D4-+)       116.8 mm, 6 via(s) 0.6/0.3, w 0.20, gap 20.8
rip  Net-(D5-+)       ripped VerrGT0, Net-(U106C-B), Voltage_err_2, IREF3, but IREF3 then failed; undone
rip  Net-(D5-+)       ripped Net-(D26-+), Net-(U106B-B), Net-(U106C-B), VerrGT0, IREF3, .1Vref_2, IREF1, Net-(U103A-A), but Net-(U106B-B) then failed; undone
rip  Net-(D5-+)       ripped Net-(U103A-A), IREF1, Net-(D26-+), Net-(U102C-A), Net-(D4-+), but Net-(D26-+) then failed; undone
FAIL Net-(D5-+): island 0 (116 cells; U103.3) to island 1 (D5.2 R63.2), gap 2.3 mm
     Net-(D5-+)       done in 36.7 s (1 failed)
rip  Out              ripped low_error_timeout, Net-(U102D-Y), 5V, Out-, but low_error_timeout then failed; undone
rip  Out              ripped VerrGT0, Net-(D4-+), Out-, low_error_timeout, Net-(U102D-Y), ARD_M1_INHIBIT, 0err_hi, 5V, but 5V then failed; undone
rip  Out              ripped and re-routed VerrGT0, Net-(U26B-P1B)
     ok   Net-(U26B-P1B)     0.0 mm, 1 via(s) 0.6/0.3, w 0.20, gap 0.0
     ok   Net-(U26B-P1B)     0.8 mm, 0 via(s), w 0.20, gap 0.4
     ok   Net-(U26B-P1B)     9.6 mm, 2 via(s) 0.6/0.3, w 0.20, gap 2.1
     ok   VerrGT0            5.1 mm, 0 via(s), w 0.20, gap 3.2
     ok   VerrGT0            6.3 mm, 2 via(s) 0.6/0.3, w 0.20, gap 5.3
     ok   VerrGT0           22.0 mm, 2 via(s) 0.6/0.3, w 0.20, gap 20.5
     ok   VerrGT0           42.3 mm, 1 via(s) 0.6/0.3, w 0.15, gap 28.8
     Out              done in 78.1 s
ok   M1_INHIBIT         1.2 mm, 1 via(s) 0.6/0.3, w 0.20, gap 0.0
ok   M1_INHIBIT         0.6 mm, 0 via(s), w 0.20, gap 0.3
ok   M1_INHIBIT         1.0 mm, 0 via(s), w 0.20, gap 0.7
ok   M1_INHIBIT         2.2 mm, 2 via(s) 0.6/0.3, w 0.20, gap 0.8
ok   M1_INHIBIT         1.0 mm, 0 via(s), w 0.20, gap 0.7
     M1_INHIBIT       done in 0.4 s
rip  Vref_3_arduino   ripped Net-(D23-+), Net-(U26A-P0B), IREF2, Net-(U106A-B), but Net-(D23-+) then failed; undone
rip  Vref_3_arduino   ripped Net-(D23-+), .1Vref_1, Net-(U26A-P0B), Net-(U106A-B), ARD_M1_INHIBIT, Net-(U22-In+), Net-(Q1-E), SCL, but Net-(D23-+) then failed; undone
rip  Vref_3_arduino   ripped Net-(D23-+), ARD_M1_INHIBIT, Vref_1, but Net-(D23-+) then failed; undone
FAIL Vref_3_arduino: island 0 (70 cells; R77.1) to island 1 (J9.3), gap 4.6 mm
     Vref_3_arduino   done in 17.6 s (1 failed)
ok   Vref_2_arduino     3.5 mm, 0 via(s), w 0.20, gap 3.0
     Vref_2_arduino   done in 0.1 s
rip  Vref_1_arduino   ripped Net-(Q1-E), Net-(U106A-B), 0err_hi, Net-(D23-+), but Net-(U106A-B) then failed; undone
rip  Vref_1_arduino   ripped Net-(D23-+), Net-(Q1-E), Net-(U106A-B), 0err_hi, analog_5V, IREF3_input, Net-(U22-In+), Net-(U26A-P0B), but IREF3_input then failed; undone
rip  Vref_1_arduino   ripped Net-(U106A-B), IREF3_input, but IREF3_input then failed; undone
FAIL Vref_1_arduino: island 0 (400 cells; J9.1) to island 1 (R101.1), gap 2.8 mm
     Vref_1_arduino   done in 17.1 s (1 failed)
ok   Net-(C8-Pad2)      1.2 mm, 0 via(s), w 0.20, gap 0.9
ok   Net-(C8-Pad2)      1.7 mm, 1 via(s) 0.6/0.3, w 0.20, gap 1.3
     Net-(C8-Pad2)    done in 0.1 s
ok   Net-(D7-+)         0.9 mm, 0 via(s), w 0.20, gap 0.7
ok   Net-(D7-+)         3.5 mm, 2 via(s) 0.6/0.3, w 0.20, gap 0.9
     Net-(D7-+)       done in 0.1 s
rip  Net-(U26E-HVC{slash}A0) ripped IREF2, SCL, Net-(U26A-P0B), .1Vref_1, but .1Vref_1 then failed; undone
rip  Net-(U26E-HVC{slash}A0) ripped .1Vref_1, SCL, IREF2, Net-(U26A-P0B), .1Vref_3, VerrGT0, Net-(D23-+), Net-(U102D-Y), but .1Vref_1 then failed; undone
rip  Net-(U26E-HVC{slash}A0) ripped .1Vref_1, VerrGT0, SCL, but .1Vref_1 then failed; undone
FAIL Net-(U26E-HVC{slash}A0): island 0 (74 cells; R102.1) to island 1 (U26.4), gap 3.6 mm
     Net-(U26E-HVC{slash}A0) done in 15.6 s (1 failed)
rip  Net-(U26E-A1)    ripping 0A_hi, .1Vref_1, SCL, Net-(U26C-P2B) did not free a path
rip  Net-(U26E-A1)    ripped .1Vref_1, 0A_hi, Net-(U26A-P0B), SCL, Net-(D23-+), IREF1_input, Vref_1, IREF2, but IREF1_input then failed; undone
rip  Net-(U26E-A1)    ripped IREF3_input, Vref_1, 0A_hi, Net-(U26C-P2B), but IREF3_input then failed; undone
FAIL Net-(U26E-A1): island 0 (59 cells; U26.16) to island 1 (R99.1), gap 3.4 mm
     Net-(U26E-A1)    done in 12.5 s (1 failed)
rip  Net-(U26E-~{RESET}) ripping 0A_hi, .1Vref_1, SCL, IREF1_input did not free a path
rip  Net-(U26E-~{RESET}) ripped .1Vref_1, Net-(U26A-P0B), 0A_hi, SCL, IREF1_input, Vref_3, IREF2, Vref_1, but IREF1_input then failed; undone
rip  Net-(U26E-~{RESET}) ripped Vref_3, .1Vref_1, Net-(U26C-P2B), 0A_hi, SCL, IREF2, IREF3_input, Net-(U26A-P0B), but Net-(U26A-P0B) then failed; undone
FAIL Net-(U26E-~{RESET}): island 0 (74 cells; R103.2) to island 1 (U26.15), gap 2.7 mm
     Net-(U26E-~{RESET}) done in 15.8 s (1 failed)
ok   Net-(U101A-Y)      1.8 mm, 1 via(s) 0.6/0.3, w 0.20, gap 1.4
     Net-(U101A-Y)    done in 0.1 s
ok   Net-(C17-Pad2)     1.0 mm, 0 via(s), w 0.20, gap 0.7
ok   Net-(C17-Pad2)     0.9 mm, 0 via(s), w 0.20, gap 0.7
     Net-(C17-Pad2)   done in 0.1 s
ok   set-               0.2 mm, 1 via(s) 0.6/0.3, w 0.20, gap 0.0
rip  set-             ripped and re-routed Net-(U102D-Y), Net-(U26B-P1B), Net-(U26A-P0B), Net-(U101A-Y)
     ok   Net-(U26A-P0B)     5.1 mm, 1 via(s) 0.6/0.3, w 0.15, gap 1.3
     ok   Net-(U26A-P0B)    28.1 mm, 3 via(s) 0.6/0.3, w 0.20, gap 5.6
     ok   Net-(U26A-P0B)    32.8 mm, 3 via(s) 0.6/0.3, w 0.15, gap 6.3
     ok   Net-(U26B-P1B)     0.0 mm, 1 via(s) 0.6/0.3, w 0.20, gap 0.0
     ok   Net-(U26B-P1B)     0.8 mm, 0 via(s), w 0.20, gap 0.4
     ok   Net-(U26B-P1B)     9.6 mm, 2 via(s) 0.6/0.3, w 0.20, gap 2.1
     ok   Net-(U102D-Y)     40.5 mm, 5 via(s) 0.6/0.3, w 0.15, gap 25.2
     ok   Net-(U101A-Y)      1.8 mm, 1 via(s) 0.6/0.3, w 0.20, gap 1.4
     set-             done in 3.7 s
ok   Net-(C9-Pad2)      0.0 mm, 1 via(s) 0.6/0.3, w 0.20, gap 0.0
ok   Net-(C9-Pad2)      0.9 mm, 0 via(s), w 0.20, gap 0.2
     Net-(C9-Pad2)    done in 0.1 s
ok   Net-(C19-Pad1)     0.2 mm, 1 via(s) 0.6/0.3, w 0.20, gap 0.0
ok   Net-(C19-Pad1)     0.9 mm, 0 via(s), w 0.20, gap 0.4
     Net-(C19-Pad1)   done in 0.1 s
ok   5V                 1.1 mm, 0 via(s), w 0.40, gap 0.0
rip  5V               ripped Net-(D23-+), Net-(U26A-P0B), ARD_M1_INHIBIT, Vref_1, but Net-(D23-+) then failed; undone
rip  5V               ripped Net-(D23-+), Vref_1, Net-(U106A-B), ARD_M1_INHIBIT, Net-(Q1-E), Net-(U26A-P0B), Vref_3, 0err_hi, but Net-(D23-+) then failed; undone
rip  5V               ripped Net-(D23-+), Vref_1, ARD_M1_INHIBIT, but Net-(D23-+) then failed; undone
FAIL 5V: island 0 (167572 cells; U28.16 U101.14 C52.1 C22.1 +28) to island 1 (R103.1), gap 0.0 mm
ok   5V                 0.3 mm, 1 via(s) 0.6/0.3, w 0.40, gap 0.0
ok   5V                 0.8 mm, 1 via(s) 0.5/0.3, w 0.40, gap 0.0
ok   5V                 2.0 mm, 0 via(s), w 0.40, gap 0.0
rip  5V               ripped SCL, Vref_3, 0A_hi, Net-(U26C-P2B), but Net-(U26C-P2B) then failed; undone
rip  5V               ripping Vref_1, .1Vref_1, Net-(U26A-P0B), Net-(D23-+), SCL, 0A_hi, IREF1_input, IREF2 did not free a path
rip  5V               ripped 0A_hi, Vref_3, Net-(U26C-P2B), but Net-(U26C-P2B) then failed; undone
FAIL 5V: island 0 (167572 cells; U28.16 U101.14 C52.1 R82.1 +31) to island 2 (U26.17), gap 0.0 mm
ok   5V                 0.2 mm, 1 via(s) 0.6/0.3, w 0.40, gap 0.0
ok   5V                 1.0 mm, 0 via(s), w 0.40, gap 0.0
rip  5V               ripping Net-(U4-In+), IREF3 did not free a path
rip  5V               ripping 0A_hi, IREF3, Net-(U4-In+), 12V, 0err_hi, Verr3 did not free a path
FAIL 5V: island 0 (167572 cells; U28.16 U101.14 C52.1 R82.1 +33) to island 3 (U5.5), gap 0.0 mm
FAIL 5V: island 0 (167572 cells; U28.16 U101.14 C52.1 R82.1 +33) to island 4 (C24.1), gap 0.0 mm
FAIL 5V: island 0 (167572 cells; U28.16 U101.14 C52.1 R82.1 +33) to island 5 (R17.2), gap 0.0 mm
FAIL 5V: island 3 (78 cells; U5.5) to island 4 (C24.1), gap 0.9 mm
FAIL 5V: island 1 (75 cells; R103.1) to island 2 (U26.17), gap 3.1 mm
FAIL 5V: island 4 (78 cells; C24.1) to island 5 (R17.2), gap 5.2 mm
FAIL 5V: island 3 (78 cells; U5.5) to island 5 (R17.2), gap 6.9 mm
FAIL 5V: island 2 (59 cells; U26.17) to island 3 (U5.5), gap 21.4 mm
FAIL 5V: island 2 (59 cells; U26.17) to island 4 (C24.1), gap 21.9 mm
FAIL 5V: island 1 (75 cells; R103.1) to island 3 (U5.5), gap 24.3 mm
FAIL 5V: island 1 (75 cells; R103.1) to island 4 (C24.1), gap 24.6 mm
FAIL 5V: island 2 (59 cells; U26.17) to island 5 (R17.2), gap 25.8 mm
FAIL 5V: island 1 (75 cells; R103.1) to island 5 (R17.2), gap 28.1 mm
     5V               done in 108.3 s (15 failed)
     GND              done in 0.0 s
tracks 2411, vias 306, failures 59, 1514 s
