board rasterised in 0.5 s
ok   Current            1.3 mm, 0 via(s), w 0.20, gap 1.1
ok   Current            1.6 mm, 0 via(s), w 0.20, gap 1.4
prot Current          track zone on In5.Cu/B.Cu, via zone all layers; 6 nets exempt in the track zone
     Current          sensitive, 0.2 s
ok   Net-(U2-In+)       0.1 mm, 1 via(s) 0.5/0.3, w 0.15, gap 0.0
ok   Net-(U2-In+)       2.9 mm, 2 via(s) 0.5/0.3, w 0.15, gap 1.9
ok   Net-(U2-In+)       7.8 mm, 1 via(s) 0.5/0.3, w 0.15, gap 6.0
prot Net-(U2-In+)     track zone on F.Cu/In5.Cu/B.Cu, via zone all layers; 9 nets exempt in the track zone
     Net-(U2-In+)     sensitive, 0.3 s
ok   V_err              9.7 mm, 1 via(s) 0.5/0.3, w 0.15, gap 0.0
ok   V_err              3.7 mm, 0 via(s), w 0.15, gap 0.6
prot V_err            track zone on F.Cu/B.Cu, via zone all layers; 11 nets exempt in the track zone (logic nets only)
     V_err            sensitive, 0.3 s
ok   Net-(U4-In+)       0.9 mm, 0 via(s), w 0.20, gap 0.7
ok   Net-(U4-In+)       0.9 mm, 0 via(s), w 0.20, gap 0.7
ok   Net-(U4-In+)       4.7 mm, 0 via(s), w 0.20, gap 3.8
     Net-(U4-In+)     done in 0.3 s
ok   Net-(U14-In+)      0.3 mm, 1 via(s) 0.5/0.3, w 0.20, gap 0.0
ok   Net-(U14-In+)      1.5 mm, 0 via(s), w 0.20, gap 1.2
ok   Net-(U14-In+)      3.7 mm, 0 via(s), w 0.20, gap 2.3
     Net-(U14-In+)    done in 0.2 s
ok   Net-(U21-In+)      0.9 mm, 0 via(s), w 0.20, gap 0.7
ok   Net-(U21-In+)      1.9 mm, 1 via(s) 0.5/0.3, w 0.20, gap 0.8
ok   Net-(U21-In+)      1.4 mm, 0 via(s), w 0.20, gap 1.1
     Net-(U21-In+)    done in 0.2 s
ok   Net-(U21-In-)      0.0 mm, 1 via(s) 0.5/0.3, w 0.20, gap 0.0
ok   Net-(U21-In-)      2.4 mm, 0 via(s), w 0.20, gap 2.0
     Net-(U21-In-)    done in 0.2 s
ok   Net-(Q1-E)         0.2 mm, 1 via(s) 0.5/0.3, w 0.20, gap 0.0
ok   Net-(Q1-E)         3.9 mm, 0 via(s), w 0.20, gap 2.3
ok   Net-(Q1-E)        20.0 mm, 0 via(s), w 0.20, gap 14.0
     Net-(Q1-E)       done in 0.4 s
stch Net-(U2-In+)     4 GND vias beside its In5.Cu run
stch Current          2 GND vias beside its B.Cu run
stch V_err            0 GND vias beside its In5.Cu run
stch J9.10            2 GND vias beside the thermal-relief pad
dcap 5V               C104.1 -> U103.14: 1.1 mm, 0 via(s), w 0.30
dcap 5V               C98.1 -> U4.5: 1.2 mm, 0 via(s), w 0.30
dcap 5V               C28.1 -> U2.5: 1.3 mm, 0 via(s), w 0.30
dcap 5V               C53.2 -> U21.5: 0.9 mm, 0 via(s), w 0.30
dcap 5V               C24.1 -> U5.5: 1.3 mm, 0 via(s), w 0.30
dcap 5V               C12.1 -> U14.5: 1.1 mm, 0 via(s), w 0.30
dcap 5V               C58.1 -> U104.14: 1.2 mm, 0 via(s), w 0.30
dcap 5V               C23.1 -> U106.14: 1.2 mm, 0 via(s), w 0.30
dcap 5V               C52.1 -> U18.16: 0.9 mm, 0 via(s), w 0.30
dcap 5V               C91.2 -> U102.14: 5.7 mm, 0 via(s), w 0.30
dcap 5V               C22.1 -> U101.14: 4.8 mm, 0 via(s), w 0.30
dcap analog_5V        C63.1 -> U22.5: 1.1 mm, 0 via(s), w 0.30
dcap analog_5V        C37.2 -> U24.5: 1.3 mm, 0 via(s), w 0.30
dcap analog_5V        C38.2 -> U23.5: 2.9 mm, 0 via(s), w 0.30
dcap analog_5V        C36.2 -> U7.5: 3.7 mm, 0 via(s), w 0.30
dcap analog_5V        C32.1 -> U13.5: 9.4 mm, 2 via(s), w 0.30
     DECAP            16 direct links, 1.8 s
fan  GND              C10.1: 0.5 mm stub, via 0.5/0.3
fan  GND              C43.2: 0.0 mm stub, via 0.5/0.3
fan  GND              U3.2: 0.2 mm stub, via 0.5/0.3
fan  GND              U28.2: 0.0 mm stub, via 0.5/0.3
fan  GND              U28.4: 1.4 mm stub, via 0.5/0.3
fan  GND              U28.5: 0.3 mm stub, via 0.5/0.3
fan  GND              U28.7: 0.2 mm stub, via 0.5/0.3
fan  GND              U28.12: 0.3 mm stub, via 0.5/0.3
fan  GND              U28.13: 0.1 mm stub, via 0.5/0.3
fan  GND              C14.2: 0.0 mm stub, via 0.5/0.3
fan  GND              U101.7: 0.0 mm stub, via 0.5/0.3
fan  GND              C52.2: 0.5 mm stub, via 0.5/0.3
fan  GND              C37.1: nearest via needs 2.0 mm, not fanned out
fan  GND              C22.2: 0.7 mm stub, via 0.5/0.3
fan  GND              U103.7: 0.0 mm stub, via 0.5/0.3
fan  GND              U18.8: 0.0 mm stub, via 0.5/0.3
fan  GND              C59.2: 0.0 mm stub, via 0.5/0.3
fan  GND              U14.2: no via reachable
fan  GND              C104.2: 0.8 mm stub, via 0.5/0.3
fan  GND              C46.2: 0.7 mm stub, via 0.5/0.3
fan  GND              C54.2: 0.0 mm stub, via 0.5/0.3
fan  GND              C63.2: 0.0 mm stub, via 0.5/0.3
fan  GND              U22.2: 0.3 mm stub, via 0.5/0.3
fan  GND              C91.1: 0.1 mm stub, via 0.5/0.3
fan  GND              C102.2: 0.0 mm stub, via 0.5/0.3
fan  GND              C92.2: 0.0 mm stub, via 0.5/0.3
fan  GND              C8.1: 0.5 mm stub, via 0.5/0.3
fan  GND              U105.7: 0.0 mm stub, via 0.5/0.3
fan  GND              C12.2: 0.0 mm stub, via 0.5/0.3
fan  GND              C26.2: 0.9 mm stub, via 0.5/0.3
fan  GND              C99.2: 0.0 mm stub, via 0.5/0.3
fan  GND              U24.2: 0.0 mm stub, via 0.5/0.3
fan  GND              U102.7: 0.0 mm stub, via 0.5/0.3
fan  GND              C15.2: 0.0 mm stub, via 0.5/0.3
fan  GND              U106.7: 0.1 mm stub, via 0.5/0.3
fan  GND              C94.2: 0.0 mm stub, via 0.5/0.3
fan  GND              C66.2: 0.0 mm stub, via 0.5/0.3
fan  GND              C42.2: 0.0 mm stub, via 0.5/0.3
fan  GND              C103.2: 0.0 mm stub, via 0.5/0.3
fan  GND              C29.2: 0.2 mm stub, via 0.5/0.3
fan  GND              C32.2: 0.2 mm stub, via 0.5/0.3
fan  GND              C68.2: no via reachable
fan  GND              U21.2: no via reachable
fan  GND              U7.2: 0.3 mm stub, via 0.5/0.3
fan  GND              U4.2: 1.2 mm stub, via 0.5/0.3
fan  GND              U13.2: nearest via needs 1.8 mm, not fanned out
fan  GND              C13.1: 0.0 mm stub, via 0.5/0.3
fan  GND              C23.2: 0.5 mm stub, via 0.5/0.3
fan  GND              C93.2: 0.8 mm stub, via 0.5/0.3
fan  GND              Q1.3: 1.2 mm stub, via 0.5/0.3
fan  GND              C9.1: 0.0 mm stub, via 0.5/0.3
fan  GND              U2.2: 0.0 mm stub, via 0.5/0.3
fan  GND              C95.2: 0.0 mm stub, via 0.5/0.3
fan  GND              C97.2: 0.0 mm stub, via 0.5/0.3
fan  GND              C58.2: 0.0 mm stub, via 0.5/0.3
fan  GND              C53.1: 0.0 mm stub, via 0.5/0.3
fan  GND              C36.1: nearest via needs 2.2 mm, not fanned out
fan  GND              C47.2: 0.2 mm stub, via 0.5/0.3
fan  GND              U23.2: 1.2 mm stub, via 0.5/0.3
fan  GND              U26.7: no via reachable
fan  GND              U26.10: 0.5 mm stub, via 0.5/0.3
fan  GND              U26.20: 0.8 mm stub, via 0.5/0.3
fan  GND              C101.2: 0.0 mm stub, via 0.5/0.3
fan  GND              U104.7: 0.0 mm stub, via 0.5/0.3
fan  GND              C19.2: 0.0 mm stub, via 0.5/0.3
fan  GND              C98.2: 0.0 mm stub, via 0.5/0.3
     FANOUT:GND       59 vias, 7 pads skipped, 3.1 s
fan  5V               U28.16: 0.0 mm stub, via 0.5/0.3
fan  5V               U101.14: 0.0 mm stub, via 0.5/0.3
fan  5V               C52.1: 0.0 mm stub, via 0.5/0.3
fan  5V               C22.1: 0.4 mm stub, via 0.5/0.3
fan  5V               U103.14: 0.0 mm stub, via 0.5/0.3
fan  5V               U18.16: 0.0 mm stub, via 0.5/0.3
fan  5V               U14.5: 0.1 mm stub, via 0.5/0.3
fan  5V               C104.1: 0.0 mm stub, via 0.5/0.3
fan  5V               C54.1: 0.0 mm stub, via 0.5/0.3
fan  5V               C91.2: 0.0 mm stub, via 0.5/0.3
fan  5V               C92.1: 0.1 mm stub, via 0.5/0.3
fan  5V               U105.14: 0.0 mm stub, via 0.5/0.3
fan  5V               C12.1: 0.0 mm stub, via 0.5/0.3
fan  5V               C26.1: 0.8 mm stub, via 0.5/0.3
fan  5V               C99.1: 0.0 mm stub, via 0.5/0.3
fan  5V               U102.14: 0.0 mm stub, via 0.5/0.3
fan  5V               U106.14: 0.0 mm stub, via 0.5/0.3
fan  5V               C24.1: no via reachable
fan  5V               U5.5: no via reachable
fan  5V               C29.1: nearest via needs 2.1 mm, not fanned out
fan  5V               U21.5: 0.1 mm stub, via 0.5/0.3
fan  5V               U4.5: 1.0 mm stub, via 0.5/0.3
fan  5V               C23.1: 0.4 mm stub, via 0.5/0.3
fan  5V               U2.5: 0.5 mm stub, via 0.5/0.3
fan  5V               C95.1: 0.0 mm stub, via 0.5/0.3
fan  5V               C97.1: 0.0 mm stub, via 0.5/0.3
fan  5V               C58.1: 0.0 mm stub, via 0.5/0.3
fan  5V               U26.17: no via reachable
fan  5V               C96.1: 0.6 mm stub, via 0.5/0.3
fan  5V               U104.14: 0.1 mm stub, via 0.5/0.3
     FANOUT:5V        26 vias, 4 pads skipped, 0.9 s
fan  signals          181 escape vias, 20 pads without a via site within 1.2 mm
ok   analog_5V          1.1 mm, 1 via(s) 0.5/0.3, w 0.40, gap 0.4
ok   analog_5V          0.9 mm, 1 via(s) 0.5/0.3, w 0.40, gap 0.7
rip  analog_5V        ripped and re-routed Net-(U106A-B), Net-(U106B-A)
     ok   Net-(U106A-B)      0.0 mm, 1 via(s) 0.5/0.3, w 0.20, gap 0.0
     ok   Net-(U106A-B)     14.3 mm, 1 via(s) 0.5/0.3, w 0.20, gap 12.3
     ok   Net-(U106A-B)     35.2 mm, 2 via(s) 0.5/0.3, w 0.20, gap 31.5
     ok   Net-(U106B-A)      0.9 mm, 0 via(s), w 0.20, gap 0.7
     ok   Net-(U106B-A)      1.5 mm, 1 via(s) 0.5/0.3, w 0.20, gap 1.1
ok   analog_5V          4.3 mm, 0 via(s), w 0.40, gap 3.8
ok   analog_5V          4.6 mm, 2 via(s) 0.5/0.3, w 0.40, gap 3.9
ok   analog_5V          5.9 mm, 0 via(s), w 0.40, gap 5.0
ok   analog_5V          9.8 mm, 0 via(s), w 0.40, gap 8.9
ok   analog_5V         28.8 mm, 0 via(s), w 0.40, gap 9.5
ok   analog_5V         14.2 mm, 0 via(s), w 0.40, gap 11.7
ok   analog_5V         25.1 mm, 1 via(s) 0.5/0.3, w 0.40, gap 19.0
     analog_5V        done in 8.7 s
ok   12V               40.5 mm, 1 via(s) 0.5/0.3, w 0.40, gap 6.5
ok   12V                8.6 mm, 1 via(s) 0.5/0.3, w 0.40, gap 7.4
     12V              done in 2.0 s
ok   .1Vref_2           1.2 mm, 0 via(s), w 0.20, gap 0.9
ok   .1Vref_2          28.9 mm, 0 via(s), w 0.20, gap 24.4
ok   .1Vref_2          34.8 mm, 3 via(s) 0.5/0.3, w 0.20, gap 30.7
     .1Vref_2         done in 1.1 s
     Net-(U106A-B)    done in 0.0 s
ok   Net-(U23-In+)      2.4 mm, 0 via(s), w 0.20, gap 2.0
ok   Net-(U23-In+)      4.7 mm, 0 via(s), w 0.20, gap 3.9
ok   Net-(U23-In+)     32.8 mm, 3 via(s) 0.5/0.3, w 0.20, gap 26.2
     Net-(U23-In+)    done in 0.5 s
ok   Voltage_err_2     12.0 mm, 1 via(s) 0.5/0.3, w 0.20, gap 10.4
ok   Voltage_err_2     23.4 mm, 0 via(s), w 0.20, gap 20.1
     Voltage_err_2    done in 0.5 s
rip  IREF2_input      ripped and re-routed M1_ON, Net-(U26B-P1B), RESET-, analog_5V
     ok   analog_5V          1.1 mm, 1 via(s) 0.5/0.3, w 0.40, gap 0.4
     ok   analog_5V          0.9 mm, 1 via(s) 0.5/0.3, w 0.40, gap 0.7
     ok   analog_5V          7.6 mm, 1 via(s) 0.5/0.3, w 0.40, gap 3.3
     ok   analog_5V          4.3 mm, 0 via(s), w 0.40, gap 3.8
     ok   analog_5V          4.6 mm, 2 via(s) 0.5/0.3, w 0.40, gap 3.9
     ok   analog_5V          5.9 mm, 0 via(s), w 0.40, gap 5.0
     ok   analog_5V          9.8 mm, 1 via(s) 0.5/0.3, w 0.40, gap 8.9
     ok   analog_5V         30.5 mm, 2 via(s) 0.5/0.3, w 0.40, gap 9.5
     ok   analog_5V         13.6 mm, 0 via(s), w 0.40, gap 11.7
     ok   analog_5V         25.1 mm, 1 via(s) 0.5/0.3, w 0.40, gap 19.0
     ok   Net-(U26B-P1B)     0.0 mm, 1 via(s) 0.5/0.3, w 0.20, gap 0.0
     ok   Net-(U26B-P1B)     5.2 mm, 1 via(s) 0.5/0.3, w 0.20, gap 3.4
     ok   Net-(U26B-P1B)    14.0 mm, 2 via(s) 0.5/0.3, w 0.20, gap 12.1
     ok   M1_ON             11.6 mm, 2 via(s) 0.5/0.3, w 0.20, gap 8.9
     ok   M1_ON             12.4 mm, 0 via(s), w 0.20, gap 10.6
     ok   RESET-             9.1 mm, 2 via(s) 0.5/0.3, w 0.20, gap 4.6
     IREF2_input      done in 9.0 s
rip  IREF3_input      ripped and re-routed Net-(U26C-P2B), Net-(U26E-A1), Vref_3, Vref_3_arduino
     ok   Net-(U26C-P2B)     1.2 mm, 1 via(s) 0.5/0.3, w 0.20, gap 0.4
     ok   Net-(U26C-P2B)     0.9 mm, 0 via(s), w 0.20, gap 0.7
     ok   Net-(U26C-P2B)    30.1 mm, 2 via(s) 0.5/0.3, w 0.15, gap 9.8
     ok   Vref_3             3.1 mm, 0 via(s), w 0.20, gap 2.4
     ok   Vref_3             3.5 mm, 1 via(s) 0.5/0.3, w 0.20, gap 2.6
     ok   Vref_3_arduino     5.7 mm, 1 via(s) 0.5/0.3, w 0.20, gap 4.6
     ok   Net-(U26E-A1)      6.0 mm, 0 via(s), w 0.20, gap 3.4
     IREF3_input      done in 4.0 s
rip  Net-(D25-+)      ripping Net-(U106A-B), Net-(U106C-B), .1Vout_1, Net-(U26A-P0B) did not free a path
rip  Net-(D25-+)      ripping Net-(U106A-B), analog_5V, 5V, .1Vref_1, Net-(U24-In+), Net-(U3-In-), Vout_1, Vout_3 did not free a path
rip  Net-(D25-+)      ripped and re-routed Net-(D26-+), Net-(U106A-B), Net-(U24-In+), Net-(U106C-B)
     ok   Net-(U106A-B)      0.0 mm, 1 via(s) 0.5/0.3, w 0.20, gap 0.0
     ok   Net-(U106A-B)     14.3 mm, 1 via(s) 0.5/0.3, w 0.20, gap 12.3
     ok   Net-(U106A-B)     35.2 mm, 2 via(s) 0.5/0.3, w 0.20, gap 31.5
     ok   Net-(U106C-B)      5.6 mm, 0 via(s), w 0.20, gap 4.8
     ok   Net-(U106C-B)     12.0 mm, 1 via(s) 0.5/0.3, w 0.20, gap 10.5
     ok   Net-(U106C-B)     11.9 mm, 2 via(s) 0.5/0.3, w 0.20, gap 10.6
     ok   Net-(D26-+)        2.6 mm, 1 via(s) 0.5/0.3, w 0.20, gap 2.2
     ok   Net-(D26-+)       14.3 mm, 2 via(s) 0.5/0.3, w 0.20, gap 5.0
     ok   Net-(D26-+)       11.7 mm, 2 via(s) 0.5/0.3, w 0.20, gap 10.1
     ok   Net-(U24-In+)      1.4 mm, 0 via(s), w 0.20, gap 1.1
     ok   Net-(U24-In+)      3.0 mm, 1 via(s) 0.5/0.3, w 0.20, gap 1.8
     ok   Net-(U24-In+)     19.3 mm, 2 via(s) 0.5/0.3, w 0.20, gap 3.7
ok   Net-(D25-+)        9.6 mm, 1 via(s) 0.5/0.3, w 0.20, gap 7.7
ok   Net-(D25-+)       11.5 mm, 1 via(s) 0.5/0.3, w 0.20, gap 10.2
     Net-(D25-+)      done in 9.9 s
ok   .1Vref_3          10.2 mm, 2 via(s) 0.5/0.3, w 0.20, gap 1.4
ok   .1Vref_3           7.4 mm, 0 via(s), w 0.20, gap 6.4
ok   .1Vref_3          19.0 mm, 1 via(s) 0.5/0.3, w 0.20, gap 15.1
     .1Vref_3         done in 0.6 s
ok   Net-(D4-+)         6.7 mm, 1 via(s) 0.5/0.3, w 0.20, gap 4.8
ok   Net-(D4-+)        87.2 mm, 3 via(s) 0.5/0.3, w 0.20, gap 20.6
     Net-(D4-+)       done in 1.2 s
ok   Net-(U106C-A)      7.3 mm, 0 via(s), w 0.20, gap 6.5
ok   Net-(U106C-A)     16.0 mm, 0 via(s), w 0.20, gap 10.9
     Net-(U106C-A)    done in 0.3 s
     Net-(U106C-B)    done in 0.0 s
ok   Output1_drain     22.0 mm, 1 via(s) 0.5/0.3, w 0.15, gap 18.4
     Output1_drain    done in 0.5 s
ok   .1Vref_1           5.6 mm, 1 via(s) 0.5/0.3, w 0.20, gap 2.7
ok   .1Vref_1          85.1 mm, 5 via(s) 0.5/0.3, w 0.20, gap 9.4
ok   .1Vref_1          12.5 mm, 1 via(s) 0.5/0.3, w 0.15, gap 10.1
     .1Vref_1         done in 2.9 s
rip  Net-(U7-In-)     ripping Net-(D25-+), Net-(U23-In+), Voltage_err_2, low_error_timeout did not free a path
rip  Net-(U7-In-)     ripping Net-(D25-+), Net-(U23-In+), 5V, .1Vref_1, analog_5V, Voltage_err_2, Net-(U18-Q3), Out- did not free a path
rip  Net-(U7-In-)     ripped 5V, Net-(C17-Pad2), Voltage_err_2, but 5V then failed; undone
FAIL Net-(U7-In-): island 0 (75 cells; R31.1) to island 1 (R32.2), gap 7.7 mm
ok   Net-(U7-In-)      12.1 mm, 0 via(s), w 0.20, gap 10.5
     Net-(U7-In-)     done in 36.2 s (1 failed)
     Net-(U26B-P1B)   done in 0.0 s
     Net-(D26-+)      done in 0.0 s
ok   Net-(U26A-P0B)     1.5 mm, 1 via(s) 0.5/0.3, w 0.20, gap 1.3
rip  Net-(U26A-P0B)   ripped and re-routed analog_5V, Net-(U24-In+), .1Vref_1, Net-(U106A-B)
     ok   analog_5V          1.1 mm, 1 via(s) 0.5/0.3, w 0.40, gap 0.4
     ok   analog_5V          0.9 mm, 1 via(s) 0.5/0.3, w 0.40, gap 0.7
     ok   analog_5V          6.4 mm, 2 via(s) 0.5/0.3, w 0.40, gap 3.3
     ok   analog_5V          4.3 mm, 0 via(s), w 0.40, gap 3.8
     ok   analog_5V          4.6 mm, 2 via(s) 0.5/0.3, w 0.40, gap 3.9
     ok   analog_5V          5.9 mm, 0 via(s), w 0.40, gap 5.0
     ok   analog_5V          9.8 mm, 1 via(s) 0.5/0.3, w 0.40, gap 8.9
     ok   analog_5V         30.5 mm, 2 via(s) 0.5/0.3, w 0.40, gap 9.5
     ok   analog_5V         15.3 mm, 0 via(s), w 0.40, gap 11.7
     ok   analog_5V         23.9 mm, 2 via(s) 0.5/0.3, w 0.40, gap 19.0
     ok   Net-(U106A-B)      0.0 mm, 1 via(s) 0.5/0.3, w 0.20, gap 0.0
     ok   Net-(U106A-B)     14.3 mm, 1 via(s) 0.5/0.3, w 0.20, gap 12.3
     ok   Net-(U106A-B)     46.9 mm, 2 via(s) 0.5/0.3, w 0.20, gap 31.5
     ok   .1Vref_1           5.2 mm, 1 via(s) 0.5/0.3, w 0.20, gap 3.0
     ok   .1Vref_1          44.7 mm, 6 via(s) 0.5/0.3, w 0.15, gap 9.6
     ok   .1Vref_1          12.4 mm, 2 via(s) 0.5/0.3, w 0.15, gap 10.2
     ok   Net-(U24-In+)      1.4 mm, 0 via(s), w 0.20, gap 1.1
     ok   Net-(U24-In+)      3.0 mm, 1 via(s) 0.5/0.3, w 0.20, gap 1.8
     ok   Net-(U24-In+)     15.9 mm, 2 via(s) 0.5/0.3, w 0.15, gap 3.7
ok   Net-(U26A-P0B)    65.1 mm, 5 via(s) 0.5/0.3, w 0.20, gap 12.7
     Net-(U26A-P0B)   done in 13.3 s
rip  Vout_2           ripped .1Vref_2, Net-(D25-+), analog_5V, Net-(C9-Pad2), but Net-(D25-+) then failed; undone
rip  Vout_2           ripped Output1_drain, .1Vref_2, Net-(D25-+), analog_5V, .1Vout_2, Net-(U7-In-), Net-(C9-Pad2), but Net-(D25-+) then failed; undone
rip  Vout_2           ripped analog_5V, .1Vref_1, .1Vref_3, but .1Vref_1 then failed; undone
FAIL Vout_2: island 0 (226 cells; J11.15) to island 1 (R35.2), gap 19.2 mm
     Vout_2           done in 38.0 s (1 failed)
rip  IREF1_input      ripped Vref_3, Net-(U26A-P0B), analog_5V, Net-(U26C-P2B), but Net-(U26A-P0B) then failed; undone
rip  IREF1_input      ripped Net-(U26C-P2B), RESET-, Vref_3, .1Vref_3, Net-(U26E-A1), .1Vref_1, analog_5V, Net-(U26A-P0B), but Net-(U26A-P0B) then failed; undone
rip  IREF1_input      ripped 12V, Net-(U106A-B), Net-(U26A-P0B), but Net-(U106A-B) then failed; undone
FAIL IREF1_input: island 0 (228 cells; J11.26) to island 1 (U26.12), gap 13.5 mm
     IREF1_input      done in 37.5 s (1 failed)
ok   Vref_1             1.1 mm, 0 via(s), w 0.20, gap 0.9
rip  Vref_1           ripped Net-(U106A-B), Net-(Q1-E), Vref_3_arduino, .1Vref_1, but .1Vref_1 then failed; undone
rip  Vref_1           ripped Net-(U106A-B), Net-(Q1-E), .1Vref_1, IREF3_input, Vref_3_arduino, .1Vref_3, analog_5V, Net-(U26E-A1), but .1Vref_1 then failed; undone
rip  Vref_1           ripped Net-(U106A-B), Net-(U22-In+), IREF3_input, but IREF3_input then failed; undone
FAIL Vref_1: island 0 (73 cells; R101.2) to island 1 (C103.1 R6.1), gap 11.8 mm
     Vref_1           done in 37.4 s (1 failed)
ok   Net-(D23-+)        0.8 mm, 1 via(s) 0.5/0.3, w 0.20, gap 0.6
ok   Net-(D23-+)        3.4 mm, 0 via(s), w 0.20, gap 2.5
rip  Net-(D23-+)      ripped Net-(U106A-B), Net-(Q1-E), .1Vref_1, analog_5V, but .1Vref_1 then failed; undone
rip  Net-(D23-+)      ripped Net-(U106A-B), Net-(Q1-E), analog_5V, .1Vref_1, IREF3_input, Vref_3_arduino, Net-(U14-In+), .1Vref_3, but .1Vref_1 then failed; undone
rip  Net-(D23-+)      ripped IREF3_input, Vref_2, Vref_2_arduino, Net-(U22-In+), but IREF3_input then failed; undone
FAIL Net-(D23-+): island 0 (175 cells; U22.1 D23.2) to island 1 (R90.2 C49.2), gap 11.6 mm
     Net-(D23-+)      done in 39.8 s (1 failed)
rip  Output2_drain    ripped Net-(U26A-P0B), analog_5V, Net-(U106A-B), .1Vout_3, but Net-(U26A-P0B) then failed; undone
rip  Output2_drain    ripped Net-(U26A-P0B), analog_5V, Net-(U106C-B), Net-(U23-In+), Net-(D26-+), Net-(U106B-A), Net-(U106A-B), Net-(U24-In+), but Net-(U26A-P0B) then failed; undone
rip  Output2_drain    ripped Net-(U26A-P0B), Net-(U106A-B), analog_5V, Net-(U13-In-), Voltage_err_3, .1Vout_1, Net-(U3-In-), Net-(D25-+), .1Vout_3, but Net-(U26A-P0B) then failed; undone
FAIL Output2_drain: island 0 (228 cells; J11.16) to island 1 (R25.1), gap 13.0 mm
     Output2_drain    done in 44.3 s (1 failed)
ok   Net-(U106B-B)      1.4 mm, 0 via(s), w 0.20, gap 1.2
rip  Net-(U106B-B)    ripping Net-(U26A-P0B), Net-(D26-+), analog_5V, Net-(U106C-B) did not free a path
rip  Net-(U106B-B)    ripping Net-(U26A-P0B), analog_5V, Net-(D25-+), Net-(U106C-B), Net-(D26-+), .1Vref_1, Net-(U24-In+), .1Vref_3 did not free a path
FAIL Net-(U106B-B): island 1 (342 cells; U106.4 C64.1) to island 2 (R93.1), gap 3.6 mm
ok   Net-(U106B-B)     10.9 mm, 1 via(s) 0.5/0.3, w 0.15, gap 7.4
rip  Net-(U106B-B)    ripping Net-(U26A-P0B), Net-(D26-+), analog_5V, Net-(U106C-B) did not free a path
rip  Net-(U106B-B)    ripping Net-(U26A-P0B), analog_5V, Net-(D25-+), Net-(U106C-B), Net-(D26-+), .1Vref_1, Net-(U24-In+), .1Vref_3 did not free a path
FAIL Net-(U106B-B): island 0 (576 cells; U106.4 U23.4 C64.1) to island 1 (R93.1), gap 3.6 mm
     Net-(U106B-B)    done in 17.9 s (2 failed)
     Net-(U26C-P2B)   done in 0.0 s
ok   Verr1              0.4 mm, 1 via(s) 0.5/0.3, w 0.20, gap 0.0
ok   Verr1              0.7 mm, 0 via(s), w 0.20, gap 0.5
rip  Verr1            ripped Net-(U4-In+), 5V, Net-(D4-+), analog_5V, but 5V then failed; undone
rip  Verr1            ripped Net-(U4-In+), Net-(D4-+), analog_5V, 5V, Verr2, 12V, Net-(U102B-A), but 5V then failed; undone
rip  Verr1            ripped and re-routed 12V, Net-(D4-+), Net-(U21-In-), Net-(U21-In+), Net-(D5-+), Net-(U103A-A)
     ok   Net-(U21-In+)      0.9 mm, 0 via(s), w 0.20, gap 0.7
     ok   Net-(U21-In+)      1.9 mm, 1 via(s) 0.5/0.3, w 0.20, gap 0.8
     ok   Net-(U21-In+)      1.4 mm, 0 via(s), w 0.20, gap 1.1
     ok   Net-(U21-In-)      0.0 mm, 1 via(s) 0.5/0.3, w 0.20, gap 0.0
     ok   Net-(U21-In-)      2.4 mm, 0 via(s), w 0.20, gap 2.0
     ok   12V               43.2 mm, 2 via(s) 0.5/0.3, w 0.40, gap 6.5
     ok   12V                8.3 mm, 1 via(s) 0.5/0.3, w 0.40, gap 7.4
     ok   Net-(D4-+)         7.1 mm, 2 via(s) 0.5/0.3, w 0.20, gap 4.8
     ok   Net-(D4-+)        84.7 mm, 3 via(s) 0.5/0.3, w 0.20, gap 20.8
     ok   Net-(D5-+)         3.9 mm, 1 via(s) 0.5/0.3, w 0.20, gap 3.7
     ok   Net-(D5-+)        21.8 mm, 2 via(s) 0.5/0.3, w 0.20, gap 20.6
     ok   Net-(U103A-A)     13.7 mm, 2 via(s) 0.5/0.3, w 0.20, gap 12.8
     ok   Net-(U103A-A)     16.2 mm, 2 via(s) 0.5/0.3, w 0.20, gap 14.8
     Verr1            done in 73.1 s
rip  Voltage_err_1    ripped and re-routed analog_5V, Vref_3, .1Vref_1, .1Vref_3
     ok   analog_5V          1.1 mm, 1 via(s) 0.5/0.3, w 0.40, gap 0.4
     ok   analog_5V          0.9 mm, 1 via(s) 0.5/0.3, w 0.40, gap 0.7
     ok   analog_5V          6.4 mm, 2 via(s) 0.5/0.3, w 0.40, gap 3.3
     ok   analog_5V          4.3 mm, 0 via(s), w 0.40, gap 3.8
     ok   analog_5V          4.6 mm, 2 via(s) 0.5/0.3, w 0.40, gap 3.9
     ok   analog_5V          5.9 mm, 0 via(s), w 0.40, gap 5.0
     ok   analog_5V          9.8 mm, 1 via(s) 0.5/0.3, w 0.40, gap 8.9
     ok   analog_5V         30.5 mm, 2 via(s) 0.5/0.3, w 0.40, gap 9.5
     ok   analog_5V         13.9 mm, 0 via(s), w 0.40, gap 11.7
     ok   analog_5V         23.2 mm, 2 via(s) 0.5/0.3, w 0.40, gap 19.0
     ok   .1Vref_3           9.3 mm, 2 via(s) 0.5/0.3, w 0.20, gap 1.4
     ok   .1Vref_3           7.0 mm, 1 via(s) 0.5/0.3, w 0.20, gap 6.4
     ok   .1Vref_3          19.1 mm, 2 via(s) 0.5/0.3, w 0.20, gap 15.1
     ok   .1Vref_1           5.2 mm, 1 via(s) 0.5/0.3, w 0.20, gap 3.0
     ok   .1Vref_1          52.4 mm, 5 via(s) 0.5/0.3, w 0.15, gap 9.6
     ok   .1Vref_1          12.4 mm, 2 via(s) 0.5/0.3, w 0.15, gap 10.2
     ok   Vref_3             3.1 mm, 0 via(s), w 0.20, gap 2.4
     ok   Vref_3             3.1 mm, 1 via(s) 0.5/0.3, w 0.15, gap 2.6
rip  Voltage_err_1    ripped Verr1, .1Vref_2, IREF3, .1Vref_1, but Verr1 then failed; undone
rip  Voltage_err_1    ripped Net-(U26C-P2B), Verr1, .1Vref_2, IREF3_input, 12V, Vref_1, Vref_2, IREF3, but Net-(U26C-P2B) then failed; undone
rip  Voltage_err_1    ripped 12V, Net-(U106A-B), .1Vref_2, but Net-(U106A-B) then failed; undone
FAIL Voltage_err_1: island 0 (219 cells; U3.1 R3.1) to island 1 (R27.1), gap 11.3 mm
     Voltage_err_1    done in 37.3 s (1 failed)
ok   Voltage_err_3      4.5 mm, 0 via(s), w 0.20, gap 3.3
rip  Voltage_err_3    ripped and re-routed Net-(U24-In+), Net-(U106A-B), analog_5V, Net-(U103A-A)
     ok   analog_5V          1.1 mm, 1 via(s) 0.5/0.3, w 0.40, gap 0.4
     ok   analog_5V          0.9 mm, 1 via(s) 0.5/0.3, w 0.40, gap 0.7
     ok   analog_5V          6.4 mm, 2 via(s) 0.5/0.3, w 0.40, gap 3.3
     ok   analog_5V          4.3 mm, 0 via(s), w 0.40, gap 3.8
     ok   analog_5V          4.6 mm, 2 via(s) 0.5/0.3, w 0.40, gap 3.9
     ok   analog_5V          6.1 mm, 2 via(s) 0.5/0.3, w 0.40, gap 5.0
     ok   analog_5V          9.8 mm, 1 via(s) 0.5/0.3, w 0.40, gap 8.9
     ok   analog_5V         30.5 mm, 2 via(s) 0.5/0.3, w 0.40, gap 9.5
     ok   analog_5V         14.0 mm, 0 via(s), w 0.40, gap 11.7
     ok   analog_5V         23.7 mm, 2 via(s) 0.5/0.3, w 0.40, gap 19.0
     ok   Net-(U106A-B)      0.0 mm, 1 via(s) 0.5/0.3, w 0.20, gap 0.0
     ok   Net-(U106A-B)     14.3 mm, 1 via(s) 0.5/0.3, w 0.20, gap 12.3
     ok   Net-(U106A-B)     45.4 mm, 2 via(s) 0.5/0.3, w 0.15, gap 31.5
     ok   Net-(U24-In+)      1.4 mm, 0 via(s), w 0.20, gap 1.1
     ok   Net-(U24-In+)      3.0 mm, 1 via(s) 0.5/0.3, w 0.20, gap 1.8
     ok   Net-(U24-In+)     15.9 mm, 2 via(s) 0.5/0.3, w 0.15, gap 3.7
     ok   Net-(U103A-A)     13.7 mm, 2 via(s) 0.5/0.3, w 0.20, gap 12.8
     ok   Net-(U103A-A)     16.2 mm, 2 via(s) 0.5/0.3, w 0.20, gap 14.8
     Voltage_err_3    done in 9.1 s
rip  Output3_drain    ripped Net-(U106C-B), Net-(U26A-P0B), Voltage_err_3, Net-(U106A-B), but Net-(U26A-P0B) then failed; undone
rip  Output3_drain    ripped Net-(U106C-B), Net-(D26-+), Voltage_err_3, Net-(U26A-P0B), Net-(U106A-B), analog_5V, .1Vref_1, Net-(D4-+), but .1Vref_1 then failed; undone
rip  Output3_drain    ripped Voltage_err_3, Net-(D4-+), Net-(U106A-B), Net-(D26-+), 5V, .1Vref_1, but .1Vref_1 then failed; undone
FAIL Output3_drain: island 0 (226 cells; J11.18) to island 1 (R87.1), gap 9.6 mm
     Output3_drain    done in 28.4 s (1 failed)
ok   Vref_2             5.4 mm, 1 via(s) 0.5/0.3, w 0.20, gap 0.6
ok   Vref_2            10.3 mm, 0 via(s), w 0.20, gap 8.2
     Vref_2           done in 0.4 s
     Net-(U24-In+)    done in 0.0 s
ok   Net-(U13-In-)      1.3 mm, 1 via(s) 0.5/0.3, w 0.20, gap 0.7
rip  Net-(U13-In-)    ripped analog_5V, Voltage_err_3, Net-(U106B-B), .1Vref_3, but Net-(U106B-B) then failed; undone
rip  Net-(U13-In-)    ripped Voltage_err_3, .1Vref_3, Net-(U24-In+), analog_5V, Net-(D25-+), Net-(U106B-B), Net-(U7-In-), Net-(U103A-A), but Net-(U106B-B) then failed; undone
rip  Net-(U13-In-)    ripped Net-(U26A-P0B), Net-(D25-+), analog_5V, Net-(U103A-A), but Net-(U26A-P0B) then failed; undone
FAIL Net-(U13-In-): island 0 (179 cells; R39.1 R40.2) to island 1 (U13.4), gap 6.2 mm
     Net-(U13-In-)    done in 32.8 s (1 failed)
ok   Net-(U3-In-)       0.5 mm, 1 via(s) 0.5/0.3, w 0.20, gap 0.0
ok   Net-(U3-In-)      75.2 mm, 2 via(s) 0.5/0.3, w 0.15, gap 6.9
     Net-(U3-In-)     done in 1.7 s
ok   Verr2              0.6 mm, 1 via(s) 0.5/0.3, w 0.20, gap 0.3
ok   Verr2              2.7 mm, 0 via(s), w 0.20, gap 1.0
ok   Verr2              2.9 mm, 0 via(s), w 0.20, gap 2.6
     Verr2            done in 0.4 s
ok   Net-(U22-In+)      0.9 mm, 1 via(s) 0.5/0.3, w 0.20, gap 0.6
rip  Net-(U22-In+)    ripped Net-(Q1-E), Net-(U106A-B), analog_5V, Net-(D23-+), but Net-(U106A-B) then failed; undone
rip  Net-(U22-In+)    ripped Net-(U106A-B), Net-(Q1-E), analog_5V, Net-(U3-In-), Net-(D23-+), Net-(U14-In+), Vref_3_arduino, .1Vref_3, but Net-(D23-+) then failed; undone
rip  Net-(U22-In+)    ripped Net-(U106A-B), Net-(Q1-E), Net-(D23-+), but Net-(U106A-B) then failed; undone
FAIL Net-(U22-In+): island 1 (76 cells; U22.3) to island 2 (R89.1), gap 0.9 mm
ok   Net-(U22-In+)      2.7 mm, 0 via(s), w 0.20, gap 1.7
rip  Net-(U22-In+)    ripped Net-(U106A-B), Net-(Q1-E), Net-(D23-+), Vref_1, but Net-(U106A-B) then failed; undone
rip  Net-(U22-In+)    ripped Net-(U106A-B), Net-(Q1-E), analog_5V, Net-(U3-In-), Net-(D23-+), Vref_3_arduino, IREF3_input, .1Vref_3, but Net-(D23-+) then failed; undone
rip  Net-(U22-In+)    ripped Net-(U106A-B), Net-(Q1-E), Net-(D23-+), but Net-(U106A-B) then failed; undone
FAIL Net-(U22-In+): island 0 (276 cells; C59.1 R44.2 R89.1) to island 1 (U22.3), gap 0.9 mm
     Net-(U22-In+)    done in 60.9 s (2 failed)
ok   Verr3              1.1 mm, 0 via(s), w 0.20, gap 0.9
ok   Verr3              1.3 mm, 0 via(s), w 0.20, gap 1.0
ok   Verr3              1.4 mm, 0 via(s), w 0.20, gap 1.2
     Verr3            done in 0.4 s
     Vref_3           done in 0.0 s
ok   .1Vout_3           1.2 mm, 0 via(s), w 0.20, gap 1.0
rip  .1Vout_3         ripped Voltage_err_3, Net-(U26A-P0B), Net-(U13-In-), Net-(U106C-B), but Net-(U106C-B) then failed; undone
rip  .1Vout_3         ripped Net-(U26A-P0B), Net-(U106C-B), Voltage_err_3, analog_5V, Net-(D26-+), Net-(U106A-B), Net-(U13-In-), .1Vref_1, but Net-(U26A-P0B) then failed; undone
rip  .1Vout_3         ripped Net-(U106C-B), Output3_drain, Voltage_err_3, but Net-(U106C-B) then failed; undone
FAIL .1Vout_3: island 0 (238 cells; R42.1 R43.1) to island 1 (R39.2), gap 2.5 mm
     .1Vout_3         done in 30.0 s (1 failed)
ok   Net-(U106A-A)      0.9 mm, 0 via(s), w 0.20, gap 0.7
ok   Net-(U106A-A)      3.9 mm, 2 via(s) 0.5/0.3, w 0.20, gap 0.9
     Net-(U106A-A)    done in 0.2 s
     Net-(U106B-A)    done in 0.0 s
rip  Vout_1           ripped Net-(U26A-P0B), Net-(U3-In-), .1Vref_1, .1Vref_3, but Net-(U3-In-) then failed; undone
rip  Vout_1           ripped Net-(U26A-P0B), .1Vref_1, Net-(D26-+), Net-(U106A-B), .1Vref_3, Output1_drain, Net-(U3-In-), Net-(D25-+), but Net-(D26-+) then failed; undone
rip  Vout_1           ripped .1Vref_1, but .1Vref_1 then failed; undone
FAIL Vout_1: island 0 (222 cells; J11.13) to island 1 (R9.2), gap 1.7 mm
     Vout_1           done in 22.1 s (1 failed)
rip  Vout_3           ripped .1Vref_1, Net-(D4-+), Net-(D26-+), Net-(U106A-B), but Net-(D26-+) then failed; undone
rip  Vout_3           ripped .1Vref_1, Net-(D26-+), Net-(D4-+), Net-(U106A-B), Net-(U26A-P0B), 5V, Net-(U106C-B), Net-(U3-In-), but .1Vref_1 then failed; undone
rip  Vout_3           ripped and re-routed Net-(D4-+)
     ok   Net-(D4-+)         7.1 mm, 2 via(s) 0.5/0.3, w 0.20, gap 4.8
     ok   Net-(D4-+)        84.7 mm, 3 via(s) 0.5/0.3, w 0.20, gap 20.8
     Vout_3           done in 18.1 s
rip  .1Vout_1         ripped Net-(U26A-P0B), Net-(D26-+), .1Vref_1, Net-(U106A-B), but Net-(U26A-P0B) then failed; undone
rip  .1Vout_1         ripped .1Vref_1, Net-(D26-+), Net-(U26A-P0B), Net-(D4-+), Net-(U106A-B), analog_5V, Net-(U3-In-), 5V, but .1Vref_1 then failed; undone
rip  .1Vout_1         ripped Net-(U26A-P0B), Net-(D26-+), Net-(U106A-B), but Net-(U26A-P0B) then failed; undone
FAIL .1Vout_1: island 0 (80 cells; R2.2) to island 2 (R8.1), gap 0.1 mm
rip  .1Vout_1         ripped Net-(U26A-P0B), Net-(D26-+), .1Vref_1, Net-(U106A-B), but Net-(U26A-P0B) then failed; undone
rip  .1Vout_1         ripped Net-(D26-+), Net-(U26A-P0B), .1Vref_1, Net-(U106A-B), Net-(D4-+), analog_5V, Net-(D25-+), Net-(U106C-B), but Net-(U26A-P0B) then failed; undone
rip  .1Vout_1         ripped and re-routed Net-(U26A-P0B), Net-(U3-In-)
     ok   Net-(U26A-P0B)     1.5 mm, 1 via(s) 0.5/0.3, w 0.20, gap 1.3
     ok   Net-(U26A-P0B)    29.7 mm, 6 via(s) 0.5/0.3, w 0.20, gap 5.6
     ok   Net-(U26A-P0B)    41.1 mm, 2 via(s) 0.5/0.3, w 0.15, gap 12.7
     ok   Net-(U3-In-)       0.0 mm, 1 via(s) 0.5/0.3, w 0.20, gap 0.0
     ok   Net-(U3-In-)      75.2 mm, 4 via(s) 0.5/0.3, w 0.15, gap 6.9
ok   .1Vout_1           0.6 mm, 0 via(s), w 0.20, gap 0.1
     .1Vout_1         done in 86.8 s (1 failed)
ok   Net-(D4--)         0.0 mm, 1 via(s) 0.5/0.3, w 0.20, gap 0.0
ok   Net-(D4--)         1.2 mm, 0 via(s), w 0.20, gap 0.4
     Net-(D4--)       done in 0.2 s
ok   Net-(D3-+)         0.9 mm, 1 via(s) 0.5/0.3, w 0.20, gap 0.7
     Net-(D3-+)       done in 0.1 s
ok   .1Vout_2           0.5 mm, 1 via(s) 0.5/0.3, w 0.20, gap 0.0
ok   .1Vout_2           0.7 mm, 0 via(s), w 0.20, gap 0.2
     .1Vout_2         done in 0.2 s
rip  Net-(D24-+)      ripped Net-(D4-+), Verr1, Net-(U21-In+), but Net-(D4-+) then failed; undone
rip  Net-(D24-+)      ripped Verr1, Net-(D4-+), Net-(U21-In+), 5V, Net-(U21-In-), but Net-(D4-+) then failed; undone
rip  Net-(D24-+)      ripped Net-(U21-In+), Net-(D4-+), but Net-(D4-+) then failed; undone
FAIL Net-(D24-+): island 1 (145 cells; R86.1) to island 2 (U21.1), gap 0.8 mm
ok   Net-(D24-+)       61.1 mm, 1 via(s) 0.5/0.3, w 0.15, gap 45.1
rip  Net-(D24-+)      ripped Net-(D4-+), Verr1, Net-(U21-In+), but Net-(D4-+) then failed; undone
rip  Net-(D24-+)      ripped Verr1, Net-(D4-+), Net-(U21-In+), 5V, Net-(U21-In-), but Net-(D4-+) then failed; undone
rip  Net-(D24-+)      ripped Net-(U21-In+), Net-(D4-+), but Net-(D4-+) then failed; undone
FAIL Net-(D24-+): island 0 (1100 cells; R86.1 D24.2) to island 1 (U21.1), gap 0.1 mm
     Net-(D24-+)      done in 24.0 s (2 failed)
ok   VerrGT0            3.7 mm, 0 via(s), w 0.20, gap 3.2
ok   VerrGT0            6.1 mm, 0 via(s), w 0.20, gap 5.2
ok   VerrGT0           24.8 mm, 0 via(s), w 0.20, gap 20.8
ok   VerrGT0           36.8 mm, 1 via(s) 0.5/0.3, w 0.20, gap 29.2
     VerrGT0          done in 0.9 s
ok   0err_hi            1.0 mm, 1 via(s) 0.5/0.3, w 0.20, gap 0.8
ok   0err_hi            7.8 mm, 1 via(s) 0.5/0.3, w 0.20, gap 3.5
ok   0err_hi           23.7 mm, 3 via(s) 0.5/0.3, w 0.20, gap 6.2
ok   0err_hi           28.2 mm, 0 via(s), w 0.20, gap 25.7
ok   0err_hi           42.2 mm, 2 via(s) 0.5/0.3, w 0.20, gap 27.3
     0err_hi          done in 1.3 s
ok   Out-               2.9 mm, 0 via(s), w 0.20, gap 2.1
ok   Out-               4.7 mm, 1 via(s) 0.5/0.3, w 0.20, gap 2.7
ok   Out-               3.7 mm, 0 via(s), w 0.20, gap 3.2
ok   Out-               5.4 mm, 0 via(s), w 0.20, gap 4.4
ok   Out-               8.6 mm, 0 via(s), w 0.20, gap 6.5
ok   Out-              18.5 mm, 0 via(s), w 0.20, gap 13.6
ok   Out-              18.2 mm, 1 via(s) 0.5/0.3, w 0.15, gap 16.3
     Out-             done in 1.9 s
rip  Net-(U103B-Y)    ripped and re-routed 0err_hi, Net-(D4-+), Net-(U26B-P1B), VerrGT0
     ok   Net-(D4-+)         8.9 mm, 1 via(s) 0.5/0.3, w 0.20, gap 4.8
     ok   Net-(D4-+)        84.8 mm, 4 via(s) 0.5/0.3, w 0.20, gap 20.8
     ok   Net-(U26B-P1B)     0.0 mm, 1 via(s) 0.5/0.3, w 0.20, gap 0.0
     ok   Net-(U26B-P1B)     5.5 mm, 0 via(s), w 0.20, gap 3.4
     ok   Net-(U26B-P1B)    18.1 mm, 2 via(s) 0.5/0.3, w 0.20, gap 12.2
     ok   VerrGT0            3.8 mm, 0 via(s), w 0.20, gap 3.2
     ok   VerrGT0            8.0 mm, 2 via(s) 0.5/0.3, w 0.20, gap 5.3
     ok   VerrGT0           23.9 mm, 2 via(s) 0.5/0.3, w 0.20, gap 20.9
     ok   VerrGT0           38.0 mm, 3 via(s) 0.5/0.3, w 0.20, gap 29.2
     ok   0err_hi            1.0 mm, 1 via(s) 0.5/0.3, w 0.20, gap 0.8
     ok   0err_hi           14.8 mm, 2 via(s) 0.5/0.3, w 0.20, gap 3.5
     ok   0err_hi           23.8 mm, 3 via(s) 0.5/0.3, w 0.20, gap 6.2
     ok   0err_hi           29.3 mm, 2 via(s) 0.5/0.3, w 0.20, gap 25.8
     ok   0err_hi           38.2 mm, 3 via(s) 0.5/0.3, w 0.15, gap 26.6
     Net-(U103B-Y)    done in 7.2 s
ok   Net-(D5--)         0.9 mm, 1 via(s) 0.5/0.3, w 0.20, gap 0.6
rip  Net-(D5--)       ripping Net-(U26A-P0B), Net-(U7-In-), Net-(U23-In+), analog_5V did not free a path
rip  Net-(D5--)       ripping Net-(U26A-P0B), Net-(U23-In+), Net-(U7-In-), analog_5V, .1Vref_2, Net-(U24-In+), Voltage_err_2, Net-(U106B-B) did not free a path
rip  Net-(D5--)       ripped Net-(D5-+), 0err_hi, Out-, Verr1, Net-(U103B-Y), Net-(U103A-A), 12V, analog_5V, Net-(U13-In-), Net-(U24-In+), ena_out_3, Net-(U18-Q3), but Net-(U24-In+) then failed; undone
FAIL Net-(D5--): island 0 (122 cells; U105.3) to island 1 (R64.2 D5.1), gap 31.5 mm
     Net-(D5--)       done in 22.4 s (1 failed)
ok   low_error_timeout   1.1 mm, 0 via(s), w 0.20, gap 0.8
ok   low_error_timeout   3.8 mm, 1 via(s) 0.5/0.3, w 0.20, gap 2.1
rip  low_error_timeout ripped and re-routed Net-(U3-In-)
     ok   Net-(U3-In-)       0.0 mm, 1 via(s) 0.5/0.3, w 0.20, gap 0.0
     ok   Net-(U3-In-)      78.5 mm, 4 via(s) 0.5/0.3, w 0.15, gap 6.9
ok   low_error_timeout  21.2 mm, 2 via(s) 0.5/0.3, w 0.20, gap 17.0
     low_error_timeout done in 3.8 s
rip  Net-(U102B-A)    ripping VerrGT0, 5V, Net-(U102A-Y) did not free a path
rip  Net-(U102B-A)    ripped VerrGT0, Net-(U106C-A), Out-, 5V, Net-(D20-+), ena_out_1, Net-(U102A-Y), but Net-(U102A-Y) then failed; undone
rip  Net-(U102B-A)    ripped Out-, 5V, .1Vref_3, Net-(D25-+), Net-(U26A-P0B), Net-(U13-In-), analog_5V, Net-(U102A-Y), but Net-(U26A-P0B) then failed; undone
FAIL Net-(U102B-A): island 0 (120 cells; U102.4) to island 1 (U18.3), gap 14.1 mm
rip  Net-(U102B-A)    ripped .1Vref_3, Out-, Net-(D25-+), Net-(U26A-P0B), but Net-(U26A-P0B) then failed; undone
rip  Net-(U102B-A)    ripped Net-(U26A-P0B), .1Vref_3, Out-, Net-(D25-+), Net-(U24-In+), analog_5V, Voltage_err_3, Net-(U3-In-), but analog_5V then failed; undone
rip  Net-(U102B-A)    ripped 0err_hi, Out-, Net-(U103B-Y), Net-(D5-+), Net-(D25-+), .1Vref_3, Net-(U24-In+), Voltage_err_3, but Voltage_err_3 then failed; undone
FAIL Net-(U102B-A): island 1 (120 cells; U18.3) to island 2 (U28.11), gap 19.1 mm
ok   Net-(U102B-A)     41.0 mm, 3 via(s) 0.5/0.3, w 0.15, gap 31.7
     Net-(U102B-A)    done in 56.5 s (2 failed)
ok   Net-(U102C-A)     15.3 mm, 0 via(s), w 0.15, gap 12.9
rip  Net-(U102C-A)    ripped 0err_hi, 12V, Net-(U103A-A), Net-(U102B-A), but Net-(U102B-A) then failed; undone
rip  Net-(U102C-A)    ripped 0err_hi, Net-(U102B-A), Verr1, 12V, Net-(U103A-A), Net-(U23-In+), analog_5V, Net-(U4-In+), but Net-(U102B-A) then failed; undone
rip  Net-(U102C-A)    ripped Net-(U103B-Y), 0err_hi, Net-(D5-+), Net-(D26-+), Net-(D25-+), Net-(U26A-P0B), Voltage_err_3, but Net-(D26-+) then failed; undone
FAIL Net-(U102C-A): island 0 (500 cells; U18.2 U102.10) to island 1 (U28.10), gap 20.4 mm
     Net-(U102C-A)    done in 29.1 s (1 failed)
ok   0A_hi             13.8 mm, 2 via(s) 0.5/0.3, w 0.15, gap 8.0
rip  0A_hi            ripped and re-routed Net-(U26A-P0B), .1Vref_1, VerrGT0, .1Vref_3
     ok   .1Vref_3           9.5 mm, 0 via(s), w 0.20, gap 1.4
     ok   .1Vref_3           7.4 mm, 1 via(s) 0.5/0.3, w 0.20, gap 6.4
     ok   .1Vref_3          34.4 mm, 3 via(s) 0.5/0.3, w 0.20, gap 15.1
     ok   .1Vref_1           5.2 mm, 1 via(s) 0.5/0.3, w 0.20, gap 3.0
     ok   .1Vref_1          26.3 mm, 2 via(s) 0.5/0.3, w 0.15, gap 9.6
     ok   .1Vref_1          12.4 mm, 2 via(s) 0.5/0.3, w 0.15, gap 10.2
     ok   Net-(U26A-P0B)     1.5 mm, 1 via(s) 0.5/0.3, w 0.20, gap 1.3
     ok   Net-(U26A-P0B)    29.7 mm, 6 via(s) 0.5/0.3, w 0.20, gap 5.6
     ok   Net-(U26A-P0B)    42.0 mm, 5 via(s) 0.5/0.3, w 0.15, gap 12.7
     ok   VerrGT0            3.8 mm, 0 via(s), w 0.20, gap 3.2
     ok   VerrGT0            7.9 mm, 2 via(s) 0.5/0.3, w 0.20, gap 5.3
     ok   VerrGT0           23.9 mm, 2 via(s) 0.5/0.3, w 0.20, gap 20.9
     ok   VerrGT0           38.0 mm, 3 via(s) 0.5/0.3, w 0.20, gap 29.2
     0A_hi            done in 7.1 s
ok   IREF3              4.2 mm, 0 via(s), w 0.20, gap 3.8
rip  IREF3            ripping Net-(U102B-A), Net-(U106C-B), Voltage_err_3, Net-(U103A-A) did not free a path
rip  IREF3            ripping Net-(U26A-P0B), Net-(U102B-A), Net-(U23-In+), Net-(U103A-A), 5V, VerrGT0, Voltage_err_3, Voltage_err_2 did not free a path
rip  IREF3            ripped Net-(U103B-Y), .1Vref_2, Net-(U26C-P2B), IREF2_input, .1Vref_1, Net-(D4-+), Net-(U103A-A), Out-, 5V, Net-(U106A-A), Output3_drain, ena_out_3, but .1Vref_1 then failed; undone
FAIL IREF3: island 0 (528 cells; R57.1 J9.6) to island 1 (U106.13), gap 27.6 mm
     IREF3            done in 24.0 s (1 failed)
ok   IREF1              1.2 mm, 1 via(s) 0.5/0.3, w 0.20, gap 0.6
rip  IREF1            ripping Net-(U24-In+), Voltage_err_3, Net-(U23-In+), Net-(U106B-B) did not free a path
rip  IREF1            ripping Net-(U24-In+), Voltage_err_3, analog_5V, Net-(U26A-P0B), Net-(D25-+), Net-(U23-In+), Net-(U106B-B), Net-(U103A-A) did not free a path
rip  IREF1            ripped Net-(U24-In+), Net-(U26C-P2B), IREF2_input, IREF3, .1Vref_2, Net-(D26-+), Vout_3, Net-(U26A-P0B), Net-(D4-+), .1Vref_1, .1Vout_1, Net-(D25-+), but .1Vref_1 then failed; undone
FAIL IREF1: island 0 (270 cells; R29.1 U106.6) to island 1 (J9.4), gap 26.3 mm
     IREF1            done in 16.6 s (1 failed)
ok   ena_out_2         18.1 mm, 1 via(s) 0.5/0.3, w 0.20, gap 11.5
rip  ena_out_2        ripped and re-routed 0err_hi, low_error_timeout, Net-(U3-In-), VerrGT0
     ok   Net-(U3-In-)       0.0 mm, 1 via(s) 0.5/0.3, w 0.20, gap 0.0
     ok   Net-(U3-In-)      75.5 mm, 3 via(s) 0.5/0.3, w 0.15, gap 6.9
     ok   VerrGT0            3.8 mm, 0 via(s), w 0.20, gap 3.2
     ok   VerrGT0            7.9 mm, 2 via(s) 0.5/0.3, w 0.20, gap 5.3
     ok   VerrGT0           23.9 mm, 2 via(s) 0.5/0.3, w 0.20, gap 20.9
     ok   VerrGT0           40.0 mm, 3 via(s) 0.5/0.3, w 0.20, gap 29.2
     ok   0err_hi            1.0 mm, 1 via(s) 0.5/0.3, w 0.20, gap 0.8
     ok   0err_hi            6.7 mm, 1 via(s) 0.5/0.3, w 0.20, gap 3.5
     ok   0err_hi           23.8 mm, 3 via(s) 0.5/0.3, w 0.20, gap 6.2
     ok   0err_hi           29.3 mm, 2 via(s) 0.5/0.3, w 0.20, gap 25.8
     ok   0err_hi           38.2 mm, 3 via(s) 0.5/0.3, w 0.15, gap 26.6
     ok   low_error_timeout   1.1 mm, 0 via(s), w 0.20, gap 0.8
     ok   low_error_timeout   2.7 mm, 1 via(s) 0.5/0.3, w 0.20, gap 2.1
     ok   low_error_timeout  21.4 mm, 2 via(s) 0.5/0.3, w 0.20, gap 15.8
     ok   low_error_timeout  21.8 mm, 2 via(s) 0.5/0.3, w 0.15, gap 17.0
     ena_out_2        done in 6.9 s
ok   Net-(D7--)         1.1 mm, 0 via(s), w 0.20, gap 0.8
rip  Net-(D7--)       ripped Net-(U3-In-), low_error_timeout, 5V, ena_out_2, but low_error_timeout then failed; undone
rip  Net-(D7--)       ripped 0err_hi, low_error_timeout, VerrGT0, 5V, Net-(U3-In-), ena_out_2, Net-(U26B-P1B), Net-(D4-+), but 0err_hi then failed; undone
rip  Net-(D7--)       ripped low_error_timeout, analog_5V, Out-, Output1_drain, VerrGT0, ena_out_2, .1Vref_2, Net-(U106C-A), Net-(C17-Pad2), Net-(U7-In-), Net-(U101A-Y), set-, but .1Vref_2 then failed; undone
FAIL Net-(D7--): island 0 (120 cells; U104.13) to island 1 (D7.1 R79.2), gap 28.1 mm
     Net-(D7--)       done in 27.0 s (1 failed)
     Net-(D5-+)       done in 0.0 s
rip  IREF2            ripped analog_5V, IREF2_input, .1Vref_1, Net-(U103B-Y), but .1Vref_1 then failed; undone
rip  IREF2            ripped analog_5V, 0A_hi, IREF2_input, .1Vref_1, Net-(U103B-Y), Net-(D24-+), RESET-, Net-(U26B-P1B), but .1Vref_1 then failed; undone
rip  IREF2            ripped Net-(D24-+), 0A_hi, 5V, IREF1_input, Vref_3, Voltage_err_1, but IREF1_input then failed; undone
FAIL IREF2: island 0 (138 cells; R30.1) to island 1 (J9.5), gap 9.1 mm
rip  IREF2            ripped Net-(U24-In+), Net-(U106B-B), Voltage_err_3, analog_5V, but Net-(U106B-B) then failed; undone
rip  IREF2            ripped Net-(U26A-P0B), Net-(U23-In+), Net-(U24-In+), analog_5V, Net-(U103A-A), Voltage_err_3, Net-(U106C-B), Net-(U106B-B), but Net-(U106B-B) then failed; undone
rip  IREF2            ripped Net-(U3-In-), Out-, Net-(U103A-A), Net-(D4-+), .1Vref_2, IREF1, IREF2_input, Net-(D25-+), .1Vref_1, Net-(U24-In+), but .1Vref_1 then failed; undone
FAIL IREF2: island 0 (138 cells; R30.1) to island 2 (U106.5), gap 18.5 mm
FAIL IREF2: island 1 (308 cells; J9.5) to island 2 (U106.5), gap 26.0 mm
     IREF2            done in 70.1 s (3 failed)
ok   Net-(C8-Pad2)      0.9 mm, 0 via(s), w 0.20, gap 0.7
rip  Net-(C8-Pad2)    ripping 5V, Net-(U102B-A), VerrGT0, Net-(U103A-A) did not free a path
rip  Net-(C8-Pad2)    ripping Net-(U102B-A), Net-(U103A-A), Net-(U106C-B), 5V, Net-(D26-+), VerrGT0, Net-(D5-+), Voltage_err_2 did not free a path
rip  Net-(C8-Pad2)    ripped Net-(U103A-A), Net-(U102B-A), 0err_hi, Net-(D24-+), Net-(D4-+), Verr2, Net-(U106C-B), Verr1, Net-(U102C-A), Net-(U23-In+), Voltage_err_2, but Net-(U102C-A) then failed; undone
FAIL Net-(C8-Pad2): island 0 (102 cells; C8.2) to island 1 (R63.1 R64.1), gap 22.0 mm
     Net-(C8-Pad2)    done in 20.9 s (1 failed)
     Net-(U103A-A)    done in 0.0 s
rip  Reset_raw        ripping 0A_hi, 0err_hi, 12V, 5V did not free a path
rip  Reset_raw        ripping 0A_hi, 12V, 0err_hi, Verr1, 5V, Net-(D5-+), Net-(U4-In+) did not free a path
FAIL Reset_raw: island 0 (120 cells; U101.4) to island 1 (U5.1), gap 22.4 mm
     Reset_raw        done in 11.0 s (1 failed)
rip  Net-(U102A-Y)    ripped Net-(U102B-A), ena_out_1, VerrGT0, but VerrGT0 then failed; undone
rip  Net-(U102A-Y)    ripped Net-(U102B-A), Net-(U106C-A), VerrGT0, Out-, 5V, Voltage_err_2, Net-(D20-+), ena_out_1, but Out- then failed; undone
rip  Net-(U102A-Y)    ripped M1_ON, Out-, low_error_timeout, Net-(U26A-P0B), ena_out_2, Net-(U102C-A), analog_5V, Net-(U3-In-), Net-(U102B-A), .1Vref_3, Net-(U26B-P1B), 5V, but Net-(U26B-P1B) then failed; undone
FAIL Net-(U102A-Y): island 0 (119 cells; U102.3) to island 1 (U104.3), gap 29.8 mm
     Net-(U102A-Y)    done in 24.9 s (1 failed)
rip  Net-(U102D-Y)    ripped .1Vref_2, Net-(U106C-A), ena_out_2, Net-(U102C-A), but Net-(U102C-A) then failed; undone
rip  Net-(U102D-Y)    ripped Net-(U106C-A), .1Vref_2, VerrGT0, Voltage_err_2, Out-, ena_out_2, Net-(U102C-A), 5V, but Net-(U102C-A) then failed; undone
rip  Net-(U102D-Y)    ripped Net-(U102C-A), .1Vref_3, low_error_timeout, Net-(U26A-P0B), analog_5V, Net-(U3-In-), M1_ON, Net-(U26B-P1B), ena_out_2, 5V, Net-(U18-Q3), Net-(U7-In-), but Net-(U26A-P0B) then failed; undone
FAIL Net-(U102D-Y): island 0 (121 cells; U102.11) to island 1 (U104.5), gap 25.2 mm
     Net-(U102D-Y)    done in 26.5 s (1 failed)
ok   ARD_M1_INHIBIT     1.0 mm, 0 via(s), w 0.20, gap 0.8
ok   ARD_M1_INHIBIT    22.9 mm, 1 via(s) 0.5/0.3, w 0.20, gap 17.4
     ARD_M1_INHIBIT   done in 0.4 s
rip  ena_out_3        ripped and re-routed Net-(U26A-P0B), Net-(U24-In+), Net-(U23-In+), Net-(U7-In-)
     ok   Net-(U23-In+)      2.4 mm, 0 via(s), w 0.20, gap 2.0
     ok   Net-(U23-In+)      5.0 mm, 2 via(s) 0.5/0.3, w 0.20, gap 4.2
     ok   Net-(U23-In+)     35.8 mm, 2 via(s) 0.5/0.3, w 0.15, gap 26.2
     ok   Net-(U7-In-)      32.8 mm, 4 via(s) 0.5/0.3, w 0.15, gap 7.8
     ok   Net-(U7-In-)      11.5 mm, 1 via(s) 0.5/0.3, w 0.20, gap 9.3
     ok   Net-(U26A-P0B)     1.5 mm, 1 via(s) 0.5/0.3, w 0.20, gap 1.3
     ok   Net-(U26A-P0B)    15.2 mm, 2 via(s) 0.5/0.3, w 0.15, gap 5.6
     ok   Net-(U26A-P0B)    45.6 mm, 5 via(s) 0.5/0.3, w 0.15, gap 12.7
     ok   Net-(U24-In+)      1.4 mm, 0 via(s), w 0.20, gap 1.1
     ok   Net-(U24-In+)      3.0 mm, 1 via(s) 0.5/0.3, w 0.20, gap 1.8
     ok   Net-(U24-In+)     15.7 mm, 2 via(s) 0.5/0.3, w 0.15, gap 3.7
ok   ena_out_3         14.5 mm, 1 via(s) 0.5/0.3, w 0.15, gap 13.2
     ena_out_3        done in 6.4 s
ok   Net-(D20--)       10.1 mm, 0 via(s), w 0.20, gap 8.7
ok   Net-(D20--)       13.6 mm, 0 via(s), w 0.20, gap 10.6
     Net-(D20--)      done in 0.3 s
     M1_ON            done in 0.0 s
ok   Net-(D20-+)        2.8 mm, 1 via(s) 0.5/0.3, w 0.20, gap 2.5
ok   Net-(D20-+)       18.0 mm, 2 via(s) 0.5/0.3, w 0.20, gap 16.8
     Net-(D20-+)      done in 0.2 s
ok   ena_out_1          4.7 mm, 1 via(s) 0.5/0.3, w 0.20, gap 3.7
rip  ena_out_1        ripped Net-(U3-In-), Net-(U7-In-), .1Vref_3, ena_out_2, but Net-(U3-In-) then failed; undone
rip  ena_out_1        ripped Net-(U3-In-), low_error_timeout, Net-(U7-In-), .1Vref_3, ena_out_2, Net-(D25-+), M1_ON, analog_5V, but Net-(U7-In-) then failed; undone
rip  ena_out_1        ripped ena_out_2, .1Vref_3, Net-(D5--), Net-(U106B-B), analog_5V, Net-(U7-In-), but .1Vref_3 then failed; undone
FAIL ena_out_1: island 0 (353 cells; U105.2 U102.2) to island 1 (J11.5), gap 13.5 mm
     ena_out_1        done in 25.6 s (1 failed)
rip  out_3_on         ripped Net-(D4-+), VerrGT0, Net-(U103B-Y), 5V, but 5V then failed; undone
rip  out_3_on         ripped VerrGT0, Net-(D4-+), 0err_hi, Net-(U14-In+), low_error_timeout, Net-(U26B-P1B), Net-(U103B-Y), analog_5V, but Net-(U103B-Y) then failed; undone
rip  out_3_on         ripped Net-(U26A-P0B), Net-(D4-+), .1Vref_3, analog_5V, Net-(U26B-P1B), M1_ON, RESET-, Out-, but Net-(U26A-P0B) then failed; undone
FAIL out_3_on: island 0 (226 cells; J11.8) to island 1 (U104.8), gap 14.9 mm
     out_3_on         done in 56.2 s (1 failed)
ok   set-              22.3 mm, 1 via(s) 0.5/0.3, w 0.15, gap 6.2
ok   set-               2.6 mm, 0 via(s), w 0.20, gap 2.1
     set-             done in 0.3 s
rip  Net-(U101A-Y)    ripped set-, low_error_timeout, ena_out_2, VerrGT0, but VerrGT0 then failed; undone
rip  Net-(U101A-Y)    ripped set-, low_error_timeout, 5V, Net-(U3-In-), ena_out_2, 0err_hi, VerrGT0, Net-(D24-+), but VerrGT0 then failed; undone
rip  Net-(U101A-Y)    ripped ARD_M1_INHIBIT, Net-(U103B-Y), VerrGT0, .1Vref_3, Net-(D4-+), low_error_timeout, ena_out_2, Net-(U26E-HVC{slash}A0), Net-(U102D-Y), 0err_hi, but Net-(U103B-Y) then failed; undone
FAIL Net-(U101A-Y): island 0 (78 cells; R4.2) to island 1 (U101.3), gap 11.3 mm
     Net-(U101A-Y)    done in 29.1 s (1 failed)
rip  SDA              ripping RESET-, Net-(D24-+), Net-(U103B-Y), M1_ON did not free a path
rip  SDA              ripping RESET-, .1Vref_3, Net-(U26A-P0B), Net-(U26B-P1B), Net-(U103B-Y), 0A_hi, M1_ON, Net-(D24-+) did not free a path
rip  SDA              ripped IREF2_input, .1Vref_2, 12V, .1Vref_1, analog_5V, .1Vref_3, Reset_raw, IREF2, RESET-, M1_ON, but IREF2_input then failed; undone
FAIL SDA: island 0 (309 cells; J9.8) to island 1 (U26.6), gap 11.1 mm
     SDA              done in 18.9 s (1 failed)
rip  out_2_on         ripping Net-(U26B-P1B), Net-(U26A-P0B), RESET-, ARD_M1_INHIBIT did not free a path
rip  out_2_on         ripped set-, Net-(U103B-Y), Net-(U26B-P1B), .1Vref_3, RESET-, M1_ON, ARD_M1_INHIBIT, Net-(U26A-P0B), but Net-(U26A-P0B) then failed; undone
rip  out_2_on         ripped analog_5V, M1_ON, .1Vref_3, but .1Vref_3 then failed; undone
FAIL out_2_on: island 0 (228 cells; J11.6) to island 1 (U104.6), gap 10.2 mm
     out_2_on         done in 20.2 s (1 failed)
rip  M2_ON            ripped set-, ARD_M1_INHIBIT, Net-(U26A-P0B), 0err_hi, but set- then failed; undone
rip  M2_ON            ripped set-, M1_ON, Out-, 0err_hi, Net-(U26A-P0B), 5V, Net-(U26B-P1B), ARD_M1_INHIBIT, but 5V then failed; undone
rip  M2_ON            ripped analog_5V, M1_ON, .1Vref_3, set-, Out, but .1Vref_3 then failed; undone
FAIL M2_ON: island 0 (222 cells; J11.4) to island 1 (U104.4), gap 10.2 mm
     M2_ON            done in 55.0 s (1 failed)
ok   Net-(C17-Pad2)     1.1 mm, 0 via(s), w 0.20, gap 0.8
ok   Net-(C17-Pad2)    12.1 mm, 3 via(s) 0.5/0.3, w 0.20, gap 10.8
     Net-(C17-Pad2)   done in 0.2 s
ok   Net-(C9-Pad2)      0.0 mm, 1 via(s) 0.5/0.3, w 0.20, gap 0.0
rip  Net-(C9-Pad2)    ripped VerrGT0, .1Vref_2, Net-(D25-+), low_error_timeout, but low_error_timeout then failed; undone
rip  Net-(C9-Pad2)    ripped VerrGT0, .1Vref_2, Net-(U7-In-), low_error_timeout, .1Vout_2, Output1_drain, analog_5V, Net-(D25-+), but .1Vref_2 then failed; undone
rip  Net-(C9-Pad2)    ripped and re-routed VerrGT0, Net-(D20--), Net-(C17-Pad2), .1Vout_2
     ok   .1Vout_2           0.0 mm, 1 via(s) 0.5/0.3, w 0.20, gap 0.0
     ok   .1Vout_2           0.9 mm, 0 via(s), w 0.20, gap 0.2
     ok   VerrGT0            3.8 mm, 0 via(s), w 0.20, gap 3.2
     ok   VerrGT0            7.9 mm, 2 via(s) 0.5/0.3, w 0.20, gap 5.3
     ok   VerrGT0           23.9 mm, 2 via(s) 0.5/0.3, w 0.20, gap 20.9
     ok   VerrGT0           39.6 mm, 3 via(s) 0.5/0.3, w 0.15, gap 29.2
     ok   Net-(D20--)       10.3 mm, 2 via(s) 0.5/0.3, w 0.20, gap 8.8
     ok   Net-(D20--)       13.0 mm, 1 via(s) 0.5/0.3, w 0.20, gap 10.6
     ok   Net-(C17-Pad2)     1.1 mm, 0 via(s), w 0.20, gap 0.8
     ok   Net-(C17-Pad2)    17.0 mm, 2 via(s) 0.5/0.3, w 0.20, gap 10.8
     Net-(C9-Pad2)    done in 21.4 s
rip  SCL              ripped .1Vref_3, Net-(U103B-Y), M1_ON, 0A_hi, but M1_ON then failed; undone
rip  SCL              ripped RESET-, .1Vref_3, Net-(U103B-Y), Net-(U26A-P0B), 0A_hi, Net-(D24-+), Net-(U26B-P1B), M1_ON, but Net-(U26A-P0B) then failed; undone
rip  SCL              ripped ARD_M1_INHIBIT, Vref_3, Net-(U26A-P0B), 0A_hi, .1Vref_3, 5V, Reset_raw, but Net-(U26A-P0B) then failed; undone
FAIL SCL: island 0 (310 cells; J9.7) to island 1 (U26.5), gap 8.6 mm
     SCL              done in 15.8 s (1 failed)
rip  Net-(U18-Q3)     ripped low_error_timeout, .1Vref_3, Net-(U102C-A), Net-(D25-+), but Net-(U102C-A) then failed; undone
rip  Net-(U18-Q3)     ripped Net-(U7-In-), .1Vref_3, low_error_timeout, Net-(D25-+), Net-(U102C-A), analog_5V, ena_out_2, ena_out_3, but Net-(U7-In-) then failed; undone
rip  Net-(U18-Q3)     ripped ena_out_3, ena_out_2, Net-(U24-In+), analog_5V, Net-(U106B-B), Net-(U13-In-), Voltage_err_3, but Net-(U106B-B) then failed; undone
FAIL Net-(U18-Q3): island 0 (113 cells; U18.15) to island 1 (U18.7), gap 6.6 mm
     Net-(U18-Q3)     done in 27.2 s (1 failed)
     RESET-           done in 0.0 s
rip  Out              ripped Net-(U26B-P1B), Net-(U26A-P0B), ARD_M1_INHIBIT, .1Vref_3, but Net-(U26A-P0B) then failed; undone
rip  Out              ripped set-, Net-(U26B-P1B), .1Vref_3, Net-(D4-+), Net-(U103B-Y), M1_ON, ARD_M1_INHIBIT, Net-(U26A-P0B), but Net-(U26A-P0B) then failed; undone
rip  Out              ripped RESET-, Out-, M1_ON, Net-(U26B-P1B), but RESET- then failed; undone
FAIL Out: island 0 (119 cells; U101.8) to island 1 (U101.13), gap 5.7 mm
     Out              done in 15.7 s (1 failed)
ok   M1_INHIBIT         0.1 mm, 1 via(s) 0.5/0.3, w 0.20, gap 0.0
ok   M1_INHIBIT         1.0 mm, 0 via(s), w 0.20, gap 0.4
ok   M1_INHIBIT         2.5 mm, 1 via(s) 0.5/0.3, w 0.20, gap 0.7
ok   M1_INHIBIT         0.9 mm, 0 via(s), w 0.20, gap 0.7
ok   M1_INHIBIT         4.9 mm, 1 via(s) 0.5/0.3, w 0.15, gap 0.9
     M1_INHIBIT       done in 0.6 s
     Vref_3_arduino   done in 0.0 s
ok   Vref_2_arduino     3.4 mm, 0 via(s), w 0.20, gap 2.9
     Vref_2_arduino   done in 0.1 s
ok   Net-(D7-+)         0.9 mm, 0 via(s), w 0.20, gap 0.7
ok   Net-(D7-+)         1.3 mm, 1 via(s) 0.5/0.3, w 0.20, gap 0.9
     Net-(D7-+)       done in 0.2 s
rip  Vref_1_arduino   ripped Net-(U106A-B), Net-(Q1-E), Net-(D23-+), 0err_hi, but Net-(U106A-B) then failed; undone
rip  Vref_1_arduino   ripped Net-(U106A-B), Net-(Q1-E), 0err_hi, analog_5V, Net-(D23-+), Net-(U22-In+), Vref_3_arduino, IREF3_input, but IREF3_input then failed; undone
rip  Vref_1_arduino   ripped Net-(U106A-B), Net-(U22-In+), but Net-(U106A-B) then failed; undone
FAIL Vref_1_arduino: island 0 (400 cells; J9.1) to island 1 (R101.1), gap 2.8 mm
     Vref_1_arduino   done in 19.9 s (1 failed)
rip  Net-(U26E-HVC{slash}A0) ripping VerrGT0, analog_5V, Net-(U26A-P0B), Net-(U22-In+) did not free a path
rip  Net-(U26E-HVC{slash}A0) ripped Net-(D4-+), VerrGT0, .1Vref_3, Net-(U26A-P0B), Net-(U22-In+), analog_5V, Net-(U103B-Y), ARD_M1_INHIBIT, but .1Vref_3 then failed; undone
rip  Net-(U26E-HVC{slash}A0) ripped VerrGT0, ARD_M1_INHIBIT, but ARD_M1_INHIBIT then failed; undone
FAIL Net-(U26E-HVC{slash}A0): island 0 (77 cells; R102.1) to island 1 (U26.4), gap 3.6 mm
     Net-(U26E-HVC{slash}A0) done in 16.8 s (1 failed)
     Net-(U26E-A1)    done in 0.0 s
rip  Net-(U26E-~{RESET}) ripped Net-(U26C-P2B), Net-(U26A-P0B), Net-(U26E-A1), Net-(U3-In-), but Net-(U26C-P2B) then failed; undone
rip  Net-(U26E-~{RESET}) ripped Net-(U26E-A1), Vref_3, Net-(U26C-P2B), .1Vref_1, Net-(U3-In-), Net-(U26A-P0B), ARD_M1_INHIBIT, IREF3_input, but Net-(U3-In-) then failed; undone
rip  Net-(U26E-~{RESET}) ripped .1Vref_3, Net-(U3-In-), 0A_hi, Net-(U26A-P0B), ARD_M1_INHIBIT, IREF3_input, but Net-(U3-In-) then failed; undone
FAIL Net-(U26E-~{RESET}): island 0 (74 cells; R103.2) to island 1 (U26.15), gap 2.7 mm
     Net-(U26E-~{RESET}) done in 17.9 s (1 failed)
rip  Net-(C19-Pad1)   ripped Out-, ena_out_2, set-, Net-(U3-In-), but ena_out_2 then failed; undone
rip  Net-(C19-Pad1)   ripped Out-, ena_out_2, set-, low_error_timeout, Net-(U3-In-), M1_INHIBIT, VerrGT0, Net-(D24-+), but Out- then failed; undone
rip  Net-(C19-Pad1)   ripped Net-(U3-In-), ena_out_2, but ena_out_2 then failed; undone
FAIL Net-(C19-Pad1): island 1 (72 cells; R51.2) to island 2 (C19.1), gap 0.0 mm
rip  Net-(C19-Pad1)   ripped and re-routed Out-, set-, VerrGT0, Net-(U3-In-)
     ok   Net-(U3-In-)       0.0 mm, 1 via(s) 0.5/0.3, w 0.20, gap 0.0
     ok   Net-(U3-In-)      75.1 mm, 3 via(s) 0.5/0.3, w 0.15, gap 6.9
     ok   VerrGT0            3.8 mm, 0 via(s), w 0.20, gap 3.2
     ok   VerrGT0            7.9 mm, 2 via(s) 0.5/0.3, w 0.20, gap 5.3
     ok   VerrGT0           23.9 mm, 2 via(s) 0.5/0.3, w 0.20, gap 20.9
     ok   VerrGT0           37.9 mm, 3 via(s) 0.5/0.3, w 0.15, gap 29.2
     ok   Out-               2.8 mm, 0 via(s), w 0.20, gap 2.1
     ok   Out-               5.0 mm, 1 via(s) 0.5/0.3, w 0.20, gap 2.7
     ok   Out-               3.8 mm, 0 via(s), w 0.20, gap 3.2
     ok   Out-               5.1 mm, 2 via(s) 0.5/0.3, w 0.20, gap 4.4
     ok   Out-               8.9 mm, 2 via(s) 0.5/0.3, w 0.20, gap 6.6
     ok   Out-              17.1 mm, 2 via(s) 0.5/0.3, w 0.20, gap 13.7
     ok   Out-              18.6 mm, 1 via(s) 0.5/0.3, w 0.15, gap 16.3
     ok   set-               9.5 mm, 1 via(s) 0.5/0.3, w 0.20, gap 6.2
     ok   set-              15.3 mm, 3 via(s) 0.5/0.3, w 0.20, gap 8.1
ok   Net-(C19-Pad1)     0.6 mm, 0 via(s), w 0.20, gap 0.0
     Net-(C19-Pad1)   done in 27.2 s (1 failed)
ok   5V                 1.3 mm, 0 via(s), w 0.40, gap 0.0
ok   5V                 2.2 mm, 1 via(s) 0.5/0.3, w 0.40, gap 0.0
ok   5V                 0.5 mm, 1 via(s) 0.5/0.3, w 0.40, gap 0.0
ok   5V                 0.3 mm, 1 via(s) 0.5/0.3, w 0.40, gap 0.0
ok   5V                 0.0 mm, 1 via(s) 0.5/0.3, w 0.40, gap 0.0
rip  5V               ripped Net-(U26E-A1), Net-(U26C-P2B), Vref_3, ARD_M1_INHIBIT, but Net-(U26C-P2B) then failed; undone
rip  5V               ripped Net-(U26E-A1), Net-(U26C-P2B), Net-(U26A-P0B), Vref_3, 0A_hi, IREF3_input, Vref_3_arduino, .1Vref_3, but Net-(U26A-P0B) then failed; undone
rip  5V               ripped Net-(U26C-P2B), Net-(U26E-A1), Net-(U3-In-), but Net-(U3-In-) then failed; undone
FAIL 5V: island 0 (166744 cells; U28.16 U101.14 C52.1 R82.1 +31) to island 1 (U26.17), gap 0.0 mm
ok   5V                 1.6 mm, 0 via(s), w 0.40, gap 0.0
rip  5V               ripping 12V, Verr1, 0err_hi, Net-(D5-+) did not free a path
rip  5V               ripped 0err_hi, 0A_hi, 12V, Verr1, Net-(U4-In+), Net-(D5-+), Net-(D4-+), Verr3, but Verr1 then failed; undone
rip  5V               ripped Net-(U4-In+), but Net-(U4-In+) then failed; undone
FAIL 5V: island 0 (166744 cells; U28.16 U101.14 C52.1 R82.1 +32) to island 2 (C24.1 U5.5), gap 0.0 mm
rip  5V               ripped Verr1, Net-(D24-+), Net-(D4-+), Net-(U21-In+), but Verr1 then failed; undone
rip  5V               ripped Net-(D4-+), Verr1, Net-(D24-+), Net-(U21-In+), 12V, Net-(D5-+), Net-(D5--), Net-(C8-Pad2), but Verr1 then failed; undone
rip  5V               ripped Net-(D5-+), Verr1, 12V, Net-(D24-+), but Net-(D5-+) then failed; undone
FAIL 5V: island 0 (166744 cells; U28.16 U101.14 C52.1 R82.1 +32) to island 3 (R17.2), gap 0.0 mm
FAIL 5V: island 0 (166744 cells; U28.16 U101.14 C52.1 R82.1 +32) to island 4 (C29.1), gap 0.0 mm
ok   5V                 1.2 mm, 0 via(s), w 0.40, gap 0.8
FAIL 5V: island 2 (188 cells; C24.1 U5.5) to island 3 (C29.1 R17.2), gap 5.2 mm
FAIL 5V: island 1 (59 cells; U26.17) to island 2 (C24.1 U5.5), gap 21.4 mm
FAIL 5V: island 1 (59 cells; U26.17) to island 3 (C29.1 R17.2), gap 25.6 mm
     5V               done in 78.1 s (7 failed)
     GND              done in 0.0 s
tracks 2481, vias 391, failures 52, 1556 s
