board rasterised in 0.5 s
first: 10 nets from earlier passes routed ahead of the plane fan-outs
ok   Current            1.3 mm, 0 via(s), w 0.20, gap 1.1
ok   Current            1.6 mm, 0 via(s), w 0.20, gap 1.4
prot Current          track zone on In4.Cu/In5.Cu/B.Cu, via zone all layers; 6 nets exempt in the track zone
     Current          sensitive, 0.2 s
ok   Net-(U2-In+)       0.1 mm, 1 via(s) 0.5/0.3, w 0.15, gap 0.0
ok   Net-(U2-In+)       2.9 mm, 2 via(s) 0.5/0.3, w 0.15, gap 1.9
ok   Net-(U2-In+)       7.8 mm, 1 via(s) 0.5/0.3, w 0.15, gap 6.0
prot Net-(U2-In+)     track zone on F.Cu/In4.Cu/In5.Cu/B.Cu, via zone all layers; 9 nets exempt in the track zone
     Net-(U2-In+)     sensitive, 0.3 s
ok   V_err              9.7 mm, 1 via(s) 0.5/0.3, w 0.15, gap 0.0
ok   V_err              3.7 mm, 0 via(s), w 0.15, gap 0.6
prot V_err            track zone on F.Cu/B.Cu, via zone all layers; 11 nets exempt in the track zone (logic nets only)
     V_err            sensitive, 0.2 s
ok   Net-(U4-In+)       0.9 mm, 0 via(s), w 0.20, gap 0.7
ok   Net-(U4-In+)       0.9 mm, 0 via(s), w 0.20, gap 0.7
ok   Net-(U4-In+)       4.7 mm, 0 via(s), w 0.20, gap 3.8
     Net-(U4-In+)     done in 0.4 s
ok   Net-(U14-In+)      0.3 mm, 1 via(s) 0.5/0.3, w 0.20, gap 0.0
ok   Net-(U14-In+)      1.5 mm, 0 via(s), w 0.20, gap 1.2
ok   Net-(U14-In+)      3.7 mm, 0 via(s), w 0.20, gap 2.3
     Net-(U14-In+)    done in 0.2 s
ok   Net-(U21-In+)      0.9 mm, 0 via(s), w 0.20, gap 0.7
ok   Net-(U21-In+)      1.9 mm, 1 via(s) 0.5/0.3, w 0.20, gap 0.8
ok   Net-(U21-In+)      1.4 mm, 0 via(s), w 0.20, gap 1.1
     Net-(U21-In+)    done in 0.2 s
ok   Net-(U21-In-)      0.0 mm, 1 via(s) 0.5/0.3, w 0.20, gap 0.0
ok   Net-(U21-In-)      2.4 mm, 0 via(s), w 0.20, gap 2.0
     Net-(U21-In-)    done in 0.2 s
ok   Net-(Q1-E)         0.2 mm, 1 via(s) 0.5/0.3, w 0.20, gap 0.0
ok   Net-(Q1-E)         3.9 mm, 0 via(s), w 0.20, gap 2.3
ok   Net-(Q1-E)        20.0 mm, 0 via(s), w 0.20, gap 14.0
     Net-(Q1-E)       done in 0.3 s
stch Net-(U2-In+)     4 GND vias beside its In5.Cu run
stch Current          2 GND vias beside its B.Cu run
stch V_err            0 GND vias beside its In5.Cu run
stch J9.10            2 GND vias beside the thermal-relief pad
dcap 5V               C104.1 -> U103.14: 1.1 mm, 0 via(s), w 0.30
dcap 5V               C98.1 -> U4.5: 1.2 mm, 0 via(s), w 0.30
dcap 5V               C28.1 -> U2.5: 1.3 mm, 0 via(s), w 0.30
dcap 5V               C53.2 -> U21.5: 0.9 mm, 0 via(s), w 0.30
dcap 5V               C24.1 -> U5.5: 1.3 mm, 0 via(s), w 0.30
dcap 5V               C12.1 -> U14.5: 1.1 mm, 0 via(s), w 0.30
dcap 5V               C58.1 -> U104.14: 1.2 mm, 0 via(s), w 0.30
dcap 5V               C23.1 -> U106.14: 1.2 mm, 0 via(s), w 0.30
dcap 5V               C52.1 -> U18.16: 0.9 mm, 0 via(s), w 0.30
dcap 5V               C91.2 -> U102.14: 5.7 mm, 0 via(s), w 0.30
dcap 5V               C22.1 -> U101.14: 4.8 mm, 0 via(s), w 0.30
dcap analog_5V        C63.1 -> U22.5: 1.1 mm, 0 via(s), w 0.30
dcap analog_5V        C37.2 -> U24.5: 1.3 mm, 0 via(s), w 0.30
dcap analog_5V        C38.2 -> U23.5: 2.9 mm, 0 via(s), w 0.30
dcap analog_5V        C36.2 -> U7.5: 3.7 mm, 0 via(s), w 0.30
dcap analog_5V        C32.1 -> U13.5: 9.4 mm, 2 via(s), w 0.30
     DECAP            16 direct links, 1.1 s
ok   SDA               23.3 mm, 0 via(s), w 0.20, gap 11.1
     SDA              done in 0.3 s
ok   .1Vout_3           1.2 mm, 0 via(s), w 0.20, gap 1.0
ok   .1Vout_3           3.7 mm, 0 via(s), w 0.20, gap 2.8
     .1Vout_3         done in 0.2 s
ok   Voltage_err_3      4.4 mm, 2 via(s) 0.5/0.3, w 0.20, gap 3.3
ok   Voltage_err_3      9.9 mm, 1 via(s) 0.5/0.3, w 0.20, gap 4.6
     Voltage_err_3    done in 0.5 s
ok   Net-(U106B-B)      1.4 mm, 0 via(s), w 0.20, gap 1.2
rip  Net-(U106B-B)    ripping analog_5V, .1Vout_3 did not free a path
rip  Net-(U106B-B)    ripping analog_5V, .1Vout_3, Voltage_err_3 did not free a path
FAIL Net-(U106B-B): island 1 (342 cells; U106.4 C64.1) to island 2 (R93.1), gap 3.6 mm
ok   Net-(U106B-B)     10.9 mm, 0 via(s), w 0.20, gap 7.4
rip  Net-(U106B-B)    ripping analog_5V, .1Vout_3 did not free a path
rip  Net-(U106B-B)    ripping analog_5V, .1Vout_3, Voltage_err_3 did not free a path
FAIL Net-(U106B-B): island 0 (653 cells; U106.4 U23.4 C64.1) to island 1 (R93.1), gap 3.6 mm
     Net-(U106B-B)    done in 15.9 s (2 failed)
ok   IREF1              0.8 mm, 1 via(s) 0.5/0.3, w 0.20, gap 0.6
ok   IREF1             33.3 mm, 0 via(s), w 0.20, gap 26.3
     IREF1            done in 0.7 s
ok   Net-(U26E-HVC{slash}A0)   4.5 mm, 1 via(s) 0.5/0.3, w 0.20, gap 3.6
     Net-(U26E-HVC{slash}A0) done in 0.1 s
ok   Reset_raw         28.1 mm, 2 via(s) 0.5/0.3, w 0.20, gap 22.4
     Reset_raw        done in 0.6 s
ok   Vref_3             3.0 mm, 0 via(s), w 0.20, gap 2.4
ok   Vref_3             3.4 mm, 1 via(s) 0.5/0.3, w 0.20, gap 2.6
     Vref_3           done in 0.3 s
ok   Net-(D26-+)        2.6 mm, 1 via(s) 0.5/0.3, w 0.20, gap 2.2
ok   Net-(D26-+)        8.8 mm, 2 via(s) 0.5/0.3, w 0.20, gap 5.0
ok   Net-(D26-+)       12.6 mm, 0 via(s), w 0.20, gap 10.1
     Net-(D26-+)      done in 0.5 s
ok   SCL                9.3 mm, 1 via(s) 0.5/0.3, w 0.20, gap 8.6
     SCL              done in 0.2 s
fan  GND              C10.1: 0.5 mm stub, via 0.5/0.3
fan  GND              C43.2: 0.0 mm stub, via 0.5/0.3
fan  GND              U3.2: 0.9 mm stub, via 0.5/0.3
fan  GND              U28.2: 0.0 mm stub, via 0.5/0.3
fan  GND              U28.4: nearest via needs 1.8 mm, not fanned out
fan  GND              U28.5: 0.3 mm stub, via 0.5/0.3
fan  GND              U28.7: 0.2 mm stub, via 0.5/0.3
fan  GND              U28.12: 0.2 mm stub, via 0.5/0.3
fan  GND              U28.13: 0.1 mm stub, via 0.5/0.3
fan  GND              C14.2: 0.0 mm stub, via 0.5/0.3
fan  GND              U101.7: 0.0 mm stub, via 0.5/0.3
fan  GND              C52.2: 0.5 mm stub, via 0.5/0.3
fan  GND              C37.1: no via reachable
fan  GND              C22.2: 0.7 mm stub, via 0.5/0.3
fan  GND              U103.7: 0.0 mm stub, via 0.5/0.3
fan  GND              U18.8: 0.0 mm stub, via 0.5/0.3
fan  GND              C59.2: 0.0 mm stub, via 0.5/0.3
fan  GND              U14.2: no via reachable
fan  GND              C104.2: 0.8 mm stub, via 0.5/0.3
fan  GND              C46.2: 0.7 mm stub, via 0.5/0.3
fan  GND              C54.2: 0.0 mm stub, via 0.5/0.3
fan  GND              C63.2: 0.0 mm stub, via 0.5/0.3
fan  GND              U22.2: 0.3 mm stub, via 0.5/0.3
fan  GND              C91.1: 0.1 mm stub, via 0.5/0.3
fan  GND              C102.2: 0.0 mm stub, via 0.5/0.3
fan  GND              C92.2: 0.0 mm stub, via 0.5/0.3
fan  GND              C8.1: 0.5 mm stub, via 0.5/0.3
fan  GND              U105.7: 0.0 mm stub, via 0.5/0.3
fan  GND              C12.2: 0.0 mm stub, via 0.5/0.3
fan  GND              C26.2: 0.9 mm stub, via 0.5/0.3
fan  GND              C99.2: 0.0 mm stub, via 0.5/0.3
fan  GND              U24.2: 0.0 mm stub, via 0.5/0.3
fan  GND              U102.7: 0.0 mm stub, via 0.5/0.3
fan  GND              C15.2: 0.0 mm stub, via 0.5/0.3
fan  GND              U106.7: 0.1 mm stub, via 0.5/0.3
fan  GND              C94.2: 0.0 mm stub, via 0.5/0.3
fan  GND              C66.2: 0.0 mm stub, via 0.5/0.3
fan  GND              U5.2: 0.1 mm stub, via 0.5/0.3
fan  GND              C42.2: 0.0 mm stub, via 0.5/0.3
fan  GND              C103.2: 0.0 mm stub, via 0.5/0.3
fan  GND              C29.2: 0.2 mm stub, via 0.5/0.3
fan  GND              C32.2: 0.3 mm stub, via 0.5/0.3
fan  GND              C68.2: no via reachable
fan  GND              U21.2: no via reachable
fan  GND              U7.2: 0.3 mm stub, via 0.5/0.3
fan  GND              U4.2: 1.2 mm stub, via 0.5/0.3
fan  GND              U13.2: nearest via needs 1.8 mm, not fanned out
fan  GND              C13.1: 0.0 mm stub, via 0.5/0.3
fan  GND              C23.2: 0.5 mm stub, via 0.5/0.3
fan  GND              C93.2: 0.8 mm stub, via 0.5/0.3
fan  GND              Q1.3: 1.2 mm stub, via 0.5/0.3
fan  GND              C9.1: 0.0 mm stub, via 0.5/0.3
fan  GND              U2.2: 0.0 mm stub, via 0.5/0.3
fan  GND              C95.2: 0.0 mm stub, via 0.5/0.3
fan  GND              C97.2: 0.0 mm stub, via 0.5/0.3
fan  GND              C58.2: 0.0 mm stub, via 0.5/0.3
fan  GND              C53.1: 0.0 mm stub, via 0.5/0.3
fan  GND              C36.1: nearest via needs 2.3 mm, not fanned out
fan  GND              U23.2: 1.2 mm stub, via 0.5/0.3
fan  GND              U26.7: no via reachable
fan  GND              U26.10: 0.5 mm stub, via 0.5/0.3
fan  GND              U26.20: 0.8 mm stub, via 0.5/0.3
fan  GND              C101.2: 0.0 mm stub, via 0.5/0.3
fan  GND              U104.7: 0.0 mm stub, via 0.5/0.3
fan  GND              C19.2: 0.0 mm stub, via 0.5/0.3
fan  GND              C98.2: 0.0 mm stub, via 0.5/0.3
     FANOUT:GND       58 vias, 8 pads skipped, 1.9 s
fan  5V               U28.16: 0.0 mm stub, via 0.5/0.3
fan  5V               U101.14: 0.0 mm stub, via 0.5/0.3
fan  5V               C52.1: 0.0 mm stub, via 0.5/0.3
fan  5V               C22.1: 0.4 mm stub, via 0.5/0.3
fan  5V               U103.14: 0.0 mm stub, via 0.5/0.3
fan  5V               U18.16: 0.0 mm stub, via 0.5/0.3
fan  5V               U14.5: 0.1 mm stub, via 0.5/0.3
fan  5V               C104.1: 0.0 mm stub, via 0.5/0.3
fan  5V               C54.1: 0.0 mm stub, via 0.5/0.3
fan  5V               C91.2: 0.0 mm stub, via 0.5/0.3
fan  5V               C92.1: 0.1 mm stub, via 0.5/0.3
fan  5V               U105.14: 0.0 mm stub, via 0.5/0.3
fan  5V               C12.1: 0.0 mm stub, via 0.5/0.3
fan  5V               C26.1: 0.9 mm stub, via 0.5/0.3
fan  5V               C99.1: 0.0 mm stub, via 0.5/0.3
fan  5V               U102.14: 0.0 mm stub, via 0.5/0.3
fan  5V               U106.14: 0.0 mm stub, via 0.5/0.3
fan  5V               C24.1: no via reachable
fan  5V               U5.5: no via reachable
fan  5V               C29.1: nearest via needs 2.1 mm, not fanned out
fan  5V               U21.5: 0.1 mm stub, via 0.5/0.3
fan  5V               U4.5: 1.1 mm stub, via 0.5/0.3
fan  5V               C23.1: 0.4 mm stub, via 0.5/0.3
fan  5V               U2.5: 0.5 mm stub, via 0.5/0.3
fan  5V               C95.1: 0.0 mm stub, via 0.5/0.3
fan  5V               C97.1: 0.0 mm stub, via 0.5/0.3
fan  5V               C58.1: 0.0 mm stub, via 0.5/0.3
fan  5V               U26.17: no via reachable
fan  5V               C96.1: 0.6 mm stub, via 0.5/0.3
fan  5V               U104.14: 0.1 mm stub, via 0.5/0.3
     FANOUT:5V        26 vias, 4 pads skipped, 0.5 s
fan  signals          166 escape vias, 27 pads without a via site within 1.2 mm
ok   analog_5V          1.1 mm, 1 via(s) 0.5/0.3, w 0.40, gap 0.4
ok   analog_5V          0.9 mm, 1 via(s) 0.5/0.3, w 0.40, gap 0.7
rip  analog_5V        ripped Net-(U106B-B), Net-(U106A-B), Net-(U106B-A), but Net-(U106B-B) then failed; undone
rip  analog_5V        ripping Voltage_err_3, Net-(U106B-B), IREF1, Output2_drain, Net-(U13-In-), IREF2, Net-(U26A-P0B), Out- did not free a path
rip  analog_5V        ripped and re-routed Voltage_err_3, Net-(U106B-A), IREF2, Net-(U26A-P0B)
     ok   Voltage_err_3      4.4 mm, 2 via(s) 0.5/0.3, w 0.20, gap 3.3
     ok   Voltage_err_3      5.6 mm, 1 via(s) 0.5/0.3, w 0.20, gap 4.6
     ok   Net-(U26A-P0B)     3.6 mm, 2 via(s) 0.5/0.3, w 0.20, gap 1.3
     ok   Net-(U26A-P0B)     8.1 mm, 1 via(s) 0.5/0.3, w 0.20, gap 5.6
     ok   Net-(U26A-P0B)    14.8 mm, 1 via(s) 0.5/0.3, w 0.20, gap 12.2
     ok   Net-(U106B-A)      0.9 mm, 0 via(s), w 0.20, gap 0.7
     ok   Net-(U106B-A)      1.7 mm, 1 via(s) 0.5/0.3, w 0.20, gap 1.1
     ok   IREF2             10.2 mm, 1 via(s) 0.5/0.3, w 0.20, gap 9.1
     ok   IREF2             20.3 mm, 2 via(s) 0.5/0.3, w 0.20, gap 18.6
ok   analog_5V          5.1 mm, 1 via(s) 0.5/0.3, w 0.40, gap 3.8
ok   analog_5V          4.6 mm, 2 via(s) 0.5/0.3, w 0.40, gap 3.9
ok   analog_5V          5.8 mm, 1 via(s) 0.5/0.3, w 0.40, gap 5.0
ok   analog_5V          9.8 mm, 1 via(s) 0.5/0.3, w 0.40, gap 8.9
ok   analog_5V         28.8 mm, 0 via(s), w 0.40, gap 9.5
ok   analog_5V         14.2 mm, 0 via(s), w 0.40, gap 11.7
ok   analog_5V         21.9 mm, 1 via(s) 0.5/0.3, w 0.40, gap 19.0
     analog_5V        done in 16.1 s
ok   12V               40.4 mm, 1 via(s) 0.5/0.3, w 0.40, gap 6.5
ok   12V                8.6 mm, 1 via(s) 0.5/0.3, w 0.40, gap 7.4
     12V              done in 1.7 s
ok   .1Vref_2           1.2 mm, 0 via(s), w 0.20, gap 0.9
ok   .1Vref_2          28.9 mm, 0 via(s), w 0.20, gap 24.4
ok   .1Vref_2          34.6 mm, 3 via(s) 0.5/0.3, w 0.20, gap 30.7
     .1Vref_2         done in 1.1 s
ok   Net-(U106A-B)      0.6 mm, 1 via(s) 0.5/0.3, w 0.20, gap 0.0
ok   Net-(U106A-B)     13.8 mm, 1 via(s) 0.5/0.3, w 0.20, gap 12.1
ok   Net-(U106A-B)     36.2 mm, 2 via(s) 0.5/0.3, w 0.20, gap 31.5
     Net-(U106A-B)    done in 0.8 s
ok   Net-(U23-In+)      2.4 mm, 0 via(s), w 0.20, gap 2.0
ok   Net-(U23-In+)      4.7 mm, 0 via(s), w 0.20, gap 3.9
ok   Net-(U23-In+)     30.3 mm, 1 via(s) 0.5/0.3, w 0.20, gap 26.2
     Net-(U23-In+)    done in 0.6 s
ok   Voltage_err_2     12.0 mm, 1 via(s) 0.5/0.3, w 0.20, gap 10.4
ok   Voltage_err_2     22.1 mm, 0 via(s), w 0.20, gap 20.1
     Voltage_err_2    done in 0.5 s
rip  IREF2_input      ripped and re-routed Net-(U106A-B), SDA, M1_ON, Net-(U26B-P1B)
     ok   SDA               23.2 mm, 3 via(s) 0.5/0.3, w 0.20, gap 11.1
     ok   Net-(U106A-B)      0.0 mm, 1 via(s) 0.5/0.3, w 0.20, gap 0.0
     ok   Net-(U106A-B)     14.3 mm, 1 via(s) 0.5/0.3, w 0.20, gap 12.3
     ok   Net-(U106A-B)     39.0 mm, 2 via(s) 0.5/0.3, w 0.20, gap 31.5
     ok   Net-(U26B-P1B)     0.0 mm, 1 via(s) 0.5/0.3, w 0.20, gap 0.0
     ok   Net-(U26B-P1B)     5.2 mm, 1 via(s) 0.5/0.3, w 0.20, gap 3.4
     ok   Net-(U26B-P1B)    13.6 mm, 2 via(s) 0.5/0.3, w 0.20, gap 12.1
     ok   M1_ON             10.4 mm, 1 via(s) 0.5/0.3, w 0.20, gap 8.9
     ok   M1_ON             14.2 mm, 1 via(s) 0.5/0.3, w 0.20, gap 11.2
     IREF2_input      done in 5.3 s
ok   IREF3_input       35.3 mm, 2 via(s) 0.5/0.3, w 0.20, gap 20.2
     IREF3_input      done in 0.4 s
ok   Net-(D25-+)       13.3 mm, 1 via(s) 0.5/0.3, w 0.15, gap 2.4
ok   Net-(D25-+)        5.3 mm, 0 via(s), w 0.20, gap 3.9
ok   Net-(D25-+)       11.5 mm, 1 via(s) 0.5/0.3, w 0.20, gap 10.2
     Net-(D25-+)      done in 0.8 s
ok   .1Vref_3           9.5 mm, 2 via(s) 0.5/0.3, w 0.20, gap 1.4
ok   .1Vref_3          11.8 mm, 2 via(s) 0.5/0.3, w 0.20, gap 6.4
ok   .1Vref_3          15.4 mm, 0 via(s), w 0.20, gap 13.4
     .1Vref_3         done in 0.6 s
ok   Net-(D4-+)         6.9 mm, 1 via(s) 0.5/0.3, w 0.20, gap 4.8
ok   Net-(D4-+)        23.1 mm, 2 via(s) 0.5/0.3, w 0.20, gap 20.6
     Net-(D4-+)       done in 0.3 s
ok   Net-(U106C-A)      7.3 mm, 0 via(s), w 0.20, gap 6.5
ok   Net-(U106C-A)     15.5 mm, 0 via(s), w 0.20, gap 10.9
     Net-(U106C-A)    done in 0.3 s
rip  Net-(U106C-B)    ripped and re-routed Net-(D26-+), Net-(U23-In+), analog_5V, Voltage_err_3
     ok   Voltage_err_3      4.8 mm, 2 via(s) 0.5/0.3, w 0.20, gap 3.3
     ok   Voltage_err_3      5.6 mm, 1 via(s) 0.5/0.3, w 0.20, gap 4.6
     ok   Net-(D26-+)        2.7 mm, 1 via(s) 0.5/0.3, w 0.20, gap 2.2
     ok   Net-(D26-+)        8.9 mm, 2 via(s) 0.5/0.3, w 0.20, gap 5.0
     ok   Net-(D26-+)       11.6 mm, 0 via(s), w 0.20, gap 10.1
     ok   analog_5V          1.1 mm, 1 via(s) 0.5/0.3, w 0.40, gap 0.4
     ok   analog_5V          0.9 mm, 1 via(s) 0.5/0.3, w 0.40, gap 0.7
     ok   analog_5V          7.4 mm, 1 via(s) 0.5/0.3, w 0.40, gap 3.3
     ok   analog_5V          5.1 mm, 1 via(s) 0.5/0.3, w 0.40, gap 3.8
     ok   analog_5V          4.6 mm, 2 via(s) 0.5/0.3, w 0.40, gap 3.9
     ok   analog_5V          5.8 mm, 1 via(s) 0.5/0.3, w 0.40, gap 5.0
     ok   analog_5V          9.8 mm, 1 via(s) 0.5/0.3, w 0.40, gap 8.9
     ok   analog_5V         28.8 mm, 0 via(s), w 0.40, gap 9.5
     ok   analog_5V         14.2 mm, 0 via(s), w 0.40, gap 11.7
     ok   analog_5V         21.8 mm, 1 via(s) 0.5/0.3, w 0.40, gap 19.0
     ok   Net-(U23-In+)      2.4 mm, 0 via(s), w 0.20, gap 2.0
     ok   Net-(U23-In+)      6.5 mm, 2 via(s) 0.5/0.3, w 0.20, gap 4.2
     ok   Net-(U23-In+)     30.3 mm, 2 via(s) 0.5/0.3, w 0.20, gap 26.2
ok   Net-(U106C-B)     11.6 mm, 1 via(s) 0.5/0.3, w 0.20, gap 10.4
ok   Net-(U106C-B)     12.9 mm, 1 via(s) 0.5/0.3, w 0.20, gap 10.0
     Net-(U106C-B)    done in 7.9 s
ok   Output1_drain     26.7 mm, 2 via(s) 0.5/0.3, w 0.30, gap 18.4
     Output1_drain    done in 0.3 s
ok   .1Vref_1           6.3 mm, 2 via(s) 0.5/0.3, w 0.20, gap 3.0
rip  .1Vref_1         ripped and re-routed IREF2_input, Net-(U26A-P0B), SDA, IREF2
     ok   SDA               23.6 mm, 2 via(s) 0.5/0.3, w 0.20, gap 11.1
     ok   IREF2_input       32.6 mm, 2 via(s) 0.5/0.3, w 0.20, gap 22.0
     ok   Net-(U26A-P0B)     3.6 mm, 2 via(s) 0.5/0.3, w 0.20, gap 1.3
     ok   Net-(U26A-P0B)     8.1 mm, 1 via(s) 0.5/0.3, w 0.20, gap 5.6
     ok   Net-(U26A-P0B)    14.2 mm, 1 via(s) 0.5/0.3, w 0.20, gap 12.2
     ok   IREF2             11.5 mm, 1 via(s) 0.5/0.3, w 0.20, gap 9.1
     ok   IREF2             20.0 mm, 2 via(s) 0.5/0.3, w 0.20, gap 18.6
ok   .1Vref_1           9.3 mm, 0 via(s), w 0.20, gap 7.7
     .1Vref_1         done in 4.9 s
rip  Net-(U7-In-)     ripping Net-(U23-In+), Net-(D25-+), Voltage_err_2, low_error_timeout did not free a path
rip  Net-(U7-In-)     ripping Net-(D25-+), Net-(U23-In+), 5V, analog_5V, Voltage_err_2, Net-(U106B-B), Net-(U18-Q3), Out- did not free a path
rip  Net-(U7-In-)     ripped 5V, Net-(C17-Pad2), Voltage_err_2, but 5V then failed; undone
FAIL Net-(U7-In-): island 0 (75 cells; R31.1) to island 1 (R32.2), gap 7.7 mm
ok   Net-(U7-In-)      12.1 mm, 0 via(s), w 0.20, gap 10.5
     Net-(U7-In-)     done in 18.5 s (1 failed)
     Net-(U26B-P1B)   done in 0.0 s
     Net-(U26A-P0B)   done in 0.0 s
rip  Vout_2           ripped .1Vref_2, Net-(D25-+), Output1_drain, analog_5V, but Net-(D25-+) then failed; undone
rip  Vout_2           ripped Output1_drain, .1Vref_2, Net-(D25-+), analog_5V, Net-(C9-Pad2), .1Vout_2, Net-(U7-In-), but Net-(D25-+) then failed; undone
rip  Vout_2           ripped and re-routed analog_5V, Output1_drain
     ok   analog_5V          1.1 mm, 1 via(s) 0.5/0.3, w 0.40, gap 0.4
     ok   analog_5V          0.9 mm, 1 via(s) 0.5/0.3, w 0.40, gap 0.7
     ok   analog_5V          7.5 mm, 1 via(s) 0.5/0.3, w 0.40, gap 3.3
     ok   analog_5V          5.1 mm, 1 via(s) 0.5/0.3, w 0.40, gap 3.8
     ok   analog_5V          4.6 mm, 2 via(s) 0.5/0.3, w 0.40, gap 3.9
     ok   analog_5V          5.8 mm, 1 via(s) 0.5/0.3, w 0.40, gap 5.0
     ok   analog_5V          9.8 mm, 1 via(s) 0.5/0.3, w 0.40, gap 8.9
     ok   analog_5V         29.6 mm, 2 via(s) 0.5/0.3, w 0.40, gap 9.5
     ok   analog_5V         14.2 mm, 0 via(s), w 0.40, gap 11.7
     ok   analog_5V         22.1 mm, 1 via(s) 0.5/0.3, w 0.40, gap 19.0
     ok   Output1_drain     29.2 mm, 2 via(s) 0.5/0.3, w 0.30, gap 18.4
     Vout_2           done in 23.5 s
rip  IREF1_input      ripped SDA, IREF2_input, 5V, Vref_3, but 5V then failed; undone
rip  IREF1_input      ripped SDA, IREF2_input, IREF2, .1Vref_3, Vref_3, .1Vref_1, 5V, Net-(U26A-P0B), but 5V then failed; undone
rip  IREF1_input      ripped and re-routed .1Vref_1, SDA, Vref_3, .1Vref_2
     ok   SDA               23.2 mm, 3 via(s) 0.5/0.3, w 0.20, gap 11.1
     ok   Vref_3             3.0 mm, 0 via(s), w 0.20, gap 2.4
     ok   Vref_3             3.0 mm, 1 via(s) 0.5/0.3, w 0.20, gap 2.6
     ok   .1Vref_2           1.2 mm, 0 via(s), w 0.20, gap 0.9
     ok   .1Vref_2          29.5 mm, 2 via(s) 0.5/0.3, w 0.20, gap 24.4
     ok   .1Vref_2          34.7 mm, 3 via(s) 0.5/0.3, w 0.20, gap 30.6
     ok   .1Vref_1           5.3 mm, 1 via(s) 0.5/0.3, w 0.20, gap 3.0
     ok   .1Vref_1          13.1 mm, 3 via(s) 0.5/0.3, w 0.20, gap 9.5
     ok   .1Vref_1          27.4 mm, 3 via(s) 0.5/0.3, w 0.20, gap 7.7
     IREF1_input      done in 34.7 s
ok   Vref_1             1.1 mm, 0 via(s), w 0.20, gap 0.9
ok   Vref_1            17.6 mm, 1 via(s) 0.5/0.3, w 0.20, gap 11.8
     Vref_1           done in 0.3 s
ok   Net-(D23-+)        0.8 mm, 1 via(s) 0.5/0.3, w 0.20, gap 0.6
ok   Net-(D23-+)        3.4 mm, 0 via(s), w 0.20, gap 2.5
ok   Net-(D23-+)       15.8 mm, 2 via(s) 0.5/0.3, w 0.20, gap 11.6
     Net-(D23-+)      done in 0.4 s
ok   Output2_drain     16.0 mm, 1 via(s) 0.5/0.3, w 0.15, gap 13.0
     Output2_drain    done in 0.5 s
ok   Net-(U26C-P2B)     3.0 mm, 1 via(s) 0.5/0.3, w 0.20, gap 0.4
ok   Net-(U26C-P2B)     0.9 mm, 0 via(s), w 0.20, gap 0.7
ok   Net-(U26C-P2B)    52.3 mm, 5 via(s) 0.5/0.3, w 0.20, gap 8.7
     Net-(U26C-P2B)   done in 1.4 s
ok   Verr1              0.4 mm, 1 via(s) 0.5/0.3, w 0.20, gap 0.0
ok   Verr1              0.7 mm, 0 via(s), w 0.20, gap 0.5
ok   Verr1             30.2 mm, 1 via(s) 0.5/0.3, w 0.20, gap 12.4
     Verr1            done in 0.5 s
rip  Voltage_err_1    ripped IREF1_input, IREF2, IREF2_input, Vref_3, but IREF1_input then failed; undone
rip  Voltage_err_1    ripped IREF2_input, SDA, Net-(U26C-P2B), IREF2, IREF1_input, analog_5V, .1Vref_3, Vref_3, but IREF2_input then failed; undone
rip  Voltage_err_1    ripped IREF1_input, IREF2, IREF2_input, Vref_3, SDA, Net-(U26A-P0B), Reset_raw, but IREF1_input then failed; undone
FAIL Voltage_err_1: island 0 (76 cells; U3.1) to island 1 (R3.1), gap 1.2 mm
rip  Voltage_err_1    ripped and re-routed .1Vref_1, Verr1, .1Vref_2, IREF3
     ok   .1Vref_2           1.2 mm, 0 via(s), w 0.20, gap 0.9
     ok   .1Vref_2          29.5 mm, 2 via(s) 0.5/0.3, w 0.20, gap 24.4
     ok   .1Vref_2          43.7 mm, 2 via(s) 0.5/0.3, w 0.20, gap 30.6
     ok   .1Vref_1           5.3 mm, 1 via(s) 0.5/0.3, w 0.20, gap 3.0
     ok   .1Vref_1          15.6 mm, 3 via(s) 0.5/0.3, w 0.20, gap 9.5
     ok   .1Vref_1          10.6 mm, 2 via(s) 0.5/0.3, w 0.15, gap 7.6
     ok   Verr1              0.0 mm, 1 via(s) 0.5/0.3, w 0.20, gap 0.0
     ok   Verr1              1.0 mm, 0 via(s), w 0.20, gap 0.8
     ok   Verr1             29.9 mm, 2 via(s) 0.5/0.3, w 0.20, gap 12.4
     ok   IREF3              4.2 mm, 1 via(s) 0.5/0.3, w 0.20, gap 3.8
     ok   IREF3             31.2 mm, 2 via(s) 0.5/0.3, w 0.15, gap 27.7
     Voltage_err_1    done in 23.6 s (1 failed)
rip  Output3_drain    ripped analog_5V, Net-(D26-+), .1Vout_3, Voltage_err_3, but Voltage_err_3 then failed; undone
rip  Output3_drain    ripped Net-(D26-+), analog_5V, IREF3, Net-(U106C-B), Net-(U23-In+), .1Vout_3, Voltage_err_3, Output2_drain, but Net-(D26-+) then failed; undone
rip  Output3_drain    ripped .1Vout_3, Net-(U23-In+), Voltage_err_3, Net-(U106C-B), Net-(D26-+), .1Vref_1, 5V, but Net-(U106C-B) then failed; undone
FAIL Output3_drain: island 0 (226 cells; J11.18) to island 1 (R87.1), gap 9.6 mm
     Output3_drain    done in 16.8 s (1 failed)
ok   Vref_2             6.0 mm, 2 via(s) 0.5/0.3, w 0.20, gap 0.6
ok   Vref_2            10.3 mm, 0 via(s), w 0.20, gap 8.2
     Vref_2           done in 0.3 s
ok   Net-(U24-In+)      1.4 mm, 0 via(s), w 0.20, gap 1.1
rip  Net-(U24-In+)    ripped Net-(D26-+), Net-(D25-+), Net-(U26A-P0B), Net-(U23-In+), but Net-(D26-+) then failed; undone
rip  Net-(U24-In+)    ripped analog_5V, Net-(U26A-P0B), Net-(D26-+), Net-(D25-+), Net-(U23-In+), .1Vref_3, IREF1, IREF2, but Net-(D25-+) then failed; undone
rip  Net-(U24-In+)    ripped IREF1, Net-(D25-+), IREF2, but Net-(D25-+) then failed; undone
FAIL Net-(U24-In+): island 0 (79 cells; U24.3) to island 2 (C68.1), gap 1.8 mm
rip  Net-(U24-In+)    ripped analog_5V, Net-(D25-+), .1Vref_3, Net-(U26A-P0B), but Net-(D25-+) then failed; undone
rip  Net-(U24-In+)    ripped analog_5V, IREF1, IREF2, Net-(U26A-P0B), .1Vref_3, Net-(U106A-B), Net-(D25-+), Voltage_err_3, but .1Vref_3 then failed; undone
rip  Net-(U24-In+)    ripped and re-routed Net-(U26A-P0B), Net-(U106A-B), IREF2, IREF1, analog_5V
     ok   IREF1              0.8 mm, 1 via(s) 0.5/0.3, w 0.20, gap 0.6
     ok   IREF1             33.0 mm, 1 via(s) 0.5/0.3, w 0.20, gap 26.3
     ok   analog_5V          1.1 mm, 1 via(s) 0.5/0.3, w 0.40, gap 0.4
     ok   analog_5V          0.9 mm, 1 via(s) 0.5/0.3, w 0.40, gap 0.7
     ok   analog_5V          7.4 mm, 1 via(s) 0.5/0.3, w 0.40, gap 3.3
     ok   analog_5V          5.1 mm, 1 via(s) 0.5/0.3, w 0.40, gap 3.8
     ok   analog_5V          4.6 mm, 2 via(s) 0.5/0.3, w 0.40, gap 3.9
     ok   analog_5V          5.8 mm, 1 via(s) 0.5/0.3, w 0.40, gap 5.0
     ok   analog_5V         93.0 mm, 4 via(s) 0.5/0.3, w 0.40, gap 8.9
     ok   analog_5V          0.7 mm, 0 via(s), w 0.40, gap 0.0
     ok   analog_5V          4.6 mm, 1 via(s) 0.5/0.3, w 0.40, gap 3.7
     ok   analog_5V         13.4 mm, 0 via(s), w 0.40, gap 11.7
     ok   Net-(U106A-B)      0.0 mm, 1 via(s) 0.5/0.3, w 0.20, gap 0.0
     ok   Net-(U106A-B)     14.4 mm, 1 via(s) 0.5/0.3, w 0.20, gap 12.3
     ok   Net-(U106A-B)     35.5 mm, 2 via(s) 0.5/0.3, w 0.20, gap 31.5
     ok   Net-(U26A-P0B)     4.3 mm, 2 via(s) 0.5/0.3, w 0.20, gap 1.3
     ok   Net-(U26A-P0B)    12.2 mm, 2 via(s) 0.5/0.3, w 0.20, gap 5.6
     ok   Net-(U26A-P0B)    14.9 mm, 2 via(s) 0.5/0.3, w 0.20, gap 12.0
     ok   IREF2             11.4 mm, 1 via(s) 0.5/0.3, w 0.20, gap 9.1
     ok   IREF2             23.1 mm, 2 via(s) 0.5/0.3, w 0.20, gap 18.6
     Net-(U24-In+)    done in 63.9 s (1 failed)
rip  Net-(U13-In-)    ripping analog_5V, Net-(D26-+), Net-(U106A-B), Net-(U23-In+) did not free a path
rip  Net-(U13-In-)    ripped analog_5V, Net-(D26-+), Net-(U106A-B), .1Vout_3, Voltage_err_3, Output2_drain, Net-(U106C-B), Net-(U23-In+), but Output2_drain then failed; undone
rip  Net-(U13-In-)    ripped and re-routed analog_5V, .1Vout_3
     ok   .1Vout_3           1.2 mm, 0 via(s), w 0.20, gap 1.0
     ok   .1Vout_3           3.7 mm, 0 via(s), w 0.20, gap 2.8
     ok   analog_5V          1.1 mm, 1 via(s) 0.5/0.3, w 0.40, gap 0.4
     ok   analog_5V          0.9 mm, 1 via(s) 0.5/0.3, w 0.40, gap 0.7
     ok   analog_5V          7.4 mm, 1 via(s) 0.5/0.3, w 0.40, gap 3.3
     ok   analog_5V          5.1 mm, 1 via(s) 0.5/0.3, w 0.40, gap 3.8
     ok   analog_5V          4.6 mm, 2 via(s) 0.5/0.3, w 0.40, gap 3.9
     ok   analog_5V          5.8 mm, 1 via(s) 0.5/0.3, w 0.40, gap 5.0
     ok   analog_5V         93.0 mm, 4 via(s) 0.5/0.3, w 0.40, gap 8.9
     ok   analog_5V          0.7 mm, 0 via(s), w 0.40, gap 0.0
     ok   analog_5V          4.6 mm, 1 via(s) 0.5/0.3, w 0.40, gap 3.7
     ok   analog_5V         13.4 mm, 0 via(s), w 0.40, gap 11.7
ok   Net-(U13-In-)     28.6 mm, 2 via(s) 0.5/0.3, w 0.20, gap 6.4
     Net-(U13-In-)    done in 22.0 s
ok   Net-(U3-In-)       1.1 mm, 1 via(s) 0.5/0.3, w 0.20, gap 0.0
ok   Net-(U3-In-)      12.4 mm, 1 via(s) 0.5/0.3, w 0.20, gap 6.9
     Net-(U3-In-)     done in 0.3 s
ok   Verr2              0.9 mm, 1 via(s) 0.5/0.3, w 0.20, gap 0.3
ok   Verr2              2.5 mm, 0 via(s), w 0.20, gap 1.0
ok   Verr2              3.1 mm, 0 via(s), w 0.20, gap 2.6
     Verr2            done in 0.4 s
ok   Net-(U22-In+)      0.9 mm, 1 via(s) 0.5/0.3, w 0.20, gap 0.6
rip  Net-(U22-In+)    ripped Net-(Q1-E), Net-(U106A-B), analog_5V, Net-(D23-+), but Net-(D23-+) then failed; undone
rip  Net-(U22-In+)    ripped and re-routed analog_5V, Net-(U106A-B), Net-(Q1-E), Net-(D4-+), Net-(D23-+), IREF3_input, Net-(U14-In+), .1Vref_3
     ok   Net-(U14-In+)      0.3 mm, 1 via(s) 0.5/0.3, w 0.20, gap 0.0
     ok   Net-(U14-In+)      1.5 mm, 0 via(s), w 0.20, gap 1.2
     ok   Net-(U14-In+)      3.7 mm, 0 via(s), w 0.20, gap 2.3
     ok   Net-(Q1-E)         0.2 mm, 1 via(s) 0.5/0.3, w 0.20, gap 0.0
     ok   Net-(Q1-E)         3.9 mm, 0 via(s), w 0.20, gap 2.3
     ok   Net-(Q1-E)        18.5 mm, 2 via(s) 0.5/0.3, w 0.20, gap 14.0
     ok   analog_5V          1.1 mm, 1 via(s) 0.5/0.3, w 0.40, gap 0.4
     ok   analog_5V          0.9 mm, 1 via(s) 0.5/0.3, w 0.40, gap 0.7
     ok   analog_5V          7.4 mm, 1 via(s) 0.5/0.3, w 0.40, gap 3.3
     ok   analog_5V          5.1 mm, 1 via(s) 0.5/0.3, w 0.40, gap 3.8
     ok   analog_5V          5.2 mm, 2 via(s) 0.5/0.3, w 0.40, gap 3.9
     ok   analog_5V          5.8 mm, 1 via(s) 0.5/0.3, w 0.40, gap 5.0
     ok   analog_5V         40.4 mm, 3 via(s) 0.5/0.3, w 0.40, gap 8.9
     ok   analog_5V          5.1 mm, 1 via(s) 0.5/0.3, w 0.40, gap 3.9
     ok   analog_5V         29.6 mm, 2 via(s) 0.5/0.3, w 0.40, gap 9.5
     ok   analog_5V         22.2 mm, 1 via(s) 0.5/0.3, w 0.40, gap 19.0
     ok   Net-(U106A-B)      0.1 mm, 1 via(s) 0.5/0.3, w 0.20, gap 0.0
     ok   Net-(U106A-B)     15.3 mm, 2 via(s) 0.5/0.3, w 0.20, gap 12.3
     ok   Net-(U106A-B)     35.3 mm, 2 via(s) 0.5/0.3, w 0.20, gap 31.4
     ok   IREF3_input       32.3 mm, 2 via(s) 0.5/0.3, w 0.20, gap 20.2
     ok   .1Vref_3           9.1 mm, 2 via(s) 0.5/0.3, w 0.20, gap 1.4
     ok   .1Vref_3          11.2 mm, 1 via(s) 0.5/0.3, w 0.20, gap 6.4
     ok   .1Vref_3          13.0 mm, 1 via(s) 0.5/0.3, w 0.20, gap 12.0
     ok   Net-(D4-+)         7.1 mm, 2 via(s) 0.5/0.3, w 0.20, gap 4.8
     ok   Net-(D4-+)        85.0 mm, 2 via(s) 0.5/0.3, w 0.20, gap 20.8
     ok   Net-(D23-+)        0.8 mm, 1 via(s) 0.5/0.3, w 0.20, gap 0.6
     ok   Net-(D23-+)        3.5 mm, 2 via(s) 0.5/0.3, w 0.20, gap 2.5
     ok   Net-(D23-+)       93.2 mm, 3 via(s) 0.5/0.3, w 0.20, gap 11.7
ok   Net-(U22-In+)      3.1 mm, 1 via(s) 0.5/0.3, w 0.20, gap 1.7
     Net-(U22-In+)    done in 23.8 s
ok   Verr3              1.1 mm, 0 via(s), w 0.20, gap 0.9
ok   Verr3              1.3 mm, 0 via(s), w 0.20, gap 1.0
ok   Verr3              1.4 mm, 0 via(s), w 0.20, gap 1.2
     Verr3            done in 0.3 s
ok   Net-(U106A-A)      0.9 mm, 0 via(s), w 0.20, gap 0.7
ok   Net-(U106A-A)      1.1 mm, 0 via(s), w 0.20, gap 0.9
     Net-(U106A-A)    done in 0.2 s
     Net-(U106B-A)    done in 0.0 s
ok   Vout_1             3.9 mm, 1 via(s) 0.5/0.3, w 0.30, gap 1.7
     Vout_1           done in 0.1 s
ok   Vout_3             1.8 mm, 0 via(s), w 0.30, gap 1.5
     Vout_3           done in 0.1 s
ok   .1Vout_1           4.7 mm, 1 via(s) 0.5/0.3, w 0.20, gap 0.1
ok   .1Vout_1           0.9 mm, 0 via(s), w 0.20, gap 0.4
     .1Vout_1         done in 0.2 s
ok   Net-(D4--)         0.0 mm, 1 via(s) 0.5/0.3, w 0.20, gap 0.0
ok   Net-(D4--)         1.2 mm, 0 via(s), w 0.20, gap 0.4
     Net-(D4--)       done in 0.2 s
ok   Net-(D3-+)         0.9 mm, 1 via(s) 0.5/0.3, w 0.20, gap 0.7
     Net-(D3-+)       done in 0.1 s
ok   .1Vout_2           0.5 mm, 1 via(s) 0.5/0.3, w 0.20, gap 0.0
ok   .1Vout_2           0.7 mm, 0 via(s), w 0.20, gap 0.2
     .1Vout_2         done in 0.1 s
rip  Net-(D24-+)      ripped and re-routed Verr1, Net-(U21-In+), Net-(D23-+), Net-(D4-+)
     ok   Net-(U21-In+)      0.9 mm, 0 via(s), w 0.20, gap 0.7
     ok   Net-(U21-In+)     10.1 mm, 2 via(s) 0.5/0.3, w 0.15, gap 0.8
     ok   Net-(U21-In+)      2.7 mm, 0 via(s), w 0.20, gap 0.0
     ok   Net-(D4-+)         7.1 mm, 2 via(s) 0.5/0.3, w 0.20, gap 4.8
     ok   Net-(D4-+)        85.0 mm, 2 via(s) 0.5/0.3, w 0.20, gap 20.8
     ok   Net-(D23-+)        0.8 mm, 1 via(s) 0.5/0.3, w 0.20, gap 0.6
     ok   Net-(D23-+)        3.5 mm, 2 via(s) 0.5/0.3, w 0.20, gap 2.5
     ok   Net-(D23-+)       89.9 mm, 4 via(s) 0.5/0.3, w 0.20, gap 11.7
     ok   Verr1              0.0 mm, 1 via(s) 0.5/0.3, w 0.20, gap 0.0
     ok   Verr1              1.0 mm, 0 via(s), w 0.20, gap 0.8
     ok   Verr1             30.6 mm, 3 via(s) 0.5/0.3, w 0.15, gap 12.4
ok   Net-(D24-+)       66.2 mm, 2 via(s) 0.5/0.3, w 0.15, gap 45.1
     Net-(D24-+)      done in 6.7 s
ok   VerrGT0            3.7 mm, 0 via(s), w 0.20, gap 3.2
ok   VerrGT0            6.2 mm, 0 via(s), w 0.20, gap 5.3
ok   VerrGT0           21.7 mm, 0 via(s), w 0.20, gap 20.8
ok   VerrGT0           34.2 mm, 0 via(s), w 0.20, gap 29.2
     VerrGT0          done in 1.1 s
ok   0err_hi            1.7 mm, 1 via(s) 0.5/0.3, w 0.20, gap 0.8
ok   0err_hi            6.2 mm, 1 via(s) 0.5/0.3, w 0.20, gap 3.5
rip  0err_hi          ripped and re-routed Net-(D4-+), Net-(D23-+), Net-(U4-In+), Verr1
     ok   Net-(U4-In+)       0.9 mm, 0 via(s), w 0.20, gap 0.7
     ok   Net-(U4-In+)       0.9 mm, 0 via(s), w 0.20, gap 0.7
     ok   Net-(U4-In+)       4.7 mm, 0 via(s), w 0.20, gap 3.8
     ok   Net-(D4-+)         7.1 mm, 2 via(s) 0.5/0.3, w 0.20, gap 4.8
     ok   Net-(D4-+)        85.8 mm, 4 via(s) 0.5/0.3, w 0.20, gap 20.8
     ok   Net-(D23-+)        0.8 mm, 1 via(s) 0.5/0.3, w 0.20, gap 0.6
     ok   Net-(D23-+)        3.5 mm, 2 via(s) 0.5/0.3, w 0.20, gap 2.5
     ok   Net-(D23-+)       93.7 mm, 4 via(s) 0.5/0.3, w 0.20, gap 11.7
     ok   Verr1              0.0 mm, 1 via(s) 0.5/0.3, w 0.20, gap 0.0
     ok   Verr1              1.0 mm, 0 via(s), w 0.20, gap 0.8
     ok   Verr1             32.0 mm, 3 via(s) 0.5/0.3, w 0.15, gap 12.4
ok   0err_hi           99.0 mm, 5 via(s) 0.5/0.3, w 0.20, gap 25.7
ok   0err_hi           10.2 mm, 1 via(s) 0.5/0.3, w 0.20, gap 1.6
     0err_hi          done in 7.9 s
ok   Out-               2.9 mm, 0 via(s), w 0.20, gap 2.1
ok   Out-               4.4 mm, 0 via(s), w 0.20, gap 2.7
ok   Out-               3.7 mm, 0 via(s), w 0.20, gap 3.2
ok   Out-               5.4 mm, 0 via(s), w 0.20, gap 4.4
ok   Out-               8.6 mm, 1 via(s) 0.5/0.3, w 0.20, gap 6.4
ok   Out-              17.5 mm, 0 via(s), w 0.20, gap 13.6
ok   Out-              21.5 mm, 3 via(s) 0.5/0.3, w 0.20, gap 16.3
     Out-             done in 1.6 s
ok   Net-(U103B-Y)     52.7 mm, 2 via(s) 0.5/0.3, w 0.20, gap 33.1
     Net-(U103B-Y)    done in 0.6 s
ok   Net-(D5--)        10.5 mm, 1 via(s) 0.5/0.3, w 0.20, gap 0.6
ok   Net-(D5--)        52.2 mm, 1 via(s) 0.5/0.3, w 0.20, gap 30.9
     Net-(D5--)       done in 0.6 s
ok   low_error_timeout   1.1 mm, 0 via(s), w 0.20, gap 0.8
ok   low_error_timeout   3.0 mm, 1 via(s) 0.5/0.3, w 0.20, gap 2.1
ok   low_error_timeout  23.1 mm, 2 via(s) 0.5/0.3, w 0.20, gap 15.8
ok   low_error_timeout  19.0 mm, 2 via(s) 0.5/0.3, w 0.20, gap 17.0
     low_error_timeout done in 0.7 s
ok   Net-(U102B-A)     15.2 mm, 0 via(s), w 0.20, gap 14.1
ok   Net-(U102B-A)     34.4 mm, 3 via(s) 0.5/0.3, w 0.15, gap 19.1
     Net-(U102B-A)    done in 0.8 s
ok   Net-(U102C-A)     16.2 mm, 2 via(s) 0.5/0.3, w 0.20, gap 12.9
ok   Net-(U102C-A)     55.2 mm, 2 via(s) 0.5/0.3, w 0.15, gap 20.4
     Net-(U102C-A)    done in 1.1 s
ok   0A_hi             13.0 mm, 2 via(s) 0.5/0.3, w 0.15, gap 8.0
rip  0A_hi            ripped and re-routed Net-(U26E-HVC{slash}A0), VerrGT0, Net-(D23-+), SCL
     ok   Net-(U26E-HVC{slash}A0)   4.5 mm, 1 via(s) 0.5/0.3, w 0.20, gap 3.6
     ok   SCL                9.3 mm, 1 via(s) 0.5/0.3, w 0.20, gap 8.6
     ok   Net-(D23-+)        0.8 mm, 1 via(s) 0.5/0.3, w 0.20, gap 0.6
     ok   Net-(D23-+)        3.5 mm, 2 via(s) 0.5/0.3, w 0.20, gap 2.5
     ok   Net-(D23-+)       99.1 mm, 5 via(s) 0.5/0.3, w 0.20, gap 11.7
     ok   VerrGT0            3.8 mm, 0 via(s), w 0.20, gap 3.2
     ok   VerrGT0            6.4 mm, 2 via(s) 0.5/0.3, w 0.20, gap 5.3
     ok   VerrGT0           26.0 mm, 2 via(s) 0.5/0.3, w 0.20, gap 20.9
     ok   VerrGT0           34.8 mm, 3 via(s) 0.5/0.3, w 0.20, gap 28.7
     0A_hi            done in 7.5 s
     IREF3            done in 0.0 s
ok   ena_out_2         13.7 mm, 0 via(s), w 0.20, gap 11.5
ok   ena_out_2         27.9 mm, 1 via(s) 0.5/0.3, w 0.20, gap 17.8
     ena_out_2        done in 0.6 s
ok   Net-(D7--)         1.1 mm, 0 via(s), w 0.20, gap 0.8
ok   Net-(D7--)        32.9 mm, 3 via(s) 0.5/0.3, w 0.20, gap 28.1
     Net-(D7--)       done in 0.3 s
rip  Net-(D5-+)       ripped Net-(D5--), Verr1, 0err_hi, Net-(D23-+), but Verr1 then failed; undone
rip  Net-(D5-+)       ripped Net-(D5--), Verr1, Net-(D23-+), 0err_hi, Net-(D4-+), 12V, Net-(U26C-P2B), .1Vref_2, but 0err_hi then failed; undone
rip  Net-(D5-+)       ripped and re-routed Net-(D4-+), Net-(D5--)
     ok   Net-(D4-+)         7.1 mm, 2 via(s) 0.5/0.3, w 0.20, gap 4.8
     ok   Net-(D4-+)        85.9 mm, 4 via(s) 0.5/0.3, w 0.20, gap 20.8
     ok   Net-(D5--)        11.0 mm, 1 via(s) 0.5/0.3, w 0.20, gap 0.6
     ok   Net-(D5--)        52.4 mm, 2 via(s) 0.5/0.3, w 0.20, gap 31.5
rip  Net-(D5-+)       ripped Net-(U106C-B), .1Vref_2, Voltage_err_2, IREF3, but IREF3 then failed; undone
rip  Net-(D5-+)       ripped Net-(U106C-B), Net-(U103B-Y), VerrGT0, 0err_hi, .1Vref_2, 0A_hi, Net-(D23-+), Net-(U13-In-), but 0err_hi then failed; undone
rip  Net-(D5-+)       ripped 12V, Net-(D24-+), Net-(U102B-A), 0err_hi, Net-(D4-+), Net-(U13-In-), Verr2, ena_out_3, Net-(U106C-B), .1Vref_2, but 0err_hi then failed; undone
FAIL Net-(D5-+): island 0 (121 cells; U103.3) to island 1 (R63.2 D5.2), gap 20.6 mm
     Net-(D5-+)       done in 65.5 s (1 failed)
     IREF2            done in 0.0 s
ok   Net-(C8-Pad2)      0.9 mm, 0 via(s), w 0.20, gap 0.7
rip  Net-(C8-Pad2)    ripped VerrGT0, 0err_hi, 5V, Net-(U102C-A), but VerrGT0 then failed; undone
rip  Net-(C8-Pad2)    ripped Net-(D5--), Net-(U102C-A), 0err_hi, VerrGT0, 5V, Net-(U103B-Y), .1Vref_2, Net-(D26-+), but 0err_hi then failed; undone
rip  Net-(C8-Pad2)    ripped and re-routed Net-(D5--), 0err_hi, Net-(D4-+), Net-(D24-+), VerrGT0, 12V, Verr1, Verr2, Net-(U102C-A), Net-(U103A-A), Net-(U21-In+), Voltage_err_2
     ok   Net-(U21-In+)      0.9 mm, 0 via(s), w 0.20, gap 0.7
     ok   Net-(U21-In+)      1.9 mm, 1 via(s) 0.5/0.3, w 0.20, gap 0.8
     ok   Net-(U21-In+)      1.4 mm, 0 via(s), w 0.20, gap 1.1
     ok   12V               42.3 mm, 1 via(s) 0.5/0.3, w 0.40, gap 6.5
     ok   12V               12.8 mm, 2 via(s) 0.5/0.3, w 0.40, gap 7.4
     ok   Voltage_err_2     12.1 mm, 2 via(s) 0.5/0.3, w 0.20, gap 10.4
     ok   Voltage_err_2     22.0 mm, 2 via(s) 0.5/0.3, w 0.20, gap 20.2
     ok   Net-(D4-+)         7.1 mm, 2 via(s) 0.5/0.3, w 0.20, gap 4.8
     ok   Net-(D4-+)        75.2 mm, 2 via(s) 0.5/0.3, w 0.20, gap 20.8
     ok   Verr1              0.0 mm, 1 via(s) 0.5/0.3, w 0.20, gap 0.0
     ok   Verr1              1.0 mm, 0 via(s), w 0.20, gap 0.8
     ok   Verr1             28.9 mm, 2 via(s) 0.5/0.3, w 0.20, gap 12.4
     ok   Verr2              0.6 mm, 1 via(s) 0.5/0.3, w 0.20, gap 0.4
     ok   Verr2              2.2 mm, 0 via(s), w 0.20, gap 1.0
     ok   Verr2              3.1 mm, 0 via(s), w 0.20, gap 2.6
     ok   Net-(D24-+)        3.7 mm, 1 via(s) 0.5/0.3, w 0.15, gap 0.8
     ok   Net-(D24-+)       67.1 mm, 4 via(s) 0.5/0.3, w 0.15, gap 45.1
     ok   VerrGT0            3.8 mm, 0 via(s), w 0.20, gap 3.2
     ok   VerrGT0            6.4 mm, 2 via(s) 0.5/0.3, w 0.20, gap 5.3
     ok   VerrGT0           26.2 mm, 2 via(s) 0.5/0.3, w 0.20, gap 20.9
     ok   VerrGT0           35.1 mm, 3 via(s) 0.5/0.3, w 0.20, gap 28.7
     ok   0err_hi            1.7 mm, 1 via(s) 0.5/0.3, w 0.20, gap 0.8
     ok   0err_hi            6.2 mm, 1 via(s) 0.5/0.3, w 0.20, gap 3.5
     ok   0err_hi           15.2 mm, 2 via(s) 0.5/0.3, w 0.20, gap 6.2
     ok   0err_hi           97.1 mm, 7 via(s) 0.5/0.3, w 0.15, gap 25.8
     ok   0err_hi            2.0 mm, 0 via(s), w 0.20, gap 0.1
     ok   Net-(D5--)         5.4 mm, 1 via(s) 0.5/0.3, w 0.20, gap 0.6
     ok   Net-(D5--)        43.7 mm, 3 via(s) 0.5/0.3, w 0.15, gap 30.2
     ok   Net-(U102C-A)     15.8 mm, 2 via(s) 0.5/0.3, w 0.20, gap 12.9
     ok   Net-(U102C-A)     44.6 mm, 4 via(s) 0.5/0.3, w 0.20, gap 20.5
     ok   Net-(U103A-A)     31.5 mm, 2 via(s) 0.5/0.3, w 0.20, gap 12.8
     ok   Net-(U103A-A)     17.5 mm, 1 via(s) 0.5/0.3, w 0.20, gap 11.8
     Net-(C8-Pad2)    done in 33.1 s
     Net-(U103A-A)    done in 0.0 s
ok   Net-(U102A-Y)     45.7 mm, 4 via(s) 0.5/0.3, w 0.20, gap 29.8
     Net-(U102A-Y)    done in 0.3 s
ok   Net-(U102D-Y)     37.9 mm, 2 via(s) 0.5/0.3, w 0.15, gap 25.2
     Net-(U102D-Y)    done in 0.5 s
ok   ARD_M1_INHIBIT     1.0 mm, 0 via(s), w 0.20, gap 0.8
ok   ARD_M1_INHIBIT    19.8 mm, 1 via(s) 0.5/0.3, w 0.20, gap 17.4
     ARD_M1_INHIBIT   done in 0.4 s
ok   ena_out_3         30.2 mm, 5 via(s) 0.5/0.3, w 0.15, gap 10.2
rip  ena_out_3        ripped Net-(D4-+), Out-, Net-(D23-+), Net-(U102D-Y), but Net-(U102D-Y) then failed; undone
rip  ena_out_3        ripped Out-, Net-(D4-+), Net-(D23-+), low_error_timeout, ena_out_2, IREF2, Net-(U3-In-), Net-(D24-+), but Out- then failed; undone
rip  ena_out_3        ripped Net-(D24-+), 0err_hi, IREF2, analog_5V, Net-(U13-In-), Net-(U102B-A), low_error_timeout, Net-(D23-+), but Net-(U102B-A) then failed; undone
FAIL ena_out_3: island 0 (223 cells; J11.9) to island 1 (U103.4 U105.4), gap 13.2 mm
     ena_out_3        done in 41.6 s (1 failed)
rip  Net-(D20--)      ripped Net-(U106C-B), Net-(U102B-A), Net-(U103B-Y), 0err_hi, but Net-(U102B-A) then failed; undone
rip  Net-(D20--)      ripped Net-(U106C-B), Out-, Net-(U102B-A), 0err_hi, .1Vref_2, analog_5V, 0A_hi, Voltage_err_2, but Out- then failed; undone
rip  Net-(D20--)      ripped Net-(D5--), Net-(U7-In-), Net-(D23-+), Net-(U102B-A), 0err_hi, but Net-(U102B-A) then failed; undone
FAIL Net-(D20--): island 1 (119 cells; U105.1) to island 2 (D20.1), gap 8.7 mm
ok   Net-(D20--)       13.6 mm, 2 via(s) 0.5/0.3, w 0.20, gap 10.6
rip  Net-(D20--)      ripped Net-(U106C-B), Net-(U102B-A), Net-(U103B-Y), 0err_hi, but Net-(U102B-A) then failed; undone
rip  Net-(D20--)      ripped Net-(U106C-B), Out-, Net-(U102B-A), 0err_hi, .1Vref_2, analog_5V, 0A_hi, Net-(U103A-A), but Out- then failed; undone
rip  Net-(D20--)      ripped Net-(D5--), Net-(U7-In-), Net-(D23-+), Net-(U102B-A), 0err_hi, but Net-(U102B-A) then failed; undone
FAIL Net-(D20--): island 0 (514 cells; R81.2 U105.1) to island 1 (D20.1), gap 8.7 mm
     Net-(D20--)      done in 81.0 s (2 failed)
     M1_ON            done in 0.0 s
ok   Net-(D20-+)        2.8 mm, 1 via(s) 0.5/0.3, w 0.20, gap 2.5
ok   Net-(D20-+)       18.5 mm, 0 via(s), w 0.20, gap 16.8
     Net-(D20-+)      done in 0.2 s
ok   ena_out_1          6.3 mm, 0 via(s), w 0.20, gap 3.7
rip  ena_out_1        ripped ena_out_2, Net-(D24-+), low_error_timeout, analog_5V, but low_error_timeout then failed; undone
rip  ena_out_1        ripped ena_out_2, Net-(U102A-Y), Net-(D24-+), Net-(D25-+), low_error_timeout, analog_5V, Net-(D4-+), Net-(D23-+), but Net-(U102A-Y) then failed; undone
rip  ena_out_1        ripped ena_out_2, Net-(U102B-A), low_error_timeout, Out-, Net-(D20--), 5V, Net-(U23-In+), Voltage_err_2, Net-(D25-+), analog_5V, but low_error_timeout then failed; undone
FAIL ena_out_1: island 0 (377 cells; U105.2 U102.2) to island 1 (J11.5), gap 13.5 mm
     ena_out_1        done in 37.1 s (1 failed)
ok   out_3_on          16.7 mm, 1 via(s) 0.5/0.3, w 0.20, gap 14.9
     out_3_on         done in 0.2 s
ok   set-               8.0 mm, 0 via(s), w 0.20, gap 6.2
ok   set-              17.7 mm, 1 via(s) 0.5/0.3, w 0.15, gap 8.0
     set-             done in 0.6 s
ok   Net-(U101A-Y)     20.3 mm, 2 via(s) 0.5/0.3, w 0.20, gap 11.3
     Net-(U101A-Y)    done in 0.2 s
ok   out_2_on          19.9 mm, 2 via(s) 0.5/0.3, w 0.20, gap 10.2
     out_2_on         done in 0.2 s
ok   M2_ON             13.5 mm, 1 via(s) 0.5/0.3, w 0.20, gap 10.2
     M2_ON            done in 0.2 s
ok   Net-(C17-Pad2)     1.1 mm, 0 via(s), w 0.20, gap 0.8
rip  Net-(C17-Pad2)   ripped and re-routed Net-(D7--), VerrGT0, .1Vref_2, Net-(U106C-A)
     ok   .1Vref_2           1.2 mm, 0 via(s), w 0.20, gap 0.9
     ok   .1Vref_2          29.5 mm, 2 via(s) 0.5/0.3, w 0.20, gap 24.4
     ok   .1Vref_2          43.8 mm, 2 via(s) 0.5/0.3, w 0.20, gap 30.6
     ok   Net-(U106C-A)      7.3 mm, 0 via(s), w 0.20, gap 6.5
     ok   Net-(U106C-A)     15.5 mm, 0 via(s), w 0.20, gap 11.0
     ok   VerrGT0            3.8 mm, 0 via(s), w 0.20, gap 3.2
     ok   VerrGT0            6.5 mm, 2 via(s) 0.5/0.3, w 0.20, gap 5.3
     ok   VerrGT0           26.2 mm, 2 via(s) 0.5/0.3, w 0.20, gap 20.9
     ok   VerrGT0           35.6 mm, 3 via(s) 0.5/0.3, w 0.20, gap 28.7
     ok   Net-(D7--)         1.1 mm, 0 via(s), w 0.20, gap 0.8
     ok   Net-(D7--)        34.8 mm, 3 via(s) 0.5/0.3, w 0.20, gap 28.1
     Net-(C17-Pad2)   done in 4.3 s
ok   Net-(C9-Pad2)      0.0 mm, 1 via(s) 0.5/0.3, w 0.20, gap 0.0
rip  Net-(C9-Pad2)    ripped Net-(U102A-Y), .1Vref_2, Output1_drain, Net-(D7--), but Net-(U102A-Y) then failed; undone
rip  Net-(C9-Pad2)    ripped Net-(U102A-Y), Net-(D7--), Output1_drain, .1Vref_2, analog_5V, .1Vout_2, Net-(D25-+), VerrGT0, but Net-(D25-+) then failed; undone
rip  Net-(C9-Pad2)    ripped VerrGT0, Net-(D7--), Net-(C17-Pad2), Net-(U7-In-), .1Vout_2, analog_5V, but Net-(C17-Pad2) then failed; undone
FAIL Net-(C9-Pad2): island 0 (120 cells; R78.1 R79.1) to island 1 (C9.2), gap 9.5 mm
     Net-(C9-Pad2)    done in 23.9 s (1 failed)
rip  Net-(U18-Q3)     ripped and re-routed ena_out_2, low_error_timeout, Net-(U102A-Y), Net-(D25-+)
     ok   Net-(D25-+)       13.2 mm, 2 via(s) 0.5/0.3, w 0.15, gap 2.4
     ok   Net-(D25-+)        5.3 mm, 1 via(s) 0.5/0.3, w 0.20, gap 3.9
     ok   Net-(D25-+)       11.5 mm, 1 via(s) 0.5/0.3, w 0.20, gap 10.3
     ok   low_error_timeout   1.1 mm, 0 via(s), w 0.20, gap 0.8
     ok   low_error_timeout   2.7 mm, 1 via(s) 0.5/0.3, w 0.20, gap 2.1
     ok   low_error_timeout  19.3 mm, 2 via(s) 0.5/0.3, w 0.20, gap 15.8
     ok   low_error_timeout  18.8 mm, 2 via(s) 0.5/0.3, w 0.20, gap 17.0
     ok   ena_out_2         13.1 mm, 1 via(s) 0.5/0.3, w 0.20, gap 11.5
     ok   ena_out_2         27.5 mm, 2 via(s) 0.5/0.3, w 0.20, gap 17.8
     ok   Net-(U102A-Y)     39.3 mm, 3 via(s) 0.5/0.3, w 0.15, gap 29.9
     Net-(U18-Q3)     done in 4.1 s
ok   RESET-            10.8 mm, 1 via(s) 0.5/0.3, w 0.15, gap 4.6
     RESET-           done in 0.3 s
rip  Out              ripping out_2_on, ena_out_2, Net-(U26B-P1B), M1_ON did not free a path
rip  Out              ripping out_2_on, VerrGT0, M1_ON, M2_ON, Out-, Net-(U26B-P1B), out_3_on, ena_out_2 did not free a path
rip  Out              ripped and re-routed Out-, RESET-, M1_ON, Net-(U26B-P1B), Net-(U102D-Y)
     ok   Net-(U26B-P1B)     0.0 mm, 1 via(s) 0.5/0.3, w 0.20, gap 0.0
     ok   Net-(U26B-P1B)     5.2 mm, 1 via(s) 0.5/0.3, w 0.20, gap 3.4
     ok   Net-(U26B-P1B)    18.9 mm, 2 via(s) 0.5/0.3, w 0.20, gap 12.1
     ok   Out-               3.3 mm, 2 via(s) 0.5/0.3, w 0.20, gap 2.1
     ok   Out-               4.5 mm, 1 via(s) 0.5/0.3, w 0.20, gap 2.7
     ok   Out-               3.8 mm, 0 via(s), w 0.20, gap 3.2
     ok   Out-               5.1 mm, 2 via(s) 0.5/0.3, w 0.20, gap 4.4
     ok   Out-               6.3 mm, 0 via(s), w 0.20, gap 5.6
     ok   Out-              17.4 mm, 2 via(s) 0.5/0.3, w 0.20, gap 13.7
     ok   Out-              21.9 mm, 3 via(s) 0.5/0.3, w 0.20, gap 16.1
     ok   Net-(U102D-Y)     41.9 mm, 3 via(s) 0.5/0.3, w 0.15, gap 25.2
     ok   M1_ON             16.0 mm, 2 via(s) 0.5/0.3, w 0.20, gap 8.9
     ok   M1_ON             27.1 mm, 2 via(s) 0.5/0.3, w 0.15, gap 12.5
     ok   RESET-            44.8 mm, 5 via(s) 0.5/0.3, w 0.20, gap 4.6
     Out              done in 9.9 s
ok   M1_INHIBIT         0.1 mm, 1 via(s) 0.5/0.3, w 0.20, gap 0.0
ok   M1_INHIBIT         1.2 mm, 0 via(s), w 0.20, gap 0.4
ok   M1_INHIBIT         1.4 mm, 1 via(s) 0.5/0.3, w 0.20, gap 0.7
ok   M1_INHIBIT         1.2 mm, 0 via(s), w 0.20, gap 0.9
ok   M1_INHIBIT         1.3 mm, 0 via(s), w 0.20, gap 1.0
     M1_INHIBIT       done in 0.5 s
ok   Vref_3_arduino     5.6 mm, 0 via(s), w 0.20, gap 4.4
     Vref_3_arduino   done in 0.1 s
ok   Vref_2_arduino     3.4 mm, 0 via(s), w 0.20, gap 2.9
     Vref_2_arduino   done in 0.1 s
ok   Net-(D7-+)         0.9 mm, 0 via(s), w 0.20, gap 0.7
ok   Net-(D7-+)         1.3 mm, 1 via(s) 0.5/0.3, w 0.20, gap 0.9
     Net-(D7-+)       done in 0.2 s
ok   Vref_1_arduino    10.5 mm, 1 via(s) 0.5/0.3, w 0.20, gap 2.8
     Vref_1_arduino   done in 0.1 s
rip  Net-(U26E-A1)    ripped RESET-, Net-(U26C-P2B), 5V, analog_5V, but Net-(U26C-P2B) then failed; undone
rip  Net-(U26E-A1)    ripped RESET-, Net-(U26C-P2B), Vref_3, SCL, analog_5V, SDA, IREF1_input, Net-(U26A-P0B), but Net-(U26A-P0B) then failed; undone
rip  Net-(U26E-A1)    ripped and re-routed .1Vref_3, SCL, Vref_3_arduino
     ok   SCL                9.4 mm, 1 via(s) 0.5/0.3, w 0.20, gap 8.6
     ok   .1Vref_3           9.1 mm, 2 via(s) 0.5/0.3, w 0.20, gap 1.4
     ok   .1Vref_3          11.2 mm, 2 via(s) 0.5/0.3, w 0.20, gap 6.4
     ok   .1Vref_3          13.1 mm, 1 via(s) 0.5/0.3, w 0.20, gap 12.0
     ok   Vref_3_arduino     5.9 mm, 1 via(s) 0.5/0.3, w 0.20, gap 4.6
     Net-(U26E-A1)    done in 26.0 s
rip  Net-(U26E-~{RESET}) ripped RESET-, Net-(U26C-P2B), Net-(U26A-P0B), analog_5V, but Net-(U26A-P0B) then failed; undone
rip  Net-(U26E-~{RESET}) ripped RESET-, Net-(U26E-A1), SDA, Net-(U26C-P2B), IREF1_input, Vref_3, SCL, IREF2, but Vref_3 then failed; undone
rip  Net-(U26E-~{RESET}) ripped and re-routed Net-(U26E-A1), .1Vref_3, RESET-, analog_5V, Net-(D23-+), SCL
     ok   SCL                9.4 mm, 1 via(s) 0.5/0.3, w 0.20, gap 8.6
     ok   analog_5V          1.1 mm, 1 via(s) 0.5/0.3, w 0.40, gap 0.4
     ok   analog_5V          0.9 mm, 1 via(s) 0.5/0.3, w 0.40, gap 0.7
     ok   analog_5V          7.4 mm, 1 via(s) 0.5/0.3, w 0.40, gap 3.3
     ok   analog_5V          5.2 mm, 1 via(s) 0.5/0.3, w 0.40, gap 3.8
     ok   analog_5V          5.2 mm, 2 via(s) 0.5/0.3, w 0.40, gap 3.9
     ok   analog_5V          6.4 mm, 2 via(s) 0.5/0.3, w 0.40, gap 5.0
     ok   analog_5V         40.0 mm, 4 via(s) 0.5/0.3, w 0.40, gap 8.9
     ok   analog_5V          6.0 mm, 1 via(s) 0.5/0.3, w 0.40, gap 3.7
     ok   analog_5V         29.6 mm, 2 via(s) 0.5/0.3, w 0.40, gap 9.5
     ok   analog_5V         22.1 mm, 1 via(s) 0.5/0.3, w 0.40, gap 19.0
     ok   .1Vref_3           9.1 mm, 2 via(s) 0.5/0.3, w 0.20, gap 1.4
     ok   .1Vref_3          11.3 mm, 2 via(s) 0.5/0.3, w 0.20, gap 6.4
     ok   .1Vref_3          13.1 mm, 0 via(s), w 0.20, gap 12.0
     ok   Net-(D23-+)        0.8 mm, 1 via(s) 0.5/0.3, w 0.20, gap 0.6
     ok   Net-(D23-+)        3.5 mm, 2 via(s) 0.5/0.3, w 0.20, gap 2.5
     ok   Net-(D23-+)       98.4 mm, 5 via(s) 0.5/0.3, w 0.20, gap 11.7
     ok   RESET-            30.1 mm, 5 via(s) 0.5/0.3, w 0.20, gap 4.6
     ok   Net-(U26E-A1)      6.1 mm, 2 via(s) 0.5/0.3, w 0.20, gap 3.4
     Net-(U26E-~{RESET}) done in 23.5 s
ok   Net-(C19-Pad1)     0.5 mm, 1 via(s) 0.5/0.3, w 0.20, gap 0.0
ok   Net-(C19-Pad1)     0.9 mm, 0 via(s), w 0.20, gap 0.4
     Net-(C19-Pad1)   done in 0.1 s
ok   5V                 1.1 mm, 0 via(s), w 0.40, gap 0.0
rip  5V               ripped Vref_1_arduino, Vref_3_arduino, analog_5V, Net-(U26E-A1), but Vref_3_arduino then failed; undone
rip  5V               ripped Vref_1_arduino, analog_5V, Net-(D23-+), Vref_3_arduino, Net-(U26E-A1), IREF3_input, Net-(U22-In+), Net-(Q1-E), but Net-(D23-+) then failed; undone
rip  5V               ripped and re-routed Net-(U26E-A1), Vref_1_arduino, Vref_3_arduino, Net-(U26E-~{RESET}), analog_5V
     ok   analog_5V          1.1 mm, 1 via(s) 0.5/0.3, w 0.40, gap 0.4
     ok   analog_5V          0.9 mm, 1 via(s) 0.5/0.3, w 0.40, gap 0.7
     ok   analog_5V          7.4 mm, 1 via(s) 0.5/0.3, w 0.40, gap 3.3
     ok   analog_5V          5.2 mm, 1 via(s) 0.5/0.3, w 0.40, gap 3.8
     ok   analog_5V          5.2 mm, 2 via(s) 0.5/0.3, w 0.40, gap 3.9
     ok   analog_5V          6.4 mm, 2 via(s) 0.5/0.3, w 0.40, gap 5.0
     ok   analog_5V         40.2 mm, 4 via(s) 0.5/0.3, w 0.40, gap 8.9
     ok   analog_5V          5.8 mm, 1 via(s) 0.5/0.3, w 0.40, gap 3.7
     ok   analog_5V         29.6 mm, 2 via(s) 0.5/0.3, w 0.40, gap 9.5
     ok   analog_5V         22.1 mm, 1 via(s) 0.5/0.3, w 0.40, gap 19.0
     ok   Vref_3_arduino     4.8 mm, 0 via(s), w 0.20, gap 4.6
     ok   Vref_1_arduino    12.3 mm, 1 via(s) 0.5/0.3, w 0.20, gap 2.8
     ok   Net-(U26E-A1)      6.3 mm, 0 via(s), w 0.20, gap 3.4
     ok   Net-(U26E-~{RESET})  15.0 mm, 2 via(s) 0.5/0.3, w 0.20, gap 2.7
ok   5V                 0.3 mm, 1 via(s) 0.5/0.3, w 0.40, gap 0.0
ok   5V                 0.2 mm, 1 via(s) 0.5/0.3, w 0.40, gap 0.0
ok   5V                 0.0 mm, 1 via(s) 0.5/0.3, w 0.40, gap 0.0
rip  5V               ripped Net-(U26C-P2B), Net-(U26E-A1), Net-(U26E-~{RESET}), Vref_3, but Net-(U26E-A1) then failed; undone
rip  5V               ripped Net-(U26E-A1), Net-(U26C-P2B), SCL, Net-(U26E-~{RESET}), analog_5V, .1Vref_3, Vref_3, Net-(U26A-P0B), but Net-(U26A-P0B) then failed; undone
rip  5V               ripped and re-routed Net-(U26C-P2B)
     ok   Net-(U26C-P2B)     1.4 mm, 1 via(s) 0.5/0.3, w 0.20, gap 0.4
     ok   Net-(U26C-P2B)     0.9 mm, 0 via(s), w 0.20, gap 0.7
     ok   Net-(U26C-P2B)    40.0 mm, 4 via(s) 0.5/0.3, w 0.15, gap 9.8
ok   5V                 1.2 mm, 0 via(s), w 0.40, gap 0.0
rip  5V               ripping .1Vref_2, Verr1, 0A_hi, IREF2_input did not free a path
rip  5V               ripping .1Vref_2, 0A_hi, Verr1, IREF2_input, 12V, Reset_raw, Net-(D23-+), Net-(D4-+) did not free a path
rip  5V               ripped Net-(U4-In+), but Net-(U4-In+) then failed; undone
FAIL 5V: island 0 (166744 cells; U28.16 U101.14 C52.1 R82.1 +33) to island 1 (C24.1 U5.5), gap 0.0 mm
ok   5V                 4.5 mm, 1 via(s) 0.5/0.3, w 0.40, gap 0.0
ok   5V                 1.2 mm, 0 via(s), w 0.40, gap 0.0
     5V               done in 66.6 s (1 failed)
     GND              done in 0.0 s
tracks 3256, vias 424, failures 13, 753 s
