board rasterised in 0.6 s
ok   Current            1.3 mm, 0 via(s), w 0.20, gap 1.1
ok   Current            1.6 mm, 0 via(s), w 0.20, gap 1.4
prot Current          track zone on In4.Cu/In5.Cu/B.Cu, via zone all layers; 6 nets exempt in the track zone
     Current          sensitive, 0.2 s
ok   Net-(U2-In+)       0.1 mm, 1 via(s) 0.5/0.3, w 0.15, gap 0.0
ok   Net-(U2-In+)       2.9 mm, 2 via(s) 0.5/0.3, w 0.15, gap 1.9
ok   Net-(U2-In+)       7.8 mm, 1 via(s) 0.5/0.3, w 0.15, gap 6.0
prot Net-(U2-In+)     track zone on F.Cu/In4.Cu/In5.Cu/B.Cu, via zone all layers; 9 nets exempt in the track zone
     Net-(U2-In+)     sensitive, 0.4 s
ok   V_err              9.7 mm, 1 via(s) 0.5/0.3, w 0.15, gap 0.0
ok   V_err              3.7 mm, 0 via(s), w 0.15, gap 0.6
prot V_err            track zone on F.Cu/B.Cu, via zone all layers; 11 nets exempt in the track zone (logic nets only)
     V_err            sensitive, 0.3 s
ok   Net-(U4-In+)       0.9 mm, 0 via(s), w 0.20, gap 0.7
ok   Net-(U4-In+)       0.9 mm, 0 via(s), w 0.20, gap 0.7
ok   Net-(U4-In+)       4.7 mm, 0 via(s), w 0.20, gap 3.8
     Net-(U4-In+)     done in 0.4 s
ok   Net-(U14-In+)      0.3 mm, 1 via(s) 0.5/0.3, w 0.20, gap 0.0
ok   Net-(U14-In+)      1.5 mm, 0 via(s), w 0.20, gap 1.2
ok   Net-(U14-In+)      3.7 mm, 0 via(s), w 0.20, gap 2.3
     Net-(U14-In+)    done in 0.3 s
ok   Net-(U21-In+)      0.9 mm, 0 via(s), w 0.20, gap 0.7
ok   Net-(U21-In+)      1.9 mm, 1 via(s) 0.5/0.3, w 0.20, gap 0.8
ok   Net-(U21-In+)      1.4 mm, 0 via(s), w 0.20, gap 1.1
     Net-(U21-In+)    done in 0.3 s
ok   Net-(U21-In-)      0.0 mm, 1 via(s) 0.5/0.3, w 0.20, gap 0.0
ok   Net-(U21-In-)      2.4 mm, 0 via(s), w 0.20, gap 2.0
     Net-(U21-In-)    done in 0.2 s
ok   Net-(Q1-E)         0.2 mm, 1 via(s) 0.5/0.3, w 0.20, gap 0.0
ok   Net-(Q1-E)         3.9 mm, 0 via(s), w 0.20, gap 2.3
ok   Net-(Q1-E)        20.0 mm, 0 via(s), w 0.20, gap 14.0
     Net-(Q1-E)       done in 0.4 s
stch Net-(U2-In+)     4 GND vias beside its In5.Cu run
stch Current          2 GND vias beside its B.Cu run
stch V_err            0 GND vias beside its In5.Cu run
stch J9.10            2 GND vias beside the thermal-relief pad
dcap 5V               C104.1 -> U103.14: 1.1 mm, 0 via(s), w 0.30
dcap 5V               C98.1 -> U4.5: 1.2 mm, 0 via(s), w 0.30
dcap 5V               C28.1 -> U2.5: 1.3 mm, 0 via(s), w 0.30
dcap 5V               C53.2 -> U21.5: 0.9 mm, 0 via(s), w 0.30
dcap 5V               C24.1 -> U5.5: 1.3 mm, 0 via(s), w 0.30
dcap 5V               C12.1 -> U14.5: 1.1 mm, 0 via(s), w 0.30
dcap 5V               C58.1 -> U104.14: 1.2 mm, 0 via(s), w 0.30
dcap 5V               C23.1 -> U106.14: 1.2 mm, 0 via(s), w 0.30
dcap 5V               C52.1 -> U18.16: 0.9 mm, 0 via(s), w 0.30
dcap 5V               C91.2 -> U102.14: 5.7 mm, 0 via(s), w 0.30
dcap 5V               C22.1 -> U101.14: 4.8 mm, 0 via(s), w 0.30
dcap analog_5V        C63.1 -> U22.5: 1.1 mm, 0 via(s), w 0.30
dcap analog_5V        C37.2 -> U24.5: 1.3 mm, 0 via(s), w 0.30
dcap analog_5V        C38.2 -> U23.5: 2.9 mm, 0 via(s), w 0.30
dcap analog_5V        C36.2 -> U7.5: 3.7 mm, 0 via(s), w 0.30
dcap analog_5V        C32.1 -> U13.5: 9.4 mm, 2 via(s), w 0.30
     DECAP            16 direct links, 1.4 s
fan  GND              C10.1: 0.5 mm stub, via 0.5/0.3
fan  GND              C43.2: 0.0 mm stub, via 0.5/0.3
fan  GND              U3.2: 0.2 mm stub, via 0.5/0.3
fan  GND              U28.2: 0.0 mm stub, via 0.5/0.3
fan  GND              U28.4: 1.3 mm stub, via 0.5/0.3
fan  GND              U28.5: 0.3 mm stub, via 0.5/0.3
fan  GND              U28.7: 0.2 mm stub, via 0.5/0.3
fan  GND              U28.12: 0.2 mm stub, via 0.5/0.3
fan  GND              U28.13: 0.1 mm stub, via 0.5/0.3
fan  GND              C14.2: 0.0 mm stub, via 0.5/0.3
fan  GND              U101.7: 0.0 mm stub, via 0.5/0.3
fan  GND              C52.2: 0.5 mm stub, via 0.5/0.3
fan  GND              C37.1: nearest via needs 2.0 mm, not fanned out
fan  GND              C22.2: 0.7 mm stub, via 0.5/0.3
fan  GND              U103.7: 0.0 mm stub, via 0.5/0.3
fan  GND              U18.8: 0.0 mm stub, via 0.5/0.3
fan  GND              C59.2: 0.0 mm stub, via 0.5/0.3
fan  GND              U14.2: no via reachable
fan  GND              C104.2: 0.8 mm stub, via 0.5/0.3
fan  GND              C46.2: 0.7 mm stub, via 0.5/0.3
fan  GND              C54.2: 0.0 mm stub, via 0.5/0.3
fan  GND              C63.2: 0.0 mm stub, via 0.5/0.3
fan  GND              U22.2: 0.3 mm stub, via 0.5/0.3
fan  GND              C91.1: 0.1 mm stub, via 0.5/0.3
fan  GND              C102.2: 0.0 mm stub, via 0.5/0.3
fan  GND              C92.2: 0.0 mm stub, via 0.5/0.3
fan  GND              C8.1: 0.5 mm stub, via 0.5/0.3
fan  GND              U105.7: 0.0 mm stub, via 0.5/0.3
fan  GND              C12.2: 0.0 mm stub, via 0.5/0.3
fan  GND              C26.2: 0.9 mm stub, via 0.5/0.3
fan  GND              C99.2: 0.0 mm stub, via 0.5/0.3
fan  GND              U24.2: 0.0 mm stub, via 0.5/0.3
fan  GND              U102.7: 0.0 mm stub, via 0.5/0.3
fan  GND              C15.2: 0.0 mm stub, via 0.5/0.3
fan  GND              U106.7: 0.1 mm stub, via 0.5/0.3
fan  GND              C94.2: 0.0 mm stub, via 0.5/0.3
fan  GND              C66.2: 0.0 mm stub, via 0.5/0.3
fan  GND              C42.2: 0.0 mm stub, via 0.5/0.3
fan  GND              C103.2: 0.0 mm stub, via 0.5/0.3
fan  GND              C29.2: 0.2 mm stub, via 0.5/0.3
fan  GND              C32.2: 0.2 mm stub, via 0.5/0.3
fan  GND              C68.2: no via reachable
fan  GND              U21.2: no via reachable
fan  GND              U7.2: 0.3 mm stub, via 0.5/0.3
fan  GND              U4.2: 1.2 mm stub, via 0.5/0.3
fan  GND              U13.2: nearest via needs 1.8 mm, not fanned out
fan  GND              C13.1: 0.0 mm stub, via 0.5/0.3
fan  GND              C23.2: 0.5 mm stub, via 0.5/0.3
fan  GND              C93.2: 0.8 mm stub, via 0.5/0.3
fan  GND              Q1.3: 1.2 mm stub, via 0.5/0.3
fan  GND              C9.1: 0.0 mm stub, via 0.5/0.3
fan  GND              U2.2: 0.0 mm stub, via 0.5/0.3
fan  GND              C95.2: 0.0 mm stub, via 0.5/0.3
fan  GND              C97.2: 0.0 mm stub, via 0.5/0.3
fan  GND              C58.2: 0.0 mm stub, via 0.5/0.3
fan  GND              C53.1: 0.0 mm stub, via 0.5/0.3
fan  GND              C36.1: nearest via needs 2.2 mm, not fanned out
fan  GND              C47.2: 0.2 mm stub, via 0.5/0.3
fan  GND              U23.2: 1.2 mm stub, via 0.5/0.3
fan  GND              U26.7: no via reachable
fan  GND              U26.10: 0.5 mm stub, via 0.5/0.3
fan  GND              U26.20: 0.8 mm stub, via 0.5/0.3
fan  GND              C101.2: 0.0 mm stub, via 0.5/0.3
fan  GND              U104.7: 0.0 mm stub, via 0.5/0.3
fan  GND              C19.2: 0.0 mm stub, via 0.5/0.3
fan  GND              C98.2: 0.0 mm stub, via 0.5/0.3
     FANOUT:GND       59 vias, 7 pads skipped, 2.4 s
fan  5V               U28.16: 0.0 mm stub, via 0.5/0.3
fan  5V               U101.14: 0.0 mm stub, via 0.5/0.3
fan  5V               C52.1: 0.0 mm stub, via 0.5/0.3
fan  5V               C22.1: 0.4 mm stub, via 0.5/0.3
fan  5V               U103.14: 0.0 mm stub, via 0.5/0.3
fan  5V               U18.16: 0.0 mm stub, via 0.5/0.3
fan  5V               U14.5: 0.1 mm stub, via 0.5/0.3
fan  5V               C104.1: 0.0 mm stub, via 0.5/0.3
fan  5V               C54.1: 0.0 mm stub, via 0.5/0.3
fan  5V               C91.2: 0.0 mm stub, via 0.5/0.3
fan  5V               C92.1: 0.1 mm stub, via 0.5/0.3
fan  5V               U105.14: 0.0 mm stub, via 0.5/0.3
fan  5V               C12.1: 0.0 mm stub, via 0.5/0.3
fan  5V               C26.1: 0.8 mm stub, via 0.5/0.3
fan  5V               C99.1: 0.0 mm stub, via 0.5/0.3
fan  5V               U102.14: 0.0 mm stub, via 0.5/0.3
fan  5V               U106.14: 0.0 mm stub, via 0.5/0.3
fan  5V               C24.1: no via reachable
fan  5V               U5.5: no via reachable
fan  5V               C29.1: nearest via needs 2.1 mm, not fanned out
fan  5V               U21.5: 0.1 mm stub, via 0.5/0.3
fan  5V               U4.5: 1.1 mm stub, via 0.5/0.3
fan  5V               C23.1: 0.4 mm stub, via 0.5/0.3
fan  5V               U2.5: 0.5 mm stub, via 0.5/0.3
fan  5V               C95.1: 0.0 mm stub, via 0.5/0.3
fan  5V               C97.1: 0.0 mm stub, via 0.5/0.3
fan  5V               C58.1: 0.0 mm stub, via 0.5/0.3
fan  5V               U26.17: no via reachable
fan  5V               C96.1: 0.6 mm stub, via 0.5/0.3
fan  5V               U104.14: 0.1 mm stub, via 0.5/0.3
     FANOUT:5V        26 vias, 4 pads skipped, 0.7 s
fan  signals          182 escape vias, 19 pads without a via site within 1.2 mm
ok   analog_5V          1.1 mm, 1 via(s) 0.5/0.3, w 0.40, gap 0.4
ok   analog_5V          0.9 mm, 1 via(s) 0.5/0.3, w 0.40, gap 0.7
rip  analog_5V        ripped and re-routed Net-(U106A-B), Net-(U106B-A)
     ok   Net-(U106A-B)      0.0 mm, 1 via(s) 0.5/0.3, w 0.20, gap 0.0
     ok   Net-(U106A-B)     14.3 mm, 1 via(s) 0.5/0.3, w 0.20, gap 12.3
     ok   Net-(U106A-B)     34.2 mm, 2 via(s) 0.5/0.3, w 0.20, gap 31.5
     ok   Net-(U106B-A)      0.9 mm, 0 via(s), w 0.20, gap 0.7
     ok   Net-(U106B-A)      1.5 mm, 1 via(s) 0.5/0.3, w 0.20, gap 1.1
ok   analog_5V          4.3 mm, 0 via(s), w 0.40, gap 3.8
ok   analog_5V          4.6 mm, 2 via(s) 0.5/0.3, w 0.40, gap 3.9
ok   analog_5V          5.9 mm, 0 via(s), w 0.40, gap 5.0
ok   analog_5V          9.8 mm, 0 via(s), w 0.40, gap 8.9
ok   analog_5V         28.8 mm, 0 via(s), w 0.40, gap 9.5
ok   analog_5V         14.2 mm, 0 via(s), w 0.40, gap 11.7
ok   analog_5V         21.8 mm, 1 via(s) 0.5/0.3, w 0.40, gap 19.0
     analog_5V        done in 9.9 s
ok   12V               40.4 mm, 1 via(s) 0.5/0.3, w 0.40, gap 6.5
ok   12V                8.6 mm, 1 via(s) 0.5/0.3, w 0.40, gap 7.4
     12V              done in 2.2 s
ok   .1Vref_2           1.2 mm, 0 via(s), w 0.20, gap 0.9
ok   .1Vref_2          28.9 mm, 0 via(s), w 0.20, gap 24.4
ok   .1Vref_2          34.6 mm, 2 via(s) 0.5/0.3, w 0.20, gap 30.7
     .1Vref_2         done in 1.4 s
     Net-(U106A-B)    done in 0.0 s
ok   Net-(U23-In+)      2.4 mm, 0 via(s), w 0.20, gap 2.0
ok   Net-(U23-In+)      4.7 mm, 0 via(s), w 0.20, gap 3.9
ok   Net-(U23-In+)     29.2 mm, 2 via(s) 0.5/0.3, w 0.20, gap 26.2
     Net-(U23-In+)    done in 0.7 s
ok   Voltage_err_2     12.0 mm, 1 via(s) 0.5/0.3, w 0.20, gap 10.4
ok   Voltage_err_2     23.4 mm, 0 via(s), w 0.20, gap 20.1
     Voltage_err_2    done in 0.7 s
rip  IREF2_input      ripped and re-routed M1_ON, Net-(U26B-P1B), RESET-, analog_5V
     ok   analog_5V          1.1 mm, 1 via(s) 0.5/0.3, w 0.40, gap 0.4
     ok   analog_5V          0.9 mm, 1 via(s) 0.5/0.3, w 0.40, gap 0.7
     ok   analog_5V          7.6 mm, 1 via(s) 0.5/0.3, w 0.40, gap 3.3
     ok   analog_5V          4.3 mm, 0 via(s), w 0.40, gap 3.8
     ok   analog_5V          4.6 mm, 2 via(s) 0.5/0.3, w 0.40, gap 3.9
     ok   analog_5V          5.8 mm, 1 via(s) 0.5/0.3, w 0.40, gap 5.0
     ok   analog_5V         12.8 mm, 1 via(s) 0.5/0.3, w 0.40, gap 8.9
     ok   analog_5V         29.8 mm, 1 via(s) 0.5/0.3, w 0.40, gap 9.5
     ok   analog_5V         13.6 mm, 1 via(s) 0.5/0.3, w 0.40, gap 11.1
     ok   analog_5V         21.8 mm, 1 via(s) 0.5/0.3, w 0.40, gap 19.0
     ok   Net-(U26B-P1B)     0.0 mm, 1 via(s) 0.5/0.3, w 0.20, gap 0.0
     ok   Net-(U26B-P1B)     5.2 mm, 0 via(s), w 0.20, gap 3.4
     ok   Net-(U26B-P1B)    14.2 mm, 2 via(s) 0.5/0.3, w 0.20, gap 12.2
     ok   M1_ON             10.2 mm, 1 via(s) 0.5/0.3, w 0.20, gap 8.9
     ok   M1_ON             13.9 mm, 0 via(s), w 0.20, gap 11.2
     ok   RESET-             5.3 mm, 2 via(s) 0.5/0.3, w 0.20, gap 4.6
     IREF2_input      done in 11.2 s
rip  IREF3_input      ripped Net-(U26C-P2B), Net-(U26E-~{RESET}), Net-(U26E-A1), Vref_3, but Net-(U26E-~{RESET}) then failed; undone
rip  IREF3_input      ripped Net-(Q1-E), 5V, Net-(U26E-A1), Vref_3, Net-(U26A-P0B), 0A_hi, Vref_3_arduino, Vref_1, but 5V then failed; undone
rip  IREF3_input      ripped 12V, Net-(U106A-B), .1Vref_1, IREF1_input, analog_5V, Vref_3, but Vref_3 then failed; undone
FAIL IREF3_input: island 0 (226 cells; J11.30) to island 1 (U26.19), gap 20.2 mm
     IREF3_input      done in 51.0 s (1 failed)
rip  Net-(D25-+)      ripping Net-(U106A-B), Net-(U106C-B), .1Vout_1, Net-(U26A-P0B) did not free a path
rip  Net-(D25-+)      ripped analog_5V, Net-(U106A-B), Net-(U23-In+), 5V, Net-(U24-In+), Net-(U3-In-), Vout_1, Vout_3, but 5V then failed; undone
rip  Net-(D25-+)      ripped and re-routed Net-(U106A-B), analog_5V, Net-(U106C-B), Net-(U23-In+)
     ok   analog_5V          1.1 mm, 1 via(s) 0.5/0.3, w 0.40, gap 0.4
     ok   analog_5V          0.9 mm, 1 via(s) 0.5/0.3, w 0.40, gap 0.7
     ok   analog_5V          7.0 mm, 1 via(s) 0.5/0.3, w 0.40, gap 3.3
     ok   analog_5V          4.3 mm, 0 via(s), w 0.40, gap 3.8
     ok   analog_5V          4.6 mm, 2 via(s) 0.5/0.3, w 0.40, gap 3.9
     ok   analog_5V          5.9 mm, 0 via(s), w 0.40, gap 5.0
     ok   analog_5V         12.8 mm, 1 via(s) 0.5/0.3, w 0.40, gap 8.9
     ok   analog_5V         29.8 mm, 1 via(s) 0.5/0.3, w 0.40, gap 9.5
     ok   analog_5V         13.4 mm, 1 via(s) 0.5/0.3, w 0.40, gap 11.1
     ok   analog_5V         21.7 mm, 1 via(s) 0.5/0.3, w 0.40, gap 19.0
     ok   Net-(U106A-B)      0.0 mm, 1 via(s) 0.5/0.3, w 0.20, gap 0.0
     ok   Net-(U106A-B)     14.3 mm, 1 via(s) 0.5/0.3, w 0.20, gap 12.3
     ok   Net-(U106A-B)     35.8 mm, 2 via(s) 0.5/0.3, w 0.20, gap 31.5
     ok   Net-(U23-In+)      2.4 mm, 0 via(s), w 0.20, gap 2.0
     ok   Net-(U23-In+)      6.5 mm, 2 via(s) 0.5/0.3, w 0.20, gap 4.2
     ok   Net-(U23-In+)     29.0 mm, 2 via(s) 0.5/0.3, w 0.20, gap 26.2
     ok   Net-(U106C-B)      5.6 mm, 0 via(s), w 0.20, gap 4.8
     ok   Net-(U106C-B)     12.0 mm, 1 via(s) 0.5/0.3, w 0.20, gap 10.5
     ok   Net-(U106C-B)     11.9 mm, 2 via(s) 0.5/0.3, w 0.20, gap 10.6
ok   Net-(D25-+)       12.6 mm, 0 via(s), w 0.20, gap 9.1
ok   Net-(D25-+)       11.5 mm, 1 via(s) 0.5/0.3, w 0.20, gap 10.2
     Net-(D25-+)      done in 48.0 s
ok   .1Vref_3           1.8 mm, 0 via(s), w 0.20, gap 1.4
ok   .1Vref_3           7.4 mm, 0 via(s), w 0.20, gap 6.4
ok   .1Vref_3          18.9 mm, 1 via(s) 0.5/0.3, w 0.20, gap 16.9
     .1Vref_3         done in 0.8 s
ok   Net-(D4-+)         6.9 mm, 1 via(s) 0.5/0.3, w 0.20, gap 4.8
ok   Net-(D4-+)        23.0 mm, 2 via(s) 0.5/0.3, w 0.20, gap 20.6
     Net-(D4-+)       done in 0.5 s
ok   Net-(U106C-A)      7.3 mm, 0 via(s), w 0.20, gap 6.5
ok   Net-(U106C-A)     16.0 mm, 0 via(s), w 0.20, gap 10.9
     Net-(U106C-A)    done in 0.5 s
     Net-(U106C-B)    done in 0.0 s
ok   Output1_drain     27.5 mm, 1 via(s) 0.5/0.3, w 0.30, gap 18.4
     Output1_drain    done in 0.4 s
ok   .1Vref_1           6.2 mm, 2 via(s) 0.5/0.3, w 0.20, gap 3.0
ok   .1Vref_1          11.0 mm, 2 via(s) 0.5/0.3, w 0.20, gap 9.7
ok   .1Vref_1           8.5 mm, 1 via(s) 0.5/0.3, w 0.20, gap 7.7
     .1Vref_1         done in 1.2 s
rip  Net-(U7-In-)     ripping Net-(D25-+), Net-(U23-In+), Voltage_err_2, low_error_timeout did not free a path
rip  Net-(U7-In-)     ripping Net-(D25-+), 5V, Net-(U23-In+), analog_5V, Voltage_err_2, Net-(U18-Q3), Out-, Net-(U106B-B) did not free a path
rip  Net-(U7-In-)     ripped 5V, Net-(C17-Pad2), Voltage_err_2, but 5V then failed; undone
FAIL Net-(U7-In-): island 0 (75 cells; R31.1) to island 1 (R32.2), gap 7.7 mm
ok   Net-(U7-In-)      12.1 mm, 0 via(s), w 0.20, gap 10.5
     Net-(U7-In-)     done in 26.4 s (1 failed)
     Net-(U26B-P1B)   done in 0.0 s
ok   Net-(D26-+)        3.8 mm, 1 via(s) 0.5/0.3, w 0.20, gap 2.2
rip  Net-(D26-+)      ripped analog_5V, Net-(D25-+), Net-(U23-In+), .1Vref_3, but Net-(D25-+) then failed; undone
rip  Net-(D26-+)      ripped analog_5V, Net-(D25-+), Net-(U23-In+), Net-(U106C-B), Net-(U106A-B), .1Vref_3, Net-(U26A-P0B), Net-(U24-In+), but Net-(D25-+) then failed; undone
rip  Net-(D26-+)      ripped analog_5V, Net-(D25-+), Output3_drain, but Net-(D25-+) then failed; undone
FAIL Net-(D26-+): island 0 (79 cells; U24.1) to island 1 (R98.2 D26.2), gap 4.9 mm
ok   Net-(D26-+)       11.2 mm, 0 via(s), w 0.20, gap 9.6
     Net-(D26-+)      done in 58.7 s (1 failed)
ok   Net-(U26A-P0B)     1.5 mm, 1 via(s) 0.5/0.3, w 0.20, gap 1.3
ok   Net-(U26A-P0B)    14.8 mm, 2 via(s) 0.5/0.3, w 0.20, gap 5.6
ok   Net-(U26A-P0B)    15.0 mm, 1 via(s) 0.5/0.3, w 0.20, gap 12.7
     Net-(U26A-P0B)   done in 0.9 s
rip  Vout_2           ripped .1Vref_2, Net-(D25-+), Output1_drain, analog_5V, but Net-(D25-+) then failed; undone
rip  Vout_2           ripped Output1_drain, .1Vref_2, Net-(D25-+), analog_5V, Net-(C9-Pad2), .1Vout_2, Net-(U7-In-), but Net-(D25-+) then failed; undone
rip  Vout_2           ripped and re-routed analog_5V, Net-(U26A-P0B), .1Vref_3, Output1_drain
     ok   analog_5V          1.1 mm, 1 via(s) 0.5/0.3, w 0.40, gap 0.4
     ok   analog_5V          0.9 mm, 1 via(s) 0.5/0.3, w 0.40, gap 0.7
     ok   analog_5V          7.0 mm, 1 via(s) 0.5/0.3, w 0.40, gap 3.3
     ok   analog_5V          4.3 mm, 0 via(s), w 0.40, gap 3.8
     ok   analog_5V          4.6 mm, 2 via(s) 0.5/0.3, w 0.40, gap 3.9
     ok   analog_5V          5.8 mm, 1 via(s) 0.5/0.3, w 0.40, gap 5.0
     ok   analog_5V         13.1 mm, 1 via(s) 0.5/0.3, w 0.40, gap 8.9
     ok   analog_5V         30.5 mm, 2 via(s) 0.5/0.3, w 0.40, gap 9.5
     ok   analog_5V         13.4 mm, 1 via(s) 0.5/0.3, w 0.40, gap 11.1
     ok   analog_5V         21.7 mm, 1 via(s) 0.5/0.3, w 0.40, gap 19.0
     ok   .1Vref_3           1.8 mm, 0 via(s), w 0.20, gap 1.4
     ok   .1Vref_3           7.0 mm, 1 via(s) 0.5/0.3, w 0.20, gap 6.4
     ok   .1Vref_3          18.4 mm, 2 via(s) 0.5/0.3, w 0.20, gap 16.9
     ok   Output1_drain     27.5 mm, 1 via(s) 0.5/0.3, w 0.30, gap 18.4
     ok   Net-(U26A-P0B)     1.5 mm, 1 via(s) 0.5/0.3, w 0.20, gap 1.3
     ok   Net-(U26A-P0B)     7.4 mm, 2 via(s) 0.5/0.3, w 0.20, gap 5.6
     ok   Net-(U26A-P0B)    15.6 mm, 1 via(s) 0.5/0.3, w 0.20, gap 12.7
     Vout_2           done in 47.4 s
ok   IREF1_input       18.3 mm, 1 via(s) 0.5/0.3, w 0.20, gap 13.5
     IREF1_input      done in 0.5 s
ok   Vref_1             1.1 mm, 0 via(s), w 0.20, gap 0.9
ok   Vref_1            17.5 mm, 1 via(s) 0.5/0.3, w 0.20, gap 11.8
     Vref_1           done in 0.5 s
ok   Net-(D23-+)        0.8 mm, 1 via(s) 0.5/0.3, w 0.20, gap 0.6
ok   Net-(D23-+)        3.4 mm, 0 via(s), w 0.20, gap 2.5
ok   Net-(D23-+)       15.6 mm, 2 via(s) 0.5/0.3, w 0.20, gap 11.6
     Net-(D23-+)      done in 0.5 s
ok   Output2_drain     16.6 mm, 2 via(s) 0.5/0.3, w 0.15, gap 13.0
     Output2_drain    done in 0.7 s
ok   Net-(U106B-B)      1.4 mm, 0 via(s), w 0.20, gap 1.2
rip  Net-(U106B-B)    ripping Net-(D25-+), analog_5V, Net-(U106A-B), Net-(U106C-B) did not free a path
rip  Net-(U106B-B)    ripping analog_5V, Net-(U106C-B), Net-(D25-+), Output2_drain, Net-(U26A-P0B), Net-(U106A-B), Net-(U23-In+), .1Vref_1 did not free a path
FAIL Net-(U106B-B): island 1 (342 cells; U106.4 C64.1) to island 2 (R93.1), gap 3.6 mm
ok   Net-(U106B-B)      9.9 mm, 0 via(s), w 0.20, gap 7.4
rip  Net-(U106B-B)    ripping Net-(D25-+), analog_5V, Net-(U106A-B), Net-(U106C-B) did not free a path
rip  Net-(U106B-B)    ripping analog_5V, Net-(U106C-B), Net-(D25-+), Output2_drain, Net-(U26A-P0B), Net-(U106A-B), Net-(U23-In+), .1Vref_1 did not free a path
FAIL Net-(U106B-B): island 0 (616 cells; U106.4 U23.4 C64.1) to island 1 (R93.1), gap 3.6 mm
     Net-(U106B-B)    done in 24.5 s (2 failed)
ok   Net-(U26C-P2B)     1.3 mm, 1 via(s) 0.5/0.3, w 0.20, gap 0.4
ok   Net-(U26C-P2B)     0.9 mm, 0 via(s), w 0.20, gap 0.7
ok   Net-(U26C-P2B)    21.7 mm, 2 via(s) 0.5/0.3, w 0.20, gap 9.5
     Net-(U26C-P2B)   done in 0.7 s
ok   Verr1              0.4 mm, 1 via(s) 0.5/0.3, w 0.20, gap 0.0
ok   Verr1              0.7 mm, 0 via(s), w 0.20, gap 0.5
ok   Verr1             26.0 mm, 2 via(s) 0.5/0.3, w 0.20, gap 12.4
     Verr1            done in 0.7 s
ok   Voltage_err_1      7.0 mm, 2 via(s) 0.5/0.3, w 0.15, gap 1.2
ok   Voltage_err_1     27.6 mm, 2 via(s) 0.5/0.3, w 0.15, gap 11.3
     Voltage_err_1    done in 1.1 s
ok   Voltage_err_3     10.2 mm, 2 via(s) 0.5/0.3, w 0.20, gap 3.3
rip  Voltage_err_3    ripped Net-(U106B-B), analog_5V, Net-(U23-In+), .1Vref_3, but Net-(U106B-B) then failed; undone
rip  Voltage_err_3    ripped analog_5V, Net-(U106B-B), Net-(U26A-P0B), Net-(D25-+), Net-(U23-In+), .1Vref_3, IREF1, IREF2, but Net-(D25-+) then failed; undone
rip  Voltage_err_3    ripped analog_5V, Net-(U106B-B), Net-(U18-Q3), but Net-(U106B-B) then failed; undone
FAIL Voltage_err_3: island 0 (402 cells; R45.1 R40.1) to island 1 (U13.1), gap 4.6 mm
     Voltage_err_3    done in 48.2 s (1 failed)
ok   Output3_drain     19.2 mm, 1 via(s) 0.5/0.3, w 0.15, gap 9.6
     Output3_drain    done in 0.6 s
ok   Vref_2             0.8 mm, 1 via(s) 0.5/0.3, w 0.20, gap 0.6
ok   Vref_2            10.3 mm, 0 via(s), w 0.20, gap 8.2
     Vref_2           done in 0.4 s
ok   Net-(U24-In+)      1.4 mm, 0 via(s), w 0.20, gap 1.1
ok   Net-(U24-In+)     13.3 mm, 1 via(s) 0.5/0.3, w 0.15, gap 1.8
ok   Net-(U24-In+)     14.6 mm, 1 via(s) 0.5/0.3, w 0.20, gap 3.7
     Net-(U24-In+)    done in 0.9 s
ok   Net-(U13-In-)      0.9 mm, 1 via(s) 0.5/0.3, w 0.20, gap 0.7
ok   Net-(U13-In-)     27.3 mm, 2 via(s) 0.5/0.3, w 0.20, gap 6.6
     Net-(U13-In-)    done in 0.5 s
rip  Net-(U3-In-)     ripped Voltage_err_1, Net-(U26A-P0B), IREF2_input, .1Vref_1, but Voltage_err_1 then failed; undone
rip  Net-(U3-In-)     ripped and re-routed analog_5V, Voltage_err_1, Net-(U106A-B), Net-(U26A-P0B), 12V, IREF2_input, IREF1_input, .1Vref_1
     ok   analog_5V          1.1 mm, 1 via(s) 0.5/0.3, w 0.40, gap 0.4
     ok   analog_5V          0.9 mm, 1 via(s) 0.5/0.3, w 0.40, gap 0.7
     ok   analog_5V          7.0 mm, 1 via(s) 0.5/0.3, w 0.40, gap 3.3
     ok   analog_5V          4.3 mm, 0 via(s), w 0.40, gap 3.8
     ok   analog_5V          4.6 mm, 2 via(s) 0.5/0.3, w 0.40, gap 3.9
     ok   analog_5V          5.8 mm, 1 via(s) 0.5/0.3, w 0.40, gap 5.0
     ok   analog_5V          9.8 mm, 0 via(s), w 0.40, gap 8.9
     ok   analog_5V         29.8 mm, 2 via(s) 0.5/0.3, w 0.40, gap 9.5
     ok   analog_5V         13.4 mm, 0 via(s), w 0.40, gap 11.7
     ok   analog_5V         21.7 mm, 1 via(s) 0.5/0.3, w 0.40, gap 19.0
     ok   12V               40.4 mm, 1 via(s) 0.5/0.3, w 0.40, gap 6.5
     ok   12V                8.6 mm, 1 via(s) 0.5/0.3, w 0.40, gap 7.4
     ok   Net-(U106A-B)      0.0 mm, 1 via(s) 0.5/0.3, w 0.20, gap 0.0
     ok   Net-(U106A-B)     14.3 mm, 1 via(s) 0.5/0.3, w 0.20, gap 12.3
     ok   Net-(U106A-B)     35.1 mm, 2 via(s) 0.5/0.3, w 0.20, gap 31.5
     ok   IREF2_input       27.8 mm, 1 via(s) 0.5/0.3, w 0.20, gap 22.0
     ok   .1Vref_1           5.2 mm, 1 via(s) 0.5/0.3, w 0.20, gap 3.0
     ok   .1Vref_1          10.8 mm, 2 via(s) 0.5/0.3, w 0.20, gap 9.6
     ok   .1Vref_1           8.3 mm, 1 via(s) 0.5/0.3, w 0.20, gap 7.5
     ok   Net-(U26A-P0B)     1.5 mm, 1 via(s) 0.5/0.3, w 0.20, gap 1.3
     ok   Net-(U26A-P0B)     7.4 mm, 2 via(s) 0.5/0.3, w 0.20, gap 5.6
     ok   Net-(U26A-P0B)    15.8 mm, 1 via(s) 0.5/0.3, w 0.20, gap 12.7
     ok   IREF1_input       17.3 mm, 1 via(s) 0.5/0.3, w 0.20, gap 13.5
     ok   Voltage_err_1      9.1 mm, 2 via(s) 0.5/0.3, w 0.15, gap 1.2
     ok   Voltage_err_1     37.0 mm, 4 via(s) 0.5/0.3, w 0.20, gap 11.6
ok   Net-(U3-In-)      16.4 mm, 3 via(s) 0.5/0.3, w 0.20, gap 6.7
     Net-(U3-In-)     done in 27.2 s
ok   Verr2              1.2 mm, 1 via(s) 0.5/0.3, w 0.20, gap 0.3
ok   Verr2              1.9 mm, 0 via(s), w 0.20, gap 1.0
ok   Verr2              3.1 mm, 0 via(s), w 0.20, gap 2.6
     Verr2            done in 0.6 s
ok   Net-(U22-In+)      0.9 mm, 1 via(s) 0.5/0.3, w 0.20, gap 0.6
rip  Net-(U22-In+)    ripped and re-routed Net-(Q1-E), Net-(U106A-B), analog_5V, Net-(D23-+)
     ok   Net-(Q1-E)         0.2 mm, 1 via(s) 0.5/0.3, w 0.20, gap 0.0
     ok   Net-(Q1-E)         3.9 mm, 0 via(s), w 0.20, gap 2.3
     ok   Net-(Q1-E)        18.6 mm, 2 via(s) 0.5/0.3, w 0.20, gap 14.0
     ok   analog_5V          1.1 mm, 1 via(s) 0.5/0.3, w 0.40, gap 0.4
     ok   analog_5V          0.9 mm, 1 via(s) 0.5/0.3, w 0.40, gap 0.7
     ok   analog_5V          7.0 mm, 1 via(s) 0.5/0.3, w 0.40, gap 3.3
     ok   analog_5V          4.3 mm, 0 via(s), w 0.40, gap 3.8
     ok   analog_5V          4.6 mm, 2 via(s) 0.5/0.3, w 0.40, gap 3.9
     ok   analog_5V          5.8 mm, 1 via(s) 0.5/0.3, w 0.40, gap 5.0
     ok   analog_5V          9.9 mm, 0 via(s), w 0.40, gap 8.9
     ok   analog_5V         29.8 mm, 2 via(s) 0.5/0.3, w 0.40, gap 9.5
     ok   analog_5V         13.4 mm, 0 via(s), w 0.40, gap 11.7
     ok   analog_5V         21.7 mm, 1 via(s) 0.5/0.3, w 0.40, gap 19.0
     ok   Net-(U106A-B)      0.1 mm, 1 via(s) 0.5/0.3, w 0.20, gap 0.0
     ok   Net-(U106A-B)     15.5 mm, 2 via(s) 0.5/0.3, w 0.20, gap 12.3
     ok   Net-(U106A-B)     33.0 mm, 1 via(s) 0.5/0.3, w 0.20, gap 30.1
     ok   Net-(D23-+)        0.8 mm, 1 via(s) 0.5/0.3, w 0.20, gap 0.6
     ok   Net-(D23-+)        4.6 mm, 2 via(s) 0.5/0.3, w 0.20, gap 2.5
     ok   Net-(D23-+)       16.2 mm, 1 via(s) 0.5/0.3, w 0.20, gap 11.7
ok   Net-(U22-In+)      3.6 mm, 1 via(s) 0.5/0.3, w 0.20, gap 1.7
     Net-(U22-In+)    done in 10.9 s
ok   Verr3              1.1 mm, 0 via(s), w 0.20, gap 0.9
ok   Verr3              1.3 mm, 0 via(s), w 0.20, gap 1.0
ok   Verr3              1.5 mm, 0 via(s), w 0.20, gap 1.2
     Verr3            done in 0.6 s
ok   Vref_3             3.4 mm, 0 via(s), w 0.20, gap 2.3
rip  Vref_3           ripped Voltage_err_1, IREF2_input, IREF1_input, .1Vref_1, but Voltage_err_1 then failed; undone
rip  Vref_3           ripped Voltage_err_1, .1Vref_3, analog_5V, IREF1_input, Net-(U3-In-), IREF2_input, Net-(U106A-B), .1Vref_2, but Voltage_err_1 then failed; undone
rip  Vref_3           ripped Voltage_err_1, IREF2_input, IREF1_input, but Voltage_err_1 then failed; undone
FAIL Vref_3: island 0 (205 cells; R77.2 R41.1) to island 1 (C47.1), gap 2.6 mm
     Vref_3           done in 41.2 s (1 failed)
ok   .1Vout_3           1.2 mm, 0 via(s), w 0.20, gap 1.0
rip  .1Vout_3         ripped Net-(U13-In-), Net-(D26-+), Output2_drain, Net-(U23-In+), but Net-(D26-+) then failed; undone
rip  .1Vout_3         ripped Net-(U106C-B), Voltage_err_3, analog_5V, Output3_drain, Net-(U13-In-), Net-(D26-+), Net-(U106A-B), Net-(U26A-P0B), but Voltage_err_3 then failed; undone
rip  .1Vout_3         ripped Net-(U106C-B), Output3_drain, Voltage_err_3, Net-(D26-+), but Voltage_err_3 then failed; undone
FAIL .1Vout_3: island 0 (238 cells; R42.1 R43.1) to island 1 (R39.2), gap 2.5 mm
     .1Vout_3         done in 36.3 s (1 failed)
ok   Net-(U106A-A)      0.9 mm, 0 via(s), w 0.20, gap 0.7
ok   Net-(U106A-A)      1.1 mm, 0 via(s), w 0.20, gap 0.9
     Net-(U106A-A)    done in 0.3 s
     Net-(U106B-A)    done in 0.0 s
ok   Vout_1             3.2 mm, 0 via(s), w 0.30, gap 1.7
     Vout_1           done in 0.2 s
ok   Vout_3             1.7 mm, 0 via(s), w 0.30, gap 1.5
     Vout_3           done in 0.2 s
ok   .1Vout_1           3.4 mm, 1 via(s) 0.5/0.3, w 0.20, gap 0.1
ok   .1Vout_1           0.9 mm, 0 via(s), w 0.20, gap 0.3
     .1Vout_1         done in 0.4 s
ok   Net-(D4--)         0.0 mm, 1 via(s) 0.5/0.3, w 0.20, gap 0.0
ok   Net-(D4--)         1.2 mm, 0 via(s), w 0.20, gap 0.4
     Net-(D4--)       done in 0.2 s
ok   Net-(D3-+)         0.9 mm, 1 via(s) 0.5/0.3, w 0.20, gap 0.7
     Net-(D3-+)       done in 0.1 s
ok   .1Vout_2           0.5 mm, 1 via(s) 0.5/0.3, w 0.20, gap 0.0
ok   .1Vout_2           0.7 mm, 0 via(s), w 0.20, gap 0.2
     .1Vout_2         done in 0.2 s
rip  Net-(D24-+)      ripped and re-routed Net-(U21-In+), Verr1
     ok   Net-(U21-In+)      0.9 mm, 0 via(s), w 0.20, gap 0.7
     ok   Net-(U21-In+)     10.1 mm, 2 via(s) 0.5/0.3, w 0.15, gap 0.8
     ok   Net-(U21-In+)      2.7 mm, 0 via(s), w 0.20, gap 0.0
     ok   Verr1              0.0 mm, 1 via(s) 0.5/0.3, w 0.20, gap 0.0
     ok   Verr1              1.0 mm, 0 via(s), w 0.20, gap 0.8
     ok   Verr1             23.8 mm, 2 via(s) 0.5/0.3, w 0.15, gap 12.4
ok   Net-(D24-+)       59.4 mm, 3 via(s) 0.5/0.3, w 0.20, gap 45.1
     Net-(D24-+)      done in 5.0 s
ok   VerrGT0            3.7 mm, 0 via(s), w 0.20, gap 3.2
ok   VerrGT0            6.1 mm, 0 via(s), w 0.20, gap 5.2
ok   VerrGT0           21.7 mm, 0 via(s), w 0.20, gap 20.8
ok   VerrGT0           34.2 mm, 2 via(s) 0.5/0.3, w 0.20, gap 29.2
     VerrGT0          done in 1.6 s
ok   0err_hi            1.0 mm, 1 via(s) 0.5/0.3, w 0.20, gap 0.8
ok   0err_hi            6.2 mm, 1 via(s) 0.5/0.3, w 0.20, gap 3.5
ok   0err_hi           17.6 mm, 1 via(s) 0.5/0.3, w 0.20, gap 6.2
ok   0err_hi           63.3 mm, 4 via(s) 0.5/0.3, w 0.20, gap 25.7
ok   0err_hi            9.9 mm, 1 via(s) 0.5/0.3, w 0.20, gap 5.5
     0err_hi          done in 3.8 s
ok   Out-               2.8 mm, 0 via(s), w 0.20, gap 2.1
ok   Out-               4.4 mm, 0 via(s), w 0.20, gap 2.7
ok   Out-               3.7 mm, 0 via(s), w 0.20, gap 3.2
ok   Out-               5.4 mm, 0 via(s), w 0.20, gap 4.4
ok   Out-               8.6 mm, 0 via(s), w 0.20, gap 6.4
ok   Out-              16.9 mm, 0 via(s), w 0.20, gap 13.6
ok   Out-              18.7 mm, 2 via(s) 0.5/0.3, w 0.20, gap 16.3
     Out-             done in 2.4 s
ok   Net-(U103B-Y)     44.0 mm, 4 via(s) 0.5/0.3, w 0.20, gap 33.1
     Net-(U103B-Y)    done in 0.8 s
ok   Net-(D5--)         0.8 mm, 1 via(s) 0.5/0.3, w 0.20, gap 0.6
ok   Net-(D5--)        42.5 mm, 3 via(s) 0.5/0.3, w 0.20, gap 31.5
     Net-(D5--)       done in 0.9 s
ok   low_error_timeout   1.1 mm, 0 via(s), w 0.20, gap 0.8
ok   low_error_timeout   3.0 mm, 1 via(s) 0.5/0.3, w 0.20, gap 2.1
ok   low_error_timeout  22.5 mm, 0 via(s), w 0.20, gap 15.8
ok   low_error_timeout  19.2 mm, 2 via(s) 0.5/0.3, w 0.20, gap 17.0
     low_error_timeout done in 1.1 s
ok   Net-(U102B-A)     15.1 mm, 2 via(s) 0.5/0.3, w 0.20, gap 14.1
ok   Net-(U102B-A)     43.2 mm, 2 via(s) 0.5/0.3, w 0.20, gap 19.1
     Net-(U102B-A)    done in 0.9 s
ok   Net-(U102C-A)     15.1 mm, 0 via(s), w 0.20, gap 12.9
ok   Net-(U102C-A)     66.8 mm, 3 via(s) 0.5/0.3, w 0.20, gap 20.4
     Net-(U102C-A)    done in 0.9 s
rip  0A_hi            ripping 0err_hi, Verr1, 12V, Net-(U102C-A) did not free a path
rip  0A_hi            ripping 0err_hi, Verr1, 12V, Net-(U102C-A), 5V, IREF2_input, Net-(D5--), Reset_raw did not free a path
rip  0A_hi            ripped 0err_hi, Net-(U102B-A), 12V, Verr3, Reset_raw, Verr1, but Net-(U102B-A) then failed; undone
FAIL 0A_hi: island 1 (78 cells; U2.1) to island 2 (R11.1), gap 8.0 mm
rip  0A_hi            ripped Verr3, Net-(U102B-A), 0err_hi, 5V, but Net-(U102B-A) then failed; undone
rip  0A_hi            ripped Verr3, 0err_hi, Net-(D24-+), Net-(U102B-A), 12V, 5V, Output3_drain, analog_5V, but Net-(U102B-A) then failed; undone
rip  0A_hi            ripped IREF2_input, 0err_hi, Voltage_err_1, Net-(U102B-A), .1Vref_1, 5V, Net-(U101A-Y), Vref_3, IREF1_input, but Vref_3 then failed; undone
FAIL 0A_hi: island 0 (120 cells; U101.2) to island 1 (U2.1), gap 22.2 mm
ok   0A_hi             77.2 mm, 7 via(s) 0.5/0.3, w 0.15, gap 26.5
FAIL 0A_hi: island 0 (1369 cells; U101.2 R11.1) to island 1 (U2.1), gap 0.2 mm
     0A_hi            done in 69.6 s (3 failed)
ok   IREF3              4.2 mm, 0 via(s), w 0.20, gap 3.8
rip  IREF3            ripped Net-(U106C-B), Net-(D5--), Net-(U102C-A), 5V, but 5V then failed; undone
rip  IREF3            ripped Net-(U13-In-), Net-(D5--), Net-(U102C-A), 5V, Voltage_err_2, Net-(U106C-B), Net-(U106B-A), VerrGT0, but Net-(U106B-A) then failed; undone
rip  IREF3            ripped 0A_hi, 0err_hi, VerrGT0, Net-(U23-In+), Net-(U102B-A), 12V, IREF2_input, 5V, Verr2, ena_out_3, Net-(D5-+), Net-(D24-+), but 0A_hi then failed; undone
FAIL IREF3: island 0 (528 cells; R57.1 J9.6) to island 1 (U106.13), gap 27.6 mm
     IREF3            done in 86.0 s (1 failed)
ok   IREF1              1.1 mm, 1 via(s) 0.5/0.3, w 0.20, gap 0.6
rip  IREF1            ripped Net-(U24-In+), Net-(U13-In-), Net-(U106B-B), analog_5V, but Net-(U106B-B) then failed; undone
rip  IREF1            ripped Net-(U24-In+), analog_5V, Net-(U13-In-), 0A_hi, Net-(U106B-B), Out-, Net-(U26A-P0B), Net-(U106C-B), but analog_5V then failed; undone
rip  IREF1            ripped .1Vref_1, analog_5V, IREF3, Net-(U24-In+), .1Vout_1, .1Vref_2, Net-(U26C-P2B), Vout_3, Net-(U26A-P0B), Net-(D26-+), but Net-(D26-+) then failed; undone
FAIL IREF1: island 0 (269 cells; R29.1 U106.6) to island 1 (J9.4), gap 26.3 mm
     IREF1            done in 56.6 s (1 failed)
ok   ena_out_2         14.5 mm, 1 via(s) 0.5/0.3, w 0.20, gap 11.5
ok   ena_out_2         28.1 mm, 2 via(s) 0.5/0.3, w 0.20, gap 17.8
     ena_out_2        done in 0.8 s
ok   Net-(D7--)         1.1 mm, 0 via(s), w 0.20, gap 0.8
ok   Net-(D7--)        31.8 mm, 2 via(s) 0.5/0.3, w 0.20, gap 28.1
     Net-(D7--)       done in 0.4 s
ok   Net-(D5-+)         4.3 mm, 0 via(s), w 0.20, gap 3.7
rip  Net-(D5-+)       ripped and re-routed Net-(U106C-B), Voltage_err_2, Net-(D5--), Net-(U102C-A)
     ok   Voltage_err_2     12.1 mm, 2 via(s) 0.5/0.3, w 0.20, gap 10.4
     ok   Voltage_err_2     23.4 mm, 0 via(s), w 0.20, gap 20.2
     ok   Net-(U106C-B)      5.6 mm, 0 via(s), w 0.20, gap 4.8
     ok   Net-(U106C-B)     12.0 mm, 1 via(s) 0.5/0.3, w 0.20, gap 10.5
     ok   Net-(U106C-B)     11.9 mm, 2 via(s) 0.5/0.3, w 0.20, gap 11.1
     ok   Net-(D5--)         0.8 mm, 1 via(s) 0.5/0.3, w 0.20, gap 0.6
     ok   Net-(D5--)        46.6 mm, 3 via(s) 0.5/0.3, w 0.20, gap 31.5
     ok   Net-(U102C-A)     15.1 mm, 2 via(s) 0.5/0.3, w 0.20, gap 12.9
     ok   Net-(U102C-A)     39.4 mm, 3 via(s) 0.5/0.3, w 0.20, gap 20.5
     Net-(D5-+)       done in 6.2 s
ok   IREF2             11.9 mm, 0 via(s), w 0.20, gap 9.1
ok   IREF2             44.9 mm, 4 via(s) 0.5/0.3, w 0.15, gap 18.5
     IREF2            done in 4.0 s
ok   Net-(C8-Pad2)      0.9 mm, 0 via(s), w 0.20, gap 0.7
ok   Net-(C8-Pad2)     34.9 mm, 2 via(s) 0.5/0.3, w 0.20, gap 22.0
     Net-(C8-Pad2)    done in 0.4 s
ok   Net-(U103A-A)     35.8 mm, 3 via(s) 0.5/0.3, w 0.15, gap 12.8
rip  Net-(U103A-A)    ripped and re-routed Net-(D5-+), Net-(U21-In+), 0err_hi, Verr1
     ok   Net-(U21-In+)      0.9 mm, 0 via(s), w 0.20, gap 0.7
     ok   Net-(U21-In+)     10.1 mm, 2 via(s) 0.5/0.3, w 0.15, gap 0.8
     ok   Net-(U21-In+)      2.7 mm, 0 via(s), w 0.20, gap 0.0
     ok   Verr1              0.0 mm, 1 via(s) 0.5/0.3, w 0.20, gap 0.0
     ok   Verr1              1.0 mm, 0 via(s), w 0.20, gap 0.8
     ok   Verr1             23.6 mm, 2 via(s) 0.5/0.3, w 0.15, gap 12.4
     ok   0err_hi            1.0 mm, 1 via(s) 0.5/0.3, w 0.20, gap 0.8
     ok   0err_hi            6.2 mm, 1 via(s) 0.5/0.3, w 0.20, gap 3.5
     ok   0err_hi           18.8 mm, 3 via(s) 0.5/0.3, w 0.20, gap 6.2
     ok   0err_hi           63.3 mm, 4 via(s) 0.5/0.3, w 0.20, gap 25.8
     ok   0err_hi           10.3 mm, 1 via(s) 0.5/0.3, w 0.20, gap 5.5
     ok   Net-(D5-+)         3.9 mm, 1 via(s) 0.5/0.3, w 0.20, gap 3.7
     ok   Net-(D5-+)        36.3 mm, 3 via(s) 0.5/0.3, w 0.15, gap 20.6
     Net-(U103A-A)    done in 9.5 s
rip  Reset_raw        ripping 0err_hi, 12V, Voltage_err_1, 5V did not free a path
rip  Reset_raw        ripping 0err_hi, Voltage_err_1, 0A_hi, 12V, Verr1, 5V, Net-(U4-In+), Net-(U102B-A) did not free a path
FAIL Reset_raw: island 0 (120 cells; U101.4) to island 1 (U5.1), gap 22.4 mm
     Reset_raw        done in 16.6 s (1 failed)
ok   Net-(U102A-Y)     38.6 mm, 3 via(s) 0.5/0.3, w 0.20, gap 29.8
     Net-(U102A-Y)    done in 0.3 s
ok   Net-(U102D-Y)     34.0 mm, 2 via(s) 0.5/0.3, w 0.20, gap 25.2
     Net-(U102D-Y)    done in 0.4 s
ok   ARD_M1_INHIBIT     1.0 mm, 0 via(s), w 0.20, gap 0.8
ok   ARD_M1_INHIBIT    19.6 mm, 1 via(s) 0.5/0.3, w 0.20, gap 17.4
     ARD_M1_INHIBIT   done in 0.7 s
ok   ena_out_3         11.7 mm, 2 via(s) 0.5/0.3, w 0.20, gap 10.2
rip  ena_out_3        ripped and re-routed Net-(U103B-Y), Net-(D24-+), Out-, VerrGT0
     ok   Net-(D24-+)        3.7 mm, 1 via(s) 0.5/0.3, w 0.15, gap 0.8
     ok   Net-(D24-+)       61.1 mm, 5 via(s) 0.5/0.3, w 0.20, gap 45.1
     ok   VerrGT0            3.8 mm, 0 via(s), w 0.20, gap 3.2
     ok   VerrGT0            6.0 mm, 1 via(s) 0.5/0.3, w 0.20, gap 5.3
     ok   VerrGT0           21.2 mm, 2 via(s) 0.5/0.3, w 0.20, gap 20.9
     ok   VerrGT0           36.1 mm, 4 via(s) 0.5/0.3, w 0.20, gap 29.0
     ok   Out-               2.8 mm, 0 via(s), w 0.20, gap 2.1
     ok   Out-               4.9 mm, 2 via(s) 0.5/0.3, w 0.20, gap 2.7
     ok   Out-               3.8 mm, 0 via(s), w 0.20, gap 3.2
     ok   Out-               8.7 mm, 2 via(s) 0.5/0.3, w 0.15, gap 4.4
     ok   Out-               9.8 mm, 2 via(s) 0.5/0.3, w 0.20, gap 6.7
     ok   Out-              13.8 mm, 1 via(s) 0.5/0.3, w 0.20, gap 12.3
     ok   Out-              18.7 mm, 2 via(s) 0.5/0.3, w 0.20, gap 16.3
     ok   Net-(U103B-Y)     39.5 mm, 5 via(s) 0.5/0.3, w 0.20, gap 33.2
     ena_out_3        done in 10.3 s
ok   Net-(D20--)        9.7 mm, 0 via(s), w 0.20, gap 8.7
ok   Net-(D20--)       12.7 mm, 2 via(s) 0.5/0.3, w 0.20, gap 10.6
     Net-(D20--)      done in 0.5 s
     M1_ON            done in 0.0 s
ok   Net-(D20-+)        2.8 mm, 1 via(s) 0.5/0.3, w 0.20, gap 2.5
ok   Net-(D20-+)       18.5 mm, 0 via(s), w 0.20, gap 16.8
     Net-(D20-+)      done in 0.3 s
ok   ena_out_1          4.4 mm, 1 via(s) 0.5/0.3, w 0.20, gap 3.7
ok   ena_out_1         17.3 mm, 2 via(s) 0.5/0.3, w 0.20, gap 13.5
     ena_out_1        done in 0.5 s
ok   out_3_on          16.7 mm, 1 via(s) 0.5/0.3, w 0.20, gap 14.9
     out_3_on         done in 0.3 s
ok   set-               7.5 mm, 0 via(s), w 0.20, gap 6.2
rip  set-             ripped and re-routed Net-(D24-+), Out-, Net-(U102D-Y), RESET-
     ok   Net-(D24-+)        3.7 mm, 1 via(s) 0.5/0.3, w 0.15, gap 0.8
     ok   Net-(D24-+)       62.6 mm, 5 via(s) 0.5/0.3, w 0.20, gap 45.1
     ok   Out-               2.8 mm, 0 via(s), w 0.20, gap 2.1
     ok   Out-              10.6 mm, 2 via(s) 0.5/0.3, w 0.20, gap 2.7
     ok   Out-               3.8 mm, 0 via(s), w 0.20, gap 3.2
     ok   Out-               8.7 mm, 2 via(s) 0.5/0.3, w 0.15, gap 4.4
     ok   Out-               8.9 mm, 2 via(s) 0.5/0.3, w 0.20, gap 6.3
     ok   Out-              13.8 mm, 1 via(s) 0.5/0.3, w 0.20, gap 12.3
     ok   Out-              18.7 mm, 2 via(s) 0.5/0.3, w 0.20, gap 16.3
     ok   Net-(U102D-Y)     33.5 mm, 3 via(s) 0.5/0.3, w 0.20, gap 25.2
     ok   RESET-             5.3 mm, 2 via(s) 0.5/0.3, w 0.20, gap 4.6
     set-             done in 7.1 s
ok   Net-(U101A-Y)     16.7 mm, 0 via(s), w 0.20, gap 11.3
     Net-(U101A-Y)    done in 0.2 s
rip  SDA              ripping Net-(U26B-P1B), M1_ON, analog_5V, 0A_hi did not free a path
rip  SDA              ripping 0A_hi, analog_5V, ARD_M1_INHIBIT, M1_ON, out_3_on, Out-, Net-(U26B-P1B), RESET- did not free a path
rip  SDA              ripped 12V, Net-(U26A-P0B), Voltage_err_1, .1Vref_1, IREF2_input, analog_5V, Net-(U3-In-), .1Vref_2, Reset_raw, IREF2, .1Vref_3, 0err_hi, but IREF2_input then failed; undone
FAIL SDA: island 0 (309 cells; J9.8) to island 1 (U26.6), gap 11.1 mm
     SDA              done in 25.8 s (1 failed)
rip  out_2_on         ripping Net-(U103B-Y), Net-(U26B-P1B), Net-(U102D-Y), out_3_on did not free a path
rip  out_2_on         ripped Net-(D24-+), VerrGT0, M1_ON, Net-(U103B-Y), out_3_on, analog_5V, ARD_M1_INHIBIT, Out-, but M1_ON then failed; undone
rip  out_2_on         ripped M1_ON, analog_5V, RESET-, 0A_hi, IREF2, Out-, Net-(U103B-Y), but 0A_hi then failed; undone
FAIL out_2_on: island 0 (228 cells; J11.6) to island 1 (U104.6), gap 10.2 mm
     out_2_on         done in 44.9 s (1 failed)
ok   M2_ON             20.8 mm, 2 via(s) 0.5/0.3, w 0.20, gap 10.2
     M2_ON            done in 0.3 s
ok   Net-(C17-Pad2)     1.1 mm, 0 via(s), w 0.20, gap 0.8
rip  Net-(C17-Pad2)   ripped VerrGT0, Net-(U102A-Y), Net-(U102D-Y), Net-(D7--), but Net-(U102D-Y) then failed; undone
rip  Net-(C17-Pad2)   ripped and re-routed Net-(U102A-Y), VerrGT0, Net-(U106C-A), Net-(D7--), Output1_drain, Net-(U102D-Y), .1Vout_2, .1Vref_2
     ok   .1Vref_2           1.2 mm, 0 via(s), w 0.20, gap 0.9
     ok   .1Vref_2          28.4 mm, 2 via(s) 0.5/0.3, w 0.20, gap 24.4
     ok   .1Vref_2          34.8 mm, 2 via(s) 0.5/0.3, w 0.20, gap 30.6
     ok   Net-(U106C-A)      7.3 mm, 0 via(s), w 0.20, gap 6.5
     ok   Net-(U106C-A)     15.8 mm, 0 via(s), w 0.20, gap 11.0
     ok   Output1_drain     26.0 mm, 1 via(s) 0.5/0.3, w 0.30, gap 18.4
     ok   .1Vout_2           0.2 mm, 1 via(s) 0.5/0.3, w 0.20, gap 0.0
     ok   .1Vout_2           0.9 mm, 0 via(s), w 0.20, gap 0.2
     ok   VerrGT0            3.8 mm, 0 via(s), w 0.20, gap 3.2
     ok   VerrGT0            6.0 mm, 1 via(s) 0.5/0.3, w 0.20, gap 5.3
     ok   VerrGT0           21.2 mm, 2 via(s) 0.5/0.3, w 0.20, gap 20.9
     ok   VerrGT0           35.7 mm, 4 via(s) 0.5/0.3, w 0.20, gap 29.0
     ok   Net-(D7--)         1.1 mm, 0 via(s), w 0.20, gap 0.8
     ok   Net-(D7--)        33.8 mm, 2 via(s) 0.5/0.3, w 0.20, gap 28.1
     ok   Net-(U102A-Y)     37.7 mm, 3 via(s) 0.5/0.3, w 0.20, gap 29.9
     ok   Net-(U102D-Y)     45.6 mm, 5 via(s) 0.5/0.3, w 0.20, gap 25.2
     Net-(C17-Pad2)   done in 13.1 s
ok   Net-(C9-Pad2)      0.2 mm, 1 via(s) 0.5/0.3, w 0.20, gap 0.0
rip  Net-(C9-Pad2)    ripped .1Vref_2, Net-(D7--), VerrGT0, Net-(D25-+), but Net-(D7--) then failed; undone
rip  Net-(C9-Pad2)    ripped .1Vref_2, Net-(D7--), Output1_drain, VerrGT0, analog_5V, Net-(D25-+), Net-(U102A-Y), Net-(U102D-Y), but Net-(D25-+) then failed; undone
rip  Net-(C9-Pad2)    ripped VerrGT0, Net-(U102D-Y), Net-(C17-Pad2), Net-(U7-In-), .1Vout_2, but .1Vout_2 then failed; undone
FAIL Net-(C9-Pad2): island 0 (123 cells; R78.1 R79.1) to island 1 (C9.2), gap 9.5 mm
     Net-(C9-Pad2)    done in 37.0 s (1 failed)
ok   SCL               10.1 mm, 1 via(s) 0.5/0.3, w 0.20, gap 8.6
     SCL              done in 0.3 s
ok   Net-(U18-Q3)      11.2 mm, 0 via(s), w 0.15, gap 6.6
     Net-(U18-Q3)     done in 0.5 s
     RESET-           done in 0.0 s
rip  Out              ripped and re-routed Net-(U103B-Y), 0err_hi, Net-(U26B-P1B), Net-(D24-+)
     ok   Net-(U26B-P1B)     0.0 mm, 1 via(s) 0.5/0.3, w 0.20, gap 0.0
     ok   Net-(U26B-P1B)     5.2 mm, 0 via(s), w 0.20, gap 3.4
     ok   Net-(U26B-P1B)    14.2 mm, 2 via(s) 0.5/0.3, w 0.20, gap 12.2
     ok   Net-(D24-+)        3.7 mm, 1 via(s) 0.5/0.3, w 0.15, gap 0.8
     ok   Net-(D24-+)       63.1 mm, 5 via(s) 0.5/0.3, w 0.20, gap 45.1
     ok   0err_hi            1.0 mm, 1 via(s) 0.5/0.3, w 0.20, gap 0.8
     ok   0err_hi            5.5 mm, 1 via(s) 0.5/0.3, w 0.20, gap 3.5
     ok   0err_hi           22.0 mm, 3 via(s) 0.5/0.3, w 0.20, gap 6.2
     ok   0err_hi           60.8 mm, 3 via(s) 0.5/0.3, w 0.15, gap 25.8
     ok   0err_hi           17.7 mm, 1 via(s) 0.5/0.3, w 0.20, gap 8.8
     ok   Net-(U103B-Y)     47.3 mm, 5 via(s) 0.5/0.3, w 0.20, gap 33.2
     Out              done in 9.6 s
rip  M1_INHIBIT       ripped and re-routed Out-, VerrGT0, M2_ON, low_error_timeout
     ok   VerrGT0            3.8 mm, 0 via(s), w 0.20, gap 3.2
     ok   VerrGT0            6.0 mm, 1 via(s) 0.5/0.3, w 0.20, gap 5.3
     ok   VerrGT0           21.2 mm, 2 via(s) 0.5/0.3, w 0.20, gap 20.9
     ok   VerrGT0           35.7 mm, 3 via(s) 0.5/0.3, w 0.20, gap 29.0
     ok   Out-               2.8 mm, 0 via(s), w 0.20, gap 2.1
     ok   Out-               5.5 mm, 2 via(s) 0.5/0.3, w 0.20, gap 2.7
     ok   Out-               3.8 mm, 0 via(s), w 0.20, gap 3.2
     ok   Out-               8.7 mm, 2 via(s) 0.5/0.3, w 0.15, gap 4.4
     ok   Out-               6.4 mm, 1 via(s) 0.5/0.3, w 0.20, gap 5.8
     ok   Out-              13.8 mm, 1 via(s) 0.5/0.3, w 0.20, gap 12.3
     ok   Out-              18.7 mm, 2 via(s) 0.5/0.3, w 0.20, gap 16.3
     ok   low_error_timeout   1.1 mm, 0 via(s), w 0.20, gap 0.8
     ok   low_error_timeout   2.7 mm, 1 via(s) 0.5/0.3, w 0.20, gap 2.1
     ok   low_error_timeout  20.2 mm, 2 via(s) 0.5/0.3, w 0.20, gap 15.8
     ok   low_error_timeout  20.0 mm, 2 via(s) 0.5/0.3, w 0.20, gap 17.0
     ok   M2_ON             16.8 mm, 1 via(s) 0.5/0.3, w 0.20, gap 10.2
ok   M1_INHIBIT         0.8 mm, 0 via(s), w 0.20, gap 0.4
ok   M1_INHIBIT         1.0 mm, 0 via(s), w 0.20, gap 0.7
ok   M1_INHIBIT         1.4 mm, 1 via(s) 0.5/0.3, w 0.20, gap 0.7
ok   M1_INHIBIT         1.3 mm, 0 via(s), w 0.20, gap 1.0
     M1_INHIBIT       done in 8.4 s
ok   Vref_3_arduino     5.6 mm, 0 via(s), w 0.20, gap 4.4
     Vref_3_arduino   done in 0.2 s
ok   Vref_2_arduino     3.6 mm, 0 via(s), w 0.20, gap 2.9
     Vref_2_arduino   done in 0.2 s
ok   Net-(D7-+)         0.9 mm, 0 via(s), w 0.20, gap 0.7
ok   Net-(D7-+)         1.3 mm, 1 via(s) 0.5/0.3, w 0.20, gap 0.9
     Net-(D7-+)       done in 0.3 s
ok   Vref_1_arduino     8.4 mm, 1 via(s) 0.5/0.3, w 0.20, gap 2.8
     Vref_1_arduino   done in 0.2 s
ok   Net-(U26E-HVC{slash}A0)  10.4 mm, 0 via(s), w 0.20, gap 3.6
     Net-(U26E-HVC{slash}A0) done in 0.2 s
ok   Net-(U26E-A1)     14.6 mm, 2 via(s) 0.5/0.3, w 0.20, gap 3.1
     Net-(U26E-A1)    done in 0.2 s
rip  Net-(U26E-~{RESET}) ripped IREF2, ARD_M1_INHIBIT, Net-(U26E-A1), Net-(U26C-P2B), but Net-(U26E-A1) then failed; undone
rip  Net-(U26E-~{RESET}) ripping ARD_M1_INHIBIT, IREF2, SCL, Net-(U103B-Y), Net-(U26A-P0B), Vref_3, IREF1_input, Voltage_err_1 did not free a path
rip  Net-(U26E-~{RESET}) ripped Net-(U26E-A1), .1Vref_3, Vref_3, Vref_3_arduino, but Vref_3 then failed; undone
FAIL Net-(U26E-~{RESET}): island 0 (74 cells; R103.2) to island 1 (U26.15), gap 2.7 mm
     Net-(U26E-~{RESET}) done in 16.0 s (1 failed)
ok   Net-(C19-Pad1)     2.2 mm, 1 via(s) 0.5/0.3, w 0.20, gap 0.0
ok   Net-(C19-Pad1)     0.9 mm, 0 via(s), w 0.20, gap 0.4
     Net-(C19-Pad1)   done in 0.2 s
ok   5V                 1.0 mm, 0 via(s), w 0.40, gap 0.0
ok   5V                 1.8 mm, 1 via(s) 0.5/0.3, w 0.30, gap 0.0
rip  5V               ripped and re-routed Net-(U21-In+), Net-(C8-Pad2), Net-(D5--), Net-(D24-+)
     ok   Net-(U21-In+)      0.9 mm, 0 via(s), w 0.20, gap 0.7
     ok   Net-(U21-In+)      1.9 mm, 1 via(s) 0.5/0.3, w 0.20, gap 0.8
     ok   Net-(U21-In+)      1.4 mm, 0 via(s), w 0.20, gap 1.1
     ok   Net-(D24-+)        3.7 mm, 1 via(s) 0.5/0.3, w 0.15, gap 0.8
     ok   Net-(D24-+)       61.5 mm, 4 via(s) 0.5/0.3, w 0.15, gap 45.1
     ok   Net-(D5--)         0.8 mm, 1 via(s) 0.5/0.3, w 0.20, gap 0.6
     ok   Net-(D5--)        45.9 mm, 3 via(s) 0.5/0.3, w 0.20, gap 31.5
     ok   Net-(C8-Pad2)      0.9 mm, 0 via(s), w 0.20, gap 0.7
     ok   Net-(C8-Pad2)     34.0 mm, 2 via(s) 0.5/0.3, w 0.20, gap 22.0
ok   5V                 0.3 mm, 1 via(s) 0.5/0.3, w 0.40, gap 0.0
ok   5V                 0.0 mm, 1 via(s) 0.5/0.3, w 0.40, gap 0.0
rip  5V               ripped Net-(U26C-P2B), Net-(U26E-A1), Vref_3, IREF2, but Net-(U26E-A1) then failed; undone
rip  5V               ripped and re-routed Net-(U26E-A1), Net-(U103B-Y), ARD_M1_INHIBIT, SCL, Net-(U26C-P2B), IREF2, IREF1_input, Vref_3_arduino
     ok   IREF1_input       17.3 mm, 1 via(s) 0.5/0.3, w 0.20, gap 13.5
     ok   Net-(U26C-P2B)     6.7 mm, 2 via(s) 0.5/0.3, w 0.20, gap 0.4
     ok   Net-(U26C-P2B)     0.9 mm, 0 via(s), w 0.20, gap 0.7
     ok   Net-(U26C-P2B)    21.3 mm, 2 via(s) 0.5/0.3, w 0.20, gap 9.4
     ok   Net-(U103B-Y)     40.4 mm, 4 via(s) 0.5/0.3, w 0.20, gap 33.2
     ok   IREF2             12.0 mm, 1 via(s) 0.5/0.3, w 0.20, gap 9.1
     ok   IREF2             27.0 mm, 4 via(s) 0.5/0.3, w 0.20, gap 18.6
     ok   ARD_M1_INHIBIT     1.0 mm, 0 via(s), w 0.20, gap 0.8
     ok   ARD_M1_INHIBIT    20.3 mm, 2 via(s) 0.5/0.3, w 0.20, gap 17.4
     ok   SCL               10.5 mm, 1 via(s) 0.5/0.3, w 0.20, gap 8.6
     ok   Vref_3_arduino     6.7 mm, 1 via(s) 0.5/0.3, w 0.20, gap 4.6
     ok   Net-(U26E-A1)     15.0 mm, 2 via(s) 0.5/0.3, w 0.20, gap 3.4
ok   5V                 1.4 mm, 0 via(s), w 0.40, gap 0.0
rip  5V               ripped Verr1, 12V, Net-(U4-In+), Net-(U102B-A), but Verr1 then failed; undone
rip  5V               ripped and re-routed 12V, Verr1, 0A_hi, Net-(D24-+), Net-(U4-In+), Net-(U102B-A), Voltage_err_1, Verr3
     ok   Net-(U4-In+)       0.9 mm, 0 via(s), w 0.20, gap 0.7
     ok   Net-(U4-In+)       0.9 mm, 0 via(s), w 0.20, gap 0.7
     ok   Net-(U4-In+)      19.3 mm, 2 via(s) 0.5/0.3, w 0.20, gap 3.8
     ok   12V               42.3 mm, 1 via(s) 0.5/0.3, w 0.40, gap 6.5
     ok   12V                8.3 mm, 1 via(s) 0.5/0.3, w 0.40, gap 7.4
     ok   Verr1              0.0 mm, 1 via(s) 0.5/0.3, w 0.20, gap 0.0
     ok   Verr1              1.0 mm, 0 via(s), w 0.20, gap 0.8
     ok   Verr1             22.0 mm, 2 via(s) 0.5/0.3, w 0.15, gap 12.4
     ok   Voltage_err_1      9.1 mm, 2 via(s) 0.5/0.3, w 0.15, gap 1.2
     ok   Voltage_err_1     29.0 mm, 3 via(s) 0.5/0.3, w 0.15, gap 11.6
     ok   Verr3              1.1 mm, 0 via(s), w 0.20, gap 0.9
     ok   Verr3              1.3 mm, 0 via(s), w 0.20, gap 1.0
     ok   Verr3              1.5 mm, 0 via(s), w 0.20, gap 1.2
     ok   Net-(D24-+)        3.7 mm, 1 via(s) 0.5/0.3, w 0.15, gap 0.8
     ok   Net-(D24-+)       69.2 mm, 4 via(s) 0.5/0.3, w 0.15, gap 45.1
     ok   Net-(U102B-A)     15.2 mm, 2 via(s) 0.5/0.3, w 0.20, gap 14.1
     ok   Net-(U102B-A)     20.8 mm, 2 via(s) 0.5/0.3, w 0.20, gap 19.1
     ok   0A_hi             51.5 mm, 4 via(s) 0.5/0.3, w 0.20, gap 8.0
     ok   0A_hi             47.3 mm, 5 via(s) 0.5/0.3, w 0.20, gap 22.2
rip  5V               ripped Net-(D24-+), Net-(D5--), Net-(C8-Pad2), 0A_hi, but Net-(D24-+) then failed; undone
rip  5V               ripped and re-routed Net-(D24-+), Net-(D5--), Net-(U21-In+), Net-(C8-Pad2), 0A_hi, Net-(D5-+), 12V
     ok   Net-(U21-In+)      0.9 mm, 0 via(s), w 0.20, gap 0.7
     ok   Net-(U21-In+)      1.9 mm, 1 via(s) 0.5/0.3, w 0.20, gap 0.8
     ok   Net-(U21-In+)      1.4 mm, 0 via(s), w 0.20, gap 1.1
     ok   12V               43.7 mm, 1 via(s) 0.5/0.3, w 0.40, gap 6.5
     ok   12V                8.3 mm, 1 via(s) 0.5/0.3, w 0.40, gap 7.4
     ok   Net-(D24-+)        3.7 mm, 1 via(s) 0.5/0.3, w 0.15, gap 0.8
     ok   Net-(D24-+)       78.9 mm, 6 via(s) 0.5/0.3, w 0.20, gap 45.1
     ok   Net-(D5--)         0.8 mm, 1 via(s) 0.5/0.3, w 0.20, gap 0.6
     ok   Net-(D5--)        51.5 mm, 2 via(s) 0.5/0.3, w 0.20, gap 31.5
     ok   0A_hi             19.9 mm, 2 via(s) 0.5/0.3, w 0.15, gap 8.0
     ok   0A_hi             80.0 mm, 4 via(s) 0.5/0.3, w 0.15, gap 17.2
     ok   Net-(D5-+)         3.9 mm, 1 via(s) 0.5/0.3, w 0.20, gap 3.7
     ok   Net-(D5-+)        36.9 mm, 3 via(s) 0.5/0.3, w 0.20, gap 20.6
     ok   Net-(C8-Pad2)      0.9 mm, 0 via(s), w 0.20, gap 0.7
     ok   Net-(C8-Pad2)     34.4 mm, 4 via(s) 0.5/0.3, w 0.15, gap 22.0
ok   5V                 1.2 mm, 0 via(s), w 0.40, gap 0.0
     5V               done in 77.6 s
     GND              done in 0.0 s
tracks 3142, vias 409, failures 18, 996 s
