== DRC
{('silk_overlap', 'warning'): 7, ('silk_over_copper', 'warning'): 12}
unconnected 15
== sensitive nets
Net-(U2-In+)   tracks {'F.Cu': 0.1, 'B.Cu': 1.17, 'In5.Cu': 9.55}, vias 4 | foreign vias <2mm: 0 | foreign tracks <2mm: 5 (+2 of its parts' pin nets) | logic <2mm plan: 14 | guard 100.0% planes 100.0% | GND vias <2mm 9
               GND plane next to the whole length: 73.6% (100.0% off its own vias / pads, 0 gap points)
Current        tracks {'B.Cu': 2.9}, vias 0 | foreign vias <2mm: 0 | foreign tracks <2mm: 0 (+4 of its parts' pin nets) | logic <2mm plan: 17 | guard 80.0% planes 86.7% | GND vias <2mm 5
               GND plane next to the whole length: 86.7% (86.7% off its own vias / pads, 2 gap points)
V_err          tracks {'F.Cu': 7.94, 'B.Cu': 9.33}, vias 1 | foreign vias <2mm: 0 | foreign tracks <2mm: 0 (+4 of its parts' pin nets) | logic <2mm plan: 19 | guard None% planes None% | GND vias <2mm 8
               GND plane next to the whole length: 94.6% (100.0% off its own vias / pads, 0 gap points)
== layer plan
layer-plan (open (2026-09-24)) violations: 1
  5V pour on In3 in 2 pieces (must be one)
inner planes / pours: {'In4.Cu GND': {'pieces': 11, 'mm2': 1219.2}, 'In1.Cu GND': {'pieces': 2, 'mm2': 1549.8}, 'In6.Cu GND': {'pieces': 2, 'mm2': 1549.8}, 'In3.Cu 5V': {'pieces': 2, 'mm2': 1204.7}}
vias 314, smallest drill 0.30 mm, via-in-pad 68
track mm by layer: {'B.Cu': 577.1, 'F.Cu': 476.1, 'In2.Cu': 510.3, 'In3.Cu': 514.9, 'In4.Cu': 465.3, 'In5.Cu': 415.5}
J11 GND pads solid and J9.10 thermal: True; stackup with 8 copper layers: True
== parity (rev5 netlist)
check sig_c2ofp.kicad_pcb: 166 footprints (want 166), 2715 tracks/vias, 7 zones; parity failures 0
== overlay (power v16)
ok   card outline = power-board card rect x 45.8905-90.8905, y 70.0226-115.0226 (outline centre lines)
13 checks, 0 failed
