== DRC
{('clearance', 'error'): 3, ('silk_edge_clearance', 'warning'): 1, ('silk_overlap', 'warning'): 5, ('silk_over_copper', 'warning'): 11}
unconnected 16
== sensitive nets
Net-(U2-In+)   tracks {'F.Cu': 0.1, 'B.Cu': 1.17, 'In5.Cu': 9.55}, vias 4 | foreign vias <2mm: 0 | foreign tracks <2mm: 11 (+2 of its parts' pin nets) | logic <2mm plan: 34 | guard 100.0% planes 100.0% | GND vias <2mm 9
               GND plane next to the whole length: 73.6% (100.0% off its own vias / pads, 0 gap points)
Current        tracks {'B.Cu': 2.9}, vias 0 | foreign vias <2mm: 0 | foreign tracks <2mm: 0 (+4 of its parts' pin nets) | logic <2mm plan: 17 | guard 80.0% planes 86.7% | GND vias <2mm 5
               GND plane next to the whole length: 86.7% (86.7% off its own vias / pads, 2 gap points)
V_err          tracks {'F.Cu': 5.59, 'B.Cu': 7.74}, vias 1 | foreign vias <2mm: 0 | foreign tracks <2mm: 2 (+0 of its parts' pin nets) | logic <2mm plan: 15 | guard None% planes None% | GND vias <2mm 4
               GND plane next to the whole length: 91.2% (100.0% off its own vias / pads, 0 gap points)
== layer plan
layer-plan (open (2026-09-24)) violations: 0
inner planes / pours: {'In4.Cu GND': {'pieces': 11, 'mm2': 1168.8}, 'In1.Cu GND': {'pieces': 1, 'mm2': 1526.3}, 'In6.Cu GND': {'pieces': 1, 'mm2': 1526.3}, 'In3.Cu 5V': {'pieces': 1, 'mm2': 1055.4}}
vias 362, smallest drill 0.30 mm, via-in-pad 79
track mm by layer: {'B.Cu': 531.8, 'F.Cu': 492.0, 'In2.Cu': 551.3, 'In3.Cu': 530.3, 'In4.Cu': 510.6, 'In5.Cu': 587.3}
J11 GND pads solid and J9.10 thermal: True; stackup with 8 copper layers: True
== parity (rev5 netlist)
check sig_c3ofp.kicad_pcb: 166 footprints (want 166), 3087 tracks/vias, 7 zones; parity failures 0
== overlay (power v16)
ok   card outline = power-board card rect x 45.8905-90.8905, y 70.0226-115.0226 (outline centre lines)
13 checks, 0 failed
