board rasterised in 3.8 s
loaded 1627 committed route items
     SNS_CH1          done in 0.0 s
loaded 1627 committed route items
     SNS_CH1          done in 0.0 s
     SNS_CH2          done in 0.0 s
     SNS_CH1          done in 0.0 s
     SNS_CH2          done in 0.0 s
     SNS_CH3          done in 0.0 s
     SNS_CH2          done in 0.0 s
     SNS_CH3          done in 0.0 s
     ISNS_P           done in 0.0 s
     SNS_CH3          done in 0.0 s
     ISNS_P           done in 0.0 s
     ISNS_N           done in 0.0 s
     ISNS_P           done in 0.0 s
     ISNS_N           done in 0.0 s
     m2_source        done in 0.0 s
     ISNS_N           done in 0.0 s
     m2_source        done in 0.0 s
     m3_source        done in 0.0 s
     m2_source        done in 0.0 s
     m3_source        done in 0.0 s
     m4_source        done in 0.0 s
     m4_source        done in 0.0 s
fan  GND              R62.2: nearest via needs 3.0 mm, not fanned out
     FANOUT:GND       0 vias, 1 pads skipped, 0.1 s
fan  GND              R62.2: nearest via needs 3.0 mm, not fanned out
     FANOUT:GND       0 vias, 1 pads skipped, 0.1 s
     Net-(U19-OUTA)   done in 0.0 s
     FANOUT:GND       0 vias, 1 pads skipped, 0.1 s
     Net-(U19-OUTA)   done in 0.0 s
     GATE_M1          done in 0.0 s
     Net-(U19-OUTA)   done in 0.0 s
     GATE_M1          done in 0.0 s
     Net-(U19-OUTB)   done in 0.0 s
     GATE_M1          done in 0.0 s
     Net-(U19-OUTB)   done in 0.0 s
     Net-(D2--)       done in 0.0 s
     Net-(U19-OUTB)   done in 0.0 s
     Net-(D2--)       done in 0.0 s
     GATE_M7          done in 0.0 s
     Net-(D2--)       done in 0.0 s
     GATE_M7          done in 0.0 s
     Net-(D11--)      done in 0.0 s
     GATE_M7          done in 0.0 s
     Net-(D11--)      done in 0.0 s
     GATE_M2          done in 0.0 s
     Net-(D11--)      done in 0.0 s
     GATE_M2          done in 0.0 s
     Net-(D8--)       done in 0.0 s
     GATE_M2          done in 0.0 s
     Net-(D8--)       done in 0.0 s
     GATE_M6          done in 0.0 s
     Net-(D8--)       done in 0.0 s
     GATE_M6          done in 0.0 s
     Net-(D14--)      done in 0.0 s
     GATE_M6          done in 0.0 s
     Net-(D14--)      done in 0.0 s
     GATE_M3          done in 0.0 s
     Net-(D14--)      done in 0.0 s
     GATE_M3          done in 0.0 s
     Net-(D22--)      done in 0.0 s
     GATE_M3          done in 0.0 s
     Net-(D22--)      done in 0.0 s
     GATE_M5          done in 0.0 s
     Net-(D22--)      done in 0.0 s
     GATE_M5          done in 0.0 s
     Net-(D13--)      done in 0.0 s
     GATE_M5          done in 0.0 s
     Net-(D13--)      done in 0.0 s
     GATE_M4          done in 0.0 s
     Net-(D13--)      done in 0.0 s
     GATE_M4          done in 0.0 s
     Net-(U11-OUT)    done in 0.0 s
     GATE_M4          done in 0.0 s
     Net-(U11-OUT)    done in 0.0 s
     Net-(M10-G)      done in 0.0 s
     Net-(U11-OUT)    done in 0.0 s
     Net-(M10-G)      done in 0.0 s
     Net-(U12-OUT)    done in 0.0 s
     Net-(M10-G)      done in 0.0 s
     Net-(U12-OUT)    done in 0.0 s
     Net-(M9-G)       done in 0.0 s
     Net-(U12-OUT)    done in 0.0 s
     Net-(M9-G)       done in 0.0 s
     Net-(U6-OUT)     done in 0.0 s
     Net-(M9-G)       done in 0.0 s
     Net-(U6-OUT)     done in 0.0 s
     Net-(M8-G)       done in 0.0 s
     Net-(U6-OUT)     done in 0.0 s
     Net-(M8-G)       done in 0.0 s
     Net-(D10--)      done in 0.0 s
     Net-(M8-G)       done in 0.0 s
     Net-(D10--)      done in 0.0 s
     Net-(D21--)      done in 0.0 s
     Net-(D10--)      done in 0.0 s
     Net-(D21--)      done in 0.0 s
     Net-(D9--)       done in 0.0 s
     Net-(D21--)      done in 0.0 s
     Net-(D9--)       done in 0.0 s
     Net-(U15-VDDA)   done in 0.0 s
     Net-(D9--)       done in 0.0 s
     Net-(U15-VDDA)   done in 0.0 s
     Net-(U10-VDDA)   done in 0.0 s
     Net-(U15-VDDA)   done in 0.0 s
     Net-(U10-VDDA)   done in 0.0 s
     Net-(U8-VDDA)    done in 0.0 s
     Net-(U10-VDDA)   done in 0.0 s
     Net-(U8-VDDA)    done in 0.0 s
     IREF1_input      done in 0.0 s
     Net-(U8-VDDA)    done in 0.0 s
     IREF1_input      done in 0.0 s
     IREF2_input      done in 0.0 s
     IREF1_input      done in 0.0 s
     IREF2_input      done in 0.0 s
     IREF3_input      done in 0.0 s
     IREF2_input      done in 0.0 s
     IREF3_input      done in 0.0 s
     Current          done in 0.0 s
     IREF3_input      done in 0.0 s
     Current          done in 0.0 s
     M1_ON            done in 0.0 s
     Current          done in 0.0 s
     M1_ON            done in 0.0 s
     M2_ON            done in 0.0 s
     M1_ON            done in 0.0 s
     M2_ON            done in 0.0 s
     ena_out_1        done in 0.0 s
     M2_ON            done in 0.0 s
     ena_out_1        done in 0.0 s
     out_2_on         done in 0.0 s
     ena_out_1        done in 0.0 s
     out_2_on         done in 0.0 s
     ena_out_2        done in 0.0 s
     out_2_on         done in 0.0 s
     ena_out_2        done in 0.0 s
     out_3_on         done in 0.0 s
     ena_out_2        done in 0.0 s
     out_3_on         done in 0.0 s
     ena_out_3        done in 0.0 s
     out_3_on         done in 0.0 s
     ena_out_3        done in 0.0 s
     analog_5V        done in 0.0 s
     ena_out_3        done in 0.0 s
     analog_5V        done in 0.0 s
     12V              done in 0.0 s
     analog_5V        done in 0.0 s
     12V              done in 0.0 s
     5V               done in 0.0 s
     12V              done in 0.0 s
     5V               done in 0.0 s
     LX               done in 0.0 s
     5V               done in 0.0 s
     LX               done in 0.0 s
     Vin              done in 0.0 s
     LX               done in 0.0 s
     Vin              done in 0.0 s
     Vout_1           done in 0.0 s
     Vin              done in 0.0 s
     Vout_1           done in 0.0 s
     Vout_2           done in 0.0 s
     Vout_1           done in 0.0 s
     Vout_2           done in 0.0 s
     Vout_3           done in 0.0 s
     Vout_2           done in 0.0 s
     Vout_3           done in 0.0 s
     Output1_drain    done in 0.0 s
     Vout_3           done in 0.0 s
     Output1_drain    done in 0.0 s
     Output2_drain    done in 0.0 s
     Output1_drain    done in 0.0 s
     Output2_drain    done in 0.0 s
     Output3_drain    done in 0.0 s
     Output2_drain    done in 0.0 s
     Output3_drain    done in 0.0 s
     GND              done in 0.0 s
tracks 1482, vias 145, failures 0, 6 s
