board rasterised in 5.7 s
loaded 1747 committed route items
     SNS_CH1          done in 0.0 s
loaded 1747 committed route items
     SNS_CH1          done in 0.0 s
     SNS_CH2          done in 0.0 s
     SNS_CH1          done in 0.0 s
     SNS_CH2          done in 0.0 s
     SNS_CH3          done in 0.0 s
     SNS_CH2          done in 0.0 s
     SNS_CH3          done in 0.0 s
     ISNS_P           done in 0.0 s
     SNS_CH3          done in 0.0 s
     ISNS_P           done in 0.0 s
     ISNS_N           done in 0.0 s
     ISNS_P           done in 0.0 s
     ISNS_N           done in 0.0 s
     m2_source        done in 0.0 s
     ISNS_N           done in 0.0 s
     m2_source        done in 0.0 s
     m3_source        done in 0.0 s
     m2_source        done in 0.0 s
     m3_source        done in 0.0 s
     m4_source        done in 0.0 s
     m4_source        done in 0.0 s
fan  GND              R62.2: no via reachable
     FANOUT:GND       0 vias, 1 pads skipped, 0.1 s
fan  GND              R62.2: no via reachable
     FANOUT:GND       0 vias, 1 pads skipped, 0.1 s
     Net-(U19-OUTA)   done in 0.0 s
     FANOUT:GND       0 vias, 1 pads skipped, 0.1 s
     Net-(U19-OUTA)   done in 0.0 s
     GATE_M1          done in 0.0 s
     Net-(U19-OUTA)   done in 0.0 s
     GATE_M1          done in 0.0 s
     Net-(U19-OUTB)   done in 0.0 s
     GATE_M1          done in 0.0 s
     Net-(U19-OUTB)   done in 0.0 s
     Net-(D2--)       done in 0.0 s
     Net-(U19-OUTB)   done in 0.0 s
     Net-(D2--)       done in 0.0 s
     GATE_M7          done in 0.0 s
     Net-(D2--)       done in 0.0 s
     GATE_M7          done in 0.0 s
     Net-(D11--)      done in 0.0 s
     GATE_M7          done in 0.0 s
     Net-(D11--)      done in 0.0 s
     GATE_M2          done in 0.0 s
     Net-(D11--)      done in 0.0 s
     GATE_M2          done in 0.0 s
     Net-(D8--)       done in 0.0 s
     GATE_M2          done in 0.0 s
     Net-(D8--)       done in 0.0 s
     GATE_M6          done in 0.0 s
     Net-(D8--)       done in 0.0 s
     GATE_M6          done in 0.0 s
     Net-(D14--)      done in 0.0 s
     GATE_M6          done in 0.0 s
     Net-(D14--)      done in 0.0 s
     GATE_M3          done in 0.0 s
     Net-(D14--)      done in 0.0 s
     GATE_M3          done in 0.0 s
     Net-(D22--)      done in 0.0 s
     GATE_M3          done in 0.0 s
     Net-(D22--)      done in 0.0 s
     GATE_M5          done in 0.0 s
     Net-(D22--)      done in 0.0 s
     GATE_M5          done in 0.0 s
     Net-(D13--)      done in 0.0 s
     GATE_M5          done in 0.0 s
     Net-(D13--)      done in 0.0 s
     GATE_M4          done in 0.0 s
     Net-(D13--)      done in 0.0 s
     GATE_M4          done in 0.0 s
     Net-(U11-OUT)    done in 0.0 s
     GATE_M4          done in 0.0 s
     Net-(U11-OUT)    done in 0.0 s
     Net-(M10-G)      done in 0.0 s
     Net-(U11-OUT)    done in 0.0 s
     Net-(M10-G)      done in 0.0 s
     Net-(U12-OUT)    done in 0.0 s
     Net-(M10-G)      done in 0.0 s
     Net-(U12-OUT)    done in 0.0 s
     Net-(M9-G)       done in 0.0 s
     Net-(U12-OUT)    done in 0.0 s
     Net-(M9-G)       done in 0.0 s
     Net-(U6-OUT)     done in 0.0 s
     Net-(M9-G)       done in 0.0 s
     Net-(U6-OUT)     done in 0.0 s
     Net-(M8-G)       done in 0.0 s
     Net-(U6-OUT)     done in 0.0 s
     Net-(M8-G)       done in 0.0 s
     Net-(D10--)      done in 0.0 s
     Net-(M8-G)       done in 0.0 s
     Net-(D10--)      done in 0.0 s
     Net-(D21--)      done in 0.0 s
     Net-(D10--)      done in 0.0 s
     Net-(D21--)      done in 0.0 s
     Net-(D9--)       done in 0.0 s
     Net-(D21--)      done in 0.0 s
     Net-(D9--)       done in 0.0 s
     Net-(U15-VDDA)   done in 0.0 s
     Net-(D9--)       done in 0.0 s
     Net-(U15-VDDA)   done in 0.0 s
     Net-(U10-VDDA)   done in 0.0 s
     Net-(U15-VDDA)   done in 0.0 s
     Net-(U10-VDDA)   done in 0.0 s
     Net-(U8-VDDA)    done in 0.0 s
     Net-(U10-VDDA)   done in 0.0 s
     Net-(U8-VDDA)    done in 0.0 s
     IREF1_input      done in 0.0 s
     Net-(U8-VDDA)    done in 0.0 s
     IREF1_input      done in 0.0 s
     IREF2_input      done in 0.0 s
     IREF1_input      done in 0.0 s
     IREF2_input      done in 0.0 s
     IREF3_input      done in 0.0 s
     IREF2_input      done in 0.0 s
     IREF3_input      done in 0.0 s
     Current          done in 0.0 s
     IREF3_input      done in 0.0 s
     Current          done in 0.0 s
     M1_ON            done in 0.0 s
     Current          done in 0.0 s
     M1_ON            done in 0.0 s
     M2_ON            done in 0.0 s
     M1_ON            done in 0.0 s
     M2_ON            done in 0.0 s
     ena_out_1        done in 0.0 s
     M2_ON            done in 0.0 s
     ena_out_1        done in 0.0 s
     out_2_on         done in 0.0 s
     ena_out_1        done in 0.0 s
     out_2_on         done in 0.0 s
     ena_out_2        done in 0.0 s
     out_2_on         done in 0.0 s
     ena_out_2        done in 0.0 s
     out_3_on         done in 0.0 s
     ena_out_2        done in 0.0 s
     out_3_on         done in 0.0 s
     ena_out_3        done in 0.0 s
rip  analog_5V        ripping Current, 12V, Net-(U19-OUTB), Vin did not free a path
FAIL analog_5V: island 0 (363 cells; U25.6 C20.1) to island 1 (U6.5 J10.22 U11.5 C55.1 +7), gap 62.8 mm
     analog_5V        done in 26.9 s (1 failed)
rip  12V              ripping Net-(U19-OUTA) did not free a path
FAIL 12V: island 1 (6796 cells; J10.19 C6.1 U16.3 C25.1 +3) to island 2 (U19.16), gap 24.6 mm
     12V              done in 63.6 s (3 failed)
FAIL 12V: island 1 (6796 cells; J10.19 C6.1 U16.3 C25.1 +3) to island 2 (U19.16), gap 24.6 mm
     12V              done in 63.6 s (3 failed)
     5V               done in 0.0 s
     12V              done in 63.6 s (3 failed)
     5V               done in 0.0 s
     LX               done in 0.0 s
     5V               done in 0.0 s
     LX               done in 0.0 s
     Vin              done in 0.0 s
     LX               done in 0.0 s
     Vin              done in 0.0 s
     Vout_1           done in 0.0 s
     Vin              done in 0.0 s
     Vout_1           done in 0.0 s
     Vout_2           done in 0.0 s
     Vout_1           done in 0.0 s
     Vout_2           done in 0.0 s
     Vout_3           done in 0.0 s
     Vout_2           done in 0.0 s
     Vout_3           done in 0.0 s
     Output1_drain    done in 0.0 s
     Vout_3           done in 0.0 s
     Output1_drain    done in 0.0 s
     Output2_drain    done in 0.0 s
     Output1_drain    done in 0.0 s
     Output2_drain    done in 0.0 s
     Output3_drain    done in 0.0 s
ok   GND                0.0 mm, 1 via(s) 0.6/0.3, w 0.50, gap 0.0
ok   GND                0.0 mm, 1 via(s) 0.8/0.4, w 0.50, gap 0.0
     GND              done in 81.3 s
tracks 1633, vias 137, failures 4, 181 s
