board rasterised in 5.7 s
loaded 1800 committed route items
     SNS_CH1          done in 0.0 s
loaded 1800 committed route items
     SNS_CH1          done in 0.0 s
     SNS_CH2          done in 0.0 s
     SNS_CH1          done in 0.0 s
     SNS_CH2          done in 0.0 s
     SNS_CH3          done in 0.0 s
     SNS_CH2          done in 0.0 s
     SNS_CH3          done in 0.0 s
     ISNS_P           done in 0.0 s
     SNS_CH3          done in 0.0 s
     ISNS_P           done in 0.0 s
     ISNS_N           done in 0.0 s
     ISNS_P           done in 0.0 s
     ISNS_N           done in 0.0 s
     m2_source        done in 0.0 s
     ISNS_N           done in 0.0 s
     m2_source        done in 0.0 s
     m3_source        done in 0.0 s
     m2_source        done in 0.0 s
     m3_source        done in 0.0 s
     m4_source        done in 0.0 s
     m4_source        done in 0.0 s
fan  GND              R62.2: 0.1 mm stub, via 0.6/0.3
     FANOUT:GND       1 vias, 0 pads skipped, 0.2 s
fan  GND              R62.2: 0.1 mm stub, via 0.6/0.3
     FANOUT:GND       1 vias, 0 pads skipped, 0.2 s
     Net-(U19-OUTA)   done in 0.0 s
     FANOUT:GND       1 vias, 0 pads skipped, 0.2 s
     Net-(U19-OUTA)   done in 0.0 s
     GATE_M1          done in 0.0 s
     Net-(U19-OUTA)   done in 0.0 s
     GATE_M1          done in 0.0 s
     Net-(U19-OUTB)   done in 0.0 s
     GATE_M1          done in 0.0 s
     Net-(U19-OUTB)   done in 0.0 s
     Net-(D2--)       done in 0.0 s
     Net-(U19-OUTB)   done in 0.0 s
     Net-(D2--)       done in 0.0 s
     GATE_M7          done in 0.0 s
     Net-(D2--)       done in 0.0 s
     GATE_M7          done in 0.0 s
     Net-(D11--)      done in 0.0 s
     GATE_M7          done in 0.0 s
     Net-(D11--)      done in 0.0 s
     GATE_M2          done in 0.0 s
     Net-(D11--)      done in 0.0 s
     GATE_M2          done in 0.0 s
     Net-(D8--)       done in 0.0 s
     GATE_M2          done in 0.0 s
     Net-(D8--)       done in 0.0 s
     GATE_M6          done in 0.0 s
     Net-(D8--)       done in 0.0 s
     GATE_M6          done in 0.0 s
     Net-(D14--)      done in 0.0 s
     GATE_M6          done in 0.0 s
     Net-(D14--)      done in 0.0 s
     GATE_M3          done in 0.0 s
     Net-(D14--)      done in 0.0 s
     GATE_M3          done in 0.0 s
     Net-(D22--)      done in 0.0 s
     GATE_M3          done in 0.0 s
     Net-(D22--)      done in 0.0 s
     GATE_M5          done in 0.0 s
     Net-(D22--)      done in 0.0 s
     GATE_M5          done in 0.0 s
     Net-(D13--)      done in 0.0 s
     GATE_M5          done in 0.0 s
     Net-(D13--)      done in 0.0 s
     GATE_M4          done in 0.0 s
     Net-(D13--)      done in 0.0 s
     GATE_M4          done in 0.0 s
     Net-(U11-OUT)    done in 0.0 s
     GATE_M4          done in 0.0 s
     Net-(U11-OUT)    done in 0.0 s
     Net-(M10-G)      done in 0.0 s
     Net-(U11-OUT)    done in 0.0 s
     Net-(M10-G)      done in 0.0 s
     Net-(U12-OUT)    done in 0.0 s
     Net-(M10-G)      done in 0.0 s
     Net-(U12-OUT)    done in 0.0 s
     Net-(M9-G)       done in 0.0 s
     Net-(U12-OUT)    done in 0.0 s
     Net-(M9-G)       done in 0.0 s
     Net-(U6-OUT)     done in 0.0 s
     Net-(M9-G)       done in 0.0 s
     Net-(U6-OUT)     done in 0.0 s
     Net-(M8-G)       done in 0.0 s
     Net-(U6-OUT)     done in 0.0 s
     Net-(M8-G)       done in 0.0 s
     Net-(D10--)      done in 0.0 s
     Net-(M8-G)       done in 0.0 s
     Net-(D10--)      done in 0.0 s
     Net-(D21--)      done in 0.0 s
     Net-(D10--)      done in 0.0 s
     Net-(D21--)      done in 0.0 s
     Net-(D9--)       done in 0.0 s
     Net-(D21--)      done in 0.0 s
     Net-(D9--)       done in 0.0 s
     Net-(U15-VDDA)   done in 0.0 s
     Net-(D9--)       done in 0.0 s
     Net-(U15-VDDA)   done in 0.0 s
     Net-(U10-VDDA)   done in 0.0 s
     Net-(U15-VDDA)   done in 0.0 s
     Net-(U10-VDDA)   done in 0.0 s
     Net-(U8-VDDA)    done in 0.0 s
     Net-(U10-VDDA)   done in 0.0 s
     Net-(U8-VDDA)    done in 0.0 s
     IREF1_input      done in 0.0 s
     Net-(U8-VDDA)    done in 0.0 s
     IREF1_input      done in 0.0 s
     IREF2_input      done in 0.0 s
     IREF1_input      done in 0.0 s
     IREF2_input      done in 0.0 s
     IREF3_input      done in 0.0 s
     IREF2_input      done in 0.0 s
     IREF3_input      done in 0.0 s
     Current          done in 0.0 s
     IREF3_input      done in 0.0 s
     Current          done in 0.0 s
     M1_ON            done in 0.0 s
     Current          done in 0.0 s
     M1_ON            done in 0.0 s
     M2_ON            done in 0.0 s
     M1_ON            done in 0.0 s
     M2_ON            done in 0.0 s
     ena_out_1        done in 0.0 s
     M2_ON            done in 0.0 s
     ena_out_1        done in 0.0 s
     out_2_on         done in 0.0 s
     ena_out_1        done in 0.0 s
     out_2_on         done in 0.0 s
     ena_out_2        done in 0.0 s
     out_2_on         done in 0.0 s
     ena_out_2        done in 0.0 s
     out_3_on         done in 0.0 s
     ena_out_2        done in 0.0 s
     out_3_on         done in 0.0 s
     ena_out_3        done in 0.0 s
     out_3_on         done in 0.0 s
     ena_out_3        done in 0.0 s
     analog_5V        done in 0.0 s
     ena_out_3        done in 0.0 s
     analog_5V        done in 0.0 s
     12V              done in 0.0 s
     analog_5V        done in 0.0 s
     12V              done in 0.0 s
     5V               done in 0.0 s
     12V              done in 0.0 s
     5V               done in 0.0 s
     LX               done in 0.0 s
     5V               done in 0.0 s
     LX               done in 0.0 s
     Vin              done in 0.0 s
     LX               done in 0.0 s
     Vin              done in 0.0 s
     Vout_1           done in 0.0 s
     Vout_1           done in 0.0 s
FAIL Vout_2: island 0 (97412 cells; C73.1 J8.1 C78.1 C3.1 +3) to island 1 (J10.15), gap 13.1 mm
     Vout_2           done in 13.7 s (1 failed)
FAIL Vout_2: island 0 (97412 cells; C73.1 J8.1 C78.1 C3.1 +3) to island 1 (J10.15), gap 13.1 mm
     Vout_2           done in 13.7 s (1 failed)
     Vout_3           done in 0.0 s
     Vout_2           done in 13.7 s (1 failed)
     Vout_3           done in 0.0 s
     Output1_drain    done in 0.0 s
     Vout_3           done in 0.0 s
     Output1_drain    done in 0.0 s
     Output2_drain    done in 0.0 s
     Output1_drain    done in 0.0 s
     Output2_drain    done in 0.0 s
     Output3_drain    done in 0.0 s
rip  GND              ripping Net-(U15-VDDA), Current, Vin, Net-(D10--) did not free a path
FAIL GND: island 1 (424 cells; C84.2) to island 2 (U19.4 U19.5), gap 17.3 mm
     GND              done in 400.5 s (3 failed)
tracks 1673, vias 158, failures 4, 423 s
