board rasterised in 6.1 s
loaded 1831 committed route items
     SNS_CH1          done in 0.0 s
loaded 1831 committed route items
     SNS_CH1          done in 0.0 s
     SNS_CH2          done in 0.0 s
     SNS_CH1          done in 0.0 s
     SNS_CH2          done in 0.0 s
     SNS_CH3          done in 0.0 s
     SNS_CH2          done in 0.0 s
     SNS_CH3          done in 0.0 s
     ISNS_P           done in 0.0 s
     SNS_CH3          done in 0.0 s
     ISNS_P           done in 0.0 s
     ISNS_N           done in 0.0 s
     ISNS_P           done in 0.0 s
     ISNS_N           done in 0.0 s
     m2_source        done in 0.0 s
     ISNS_N           done in 0.0 s
     m2_source        done in 0.0 s
     m3_source        done in 0.0 s
     m2_source        done in 0.0 s
     m3_source        done in 0.0 s
     m4_source        done in 0.0 s
     m3_source        done in 0.0 s
     m4_source        done in 0.0 s
     FANOUT:GND       0 vias, 0 pads skipped, 0.0 s
     m4_source        done in 0.0 s
     FANOUT:GND       0 vias, 0 pads skipped, 0.0 s
     Net-(U19-OUTA)   done in 0.0 s
     FANOUT:GND       0 vias, 0 pads skipped, 0.0 s
     Net-(U19-OUTA)   done in 0.0 s
     GATE_M1          done in 0.0 s
     Net-(U19-OUTA)   done in 0.0 s
     GATE_M1          done in 0.0 s
     Net-(U19-OUTB)   done in 0.0 s
     GATE_M1          done in 0.0 s
     Net-(U19-OUTB)   done in 0.0 s
     Net-(D2--)       done in 0.0 s
     Net-(U19-OUTB)   done in 0.0 s
     Net-(D2--)       done in 0.0 s
     GATE_M7          done in 0.0 s
     Net-(D2--)       done in 0.0 s
     GATE_M7          done in 0.0 s
     Net-(D11--)      done in 0.0 s
     GATE_M7          done in 0.0 s
     Net-(D11--)      done in 0.0 s
     GATE_M2          done in 0.0 s
     Net-(D11--)      done in 0.0 s
     GATE_M2          done in 0.0 s
     Net-(D8--)       done in 0.0 s
     GATE_M2          done in 0.0 s
     Net-(D8--)       done in 0.0 s
     GATE_M6          done in 0.0 s
     Net-(D8--)       done in 0.0 s
     GATE_M6          done in 0.0 s
     Net-(D14--)      done in 0.0 s
     GATE_M6          done in 0.0 s
     Net-(D14--)      done in 0.0 s
     GATE_M3          done in 0.0 s
     Net-(D14--)      done in 0.0 s
     GATE_M3          done in 0.0 s
     Net-(D22--)      done in 0.0 s
     GATE_M3          done in 0.0 s
     Net-(D22--)      done in 0.0 s
     GATE_M5          done in 0.0 s
     Net-(D22--)      done in 0.0 s
     GATE_M5          done in 0.0 s
     Net-(D13--)      done in 0.0 s
     GATE_M5          done in 0.0 s
     Net-(D13--)      done in 0.0 s
     GATE_M4          done in 0.0 s
     Net-(D13--)      done in 0.0 s
     GATE_M4          done in 0.0 s
     Net-(U11-OUT)    done in 0.0 s
     GATE_M4          done in 0.0 s
     Net-(U11-OUT)    done in 0.0 s
     Net-(M10-G)      done in 0.0 s
     Net-(U11-OUT)    done in 0.0 s
     Net-(M10-G)      done in 0.0 s
     Net-(U12-OUT)    done in 0.0 s
     Net-(M10-G)      done in 0.0 s
     Net-(U12-OUT)    done in 0.0 s
     Net-(M9-G)       done in 0.0 s
     Net-(U12-OUT)    done in 0.0 s
     Net-(M9-G)       done in 0.0 s
     Net-(U6-OUT)     done in 0.0 s
     Net-(M9-G)       done in 0.0 s
     Net-(U6-OUT)     done in 0.0 s
     Net-(M8-G)       done in 0.0 s
     Net-(U6-OUT)     done in 0.0 s
     Net-(M8-G)       done in 0.0 s
     Net-(D10--)      done in 0.0 s
     Net-(M8-G)       done in 0.0 s
     Net-(D10--)      done in 0.0 s
     Net-(D21--)      done in 0.0 s
     Net-(D10--)      done in 0.0 s
     Net-(D21--)      done in 0.0 s
     Net-(D9--)       done in 0.0 s
     Net-(D21--)      done in 0.0 s
     Net-(D9--)       done in 0.0 s
     Net-(U15-VDDA)   done in 0.0 s
     Net-(D9--)       done in 0.0 s
     Net-(U15-VDDA)   done in 0.0 s
     Net-(U10-VDDA)   done in 0.0 s
     Net-(U15-VDDA)   done in 0.0 s
     Net-(U10-VDDA)   done in 0.0 s
     Net-(U8-VDDA)    done in 0.0 s
     Net-(U10-VDDA)   done in 0.0 s
     Net-(U8-VDDA)    done in 0.0 s
     IREF1_input      done in 0.0 s
     Net-(U8-VDDA)    done in 0.0 s
     IREF1_input      done in 0.0 s
     IREF2_input      done in 0.0 s
     IREF1_input      done in 0.0 s
     IREF2_input      done in 0.0 s
     IREF3_input      done in 0.0 s
     IREF2_input      done in 0.0 s
     IREF3_input      done in 0.0 s
     Current          done in 0.0 s
     IREF3_input      done in 0.0 s
     Current          done in 0.0 s
     M1_ON            done in 0.0 s
     Current          done in 0.0 s
     M1_ON            done in 0.0 s
     M2_ON            done in 0.0 s
     M1_ON            done in 0.0 s
     M2_ON            done in 0.0 s
     ena_out_1        done in 0.0 s
     M2_ON            done in 0.0 s
     ena_out_1        done in 0.0 s
     out_2_on         done in 0.0 s
     ena_out_1        done in 0.0 s
     out_2_on         done in 0.0 s
     ena_out_2        done in 0.0 s
     out_2_on         done in 0.0 s
     ena_out_2        done in 0.0 s
     out_3_on         done in 0.0 s
     ena_out_2        done in 0.0 s
     out_3_on         done in 0.0 s
     ena_out_3        done in 0.0 s
     out_3_on         done in 0.0 s
     ena_out_3        done in 0.0 s
     analog_5V        done in 0.0 s
     ena_out_3        done in 0.0 s
     analog_5V        done in 0.0 s
     12V              done in 0.0 s
     analog_5V        done in 0.0 s
     12V              done in 0.0 s
     5V               done in 0.0 s
     12V              done in 0.0 s
     5V               done in 0.0 s
     LX               done in 0.0 s
     5V               done in 0.0 s
     LX               done in 0.0 s
     Vin              done in 0.0 s
     LX               done in 0.0 s
     Vin              done in 0.0 s
     Vout_1           done in 0.0 s
     Vout_1           done in 0.0 s
FAIL Vout_2: island 0 (97413 cells; C73.1 J8.1 C78.1 C3.1 +3) to island 1 (J10.15), gap 13.1 mm
     Vout_2           done in 14.2 s (1 failed)
FAIL Vout_2: island 0 (97413 cells; C73.1 J8.1 C78.1 C3.1 +3) to island 1 (J10.15), gap 13.1 mm
     Vout_2           done in 14.2 s (1 failed)
     Vout_3           done in 0.0 s
     Vout_2           done in 14.2 s (1 failed)
     Vout_3           done in 0.0 s
     Output1_drain    done in 0.0 s
     Vout_3           done in 0.0 s
     Output1_drain    done in 0.0 s
     Output2_drain    done in 0.0 s
     Output1_drain    done in 0.0 s
     Output2_drain    done in 0.0 s
     Output3_drain    done in 0.0 s
ok   GND                2.7 mm, 1 via(s) 0.8/0.4, w 0.50, gap 0.0
ok   GND                0.0 mm, 1 via(s) 0.8/0.4, w 0.50, gap 0.0
     GND              done in 69.8 s
tracks 1678, vias 161, failures 1, 93 s
