board rasterised in 5.1 s
loaded 3065 committed route items
     SNS_CH1          done in 0.0 s
loaded 3065 committed route items
     SNS_CH1          done in 0.0 s
     SNS_CH2          done in 0.0 s
     SNS_CH1          done in 0.0 s
     SNS_CH2          done in 0.0 s
     SNS_CH3          done in 0.0 s
     SNS_CH2          done in 0.0 s
     SNS_CH3          done in 0.0 s
     ISNS_P           done in 0.0 s
     SNS_CH3          done in 0.0 s
     ISNS_P           done in 0.0 s
     ISNS_N           done in 0.0 s
     ISNS_P           done in 0.0 s
     ISNS_N           done in 0.0 s
     Net-(U19-OUTA)   done in 0.0 s
     ISNS_N           done in 0.0 s
     Net-(U19-OUTA)   done in 0.0 s
     GATE_M1          done in 0.0 s (direct)
byp  5V               C62.2 -> U15.3: already joined
byp  GND              C62.1 -> U15.4: already joined
     BYPASS           0.3 s
loop Net-(D2--)       U15.10 -> R60.1: already joined
loop m2_source        U15.9 -> M7.3: 24.6 mm, 2 via(s), w 1.00 beside Net-(D2--) + GATE_M7
     GATELOOP:M7      done in 1.0 s
loop Net-(D22--)      U8.10 -> R59.2: already joined
loop m4_source        U8.9 -> M5.3: 22.7 mm, 2 via(s), w 1.00 beside Net-(D22--) + GATE_M5
     GATELOOP:M5      done in 0.9 s
loop Net-(D8--)       U10.10 -> R70.1: already joined
loop m3_source        U10.9 -> M6.3: 15.8 mm, 0 via(s), w 1.00 beside Net-(D8--) + GATE_M6
     GATELOOP:M6      done in 0.6 s
loop Net-(D11--)      U15.15 -> D11.1: already joined
loop m2_source        U15.14 -> M2.3: 20.6 mm, 2 via(s), w 1.00 beside Net-(D11--) + GATE_M2
     GATELOOP:M2      done in 1.2 s
loop Net-(D14--)      U10.15 -> D14.1: already joined
loop m3_source        U10.14 -> M3.3: 10.6 mm, 0 via(s), w 1.00 beside Net-(D14--) + GATE_M3
     GATELOOP:M3      done in 0.5 s
loop Net-(D13--)      U8.15 -> D13.1: already joined
loop m4_source        U8.14 -> M4.3: 28.0 mm, 1 via(s), w 1.00 beside Net-(D13--) + GATE_M4
     GATELOOP:M4      done in 0.9 s
loop m4_source        U8.14 -> M4.3: 28.0 mm, 1 via(s), w 1.00 beside Net-(D13--) + GATE_M4
     GATELOOP:M4      done in 0.9 s
     m2_source        done in 0.0 s
     GATELOOP:M4      done in 0.9 s
     m2_source        done in 0.0 s
     m3_source        done in 0.0 s
     m2_source        done in 0.0 s
     m3_source        done in 0.0 s
     m4_source        done in 0.0 s
     m3_source        done in 0.0 s
     m4_source        done in 0.0 s
     FANOUT:GND       0 vias, 0 pads skipped, 0.0 s
     FANOUT:GND       0 vias, 0 pads skipped, 0.0 s
fan  5V               C48.1: 0.0 mm stub, via 0.6/0.3
     FANOUT:5V        1 vias, 0 pads skipped, 0.1 s
fan  5V               C48.1: 0.0 mm stub, via 0.6/0.3
     FANOUT:5V        1 vias, 0 pads skipped, 0.1 s
     Net-(U19-OUTB)   done in 0.0 s
     FANOUT:5V        1 vias, 0 pads skipped, 0.1 s
     Net-(U19-OUTB)   done in 0.0 s
     Net-(U11-OUT)    done in 0.0 s
     Net-(U19-OUTB)   done in 0.0 s
     Net-(U11-OUT)    done in 0.0 s
     Net-(M10-G)      done in 0.0 s (direct)
     Net-(U11-OUT)    done in 0.0 s
     Net-(M10-G)      done in 0.0 s (direct)
     Net-(U12-OUT)    done in 0.0 s
     Net-(M10-G)      done in 0.0 s (direct)
     Net-(U12-OUT)    done in 0.0 s
     Net-(M9-G)       done in 0.0 s (direct)
     Net-(U12-OUT)    done in 0.0 s
     Net-(M9-G)       done in 0.0 s (direct)
     Net-(U6-OUT)     done in 0.0 s
     Net-(M9-G)       done in 0.0 s (direct)
     Net-(U6-OUT)     done in 0.0 s
     Net-(M8-G)       done in 0.0 s (direct)
     Net-(U6-OUT)     done in 0.0 s
     Net-(M8-G)       done in 0.0 s (direct)
     Net-(D10--)      done in 0.0 s
     Net-(M8-G)       done in 0.0 s (direct)
     Net-(D10--)      done in 0.0 s
     Net-(D21--)      done in 0.0 s
     Net-(D10--)      done in 0.0 s
     Net-(D21--)      done in 0.0 s
     Net-(D9--)       done in 0.0 s
     Net-(D21--)      done in 0.0 s
     Net-(D9--)       done in 0.0 s
     Net-(U15-VDDA)   done in 0.0 s
     Net-(D9--)       done in 0.0 s
     Net-(U15-VDDA)   done in 0.0 s
     Net-(U10-VDDA)   done in 0.0 s
     Net-(U15-VDDA)   done in 0.0 s
     Net-(U10-VDDA)   done in 0.0 s
     Net-(U8-VDDA)    done in 0.0 s
     Net-(U10-VDDA)   done in 0.0 s
     Net-(U8-VDDA)    done in 0.0 s
     Vout_1           done in 0.0 s
     Net-(U8-VDDA)    done in 0.0 s
     Vout_1           done in 0.0 s
     Vout_2           done in 0.0 s
     Vout_1           done in 0.0 s
     Vout_2           done in 0.0 s
     Vout_3           done in 0.0 s
     Vout_2           done in 0.0 s
     Vout_3           done in 0.0 s
     Output1_drain    done in 0.0 s
     Vout_3           done in 0.0 s
     Output1_drain    done in 0.0 s
     Output2_drain    done in 0.0 s
     Output1_drain    done in 0.0 s
     Output2_drain    done in 0.0 s
     Output3_drain    done in 0.0 s
     Output2_drain    done in 0.0 s
     Output3_drain    done in 0.0 s
     IREF1_input      done in 0.0 s
     Output3_drain    done in 0.0 s
     IREF1_input      done in 0.0 s
     IREF2_input      done in 0.0 s
     IREF1_input      done in 0.0 s
     IREF2_input      done in 0.0 s
     IREF3_input      done in 0.0 s
     IREF2_input      done in 0.0 s
     IREF3_input      done in 0.0 s
     Current          done in 0.0 s
     IREF3_input      done in 0.0 s
     Current          done in 0.0 s
     M1_ON            done in 0.0 s
     Current          done in 0.0 s
     M1_ON            done in 0.0 s
     M2_ON            done in 0.0 s
     M1_ON            done in 0.0 s
     M2_ON            done in 0.0 s
     ena_out_1        done in 0.0 s
     M2_ON            done in 0.0 s
     ena_out_1        done in 0.0 s
     out_2_on         done in 0.0 s
     ena_out_1        done in 0.0 s
     out_2_on         done in 0.0 s
     ena_out_2        done in 0.0 s
     out_2_on         done in 0.0 s
     ena_out_2        done in 0.0 s
     out_3_on         done in 0.0 s
     ena_out_2        done in 0.0 s
     out_3_on         done in 0.0 s
     ena_out_3        done in 0.0 s
     out_3_on         done in 0.0 s
     ena_out_3        done in 0.0 s
     analog_5V        done in 0.0 s
     ena_out_3        done in 0.0 s
     analog_5V        done in 0.0 s
     12V              done in 0.0 s
     analog_5V        done in 0.0 s
     12V              done in 0.0 s
     5V               done in 0.0 s
     12V              done in 0.0 s
     5V               done in 0.0 s
     LX               done in 0.0 s
     5V               done in 0.0 s
     LX               done in 0.0 s
     Vin              done in 0.0 s
     LX               done in 0.0 s
     Vin              done in 0.0 s
     GND              done in 0.0 s
tracks 3127, vias 234, failures 0, 14 s
