exported 74 nets, 765 barrels, 355 pads
tracks 1614, vias 133, failures 5, 327 s
added 1614 tracks, 133 vias -> work/sig_23_1.kicad_pcb
{('hole_clearance', 'error'): 1, ('clearance', 'error'): 2, ('silk_edge_clearance', 'warning'): 1, ('lib_footprint_issues', 'warning'): 23, ('silk_overlap', 'warning'): 20, ('silk_over_copper', 'warning'): 22}
unconnected 7
exported 74 nets, 898 barrels, 355 pads
tracks 1633, vias 137, failures 4, 181 s
added 1633 tracks, 137 vias -> work/sig_23_2.kicad_pcb
{('hole_clearance', 'error'): 1, ('clearance', 'error'): 2, ('silk_edge_clearance', 'warning'): 1, ('lib_footprint_issues', 'warning'): 23, ('silk_overlap', 'warning'): 20, ('silk_over_copper', 'warning'): 22}
unconnected 3
exported 74 nets, 902 barrels, 355 pads
tracks 1633, vias 137, failures 4, 100 s
added 1633 tracks, 137 vias -> work/sig_23_3.kicad_pcb
{('hole_clearance', 'error'): 1, ('clearance', 'error'): 2, ('silk_edge_clearance', 'warning'): 1, ('lib_footprint_issues', 'warning'): 23, ('silk_overlap', 'warning'): 20, ('silk_over_copper', 'warning'): 22}
unconnected 3
exported 74 nets, 902 barrels, 355 pads
tracks 1633, vias 137, failures 4, 97 s
added 1633 tracks, 137 vias -> work/sig_23_4.kicad_pcb
{('hole_clearance', 'error'): 1, ('clearance', 'error'): 2, ('via_dangling', 'warning'): 1, ('silk_edge_clearance', 'warning'): 1, ('lib_footprint_issues', 'warning'): 23, ('silk_overlap', 'warning'): 20, ('silk_over_copper', 'warning'): 22}
unconnected 4
exported 74 nets, 902 barrels, 355 pads
tracks 1677, vias 141, failures 4, 153 s
added 1677 tracks, 141 vias -> work/sig_23_5.kicad_pcb
{('hole_clearance', 'error'): 1, ('clearance', 'error'): 2, ('via_dangling', 'warning'): 1, ('silk_edge_clearance', 'warning'): 1, ('lib_footprint_issues', 'warning'): 23, ('silk_overlap', 'warning'): 20, ('silk_over_copper', 'warning'): 22}
unconnected 4
exported 74 nets, 906 barrels, 355 pads
