exported 74 nets, 765 barrels, 355 pads
tracks 1648, vias 152, failures 1, 400 s
added 1648 tracks, 152 vias -> work/sig_26_1.kicad_pcb
{('silk_edge_clearance', 'warning'): 1, ('lib_footprint_issues', 'warning'): 23, ('silk_overlap', 'warning'): 20, ('silk_over_copper', 'warning'): 22}
unconnected 8
exported 74 nets, 917 barrels, 355 pads
tracks 1673, vias 158, failures 4, 423 s
added 1673 tracks, 158 vias -> work/sig_26_2.kicad_pcb
{('silk_edge_clearance', 'warning'): 1, ('lib_footprint_issues', 'warning'): 23, ('silk_overlap', 'warning'): 20, ('silk_over_copper', 'warning'): 22}
unconnected 4
exported 74 nets, 923 barrels, 355 pads
tracks 1678, vias 161, failures 1, 93 s
added 1678 tracks, 161 vias -> work/sig_26_3.kicad_pcb
{('silk_edge_clearance', 'warning'): 1, ('lib_footprint_issues', 'warning'): 23, ('silk_overlap', 'warning'): 20, ('silk_over_copper', 'warning'): 22}
unconnected 1
exported 74 nets, 926 barrels, 355 pads
tracks 1678, vias 161, failures 1, 23 s
added 1678 tracks, 161 vias -> work/sig_26_4.kicad_pcb
{('silk_edge_clearance', 'warning'): 1, ('lib_footprint_issues', 'warning'): 23, ('silk_overlap', 'warning'): 20, ('silk_over_copper', 'warning'): 22}
unconnected 1
exported 74 nets, 926 barrels, 355 pads
tracks 1678, vias 161, failures 1, 22 s
added 1678 tracks, 161 vias -> work/sig_26_5.kicad_pcb
{('silk_edge_clearance', 'warning'): 1, ('lib_footprint_issues', 'warning'): 23, ('silk_overlap', 'warning'): 20, ('silk_over_copper', 'warning'): 22}
unconnected 1
exported 74 nets, 926 barrels, 355 pads
tracks 1678, vias 161, failures 1, 23 s
{('silk_edge_clearance', 'warning'): 1, ('lib_footprint_issues', 'warning'): 23, ('silk_overlap', 'warning'): 20, ('silk_over_copper', 'warning'): 22}
unconnected 1
  U Zone 'Vout_2 In5 to J8' [Vout_2] on In5.Cu, priority 18 @(42.87,63.80) || PTH pad 15 [Vout_2] of J10 @(69.48,91.94)
routes: work/g_26_5.json
final: work/sig_26_5.kicad_pcb
PIPELINE_DONE
