exported 74 nets, 765 barrels, 355 pads
tracks 1775, vias 164, failures 4, 504 s
added 1775 tracks, 164 vias -> work/sig_33_1.kicad_pcb
{('silk_edge_clearance', 'warning'): 1, ('lib_footprint_issues', 'warning'): 23, ('silk_overlap', 'warning'): 20, ('silk_over_copper', 'warning'): 22}
unconnected 7
exported 74 nets, 929 barrels, 355 pads
tracks 1779, vias 171, failures 3, 270 s
added 1779 tracks, 171 vias -> work/sig_33_2.kicad_pcb
{('silk_edge_clearance', 'warning'): 1, ('lib_footprint_issues', 'warning'): 23, ('silk_overlap', 'warning'): 20, ('silk_over_copper', 'warning'): 22}
unconnected 3
exported 74 nets, 936 barrels, 355 pads
tracks 1921, vias 180, failures 1, 204 s
added 1921 tracks, 180 vias -> work/sig_33_3.kicad_pcb
{('silk_edge_clearance', 'warning'): 1, ('lib_footprint_issues', 'warning'): 23, ('silk_overlap', 'warning'): 20, ('silk_over_copper', 'warning'): 22}
unconnected 1
exported 74 nets, 945 barrels, 355 pads
tracks 1921, vias 180, failures 1, 196 s
added 1921 tracks, 180 vias -> work/sig_33_4.kicad_pcb
{('silk_edge_clearance', 'warning'): 1, ('lib_footprint_issues', 'warning'): 23, ('silk_overlap', 'warning'): 20, ('silk_over_copper', 'warning'): 22}
unconnected 1
exported 74 nets, 945 barrels, 355 pads
tracks 1921, vias 180, failures 1, 196 s
added 1921 tracks, 180 vias -> work/sig_33_5.kicad_pcb
{('silk_edge_clearance', 'warning'): 1, ('lib_footprint_issues', 'warning'): 23, ('silk_overlap', 'warning'): 20, ('silk_over_copper', 'warning'): 22}
unconnected 1
exported 74 nets, 945 barrels, 355 pads
tracks 1921, vias 180, failures 1, 196 s
{('silk_edge_clearance', 'warning'): 1, ('lib_footprint_issues', 'warning'): 23, ('silk_overlap', 'warning'): 20, ('silk_over_copper', 'warning'): 22}
unconnected 1
  U Zone 'GND fill' [GND] on F.Cu, B.Cu and 3 more, priorit @(104.00,116.00) || Zone 'GND fill' [GND] on F.Cu, B.Cu and 3 more, priorit @(104.00,116.00)
routes: work/g_33_5.json
final: work/sig_33_5.kicad_pcb
PIPELINE_DONE
