exported 74 nets, 765 barrels, 355 pads
tracks 1747, vias 154, failures 4, 446 s
added 1747 tracks, 154 vias -> work/sig_30_1.kicad_pcb
{('silk_edge_clearance', 'warning'): 1, ('lib_footprint_issues', 'warning'): 23, ('silk_overlap', 'warning'): 20, ('silk_over_copper', 'warning'): 22}
unconnected 9
exported 74 nets, 919 barrels, 355 pads
tracks 1783, vias 164, failures 2, 313 s
added 1783 tracks, 164 vias -> work/sig_30_2.kicad_pcb
{('silk_edge_clearance', 'warning'): 1, ('lib_footprint_issues', 'warning'): 23, ('silk_overlap', 'warning'): 20, ('silk_over_copper', 'warning'): 22}
unconnected 3
exported 74 nets, 929 barrels, 355 pads
tracks 1949, vias 179, failures 0, 88 s
added 1949 tracks, 179 vias -> work/sig_30_3.kicad_pcb
{('silk_edge_clearance', 'warning'): 1, ('lib_footprint_issues', 'warning'): 23, ('silk_overlap', 'warning'): 20, ('silk_over_copper', 'warning'): 22}
unconnected 0
{('silk_edge_clearance', 'warning'): 1, ('lib_footprint_issues', 'warning'): 23, ('silk_overlap', 'warning'): 20, ('silk_over_copper', 'warning'): 22}
unconnected 0
routes: work/g_30_2.json
final: work/sig_30_3.kicad_pcb
PIPELINE_DONE
