exported 74 nets, 765 barrels, 355 pads
tracks 1738, vias 159, failures 4, 432 s
added 1738 tracks, 159 vias -> work/sig_34_1.kicad_pcb
{('silk_edge_clearance', 'warning'): 1, ('lib_footprint_issues', 'warning'): 23, ('silk_overlap', 'warning'): 20, ('silk_over_copper', 'warning'): 22}
unconnected 6
exported 74 nets, 924 barrels, 355 pads
tracks 1763, vias 166, failures 2, 323 s
added 1763 tracks, 166 vias -> work/sig_34_2.kicad_pcb
{('track_width', 'error'): 1, ('silk_edge_clearance', 'warning'): 1, ('lib_footprint_issues', 'warning'): 23, ('silk_overlap', 'warning'): 20, ('silk_over_copper', 'warning'): 22}
unconnected 3
exported 74 nets, 931 barrels, 355 pads
tracks 1928, vias 179, failures 0, 89 s
added 1928 tracks, 179 vias -> work/sig_34_3.kicad_pcb
{('silk_edge_clearance', 'warning'): 1, ('lib_footprint_issues', 'warning'): 23, ('silk_overlap', 'warning'): 20, ('silk_over_copper', 'warning'): 22}
unconnected 0
{('silk_edge_clearance', 'warning'): 1, ('lib_footprint_issues', 'warning'): 23, ('silk_overlap', 'warning'): 20, ('silk_over_copper', 'warning'): 22}
unconnected 0
routes: work/g_34_2.json
final: work/sig_34_3.kicad_pcb
PIPELINE_DONE
