exported 74 nets, 765 barrels, 355 pads
tracks 1655, vias 155, failures 1, 649 s
added 1655 tracks, 155 vias -> work/sig_28_1.kicad_pcb
{('silk_edge_clearance', 'warning'): 1, ('lib_footprint_issues', 'warning'): 23, ('silk_overlap', 'warning'): 20, ('silk_over_copper', 'warning'): 22}
unconnected 9
exported 74 nets, 920 barrels, 355 pads
tracks 1697, vias 164, failures 4, 463 s
added 1697 tracks, 164 vias -> work/sig_28_2.kicad_pcb
{('silk_edge_clearance', 'warning'): 1, ('lib_footprint_issues', 'warning'): 23, ('silk_overlap', 'warning'): 20, ('silk_over_copper', 'warning'): 22}
unconnected 4
exported 74 nets, 929 barrels, 355 pads
tracks 1697, vias 168, failures 0, 34 s
added 1697 tracks, 168 vias -> work/sig_28_3.kicad_pcb
{('silk_edge_clearance', 'warning'): 1, ('lib_footprint_issues', 'warning'): 23, ('silk_overlap', 'warning'): 20, ('silk_over_copper', 'warning'): 22}
unconnected 0
{('silk_edge_clearance', 'warning'): 1, ('lib_footprint_issues', 'warning'): 23, ('silk_overlap', 'warning'): 20, ('silk_over_copper', 'warning'): 22}
unconnected 0
routes: work/g_28_2.json
final: work/sig_28_3.kicad_pcb
PIPELINE_DONE
