exported 74 nets, 765 barrels, 355 pads
tracks 1783, vias 159, failures 4, 432 s
added 1783 tracks, 159 vias -> work/sig_36_1.kicad_pcb
{('silk_edge_clearance', 'warning'): 1, ('lib_footprint_issues', 'warning'): 23, ('silk_overlap', 'warning'): 20, ('silk_over_copper', 'warning'): 22}
unconnected 5
exported 74 nets, 924 barrels, 355 pads
tracks 1785, vias 166, failures 2, 135 s
added 1785 tracks, 166 vias -> work/sig_36_2.kicad_pcb
{('silk_edge_clearance', 'warning'): 1, ('lib_footprint_issues', 'warning'): 23, ('silk_overlap', 'warning'): 20, ('silk_over_copper', 'warning'): 22}
unconnected 2
exported 74 nets, 931 barrels, 355 pads
tracks 1922, vias 178, failures 0, 84 s
added 1922 tracks, 178 vias -> work/sig_36_3.kicad_pcb
{('silk_edge_clearance', 'warning'): 1, ('lib_footprint_issues', 'warning'): 23, ('silk_overlap', 'warning'): 20, ('silk_over_copper', 'warning'): 22}
unconnected 0
{('silk_edge_clearance', 'warning'): 1, ('lib_footprint_issues', 'warning'): 23, ('silk_overlap', 'warning'): 20, ('silk_over_copper', 'warning'): 22}
unconnected 0
routes: work/g_36_2.json
final: work/sig_36_3.kicad_pcb
PIPELINE_DONE
