board rasterised in 2.8 s
ok   SNS_CH1            6.8 mm, 0 via(s), w 0.20, gap 5.4
     SNS_CH1          done in 0.3 s
     SNS_CH1          done in 0.3 s
ok   SNS_CH2            7.5 mm, 0 via(s), w 0.20, gap 7.1
     SNS_CH2          done in 0.2 s
     SNS_CH2          done in 0.2 s
ok   SNS_CH3           14.9 mm, 0 via(s), w 0.20, gap 10.9
     SNS_CH3          done in 0.3 s
     SNS_CH3          done in 0.3 s
ok   ISNS_P             9.4 mm, 0 via(s), w 0.20, gap 7.7
     ISNS_P           done in 0.3 s
     ISNS_P           done in 0.3 s
ok   ISNS_N            27.5 mm, 0 via(s), w 0.20, gap 7.4
     ISNS_N           done in 0.3 s
ok   m2_source          6.7 mm, 0 via(s), w 1.00, gap 6.0
ok   m2_source         10.2 mm, 1 via(s) 0.8/0.4, w 1.00, gap 6.9
     m2_source        done in 3.5 s
ok   m3_source          7.7 mm, 0 via(s), w 1.00, gap 5.7
ok   m3_source         26.8 mm, 4 via(s) 0.8/0.4, w 1.00, gap 9.4
     m3_source        done in 2.8 s
ok   m4_source          5.1 mm, 0 via(s), w 1.00, gap 4.4
ok   m4_source         36.5 mm, 2 via(s) 0.8/0.4, w 1.00, gap 5.6
     m4_source        done in 3.1 s
fan  GND              C89.1: nearest via needs 3.4 mm, not fanned out
fan  GND              C90.2: 0.8 mm stub, via 0.8/0.4
     FANOUT:GND       36 vias, 13 pads skipped, 3.0 s
     FANOUT:GND       36 vias, 13 pads skipped, 3.0 s
ok   Net-(U19-OUTA)     1.5 mm, 0 via(s), w 0.20, gap 1.1
     Net-(U19-OUTA)   done in 0.2 s
ok   GATE_M1            1.3 mm, 0 via(s), w 0.40, gap 1.0
ok   GATE_M1            1.2 mm, 0 via(s), w 0.40, gap 1.0
     GATE_M1          done in 0.5 s
     GATE_M1          done in 0.5 s
ok   Net-(U19-OUTB)     1.4 mm, 0 via(s), w 0.20, gap 1.0
     Net-(U19-OUTB)   done in 0.2 s
FAIL Net-(D2--): island 0 (149 cells; U15.10) to island 1 (R60.1), gap 6.8 mm
ok   Net-(D2--)        16.9 mm, 2 via(s) 0.6/0.3, w 0.20, gap 8.5
     Net-(D2--)       done in 7.7 s (2 failed)
FAIL GATE_M7: island 0 (592 cells; M7.1 D2.2) to island 1 (R76.2), gap 2.9 mm
FAIL GATE_M7: island 1 (93 cells; R76.2) to island 2 (R60.2), gap 3.9 mm
     GATE_M7          done in 13.4 s (3 failed)
ok   Net-(D11--)        5.8 mm, 1 via(s) 0.6/0.3, w 0.20, gap 4.6
FAIL Net-(D11--): island 0 (329 cells; R13.2 D11.1) to island 1 (U15.15), gap 13.5 mm
     Net-(D11--)      done in 4.6 s (1 failed)
ok   GATE_M2            5.2 mm, 1 via(s) 0.6/0.3, w 0.40, gap 3.2
ok   GATE_M2            4.8 mm, 0 via(s), w 0.40, gap 3.4
     GATE_M2          done in 1.2 s
ok   Net-(D8--)         4.3 mm, 0 via(s), w 0.20, gap 3.7
ok   Net-(D8--)        11.7 mm, 0 via(s), w 0.20, gap 8.1
     Net-(D8--)       done in 0.6 s
ok   GATE_M6            3.9 mm, 1 via(s) 0.6/0.3, w 0.40, gap 1.0
ok   GATE_M6            2.3 mm, 1 via(s) 0.6/0.3, w 0.40, gap 1.2
     GATE_M6          done in 0.9 s
ok   Net-(D14--)        2.0 mm, 0 via(s), w 0.20, gap 1.6
ok   Net-(D14--)       28.6 mm, 2 via(s) 0.6/0.3, w 0.20, gap 15.3
     Net-(D14--)      done in 0.7 s
ok   GATE_M3            1.2 mm, 0 via(s), w 0.40, gap 1.0
FAIL GATE_M3: island 0 (576 cells; M3.1 D14.2) to island 1 (R61.2 R23.2), gap 3.1 mm
     GATE_M3          done in 5.2 s (1 failed)
ok   Net-(D22--)        2.6 mm, 0 via(s), w 0.20, gap 2.3
ok   Net-(D22--)       10.9 mm, 1 via(s) 0.6/0.3, w 0.20, gap 6.6
     Net-(D22--)      done in 0.6 s
ok   GATE_M5            1.3 mm, 0 via(s), w 0.40, gap 1.0
ok   GATE_M5            1.3 mm, 0 via(s), w 0.40, gap 1.1
     GATE_M5          done in 0.8 s
ok   Net-(D13--)        4.9 mm, 0 via(s), w 0.20, gap 4.2
ok   Net-(D13--)       31.5 mm, 3 via(s) 0.6/0.3, w 0.20, gap 13.2
     Net-(D13--)      done in 0.6 s
ok   GATE_M4            1.1 mm, 0 via(s), w 0.40, gap 0.9
ok   GATE_M4           32.2 mm, 2 via(s) 0.6/0.3, w 0.40, gap 7.8
     GATE_M4          done in 0.8 s
     GATE_M4          done in 0.8 s
ok   Net-(U11-OUT)      2.1 mm, 0 via(s), w 0.20, gap 1.6
     Net-(U11-OUT)    done in 0.2 s
     Net-(U11-OUT)    done in 0.2 s
ok   Net-(M10-G)        1.4 mm, 0 via(s), w 0.20, gap 1.0
     Net-(M10-G)      done in 0.3 s
     Net-(M10-G)      done in 0.3 s
ok   Net-(U12-OUT)     13.0 mm, 2 via(s) 0.6/0.3, w 0.20, gap 10.5
     Net-(U12-OUT)    done in 0.3 s
     Net-(U12-OUT)    done in 0.3 s
ok   Net-(M9-G)         1.1 mm, 0 via(s), w 0.20, gap 0.9
     Net-(M9-G)       done in 0.2 s
     Net-(M9-G)       done in 0.2 s
ok   Net-(U6-OUT)      20.2 mm, 3 via(s) 0.6/0.3, w 0.20, gap 16.2
     Net-(U6-OUT)     done in 0.5 s
     Net-(U6-OUT)     done in 0.5 s
ok   Net-(M8-G)         2.0 mm, 1 via(s) 0.6/0.3, w 0.20, gap 0.8
     Net-(M8-G)       done in 0.3 s
     Net-(M8-G)       done in 0.3 s
ok   Net-(D10--)       33.6 mm, 2 via(s) 0.6/0.3, w 0.20, gap 26.6
     Net-(D10--)      done in 0.8 s
     Net-(D10--)      done in 0.8 s
ok   Net-(D21--)       36.3 mm, 2 via(s) 0.6/0.3, w 0.20, gap 20.5
     Net-(D21--)      done in 0.5 s
     Net-(D21--)      done in 0.5 s
ok   Net-(D9--)        28.0 mm, 0 via(s), w 0.20, gap 24.8
     Net-(D9--)       done in 0.5 s
ok   Net-(U15-VDDA)    18.8 mm, 2 via(s) 0.6/0.3, w 0.20, gap 10.3
ok   Net-(U15-VDDA)    36.9 mm, 1 via(s) 0.6/0.3, w 0.20, gap 11.9
     Net-(U15-VDDA)   done in 8.5 s (2 failed)
ok   Net-(U10-VDDA)     9.2 mm, 2 via(s) 0.6/0.3, w 0.20, gap 5.6
ok   Net-(U10-VDDA)    18.1 mm, 1 via(s) 0.6/0.3, w 0.20, gap 12.6
     Net-(U10-VDDA)   done in 1.2 s
ok   Net-(U8-VDDA)      8.0 mm, 1 via(s) 0.6/0.3, w 0.20, gap 5.3
FAIL Net-(U8-VDDA): island 0 (1000 cells; R72.2 U8.11 U8.16 C61.1) to island 1 (C60.1), gap 5.6 mm
     Net-(U8-VDDA)    done in 5.2 s (1 failed)
ok   IREF1_input        4.0 mm, 2 via(s) 0.6/0.3, w 0.20, gap 2.9
ok   IREF1_input       18.5 mm, 0 via(s), w 0.20, gap 16.1
     IREF1_input      done in 0.9 s
ok   IREF2_input        1.2 mm, 0 via(s), w 0.20, gap 0.9
ok   IREF2_input       30.5 mm, 1 via(s) 0.6/0.3, w 0.20, gap 24.9
     IREF2_input      done in 1.1 s
ok   IREF3_input       10.5 mm, 0 via(s), w 0.20, gap 6.1
FAIL IREF3_input: island 0 (567 cells; C41.1 J10.30) to island 1 (U6.3), gap 3.7 mm
     IREF3_input      done in 14.1 s (3 failed)
     IREF3_input      done in 14.1 s (3 failed)
FAIL Current: island 0 (139 cells; U25.5) to island 1 (J10.23), gap 65.1 mm
     Current          done in 5.5 s (1 failed)
     Current          done in 5.5 s (1 failed)
ok   M1_ON             37.0 mm, 1 via(s) 0.6/0.3, w 0.20, gap 32.6
     M1_ON            done in 0.9 s
     M1_ON            done in 0.9 s
ok   M2_ON             19.9 mm, 1 via(s) 0.6/0.3, w 0.20, gap 17.9
     M2_ON            done in 0.6 s
     M2_ON            done in 0.6 s
ok   ena_out_1         25.6 mm, 1 via(s) 0.6/0.3, w 0.20, gap 22.5
     ena_out_1        done in 0.8 s
     ena_out_1        done in 0.8 s
ok   out_2_on          41.5 mm, 1 via(s) 0.6/0.3, w 0.20, gap 37.3
     out_2_on         done in 1.3 s
     out_2_on         done in 1.3 s
ok   ena_out_2         46.2 mm, 1 via(s) 0.6/0.3, w 0.20, gap 40.1
     ena_out_2        done in 1.4 s
     ena_out_2        done in 1.4 s
ok   out_3_on          29.7 mm, 0 via(s), w 0.20, gap 26.0
     out_3_on         done in 1.2 s
     out_3_on         done in 1.2 s
ok   ena_out_3         29.7 mm, 1 via(s) 0.6/0.3, w 0.20, gap 21.6
     ena_out_3        done in 0.9 s
FAIL analog_5V: island 0 (100 cells; C20.1) to island 10 (C55.1), gap 81.4 mm
FAIL analog_5V: island 0 (100 cells; C20.1) to island 9 (C56.1), gap 82.7 mm
     analog_5V        done in 68.1 s (12 failed)
ok   12V               63.8 mm, 5 via(s) 0.6/0.3, w 0.50, gap 15.6
ok   12V               20.1 mm, 1 via(s) 0.6/0.3, w 0.50, gap 17.3
     12V              done in 31.8 s (5 failed)
FAIL 5V: island 0 (487677 cells; C7.1 J10.10 U17.1 C39.1 +14) to island 2 (U8.3), gap 0.0 mm
FAIL 5V: island 1 (96 cells; C90.1) to island 2 (U8.3), gap 49.8 mm
     5V               done in 110.6 s (3 failed)
     5V               done in 110.6 s (3 failed)
ok   LX                 2.9 mm, 2 via(s) 0.8/0.4, w 1.00, gap 2.0
     LX               done in 2.9 s
ok   Vin               34.1 mm, 2 via(s) 0.8/0.4, w 1.00, gap 18.6
ok   Vin               34.4 mm, 3 via(s) 0.8/0.4, w 1.00, gap 25.0
     Vin              done in 30.3 s (2 failed)
     Vin              done in 30.3 s (2 failed)
ok   Vout_1             2.0 mm, 0 via(s), w 1.00, gap 1.3
     Vout_1           done in 2.7 s
     Vout_1           done in 2.7 s
ok   Vout_2            50.3 mm, 4 via(s) 0.8/0.4, w 1.00, gap 13.1
     Vout_2           done in 3.0 s
     Vout_2           done in 3.0 s
ok   Vout_3             5.9 mm, 0 via(s), w 1.00, gap 4.7
     Vout_3           done in 1.6 s
     Vout_3           done in 1.6 s
ok   Output1_drain     16.7 mm, 0 via(s), w 1.00, gap 14.8
     Output1_drain    done in 0.9 s
     Output1_drain    done in 0.9 s
ok   Output2_drain     23.5 mm, 1 via(s) 0.8/0.4, w 1.00, gap 22.9
     Output2_drain    done in 1.3 s
     Output2_drain    done in 1.3 s
ok   Output3_drain      8.2 mm, 0 via(s), w 1.00, gap 7.6
     Output3_drain    done in 0.5 s
ok   Output3_drain      8.2 mm, 0 via(s), w 1.00, gap 7.6
     Output3_drain    done in 0.5 s
     GND              done in 0.0 s
tracks 1319, vias 131, failures 36, 355 s
