board rasterised in 2.1 s
ok   SNS_CH1            6.5 mm, 0 via(s), w 0.20, gap 5.4
     SNS_CH1          done in 0.2 s
     SNS_CH1          done in 0.2 s
ok   SNS_CH2            7.2 mm, 0 via(s), w 0.20, gap 7.1
     SNS_CH2          done in 0.2 s
     SNS_CH2          done in 0.2 s
ok   SNS_CH3           14.5 mm, 0 via(s), w 0.20, gap 10.9
     SNS_CH3          done in 0.2 s
     SNS_CH3          done in 0.2 s
ok   ISNS_P             9.1 mm, 0 via(s), w 0.20, gap 7.7
     ISNS_P           done in 0.2 s
     ISNS_P           done in 0.2 s
ok   ISNS_N             8.0 mm, 2 via(s), w 0.20, gap 7.4
     ISNS_N           done in 0.2 s
     ISNS_N           done in 0.2 s
ok   Net-(U19-OUTA)     1.2 mm, 0 via(s), w 0.20, gap 1.1
     Net-(U19-OUTA)   done in 0.1 s
ok   GATE_M1            1.0 mm, 0 via(s), w 0.40, gap 1.0
ok   GATE_M1            1.0 mm, 0 via(s), w 0.40, gap 0.9
     GATE_M1          done in 0.3 s
     GATE_M1          done in 0.3 s
ok   Net-(U19-OUTB)     1.1 mm, 0 via(s), w 0.20, gap 1.0
     Net-(U19-OUTB)   done in 0.1 s
ok   Net-(D2--)         3.4 mm, 2 via(s), w 0.20, gap 1.2
ok   Net-(D2--)        16.6 mm, 0 via(s), w 0.20, gap 6.8
     Net-(D2--)       done in 0.3 s
ok   GATE_M7           13.1 mm, 1 via(s), w 0.40, gap 1.2
ok   GATE_M7            6.8 mm, 1 via(s), w 0.40, gap 2.9
     GATE_M7          done in 0.5 s
ok   Net-(D11--)        5.5 mm, 1 via(s), w 0.20, gap 4.6
ok   Net-(D11--)       25.7 mm, 2 via(s), w 0.20, gap 13.5
     Net-(D11--)      done in 0.5 s
ok   GATE_M2            7.1 mm, 0 via(s), w 0.40, gap 3.2
ok   GATE_M2            4.5 mm, 0 via(s), w 0.40, gap 3.4
     GATE_M2          done in 0.6 s
ok   Net-(D8--)         4.0 mm, 0 via(s), w 0.20, gap 3.7
ok   Net-(D8--)         8.8 mm, 0 via(s), w 0.20, gap 8.1
     Net-(D8--)       done in 0.4 s
ok   GATE_M6            1.8 mm, 1 via(s), w 0.40, gap 1.0
ok   GATE_M6            1.5 mm, 0 via(s), w 0.40, gap 1.2
     GATE_M6          done in 0.5 s
ok   Net-(D14--)        1.7 mm, 0 via(s), w 0.20, gap 1.6
ok   Net-(D14--)       21.3 mm, 2 via(s), w 0.20, gap 15.3
     Net-(D14--)      done in 0.4 s
ok   GATE_M3            1.0 mm, 0 via(s), w 0.40, gap 1.0
ok   GATE_M3            5.0 mm, 1 via(s), w 0.40, gap 3.1
     GATE_M3          done in 0.4 s
ok   Net-(D22--)        2.3 mm, 0 via(s), w 0.20, gap 2.3
ok   Net-(D22--)       10.6 mm, 1 via(s), w 0.20, gap 6.6
     Net-(D22--)      done in 0.4 s
ok   GATE_M5            1.1 mm, 0 via(s), w 0.40, gap 1.0
ok   GATE_M5            1.1 mm, 0 via(s), w 0.40, gap 1.1
     GATE_M5          done in 0.5 s
ok   Net-(D13--)        4.4 mm, 0 via(s), w 0.20, gap 4.2
ok   Net-(D13--)       18.7 mm, 2 via(s), w 0.20, gap 13.2
     Net-(D13--)      done in 0.4 s
ok   GATE_M4            0.9 mm, 0 via(s), w 0.40, gap 0.9
ok   GATE_M4           28.7 mm, 1 via(s), w 0.40, gap 7.8
     GATE_M4          done in 0.4 s
     GATE_M4          done in 0.4 s
ok   Net-(U11-OUT)      1.9 mm, 0 via(s), w 0.20, gap 1.6
     Net-(U11-OUT)    done in 0.1 s
     Net-(U11-OUT)    done in 0.1 s
ok   Net-(M10-G)        1.1 mm, 0 via(s), w 0.20, gap 1.0
     Net-(M10-G)      done in 0.2 s
     Net-(M10-G)      done in 0.2 s
ok   Net-(U12-OUT)     12.4 mm, 0 via(s), w 0.20, gap 10.5
     Net-(U12-OUT)    done in 0.2 s
     Net-(U12-OUT)    done in 0.2 s
ok   Net-(M9-G)         0.9 mm, 0 via(s), w 0.20, gap 0.9
     Net-(M9-G)       done in 0.1 s
     Net-(M9-G)       done in 0.1 s
ok   Net-(U6-OUT)      19.9 mm, 3 via(s), w 0.20, gap 16.2
     Net-(U6-OUT)     done in 0.3 s
     Net-(U6-OUT)     done in 0.3 s
ok   Net-(M8-G)         0.9 mm, 1 via(s), w 0.20, gap 0.8
     Net-(M8-G)       done in 0.2 s
ok   Net-(U15-VDDA)     5.7 mm, 2 via(s), w 0.20, gap 5.7
ok   Net-(U15-VDDA)    22.3 mm, 2 via(s), w 0.20, gap 11.9
     Net-(U15-VDDA)   done in 0.9 s
ok   Net-(U10-VDDA)     6.1 mm, 0 via(s), w 0.20, gap 5.6
ok   Net-(U10-VDDA)    21.9 mm, 0 via(s), w 0.20, gap 12.6
     Net-(U10-VDDA)   done in 0.9 s
ok   Net-(U8-VDDA)      5.4 mm, 2 via(s), w 0.20, gap 4.1
ok   Net-(U8-VDDA)     10.8 mm, 0 via(s), w 0.20, gap 5.6
     Net-(U8-VDDA)    done in 0.9 s
     Net-(U8-VDDA)    done in 0.9 s
ok   Net-(D10--)       35.0 mm, 2 via(s), w 0.20, gap 26.6
     Net-(D10--)      done in 0.5 s
     Net-(D10--)      done in 0.5 s
FAIL Net-(D21--): island 0 (121 cells) to island 1, gap 20.5 mm
     Net-(D21--)      done in 3.2 s (1 failed)
     Net-(D21--)      done in 3.2 s (1 failed)
ok   Net-(D9--)        27.7 mm, 0 via(s), w 0.20, gap 24.8
     Net-(D9--)       done in 0.3 s
ok   m2_source          6.5 mm, 1 via(s), w 1.00, gap 6.0
ok   m2_source         10.1 mm, 1 via(s), w 1.00, gap 6.9
     m2_source        done in 10.4 s (3 failed)
ok   m3_source          5.5 mm, 1 via(s), w 1.00, gap 5.4
ok   m3_source         28.7 mm, 2 via(s), w 1.00, gap 9.4
     m3_source        done in 1.7 s
FAIL m4_source: island 0 (5772 cells) to island 1, gap 5.6 mm
FAIL m4_source: island 1 (91 cells) to island 2, gap 18.1 mm
     m4_source        done in 9.4 s (3 failed)
ok   IREF1_input        7.3 mm, 0 via(s), w 0.20, gap 2.9
ok   IREF1_input       19.0 mm, 1 via(s), w 0.20, gap 16.8
     IREF1_input      done in 0.5 s
ok   IREF2_input        1.0 mm, 0 via(s), w 0.20, gap 0.9
ok   IREF2_input       29.7 mm, 1 via(s), w 0.20, gap 24.9
     IREF2_input      done in 0.5 s
ok   IREF3_input        4.0 mm, 1 via(s), w 0.20, gap 3.7
ok   IREF3_input       10.3 mm, 0 via(s), w 0.20, gap 5.0
     IREF3_input      done in 0.3 s
     IREF3_input      done in 0.3 s
ok   Current           83.3 mm, 2 via(s), w 0.20, gap 65.1
     Current          done in 0.9 s
     Current          done in 0.9 s
ok   M1_ON             36.6 mm, 1 via(s), w 0.20, gap 32.6
     M1_ON            done in 0.4 s
     M1_ON            done in 0.4 s
ok   M2_ON             19.6 mm, 1 via(s), w 0.20, gap 17.9
     M2_ON            done in 0.3 s
     M2_ON            done in 0.3 s
ok   ena_out_1         25.4 mm, 2 via(s), w 0.20, gap 22.5
     ena_out_1        done in 0.4 s
     ena_out_1        done in 0.4 s
ok   out_2_on          41.5 mm, 2 via(s), w 0.20, gap 37.3
     out_2_on         done in 0.8 s
     out_2_on         done in 0.8 s
ok   ena_out_2         48.5 mm, 2 via(s), w 0.20, gap 40.1
     ena_out_2        done in 0.9 s
     ena_out_2        done in 0.9 s
ok   out_3_on          28.7 mm, 0 via(s), w 0.20, gap 26.0
     out_3_on         done in 0.6 s
     out_3_on         done in 0.6 s
ok   ena_out_3         22.5 mm, 1 via(s), w 0.20, gap 21.6
     ena_out_3        done in 0.4 s
ok   analog_5V         20.7 mm, 1 via(s), w 0.50, gap 17.3
ok   analog_5V         83.8 mm, 6 via(s), w 0.50, gap 61.0
     analog_5V        done in 5.2 s
ok   12V               54.7 mm, 4 via(s), w 0.50, gap 16.3
ok   12V               19.9 mm, 1 via(s), w 0.50, gap 17.3
     12V              done in 4.8 s
ok   5V                 3.4 mm, 0 via(s), w 0.50, gap 0.0
ok   5V                 4.9 mm, 0 via(s), w 0.50, gap 0.0
     5V               done in 63.2 s
     5V               done in 63.2 s
ok   LX                 2.3 mm, 1 via(s), w 1.00, gap 2.0
     LX               done in 1.7 s
ok   Vin               39.3 mm, 2 via(s), w 1.00, gap 18.6
ok   Vin               30.1 mm, 2 via(s), w 1.00, gap 25.0
     Vin              done in 11.4 s
     Vin              done in 11.4 s
ok   Vout_1             1.6 mm, 1 via(s), w 1.00, gap 1.3
     Vout_1           done in 1.6 s
     Vout_1           done in 1.6 s
ok   Vout_2            50.0 mm, 5 via(s), w 1.00, gap 13.1
     Vout_2           done in 1.6 s
     Vout_2           done in 1.6 s
ok   Vout_3             5.8 mm, 0 via(s), w 1.00, gap 4.7
     Vout_3           done in 1.0 s
     Vout_3           done in 1.0 s
ok   Output1_drain     17.0 mm, 0 via(s), w 1.00, gap 14.8
     Output1_drain    done in 0.6 s
     Output1_drain    done in 0.6 s
ok   Output2_drain     23.9 mm, 2 via(s), w 1.00, gap 22.9
     Output2_drain    done in 0.7 s
     Output2_drain    done in 0.7 s
ok   Output3_drain      7.9 mm, 0 via(s), w 1.00, gap 7.6
     Output3_drain    done in 0.3 s
ok   Output3_drain      7.9 mm, 0 via(s), w 1.00, gap 7.6
     Output3_drain    done in 0.3 s
     GND              done in 0.0 s
tracks 1335, vias 118, failures 7, 136 s
