board rasterised in 3.7 s
ok   SNS_CH1            6.8 mm, 0 via(s), w 0.20, gap 5.4
     SNS_CH1          done in 0.2 s
     SNS_CH1          done in 0.2 s
ok   SNS_CH2            7.5 mm, 0 via(s), w 0.20, gap 7.1
     SNS_CH2          done in 0.2 s
     SNS_CH2          done in 0.2 s
ok   SNS_CH3           14.9 mm, 0 via(s), w 0.20, gap 10.9
     SNS_CH3          done in 0.2 s
     SNS_CH3          done in 0.2 s
ok   ISNS_P             9.4 mm, 0 via(s), w 0.20, gap 7.7
     ISNS_P           done in 0.2 s
     ISNS_P           done in 0.2 s
ok   ISNS_N            10.0 mm, 2 via(s) 0.6/0.3, w 0.20, gap 7.4
     ISNS_N           done in 0.2 s
ok   m2_source          6.7 mm, 0 via(s), w 1.00, gap 6.0
ok   m2_source         10.2 mm, 1 via(s) 0.8/0.4, w 1.00, gap 6.9
     m2_source        done in 2.9 s
ok   m3_source          7.7 mm, 0 via(s), w 1.00, gap 5.7
ok   m3_source         25.7 mm, 4 via(s) 0.8/0.4, w 1.00, gap 9.4
     m3_source        done in 2.4 s
ok   m4_source          5.5 mm, 0 via(s), w 1.00, gap 4.4
ok   m4_source         36.7 mm, 2 via(s) 0.8/0.4, w 1.00, gap 5.6
     m4_source        done in 2.5 s
fan  GND              U15.4: 0.2 mm stub, via 0.8/0.4
fan  GND              U15.5: 0.2 mm stub, via 0.8/0.4
     FANOUT:GND       5 vias, 0 pads skipped, 0.3 s
     FANOUT:GND       5 vias, 0 pads skipped, 0.3 s
ok   Net-(U19-OUTA)     1.5 mm, 0 via(s), w 0.20, gap 1.1
     Net-(U19-OUTA)   done in 0.2 s
ok   GATE_M1            1.3 mm, 0 via(s), w 0.50, gap 1.0
ok   GATE_M1            1.2 mm, 0 via(s), w 0.50, gap 0.9
     GATE_M1          done in 0.4 s
     GATE_M1          done in 0.4 s
ok   Net-(U19-OUTB)     1.4 mm, 0 via(s), w 0.20, gap 1.0
     Net-(U19-OUTB)   done in 0.1 s
ok   Net-(D2--)         3.7 mm, 2 via(s) 0.6/0.3, w 0.20, gap 1.2
ok   Net-(D2--)         9.5 mm, 1 via(s) 0.6/0.3, w 0.20, gap 6.8
     Net-(D2--)       done in 0.4 s
ok   GATE_M7           14.0 mm, 1 via(s) 0.6/0.3, w 0.50, gap 1.2
ok   GATE_M7            8.6 mm, 1 via(s) 0.6/0.3, w 0.50, gap 2.9
     GATE_M7          done in 0.8 s
ok   Net-(D11--)        5.8 mm, 1 via(s) 0.6/0.3, w 0.20, gap 4.6
ok   Net-(D11--)       26.0 mm, 2 via(s) 0.6/0.3, w 0.20, gap 13.5
     Net-(D11--)      done in 0.6 s
ok   GATE_M2            7.7 mm, 0 via(s), w 0.50, gap 3.2
ok   GATE_M2            4.8 mm, 0 via(s), w 0.50, gap 3.4
     GATE_M2          done in 0.9 s
ok   Net-(D8--)         4.3 mm, 0 via(s), w 0.20, gap 3.7
ok   Net-(D8--)         9.5 mm, 0 via(s), w 0.20, gap 8.1
     Net-(D8--)       done in 0.4 s
ok   GATE_M6            3.2 mm, 1 via(s) 0.6/0.3, w 0.50, gap 1.0
ok   GATE_M6            2.8 mm, 0 via(s), w 0.50, gap 1.2
     GATE_M6          done in 0.6 s
ok   Net-(D14--)        2.0 mm, 0 via(s), w 0.20, gap 1.6
ok   Net-(D14--)       28.0 mm, 2 via(s) 0.6/0.3, w 0.20, gap 15.3
     Net-(D14--)      done in 0.4 s
ok   GATE_M3            1.2 mm, 0 via(s), w 0.50, gap 1.0
ok   GATE_M3            5.3 mm, 1 via(s) 0.6/0.3, w 0.50, gap 3.1
     GATE_M3          done in 0.5 s
ok   Net-(D22--)        2.6 mm, 0 via(s), w 0.20, gap 2.3
ok   Net-(D22--)       10.9 mm, 1 via(s) 0.6/0.3, w 0.20, gap 6.6
     Net-(D22--)      done in 0.5 s
ok   GATE_M5            1.3 mm, 0 via(s), w 0.50, gap 1.0
ok   GATE_M5            1.3 mm, 0 via(s), w 0.50, gap 1.1
     GATE_M5          done in 0.7 s
ok   Net-(D13--)        4.7 mm, 0 via(s), w 0.20, gap 4.2
ok   Net-(D13--)       39.5 mm, 2 via(s) 0.6/0.3, w 0.20, gap 13.2
     Net-(D13--)      done in 0.5 s
ok   GATE_M4            1.1 mm, 0 via(s), w 0.50, gap 0.9
ok   GATE_M4           32.0 mm, 2 via(s) 0.6/0.3, w 0.30, gap 7.8
     GATE_M4          done in 0.8 s
     GATE_M4          done in 0.8 s
ok   Net-(U11-OUT)      2.1 mm, 0 via(s), w 0.20, gap 1.6
     Net-(U11-OUT)    done in 0.2 s
     Net-(U11-OUT)    done in 0.2 s
ok   Net-(M10-G)        1.4 mm, 0 via(s), w 0.20, gap 1.0
     Net-(M10-G)      done in 0.2 s
     Net-(M10-G)      done in 0.2 s
ok   Net-(U12-OUT)     12.6 mm, 0 via(s), w 0.20, gap 10.5
     Net-(U12-OUT)    done in 0.3 s
     Net-(U12-OUT)    done in 0.3 s
ok   Net-(M9-G)         1.1 mm, 0 via(s), w 0.20, gap 0.9
     Net-(M9-G)       done in 0.2 s
     Net-(M9-G)       done in 0.2 s
ok   Net-(U6-OUT)      20.2 mm, 3 via(s) 0.6/0.3, w 0.20, gap 16.2
     Net-(U6-OUT)     done in 0.3 s
     Net-(U6-OUT)     done in 0.3 s
ok   Net-(M8-G)         1.1 mm, 1 via(s) 0.6/0.3, w 0.20, gap 0.8
     Net-(M8-G)       done in 0.2 s
     Net-(M8-G)       done in 0.2 s
ok   Net-(D10--)       31.9 mm, 2 via(s) 0.6/0.3, w 0.20, gap 26.6
     Net-(D10--)      done in 0.7 s
     Net-(D10--)      done in 0.7 s
ok   Net-(D21--)       36.3 mm, 2 via(s) 0.6/0.3, w 0.20, gap 20.5
     Net-(D21--)      done in 0.4 s
     Net-(D21--)      done in 0.4 s
ok   Net-(D9--)        28.0 mm, 0 via(s), w 0.20, gap 24.8
     Net-(D9--)       done in 0.4 s
ok   Net-(U15-VDDA)     6.0 mm, 2 via(s) 0.6/0.3, w 0.20, gap 5.7
ok   Net-(U15-VDDA)    33.8 mm, 1 via(s) 0.6/0.3, w 0.20, gap 11.9
     Net-(U15-VDDA)   done in 1.3 s
ok   Net-(U10-VDDA)     8.7 mm, 2 via(s) 0.6/0.3, w 0.20, gap 5.6
ok   Net-(U10-VDDA)    19.2 mm, 1 via(s) 0.6/0.3, w 0.20, gap 12.6
     Net-(U10-VDDA)   done in 1.1 s
ok   Net-(U8-VDDA)     11.9 mm, 2 via(s) 0.6/0.3, w 0.20, gap 5.6
ok   Net-(U8-VDDA)      9.6 mm, 1 via(s) 0.6/0.3, w 0.20, gap 5.7
     Net-(U8-VDDA)    done in 1.2 s
ok   IREF1_input        3.5 mm, 2 via(s) 0.6/0.3, w 0.20, gap 2.9
ok   IREF1_input       18.5 mm, 0 via(s), w 0.20, gap 16.7
     IREF1_input      done in 0.7 s
ok   IREF2_input        1.2 mm, 0 via(s), w 0.20, gap 0.9
ok   IREF2_input       28.4 mm, 1 via(s) 0.6/0.3, w 0.20, gap 24.9
     IREF2_input      done in 0.9 s
ok   IREF3_input        4.2 mm, 1 via(s) 0.6/0.3, w 0.20, gap 3.7
ok   IREF3_input       10.5 mm, 0 via(s), w 0.20, gap 5.0
     IREF3_input      done in 0.4 s
     IREF3_input      done in 0.4 s
ok   Current           92.1 mm, 2 via(s) 0.6/0.3, w 0.20, gap 65.1
     Current          done in 1.3 s
     Current          done in 1.3 s
ok   M1_ON             40.3 mm, 1 via(s) 0.6/0.3, w 0.20, gap 32.6
     M1_ON            done in 0.8 s
     M1_ON            done in 0.8 s
ok   M2_ON             20.0 mm, 2 via(s) 0.6/0.3, w 0.20, gap 17.9
     M2_ON            done in 0.5 s
     M2_ON            done in 0.5 s
ok   ena_out_1         25.4 mm, 2 via(s) 0.6/0.3, w 0.20, gap 22.5
     ena_out_1        done in 0.7 s
     ena_out_1        done in 0.7 s
ok   out_2_on          41.9 mm, 2 via(s) 0.6/0.3, w 0.20, gap 37.3
     out_2_on         done in 1.1 s
     out_2_on         done in 1.1 s
ok   ena_out_2         48.8 mm, 2 via(s) 0.6/0.3, w 0.20, gap 40.1
     ena_out_2        done in 1.2 s
     ena_out_2        done in 1.2 s
ok   out_3_on          29.7 mm, 0 via(s), w 0.20, gap 26.0
     out_3_on         done in 0.8 s
     out_3_on         done in 0.8 s
ok   ena_out_3         29.7 mm, 1 via(s) 0.6/0.3, w 0.20, gap 21.6
     ena_out_3        done in 0.7 s
ok   analog_5V         21.0 mm, 1 via(s) 0.6/0.3, w 0.80, gap 17.1
ok   analog_5V         90.3 mm, 3 via(s) 0.6/0.3, w 0.80, gap 60.8
     analog_5V        done in 6.3 s
ok   12V               55.8 mm, 7 via(s) 0.6/0.3, w 0.80, gap 16.3
ok   12V               20.5 mm, 1 via(s) 0.6/0.3, w 0.80, gap 17.1
     12V              done in 6.1 s
ok   5V                 3.6 mm, 0 via(s), w 0.80, gap 0.0
ok   5V                 0.0 mm, 1 via(s) 0.6/0.3, w 0.80, gap 0.0
     5V               done in 94.9 s
     5V               done in 94.9 s
ok   LX                 2.8 mm, 2 via(s) 0.8/0.4, w 1.00, gap 2.0
     LX               done in 2.4 s
ok   Vin               40.8 mm, 1 via(s) 0.8/0.4, w 1.00, gap 18.6
ok   Vin               30.4 mm, 3 via(s) 0.8/0.4, w 1.00, gap 25.0
     Vin              done in 27.7 s
     Vin              done in 27.7 s
ok   Vout_1             2.1 mm, 1 via(s) 0.8/0.4, w 1.00, gap 1.3
     Vout_1           done in 2.2 s
     Vout_1           done in 2.2 s
ok   Vout_2            62.3 mm, 4 via(s) 0.8/0.4, w 1.00, gap 13.1
     Vout_2           done in 2.4 s
     Vout_2           done in 2.4 s
ok   Vout_3             6.3 mm, 0 via(s), w 1.00, gap 4.7
     Vout_3           done in 1.3 s
     Vout_3           done in 1.3 s
ok   Output1_drain     16.9 mm, 1 via(s) 0.8/0.4, w 1.00, gap 14.8
     Output1_drain    done in 0.8 s
     Output1_drain    done in 0.8 s
ok   Output2_drain     23.8 mm, 2 via(s) 0.8/0.4, w 1.00, gap 22.9
     Output2_drain    done in 1.0 s
     Output2_drain    done in 1.0 s
ok   Output3_drain      8.2 mm, 0 via(s), w 1.00, gap 7.6
     Output3_drain    done in 0.4 s
ok   Output3_drain      8.2 mm, 0 via(s), w 1.00, gap 7.6
     Output3_drain    done in 0.4 s
     GND              done in 0.0 s
tracks 1457, vias 135, failures 0, 182 s
