board rasterised in 5.3 s
ok   SNS_CH1            7.0 mm, 0 via(s), w 0.20, gap 5.4
     SNS_CH1          done in 0.2 s
     SNS_CH1          done in 0.2 s
ok   SNS_CH2            7.7 mm, 0 via(s), w 0.20, gap 7.1
     SNS_CH2          done in 0.2 s
     SNS_CH2          done in 0.2 s
ok   SNS_CH3           12.3 mm, 2 via(s) 0.6/0.3, w 0.20, gap 10.9
     SNS_CH3          done in 0.3 s
     SNS_CH3          done in 0.3 s
ok   ISNS_P             9.4 mm, 0 via(s), w 0.20, gap 7.7
     ISNS_P           done in 0.3 s
     ISNS_P           done in 0.3 s
ok   ISNS_N             8.5 mm, 2 via(s) 0.6/0.3, w 0.20, gap 7.4
     ISNS_N           done in 0.2 s
ok   m2_source          7.0 mm, 0 via(s), w 1.00, gap 6.0
ok   m2_source         13.0 mm, 2 via(s) 0.8/0.4, w 1.00, gap 6.9
     m2_source        done in 3.5 s
ok   m3_source          7.7 mm, 0 via(s), w 1.00, gap 5.7
ok   m3_source         28.1 mm, 3 via(s) 0.8/0.4, w 1.00, gap 9.4
     m3_source        done in 2.9 s
ok   m4_source          7.3 mm, 0 via(s), w 1.00, gap 4.9
ok   m4_source         36.9 mm, 2 via(s) 0.8/0.4, w 1.00, gap 5.6
     m4_source        done in 3.1 s
fan  GND              U15.4: 0.2 mm stub, via 0.8/0.4
fan  GND              U15.5: 0.2 mm stub, via 0.8/0.4
     FANOUT:GND       5 vias, 0 pads skipped, 0.3 s
     FANOUT:GND       5 vias, 0 pads skipped, 0.3 s
ok   Net-(U19-OUTA)     1.5 mm, 0 via(s), w 0.20, gap 1.1
     Net-(U19-OUTA)   done in 0.2 s
ok   GATE_M1            1.3 mm, 0 via(s), w 0.50, gap 1.0
ok   GATE_M1            1.2 mm, 0 via(s), w 0.50, gap 0.9
     GATE_M1          done in 0.6 s
     GATE_M1          done in 0.6 s
ok   Net-(U19-OUTB)     1.4 mm, 0 via(s), w 0.20, gap 1.0
     Net-(U19-OUTB)   done in 0.1 s
ok   Net-(D2--)         3.7 mm, 2 via(s) 0.6/0.3, w 0.20, gap 1.2
ok   Net-(D2--)        10.1 mm, 1 via(s) 0.6/0.3, w 0.20, gap 6.8
     Net-(D2--)       done in 0.6 s
ok   GATE_M7           14.5 mm, 2 via(s) 0.6/0.3, w 0.50, gap 1.2
ok   GATE_M7            8.5 mm, 2 via(s) 0.6/0.3, w 0.50, gap 2.9
     GATE_M7          done in 1.1 s
ok   Net-(D11--)        6.3 mm, 1 via(s) 0.6/0.3, w 0.20, gap 4.6
ok   Net-(D11--)       27.8 mm, 2 via(s) 0.6/0.3, w 0.20, gap 13.5
     Net-(D11--)      done in 0.8 s
ok   GATE_M2            3.6 mm, 1 via(s) 0.6/0.3, w 0.50, gap 3.2
ok   GATE_M2            5.2 mm, 0 via(s), w 0.50, gap 3.4
     GATE_M2          done in 1.0 s
ok   Net-(D8--)         4.3 mm, 0 via(s), w 0.20, gap 3.7
ok   Net-(D8--)        10.4 mm, 0 via(s), w 0.20, gap 8.1
     Net-(D8--)       done in 0.5 s
ok   GATE_M6            4.1 mm, 1 via(s) 0.6/0.3, w 0.50, gap 1.0
ok   GATE_M6            1.5 mm, 1 via(s) 0.6/0.3, w 0.50, gap 1.2
     GATE_M6          done in 0.8 s
ok   Net-(D14--)        2.0 mm, 0 via(s), w 0.20, gap 1.6
ok   Net-(D14--)       22.6 mm, 2 via(s) 0.6/0.3, w 0.20, gap 15.3
     Net-(D14--)      done in 0.6 s
ok   GATE_M3            1.2 mm, 0 via(s), w 0.50, gap 1.0
ok   GATE_M3            6.8 mm, 1 via(s) 0.6/0.3, w 0.50, gap 3.1
     GATE_M3          done in 0.6 s
ok   Net-(D22--)        2.6 mm, 0 via(s), w 0.20, gap 2.3
ok   Net-(D22--)       11.4 mm, 1 via(s) 0.6/0.3, w 0.20, gap 6.6
     Net-(D22--)      done in 0.7 s
ok   GATE_M5            1.3 mm, 0 via(s), w 0.50, gap 1.0
ok   GATE_M5            1.3 mm, 0 via(s), w 0.50, gap 1.1
     GATE_M5          done in 0.8 s
ok   Net-(D13--)        4.7 mm, 0 via(s), w 0.20, gap 4.2
ok   Net-(D13--)       30.4 mm, 4 via(s) 0.6/0.3, w 0.20, gap 13.2
     Net-(D13--)      done in 0.6 s
ok   GATE_M4            1.1 mm, 0 via(s), w 0.50, gap 0.9
ok   GATE_M4           30.2 mm, 2 via(s) 0.6/0.3, w 0.30, gap 7.8
     GATE_M4          done in 0.9 s
     GATE_M4          done in 0.9 s
ok   Net-(U11-OUT)      2.1 mm, 0 via(s), w 0.20, gap 1.6
     Net-(U11-OUT)    done in 0.2 s
     Net-(U11-OUT)    done in 0.2 s
ok   Net-(M10-G)        1.4 mm, 0 via(s), w 0.20, gap 1.0
     Net-(M10-G)      done in 0.3 s
     Net-(M10-G)      done in 0.3 s
ok   Net-(U12-OUT)     12.6 mm, 0 via(s), w 0.20, gap 10.5
     Net-(U12-OUT)    done in 0.3 s
     Net-(U12-OUT)    done in 0.3 s
ok   Net-(M9-G)         1.1 mm, 0 via(s), w 0.20, gap 0.9
     Net-(M9-G)       done in 0.2 s
     Net-(M9-G)       done in 0.2 s
ok   Net-(U6-OUT)      17.6 mm, 2 via(s) 0.6/0.3, w 0.20, gap 16.2
     Net-(U6-OUT)     done in 0.4 s
     Net-(U6-OUT)     done in 0.4 s
ok   Net-(M8-G)         1.1 mm, 1 via(s) 0.6/0.3, w 0.20, gap 0.8
     Net-(M8-G)       done in 0.3 s
     Net-(M8-G)       done in 0.3 s
ok   Net-(D10--)       60.2 mm, 4 via(s) 0.6/0.3, w 0.20, gap 26.6
     Net-(D10--)      done in 0.8 s
     Net-(D10--)      done in 0.8 s
ok   Net-(D21--)       26.2 mm, 2 via(s) 0.6/0.3, w 0.20, gap 20.5
     Net-(D21--)      done in 0.5 s
     Net-(D21--)      done in 0.5 s
ok   Net-(D9--)        28.6 mm, 3 via(s) 0.6/0.3, w 0.20, gap 24.8
     Net-(D9--)       done in 0.5 s
ok   Net-(U15-VDDA)     6.0 mm, 2 via(s) 0.6/0.3, w 0.20, gap 5.7
ok   Net-(U15-VDDA)    44.5 mm, 4 via(s) 0.6/0.3, w 0.20, gap 11.9
     Net-(U15-VDDA)   done in 1.6 s
ok   Net-(U10-VDDA)     8.7 mm, 2 via(s) 0.6/0.3, w 0.20, gap 5.6
ok   Net-(U10-VDDA)    19.4 mm, 1 via(s) 0.6/0.3, w 0.20, gap 12.6
     Net-(U10-VDDA)   done in 1.3 s
ok   Net-(U8-VDDA)      5.9 mm, 2 via(s) 0.6/0.3, w 0.20, gap 4.1
ok   Net-(U8-VDDA)     11.3 mm, 2 via(s) 0.6/0.3, w 0.20, gap 5.6
     Net-(U8-VDDA)    done in 1.6 s
ok   IREF1_input        5.2 mm, 0 via(s), w 0.20, gap 2.9
ok   IREF1_input       19.9 mm, 2 via(s) 0.6/0.3, w 0.20, gap 15.8
     IREF1_input      done in 0.8 s
ok   IREF2_input        1.2 mm, 0 via(s), w 0.20, gap 0.9
ok   IREF2_input       30.9 mm, 1 via(s) 0.6/0.3, w 0.20, gap 24.9
     IREF2_input      done in 1.1 s
ok   IREF3_input        4.2 mm, 1 via(s) 0.6/0.3, w 0.20, gap 3.7
ok   IREF3_input        5.8 mm, 0 via(s), w 0.20, gap 5.0
     IREF3_input      done in 0.6 s
     IREF3_input      done in 0.6 s
ok   Current           96.0 mm, 3 via(s) 0.6/0.3, w 0.20, gap 65.1
     Current          done in 1.6 s
     Current          done in 1.6 s
ok   M1_ON             42.5 mm, 1 via(s) 0.6/0.3, w 0.20, gap 32.6
     M1_ON            done in 0.9 s
     M1_ON            done in 0.9 s
ok   M2_ON             21.2 mm, 1 via(s) 0.6/0.3, w 0.20, gap 17.9
     M2_ON            done in 0.6 s
     M2_ON            done in 0.6 s
ok   ena_out_1         29.5 mm, 1 via(s) 0.6/0.3, w 0.20, gap 22.5
     ena_out_1        done in 0.8 s
     ena_out_1        done in 0.8 s
ok   out_2_on          46.3 mm, 2 via(s) 0.6/0.3, w 0.20, gap 37.3
     out_2_on         done in 1.3 s
     out_2_on         done in 1.3 s
ok   ena_out_2         44.5 mm, 3 via(s) 0.6/0.3, w 0.20, gap 40.1
     ena_out_2        done in 1.5 s
     ena_out_2        done in 1.5 s
ok   out_3_on          28.8 mm, 1 via(s) 0.6/0.3, w 0.20, gap 26.0
     out_3_on         done in 1.0 s
     out_3_on         done in 1.0 s
ok   ena_out_3         29.7 mm, 0 via(s), w 0.20, gap 21.6
     ena_out_3        done in 0.8 s
HOT  analog_5V        crosses power copper over 5.1 mm, up to 0.73 A/mm on B.Cu at (65.35, 33.25)
ok   analog_5V        100.3 mm, 8 via(s) 0.6/0.3, w 0.40, gap 62.8
     analog_5V        done in 51.4 s
ok   12V               45.9 mm, 3 via(s) 0.6/0.3, w 0.40, gap 16.3
ok   12V               26.4 mm, 1 via(s) 0.6/0.3, w 0.80, gap 22.8
     12V              done in 98.3 s
ok   5V                 4.0 mm, 0 via(s), w 0.80, gap 0.0
ok   5V                 0.0 mm, 1 via(s) 0.6/0.3, w 0.80, gap 0.0
     5V               done in 145.0 s
     5V               done in 145.0 s
ok   LX                 2.9 mm, 2 via(s) 0.8/0.4, w 1.00, gap 2.0
     LX               done in 2.3 s
ok   Vin               43.1 mm, 5 via(s) 0.8/0.4, w 1.00, gap 18.6
ok   Vin               27.5 mm, 3 via(s) 0.8/0.4, w 1.00, gap 23.8
     Vin              done in 37.2 s
     Vin              done in 37.2 s
ok   Vout_1             2.1 mm, 0 via(s), w 1.00, gap 1.3
     Vout_1           done in 2.7 s
     Vout_1           done in 2.7 s
FAIL Vout_2: island 0 (97808 cells; C73.1 J8.1 C78.1 C3.1 +3) to island 1 (J10.15), gap 13.1 mm
     Vout_2           done in 13.7 s (1 failed)
     Vout_2           done in 13.7 s (1 failed)
ok   Vout_3             6.2 mm, 0 via(s), w 1.00, gap 4.7
     Vout_3           done in 1.6 s
     Vout_3           done in 1.6 s
ok   Output1_drain     17.7 mm, 0 via(s), w 1.00, gap 14.8
     Output1_drain    done in 1.1 s
     Output1_drain    done in 1.1 s
ok   Output2_drain     28.8 mm, 0 via(s), w 1.00, gap 22.9
     Output2_drain    done in 1.1 s
     Output2_drain    done in 1.1 s
ok   Output3_drain      8.2 mm, 0 via(s), w 1.00, gap 7.6
     Output3_drain    done in 0.6 s
ok   Output3_drain      8.2 mm, 0 via(s), w 1.00, gap 7.6
     Output3_drain    done in 0.6 s
     GND              done in 0.0 s
tracks 1648, vias 152, failures 1, 400 s
