board rasterised in 4.7 s
ok   SNS_CH1            7.0 mm, 0 via(s), w 0.20, gap 5.4
     SNS_CH1          done in 0.2 s
     SNS_CH1          done in 0.2 s
ok   SNS_CH2            7.7 mm, 0 via(s), w 0.20, gap 7.1
     SNS_CH2          done in 0.2 s
     SNS_CH2          done in 0.2 s
ok   SNS_CH3           12.3 mm, 2 via(s) 0.6/0.3, w 0.20, gap 10.9
     SNS_CH3          done in 0.2 s
     SNS_CH3          done in 0.2 s
ok   ISNS_P             9.4 mm, 0 via(s), w 0.20, gap 7.7
     ISNS_P           done in 0.2 s
     ISNS_P           done in 0.2 s
ok   ISNS_N             9.1 mm, 2 via(s) 0.6/0.3, w 0.20, gap 7.4
     ISNS_N           done in 0.2 s
     ISNS_N           done in 0.2 s
ok   Net-(U19-OUTA)     1.5 mm, 0 via(s), w 0.20, gap 1.1
     Net-(U19-OUTA)   done in 0.1 s
ok   GATE_M1            1.3 mm, 0 via(s), w 0.30, gap 1.0
ok   GATE_M1            1.2 mm, 0 via(s), w 0.30, gap 1.0
     GATE_M1          done in 0.4 s (direct)
byp  5V               C62.2 -> U15.3: 1.4 mm, 0 via(s), w 0.40
byp  GND              C62.1 -> U15.4: 1.0 mm, 2 via(s), w 0.50 beside 5V
     BYPASS           8.1 s
ok   Net-(D2--)        13.6 mm, 0 via(s), w 0.20, gap 6.8
loop m2_source        U15.9 -> largest island: 21.6 mm, 0 via(s), w 1.00 beside Net-(D2--)
     GATELOOP:M7      done in 1.6 s
ok   Net-(D22--)       11.4 mm, 1 via(s) 0.6/0.3, w 0.20, gap 6.6
loop m4_source        U8.9 -> largest island: 19.9 mm, 2 via(s), w 1.00 beside Net-(D22--)
     GATELOOP:M5      done in 1.6 s
ok   Net-(D8--)        18.1 mm, 0 via(s), w 0.20, gap 5.9
loop m3_source        U10.9 -> largest island: 23.8 mm, 0 via(s), w 1.00 beside Net-(D8--)
     GATELOOP:M6      done in 1.6 s
ok   Net-(D11--)       26.2 mm, 2 via(s) 0.6/0.3, w 0.20, gap 13.5
loop m2_source        U15.14 -> largest island: 6.7 mm, 2 via(s), w 1.00 beside Net-(D11--)
     GATELOOP:M2      done in 1.9 s
ok   Net-(D14--)       27.3 mm, 2 via(s) 0.6/0.3, w 0.20, gap 15.3
loop m3_source        U10.14 -> largest island: 4.5 mm, 2 via(s), w 1.00 beside Net-(D14--)
     GATELOOP:M3      done in 1.4 s
ok   Net-(D13--)       27.9 mm, 0 via(s), w 0.20, gap 13.2
loop m4_source        U8.14 -> largest island: 7.7 mm, 0 via(s), w 1.00 beside Net-(D13--)
     GATELOOP:M4      done in 1.5 s
tracks 405, vias 28, failures 0, 24 s
