board rasterised in 4.7 s
ok   SNS_CH1            7.0 mm, 0 via(s), w 0.20, gap 5.4
     SNS_CH1          done in 0.2 s
     SNS_CH1          done in 0.2 s
ok   SNS_CH2            7.7 mm, 0 via(s), w 0.20, gap 7.1
     SNS_CH2          done in 0.2 s
     SNS_CH2          done in 0.2 s
ok   SNS_CH3           12.3 mm, 2 via(s) 0.6/0.3, w 0.20, gap 10.9
     SNS_CH3          done in 0.2 s
     SNS_CH3          done in 0.2 s
ok   ISNS_P             9.4 mm, 0 via(s), w 0.20, gap 7.7
     ISNS_P           done in 0.2 s
     ISNS_P           done in 0.2 s
ok   ISNS_N             9.1 mm, 2 via(s) 0.6/0.3, w 0.20, gap 7.4
     ISNS_N           done in 0.2 s
     ISNS_N           done in 0.2 s
ok   Net-(U19-OUTA)     1.5 mm, 0 via(s), w 0.20, gap 1.1
     Net-(U19-OUTA)   done in 0.2 s
ok   GATE_M1            1.3 mm, 0 via(s), w 0.30, gap 1.0
ok   GATE_M1            1.2 mm, 0 via(s), w 0.30, gap 1.0
     GATE_M1          done in 0.4 s (direct)
byp  5V               C62.2 -> U15.3: 1.4 mm, 0 via(s), w 0.40
byp  GND              C62.1 -> U15.4: 1.1 mm, 2 via(s), w 0.50 beside 5V
     BYPASS           8.0 s
loop m2_source        U15.9 -> M7.3: 22.2 mm, 0 via(s), w 1.00 beside Net-(D2--) + GATE_M7
ok   Net-(D2--)         4.9 mm, 2 via(s) 0.6/0.3, w 0.20, gap 1.2
     GATELOOP:M7      done in 1.7 s
loop m4_source        U8.9 -> M5.3: 22.8 mm, 2 via(s), w 1.00 beside Net-(D22--) + GATE_M5
ok   Net-(D22--)        2.3 mm, 1 via(s) 0.6/0.3, w 0.20, gap 1.0
     GATELOOP:M5      done in 1.7 s
loop m3_source        U10.9 -> M6.3: 15.8 mm, 0 via(s), w 1.00 beside Net-(D8--) + GATE_M6
ok   Net-(D8--)         5.9 mm, 1 via(s) 0.6/0.3, w 0.20, gap 3.7
     GATELOOP:M6      done in 1.6 s
loop m2_source        U15.14 -> M2.3: 19.3 mm, 2 via(s), w 1.00 beside Net-(D11--) + GATE_M2
ok   Net-(D11--)        1.0 mm, 1 via(s) 0.6/0.3, w 0.20, gap 0.6
     GATELOOP:M2      done in 2.1 s
loop m3_source        U10.14 -> M3.3: 10.6 mm, 0 via(s), w 1.00 beside Net-(D14--) + GATE_M3
ok   Net-(D14--)        2.0 mm, 0 via(s), w 0.20, gap 1.6
     GATELOOP:M3      done in 1.6 s
loop m4_source        U8.14 -> M4.3: 17.0 mm, 1 via(s), w 1.00 beside Net-(D13--) + GATE_M4
ok   Net-(D13--)       27.9 mm, 0 via(s), w 0.20, gap 13.2
     GATELOOP:M4      done in 1.4 s
tracks 431, vias 29, failures 0, 24 s
