board rasterised in 4.7 s
ok   SNS_CH1            7.0 mm, 0 via(s), w 0.20, gap 5.4
     SNS_CH1          done in 0.2 s
     SNS_CH1          done in 0.2 s
ok   SNS_CH2            7.7 mm, 0 via(s), w 0.20, gap 7.1
     SNS_CH2          done in 0.2 s
     SNS_CH2          done in 0.2 s
ok   SNS_CH3           12.3 mm, 2 via(s) 0.6/0.3, w 0.20, gap 10.9
     SNS_CH3          done in 0.2 s
     SNS_CH3          done in 0.2 s
ok   ISNS_P             9.4 mm, 0 via(s), w 0.20, gap 7.7
     ISNS_P           done in 0.2 s
     ISNS_P           done in 0.2 s
ok   ISNS_N             9.1 mm, 2 via(s) 0.6/0.3, w 0.20, gap 7.4
     ISNS_N           done in 0.2 s
byp  5V               C62.2 -> U15.3: 1.4 mm, 0 via(s), w 0.40
byp  GND              C62.1 -> U15.4: 1.0 mm, 2 via(s), w 0.50 beside 5V
     BYPASS           17.0 s
ok   Net-(D2--)         4.9 mm, 2 via(s) 0.6/0.3, w 0.20, gap 1.2
ok   Net-(D2--)        28.2 mm, 1 via(s) 0.6/0.3, w 0.20, gap 6.8
     GATELOOP:M7      done in 1.6 s
ok   Net-(D22--)        2.6 mm, 2 via(s) 0.6/0.3, w 0.20, gap 2.3
ok   Net-(D22--)       12.8 mm, 1 via(s) 0.6/0.3, w 0.20, gap 6.6
     GATELOOP:M5      done in 1.7 s
ok   Net-(D8--)        12.9 mm, 0 via(s), w 0.20, gap 3.7
ok   Net-(D8--)        15.8 mm, 2 via(s) 0.6/0.3, w 0.20, gap 5.9
     GATELOOP:M6      done in 1.7 s
ok   Net-(D11--)        5.8 mm, 1 via(s) 0.6/0.3, w 0.20, gap 4.6
ok   Net-(D11--)       25.8 mm, 2 via(s) 0.6/0.3, w 0.20, gap 13.5
     GATELOOP:M2      done in 2.0 s
ok   Net-(D14--)        2.3 mm, 0 via(s), w 0.20, gap 1.6
ok   Net-(D14--)       28.9 mm, 2 via(s) 0.6/0.3, w 0.20, gap 15.3
     GATELOOP:M3      done in 1.5 s
ok   Net-(D13--)        4.9 mm, 0 via(s), w 0.20, gap 4.2
ok   Net-(D13--)       27.9 mm, 0 via(s), w 0.20, gap 13.2
     GATELOOP:M4      done in 1.6 s
tracks 408, vias 28, failures 0, 33 s
