Vin J1->R1 (DC)              18.40 A  R   0.993 mOhm   18.28 mV   0.34 W | neck   23.6 C on In3.Cu w 10.04 mm share  45% at (88.4, 49.7) len 11.2 | long-neck  23.6 C | vias used 73, over 4, worst 1.71 A 1.50x at (72.2, 41.5)
Vin caps->R1 (ripple)         9.50 A  R   0.310 mOhm    2.95 mV   0.03 W | neck    5.0 C on In2.Cu w  8.46 mm share  39% at (72.5, 42.4) len 5.0 | long-neck   5.0 C | vias used 59, over 0, worst 0.79 A 0.81x at (84.0, 42.7)
rsense_lo R1->L1             20.70 A  R   0.205 mOhm    4.25 mV   0.09 W | neck   20.1 C on In2.Cu w  8.91 mm share  34% at (67.3, 34.9) len 7.0 | long-neck  20.1 C | vias used 60, over 9, worst 1.52 A 1.33x at (62.6, 38.7)
LX L1->M1                    15.80 A  R   0.442 mOhm    6.98 mV   0.11 W | neck   51.5 C on In2.Cu w  5.87 mm share  50% at (77.6, 48.7) len 1.3 | long-neck  22.3 C | vias used 40, over 0, worst 0.80 A 0.82x at (64.4, 56.1)
LX L1->M7                     7.05 A  R   0.457 mOhm    3.22 mV   0.02 W | neck   19.6 C on In2.Cu w  4.72 mm share  63% at (77.0, 59.3) len 0.9 | long-neck   2.7 C | vias used 33, over 0, worst 0.42 A 0.44x at (64.4, 56.1)
LX L1->M6                     7.69 A  R   0.667 mOhm    5.13 mV   0.04 W | neck   35.7 C on In2.Cu w  5.29 mm share  81% at (49.8, 64.2) len 0.3 | long-neck  16.3 C | vias used 39, over 0, worst 0.89 A 0.78x at (48.6, 61.0)
LX L1->M5                     8.35 A  R   1.864 mOhm   15.56 mV   0.13 W | neck   57.8 C on In2.Cu w  2.48 mm share  53% at (88.4, 87.8) len 1.2 | long-neck  21.6 C | vias used 49, over 0, worst 0.56 A 0.58x at (85.0, 82.7)
m2_source M7->M2              7.05 A  R   0.038 mOhm    0.27 mV   0.00 W | neck    4.0 C on In5.Cu w  2.37 mm share  19% at (77.5, 63.1) len 0.0 | long-neck   0.0 C | vias used 0, over 0, worst -
m3_source M6->M3              7.69 A  R   0.042 mOhm    0.32 mV   0.00 W | neck    5.9 C on In3.Cu w  2.04 mm share  18% at (45.5, 65.1) len 0.0 | long-neck   0.0 C | vias used 0, over 0, worst -
m4_source M5->M4              8.35 A  R   0.041 mOhm    0.34 mV   0.00 W | neck    8.6 C on In2.Cu w  1.85 mm share  19% at (92.3, 89.0) len 0.0 | long-neck   0.0 C | vias used 0, over 0, worst -
Vout_1 M2->bank+J3            7.05 A  R   0.199 mOhm    1.40 mV   0.01 W | neck   13.5 C on F.Cu   w  1.76 mm share  58% at (76.0, 68.1) len 0.0 | long-neck   0.0 C | vias used 20, over 0, worst 0.83 A 0.85x at (75.1, 69.0)
Vout_2 M3->bank+J8            7.69 A  R   0.299 mOhm    2.30 mV   0.02 W | neck    7.9 C on In5.Cu w  4.96 mm share  40% at (41.6, 65.5) len 0.7 | long-neck   3.8 C | vias used 24, over 0, worst 0.40 A 0.41x at (38.6, 59.6)
Vout_3 M4->bank+J5            8.35 A  R   0.118 mOhm    0.98 mV   0.01 W | neck    4.9 C on In3.Cu w  5.07 mm share  30% at (96.1, 89.4) len 1.2 | long-neck   0.9 C | vias used 28, over 0, worst 0.60 A 0.53x at (92.8, 86.4)
Vout_1 M2->J3 (LED DC)        2.63 A  R   7.924 mOhm   20.84 mV   0.05 W | neck   17.7 C on In3.Cu w  2.44 mm share 100% at (54.6, 72.2) len 2.4 | long-neck  10.2 C | vias used 13, over 0, worst 0.25 A 0.26x at (66.9, 66.2)
Vout_2 M3->J8 (LED DC)        2.37 A  R   2.968 mOhm    7.03 mV   0.02 W | neck    5.5 C on In5.Cu w  4.33 mm share 100% at (44.6, 95.9) len 4.7 | long-neck   5.0 C | vias used 17, over 0, worst 0.11 A 0.11x at (33.5, 69.5)
Vout_3 M4->J5 (LED DC)        2.37 A  R   1.447 mOhm    3.43 mV   0.01 W | neck    1.1 C on In5.Cu w  5.26 mm share  57% at (66.7, 113.6) len 9.6 | long-neck   1.1 C | vias used 23, over 0, worst 0.09 A 0.10x at (84.0, 98.5)
Output1_drain J4->M10         2.63 A  R   1.611 mOhm    4.24 mV   0.01 W | neck    2.9 C on B.Cu   w  2.44 mm share 100% at (50.8, 98.9) len 1.8 | long-neck   1.4 C | vias used 0, over 0, worst -
Output2_drain J7->M9          2.37 A  R   2.606 mOhm    6.18 mV   0.01 W | neck    6.7 C on B.Cu   w  1.26 mm share 100% at (40.8, 96.3) len 1.4 | long-neck   1.7 C | vias used 0, over 0, worst -
Output3_drain J6->M8          2.37 A  R   3.026 mOhm    7.17 mV   0.02 W | neck    4.6 C on F.Cu   w  1.57 mm share 100% at (59.5, 104.4) len 10.0 | long-neck   4.6 C | vias used 0, over 0, worst -
M10-S M10->R52                2.63 A  R   0.310 mOhm    0.81 mV   0.00 W | neck    3.1 C on F.Cu   w  2.33 mm share 100% at (53.1, 96.0) len 1.2 | long-neck   0.0 C | vias used 0, over 0, worst -
M9-S M9->R53                  2.37 A  R   0.284 mOhm    0.67 mV   0.00 W | neck    9.5 C on F.Cu   w  1.02 mm share 100% at (41.1, 87.9) len 0.0 | long-neck   0.0 C | vias used 0, over 0, worst -
M8-S M8->R7                   2.37 A  R   0.236 mOhm    0.56 mV   0.00 W | neck    1.4 C on F.Cu   w  3.24 mm share 100% at (62.4, 101.7) len 1.6 | long-neck   0.0 C | vias used 0, over 0, worst -
GND M1->input caps+J2        15.80 A  R   0.120 mOhm    1.89 mV   0.03 W | neck   18.8 C on In1.Cu w  7.48 mm share  38% at (78.6, 50.9) len 0.2 | long-neck   1.8 C | vias used 22, over 1, worst 1.10 A 1.13x at (84.1, 51.4)
GND ch1 bank->input           7.05 A  R   0.199 mOhm    1.40 mV   0.01 W | neck    1.5 C on In1.Cu w 17.43 mm share  52% at (82.6, 64.5) len 0.3 | long-neck   0.9 C | vias used 52, over 0, worst 0.63 A 0.65x at (80.5, 86.0)
GND ch2 bank->input           7.69 A  R   0.323 mOhm    2.49 mV   0.02 W | neck    1.5 C on In1.Cu w 18.60 mm share  50% at (83.8, 67.6) len 2.6 | long-neck   1.1 C | vias used 52, over 0, worst 0.83 A 0.85x at (49.9, 92.4)
GND ch3 bank->input           8.35 A  R   0.208 mOhm    1.74 mV   0.01 W | neck    1.4 C on In1.Cu w 20.41 mm share  48% at (88.4, 73.5) len 4.1 | long-neck   1.4 C | vias used 37, over 1, worst 1.16 A 1.01x at (93.0, 83.5)
GND R52 return                2.63 A  R   0.348 mOhm    0.91 mV   0.00 W | neck    0.1 C on In1.Cu w  8.25 mm share  26% at (61.0, 95.9) len 1.0 | long-neck   0.1 C | vias used 31, over 0, worst 0.51 A 0.52x at (61.1, 94.9)
GND R53 return                2.37 A  R   0.437 mOhm    1.04 mV   0.00 W | neck    0.1 C on In1.Cu w  7.40 mm share  25% at (41.1, 96.0) len 2.2 | long-neck   0.1 C | vias used 35, over 0, worst 0.48 A 0.49x at (42.3, 96.0)
GND R7 return                 2.37 A  R   0.402 mOhm    0.95 mV   0.00 W | neck    0.1 C on In1.Cu w  6.90 mm share  26% at (62.4, 109.4) len 1.1 | long-neck   0.1 C | vias used 30, over 0, worst 0.50 A 0.52x at (63.4, 109.5)
