Vin J1->R1 (DC)              18.40 A  R   1.038 mOhm   19.11 mV   0.35 W | neck   38.4 C on In2.Cu w  5.33 mm share  35% at (74.3, 41.9) len 4.5 | long-neck  30.8 C | vias used 74, over 4, worst 1.88 A 1.64x at (72.2, 41.5)
Vin caps->R1 (ripple)         9.50 A  R   0.351 mOhm    3.34 mV   0.03 W | neck    9.2 C on In2.Cu w  5.63 mm share  38% at (74.3, 41.9) len 3.4 | long-neck   6.7 C | vias used 58, over 0, worst 0.97 A 0.85x at (72.2, 41.5)
rsense_lo R1->L1             20.70 A  R   0.220 mOhm    4.55 mV   0.09 W | neck   27.4 C on In2.Cu w  6.97 mm share  33% at (65.8, 35.2) len 6.9 | long-neck  27.4 C | vias used 60, over 9, worst 1.59 A 1.40x at (62.6, 38.7)
LX L1->M1                    15.80 A  R   0.467 mOhm    7.38 mV   0.12 W | neck   52.3 C on In2.Cu w  6.06 mm share  52% at (77.6, 48.7) len 1.2 | long-neck  29.8 C | vias used 40, over 0, worst 0.80 A 0.83x at (64.4, 56.1)
LX L1->M7                     7.05 A  R   0.505 mOhm    3.56 mV   0.03 W | neck   19.9 C on In2.Cu w  5.50 mm share  71% at (77.0, 59.2) len 1.1 | long-neck   3.3 C | vias used 31, over 0, worst 0.42 A 0.43x at (64.4, 56.1)
LX L1->M6                     7.69 A  R   0.727 mOhm    5.59 mV   0.04 W | neck   32.8 C on In2.Cu w  3.86 mm share  62% at (49.6, 64.6) len 0.7 | long-neck  18.8 C | vias used 39, over 0, worst 0.90 A 0.79x at (48.6, 61.0)
LX L1->M5                     8.35 A  R   2.271 mOhm   18.96 mV   0.16 W | neck   84.0 C on In2.Cu w  2.42 mm share  62% at (88.5, 87.6) len 0.9 | long-neck  27.0 C | vias used 45, over 0, worst 0.71 A 0.74x at (85.0, 82.7)
m2_source M7->M2              7.05 A  R   0.038 mOhm    0.27 mV   0.00 W | neck    4.0 C on In5.Cu w  2.36 mm share  19% at (77.5, 63.1) len 0.0 | long-neck   0.0 C | vias used 0, over 0, worst 0.00 A 0.00x at (66.8, 50.2)
m3_source M6->M3              7.69 A  R   0.042 mOhm    0.32 mV   0.00 W | neck    6.2 C on In5.Cu w  6.96 mm share  46% at (45.4, 65.8) len 0.0 | long-neck   0.0 C | vias used 0, over 0, worst 0.00 A 0.00x at (50.5, 56.4)
m4_source M5->M4              8.35 A  R   0.041 mOhm    0.34 mV   0.00 W | neck    8.6 C on In2.Cu w  1.85 mm share  19% at (92.3, 89.0) len 0.0 | long-neck   0.0 C | vias used 0, over 0, worst 0.00 A 0.00x at (81.8, 88.5)
Vout_1 M2->bank+J3            7.05 A  R   0.208 mOhm    1.47 mV   0.01 W | neck   15.7 C on In3.Cu w  3.59 mm share  47% at (76.0, 68.2) len 0.1 | long-neck   0.0 C | vias used 18, over 0, worst 0.89 A 0.92x at (75.1, 69.0)
Vout_2 M3->bank+J8            7.69 A  R   0.307 mOhm    2.36 mV   0.02 W | neck    8.3 C on In5.Cu w  5.14 mm share  42% at (41.6, 65.5) len 0.8 | long-neck   3.9 C | vias used 24, over 0, worst 0.39 A 0.40x at (38.6, 59.6)
Vout_3 M4->bank+J5            8.35 A  R   0.119 mOhm    0.99 mV   0.01 W | neck    4.9 C on In2.Cu w  3.15 mm share  22% at (96.2, 90.2) len 1.1 | long-neck   1.0 C | vias used 23, over 0, worst 0.61 A 0.54x at (92.8, 86.4)
Vout_1 M2->J3 (LED DC)        2.63 A  R   8.567 mOhm   22.53 mV   0.06 W | neck   17.7 C on In3.Cu w  2.45 mm share 100% at (54.6, 72.2) len 2.5 | long-neck  11.0 C | vias used 13, over 0, worst 0.29 A 0.30x at (66.9, 66.2)
Vout_2 M3->J8 (LED DC)        2.37 A  R   3.029 mOhm    7.18 mV   0.02 W | neck    5.4 C on In5.Cu w  4.33 mm share 100% at (44.7, 95.9) len 5.7 | long-neck   5.4 C | vias used 17, over 0, worst 0.11 A 0.11x at (33.5, 69.5)
Vout_3 M4->J5 (LED DC)        2.37 A  R   1.726 mOhm    4.09 mV   0.01 W | neck    4.6 C on In5.Cu w  1.82 mm share  49% at (67.8, 114.0) len 1.1 | long-neck   2.7 C | vias used 31, over 0, worst 0.10 A 0.10x at (84.0, 98.5)
Output1_drain J4->M10         2.63 A  R   1.784 mOhm    4.69 mV   0.01 W | neck    4.1 C on B.Cu   w  1.96 mm share 100% at (49.9, 99.4) len 1.3 | long-neck   1.4 C | vias used 0, over 0, worst -
Output2_drain J7->M9          2.37 A  R   2.733 mOhm    6.48 mV   0.02 W | neck    6.6 C on B.Cu   w  1.27 mm share 100% at (40.7, 96.3) len 1.3 | long-neck   2.2 C | vias used 0, over 0, worst -
Output3_drain J6->M8          2.37 A  R   3.026 mOhm    7.17 mV   0.02 W | neck    4.6 C on F.Cu   w  1.57 mm share 100% at (59.5, 104.4) len 10.0 | long-neck   4.6 C | vias used 0, over 0, worst -
M10-S M10->R52                2.63 A  R   0.310 mOhm    0.81 mV   0.00 W | neck    3.1 C on F.Cu   w  2.33 mm share 100% at (53.1, 96.0) len 1.2 | long-neck   0.0 C | vias used 0, over 0, worst -
M9-S M9->R53                  2.37 A  R   0.284 mOhm    0.67 mV   0.00 W | neck    9.5 C on F.Cu   w  1.02 mm share 100% at (41.1, 87.9) len 0.0 | long-neck   0.0 C | vias used 0, over 0, worst -
M8-S M8->R7                   2.37 A  R   0.236 mOhm    0.56 mV   0.00 W | neck    1.4 C on F.Cu   w  3.24 mm share 100% at (62.4, 101.7) len 1.6 | long-neck   0.0 C | vias used 0, over 0, worst -
GND M1->input caps+J2        15.80 A  R   0.123 mOhm    1.95 mV   0.03 W | neck   20.3 C on In1.Cu w  6.45 mm share  36% at (78.7, 50.9) len 0.1 | long-neck   2.3 C | vias used 22, over 1, worst 1.15 A 1.19x at (84.1, 51.4)
GND ch1 bank->input           7.05 A  R   0.252 mOhm    1.78 mV   0.01 W | neck    2.0 C on In1.Cu w 16.37 mm share  57% at (81.8, 66.9) len 2.6 | long-neck   1.5 C | vias used 51, over 0, worst 0.79 A 0.81x at (80.5, 86.0)
GND ch2 bank->input           7.69 A  R   0.442 mOhm    3.40 mV   0.03 W | neck    2.3 C on In1.Cu w 15.63 mm share  54% at (81.4, 71.8) len 4.0 | long-neck   1.8 C | vias used 54, over 1, worst 1.01 A 1.04x at (49.9, 92.4)
GND ch3 bank->input           8.35 A  R   0.254 mOhm    2.12 mV   0.02 W | neck    2.1 C on In1.Cu w 18.86 mm share  54% at (87.9, 73.7) len 3.2 | long-neck   1.7 C | vias used 37, over 1, worst 1.41 A 1.24x at (93.0, 83.5)
GND R52 return                2.63 A  R   0.464 mOhm    1.22 mV   0.00 W | neck    0.2 C on In1.Cu w 17.38 mm share  52% at (84.8, 69.2) len 7.2 | long-neck   0.2 C | vias used 33, over 0, worst 0.54 A 0.56x at (61.1, 94.9)
GND R53 return                2.37 A  R   0.600 mOhm    1.42 mV   0.00 W | neck    0.2 C on In1.Cu w  7.61 mm share  37% at (41.2, 96.0) len 2.0 | long-neck   0.1 C | vias used 37, over 0, worst 0.64 A 0.66x at (42.3, 96.0)
GND R7 return                 2.37 A  R   0.604 mOhm    1.43 mV   0.00 W | neck    0.5 C on In1.Cu w  5.96 mm share  45% at (62.8, 109.4) len 0.7 | long-neck   0.2 C | vias used 33, over 0, worst 0.63 A 0.65x at (63.4, 109.5)
