Vin J1->R1 (DC)              18.40 A  R   1.037 mOhm   19.09 mV   0.35 W | neck   38.6 C on In2.Cu w  5.32 mm share  35% at (74.3, 41.9) len 4.5 | long-neck  30.1 C | vias used 74, over 4, worst 1.88 A 1.65x at (72.2, 41.5)
Vin caps->R1 (ripple)         9.50 A  R   0.350 mOhm    3.33 mV   0.03 W | neck    9.2 C on In2.Cu w  5.30 mm share  36% at (74.3, 42.0) len 3.4 | long-neck   6.9 C | vias used 58, over 0, worst 0.97 A 0.85x at (72.2, 41.5)
rsense_lo R1->L1             20.70 A  R   0.216 mOhm    4.47 mV   0.09 W | neck   25.0 C on In2.Cu w  7.59 mm share  34% at (63.0, 36.1) len 6.9 | long-neck  25.0 C | vias used 60, over 10, worst 1.58 A 1.39x at (62.6, 38.7)
LX L1->M1                    15.80 A  R   0.495 mOhm    7.82 mV   0.12 W | neck   52.4 C on In2.Cu w  5.94 mm share  51% at (77.6, 48.7) len 1.3 | long-neck  32.1 C | vias used 39, over 0, worst 0.87 A 0.90x at (64.4, 56.1)
LX L1->M7                     7.05 A  R   0.527 mOhm    3.72 mV   0.03 W | neck   19.7 C on In2.Cu w  5.81 mm share  73% at (77.2, 59.2) len 1.0 | long-neck   3.5 C | vias used 35, over 0, worst 0.44 A 0.46x at (64.4, 56.1)
LX L1->M6                     7.69 A  R   0.745 mOhm    5.73 mV   0.04 W | neck   31.5 C on In2.Cu w  5.44 mm share  79% at (49.8, 64.3) len 0.4 | long-neck  19.4 C | vias used 39, over 0, worst 0.91 A 0.80x at (48.6, 61.0)
LX L1->M5                     8.35 A  R   2.017 mOhm   16.84 mV   0.14 W | neck   57.3 C on In2.Cu w  2.48 mm share  53% at (88.3, 87.8) len 1.3 | long-neck  26.9 C | vias used 49, over 0, worst 0.55 A 0.57x at (85.0, 82.7)
m2_source M7->M2              7.05 A  R   0.039 mOhm    0.28 mV   0.00 W | neck    4.2 C on In5.Cu w  2.27 mm share  19% at (77.5, 63.1) len 0.0 | long-neck   0.0 C | vias used 0, over 0, worst 0.00 A 0.00x at (65.0, 58.9)
m3_source M6->M3              7.69 A  R   0.041 mOhm    0.32 mV   0.00 W | neck    5.7 C on In2.Cu w  2.05 mm share  18% at (45.5, 65.1) len 0.0 | long-neck   0.0 C | vias used 0, over 0, worst 0.00 A 0.00x at (35.5, 54.1)
m4_source M5->M4              8.35 A  R   0.041 mOhm    0.34 mV   0.00 W | neck    8.6 C on In2.Cu w  1.85 mm share  19% at (92.3, 89.0) len 0.0 | long-neck   0.0 C | vias used 0, over 0, worst 0.00 A 0.00x at (80.2, 88.8)
Vout_1 M2->bank+J3            7.05 A  R   0.205 mOhm    1.44 mV   0.01 W | neck   13.7 C on F.Cu   w  1.62 mm share  55% at (76.0, 68.1) len 0.0 | long-neck   0.0 C | vias used 18, over 0, worst 0.86 A 0.89x at (75.1, 69.0)
Vout_2 M3->bank+J8            7.69 A  R   0.313 mOhm    2.41 mV   0.02 W | neck    9.4 C on In5.Cu w  5.02 mm share  44% at (41.6, 65.5) len 0.9 | long-neck   4.5 C | vias used 27, over 0, worst 0.38 A 0.39x at (38.6, 59.6)
Vout_3 M4->bank+J5            8.35 A  R   0.119 mOhm    0.99 mV   0.01 W | neck    5.0 C on In2.Cu w  3.17 mm share  22% at (96.2, 90.2) len 1.2 | long-neck   1.0 C | vias used 23, over 0, worst 0.61 A 0.54x at (92.8, 86.4)
Vout_1 M2->J3 (LED DC)        2.63 A  R   8.367 mOhm   22.01 mV   0.06 W | neck   17.6 C on In3.Cu w  2.46 mm share 100% at (54.7, 72.2) len 2.3 | long-neck  13.0 C | vias used 13, over 0, worst 0.25 A 0.26x at (66.9, 66.2)
Vout_2 M3->J8 (LED DC)        2.37 A  R   3.031 mOhm    7.18 mV   0.02 W | neck    5.5 C on In5.Cu w  4.32 mm share 100% at (44.7, 95.9) len 5.7 | long-neck   5.5 C | vias used 17, over 0, worst 0.11 A 0.11x at (33.5, 69.5)
Vout_3 M4->J5 (LED DC)        2.37 A  R   1.573 mOhm    3.73 mV   0.01 W | neck    2.3 C on In3.Cu w  2.85 mm share  51% at (67.8, 113.3) len 2.3 | long-neck   2.0 C | vias used 31, over 0, worst 0.10 A 0.10x at (84.0, 98.5)
Output1_drain J4->M10         2.63 A  R   1.787 mOhm    4.70 mV   0.01 W | neck    4.1 C on B.Cu   w  1.96 mm share 100% at (49.9, 99.4) len 1.3 | long-neck   1.4 C | vias used 0, over 0, worst -
Output2_drain J7->M9          2.37 A  R   2.733 mOhm    6.48 mV   0.02 W | neck    6.6 C on B.Cu   w  1.27 mm share 100% at (40.7, 96.3) len 1.3 | long-neck   2.2 C | vias used 0, over 0, worst -
Output3_drain J6->M8          2.37 A  R   3.026 mOhm    7.17 mV   0.02 W | neck    4.6 C on F.Cu   w  1.57 mm share 100% at (59.5, 104.4) len 10.0 | long-neck   4.6 C | vias used 0, over 0, worst -
M10-S M10->R52                2.63 A  R   0.310 mOhm    0.81 mV   0.00 W | neck    3.1 C on F.Cu   w  2.33 mm share 100% at (53.1, 96.0) len 1.2 | long-neck   0.0 C | vias used 0, over 0, worst -
M9-S M9->R53                  2.37 A  R   0.284 mOhm    0.67 mV   0.00 W | neck    9.5 C on F.Cu   w  1.02 mm share 100% at (41.1, 87.9) len 0.0 | long-neck   0.0 C | vias used 0, over 0, worst -
M8-S M8->R7                   2.37 A  R   0.236 mOhm    0.56 mV   0.00 W | neck    1.4 C on F.Cu   w  3.24 mm share 100% at (62.4, 101.7) len 1.6 | long-neck   0.0 C | vias used 0, over 0, worst -
GND M1->input caps+J2        15.80 A  R   0.128 mOhm    2.03 mV   0.03 W | neck   22.0 C on In1.Cu w  7.08 mm share  40% at (78.6, 51.0) len 0.2 | long-neck   2.0 C | vias used 22, over 1, worst 1.15 A 1.18x at (84.1, 51.4)
GND ch1 bank->input           7.05 A  R   0.247 mOhm    1.74 mV   0.01 W | neck    2.2 C on In1.Cu w 15.86 mm share  57% at (82.1, 69.9) len 1.9 | long-neck   1.4 C | vias used 50, over 0, worst 0.86 A 0.89x at (80.5, 86.0)
GND ch2 bank->input           7.69 A  R   0.430 mOhm    3.31 mV   0.03 W | neck    2.1 C on In1.Cu w 15.24 mm share  51% at (81.6, 72.0) len 4.1 | long-neck   1.5 C | vias used 55, over 1, worst 1.02 A 1.05x at (49.9, 92.4)
GND ch3 bank->input           8.35 A  R   0.249 mOhm    2.08 mV   0.02 W | neck    1.8 C on In1.Cu w 19.97 mm share  52% at (88.6, 74.2) len 4.5 | long-neck   1.6 C | vias used 35, over 1, worst 1.40 A 1.23x at (93.0, 83.5)
GND R52 return                2.63 A  R   0.449 mOhm    1.18 mV   0.00 W | neck    0.1 C on In1.Cu w 16.84 mm share  48% at (83.5, 73.0) len 7.2 | long-neck   0.1 C | vias used 30, over 0, worst 0.52 A 0.54x at (61.1, 94.9)
GND R53 return                2.37 A  R   0.586 mOhm    1.39 mV   0.00 W | neck    0.2 C on In1.Cu w  7.59 mm share  36% at (41.1, 96.0) len 2.1 | long-neck   0.1 C | vias used 37, over 0, worst 0.64 A 0.66x at (42.3, 96.0)
GND R7 return                 2.37 A  R   0.539 mOhm    1.28 mV   0.00 W | neck    0.2 C on In1.Cu w  5.94 mm share  30% at (62.2, 109.3) len 1.0 | long-neck   0.1 C | vias used 32, over 0, worst 0.51 A 0.53x at (63.4, 109.5)
