it       0 T 3000.000 step 15.00 cur  877268.5 best  877268.5
it   40000 T 1730.668 step 13.89 cur  126984.0 best  106442.0
it   80000 T 998.404 step 12.81 cur   97324.9 best   70406.1
it  120000 T 575.968 step 11.75 cur   30162.3 best   26752.4
it  160000 T 332.270 step 10.73 cur   25506.2 best   21146.3
it  200000 T 191.683 step  9.74 cur   18053.1 best   16912.1
it  240000 T 110.580 step  8.78 cur   13879.7 best   13747.8
it  280000 T  63.792 step  7.86 cur   12142.2 best   12071.1
it  320000 T  36.801 step  6.97 cur   11625.5 best   11362.5
it  360000 T  21.230 step  6.12 cur   10541.6 best   10530.1
it  400000 T  12.247 step  5.30 cur    9951.8 best    9942.0
it  440000 T   7.065 step  4.53 cur    9596.7 best    9513.6
it  480000 T   4.076 step  3.79 cur    9441.4 best    9435.2
it  520000 T   2.351 step  3.11 cur    9362.7 best    9359.9
it  560000 T   1.356 step  2.46 cur    9182.2 best    9182.2
it  600000 T   0.783 step  1.88 cur    9130.1 best    9130.1
it  640000 T   0.451 step  1.34 cur    9055.9 best    9054.9
it  680000 T   0.260 step  0.87 cur    9028.2 best    9028.2
it  720000 T   0.150 step  0.47 cur    8880.1 best    8879.9
it  760000 T   0.087 step  0.20 cur    8849.9 best    8849.9
final exact cost 8842.6 (tracked 8842.6)
