it       0 T 3000.000 step 15.00 cur  691183.0 best  691183.0
it   40000 T 1730.668 step 13.89 cur  131813.2 best  105630.0
it   80000 T 998.404 step 12.81 cur   68220.9 best   67828.2
it  120000 T 575.968 step 11.75 cur   45827.1 best   43946.3
it  160000 T 332.270 step 10.73 cur   44220.0 best   42265.0
it  200000 T 191.683 step  9.74 cur   38863.6 best   34928.0
it  240000 T 110.580 step  8.78 cur   31969.4 best   31331.1
it  280000 T  63.792 step  7.86 cur   30878.8 best   30297.6
it  320000 T  36.801 step  6.97 cur   29479.6 best   29388.9
it  360000 T  21.230 step  6.12 cur   28746.7 best   28551.4
it  400000 T  12.247 step  5.30 cur   27795.8 best   27787.4
it  440000 T   7.065 step  4.53 cur   27166.9 best   27155.6
it  480000 T   4.076 step  3.79 cur   26537.3 best   26523.9
it  520000 T   2.351 step  3.11 cur   26466.8 best   26455.3
it  560000 T   1.356 step  2.46 cur   26361.8 best   26358.2
it  600000 T   0.783 step  1.88 cur   26021.7 best   26021.7
it  640000 T   0.451 step  1.34 cur   25413.4 best   25413.4
it  680000 T   0.260 step  0.87 cur   25009.3 best   25009.3
it  720000 T   0.150 step  0.47 cur   24421.9 best   24421.9
it  760000 T   0.087 step  0.20 cur   24261.7 best   24261.4
final exact cost 24202.8 (tracked 24202.8)
