it       0 T 3000.000 step 15.00 cur  975707.8 best  975707.8
it   40000 T 1730.668 step 13.89 cur  108915.0 best   98127.9
it   80000 T 998.404 step 12.81 cur   80313.4 best   75126.5
it  120000 T 575.968 step 11.75 cur   48607.6 best   42331.2
it  160000 T 332.270 step 10.73 cur   32336.6 best   29588.3
it  200000 T 191.683 step  9.74 cur   27205.9 best   25872.4
it  240000 T 110.580 step  8.78 cur   21622.3 best   20897.7
it  280000 T  63.792 step  7.86 cur   19183.5 best   18841.1
it  320000 T  36.801 step  6.97 cur   17583.3 best   17422.0
it  360000 T  21.230 step  6.12 cur   17083.8 best   16923.1
it  400000 T  12.247 step  5.30 cur   16578.6 best   16549.9
it  440000 T   7.065 step  4.53 cur   16481.2 best   16401.8
it  480000 T   4.076 step  3.79 cur   16328.4 best   16313.8
it  520000 T   2.351 step  3.11 cur   16212.5 best   16212.5
it  560000 T   1.356 step  2.46 cur   16143.9 best   16141.4
it  600000 T   0.783 step  1.88 cur   16117.1 best   16117.1
it  640000 T   0.451 step  1.34 cur   16083.2 best   16083.2
it  680000 T   0.260 step  0.87 cur   16065.2 best   16065.2
it  720000 T   0.150 step  0.47 cur   16036.9 best   16036.9
it  760000 T   0.087 step  0.20 cur   15942.8 best   15942.8
final exact cost 15929.4 (tracked 15929.4)
