it       0 T 3000.000 step 15.00 cur  798645.4 best  798645.4
it   40000 T 1730.668 step 13.89 cur  169307.6 best  147371.0
it   80000 T 998.404 step 12.81 cur   88380.8 best   78063.2
it  120000 T 575.968 step 11.75 cur   62725.5 best   56438.4
it  160000 T 332.270 step 10.73 cur   46141.2 best   45909.2
it  200000 T 191.683 step  9.74 cur   42483.1 best   41322.7
it  240000 T 110.580 step  8.78 cur   38078.6 best   37245.5
it  280000 T  63.792 step  7.86 cur   35805.2 best   35386.5
it  320000 T  36.801 step  6.97 cur   34470.5 best   34197.0
it  360000 T  21.230 step  6.12 cur   33962.1 best   33503.8
it  400000 T  12.247 step  5.30 cur   33238.4 best   33194.6
it  440000 T   7.065 step  4.53 cur   33142.9 best   33116.3
it  480000 T   4.076 step  3.79 cur   32964.9 best   32962.0
it  520000 T   2.351 step  3.11 cur   32897.3 best   32897.3
it  560000 T   1.356 step  2.46 cur   32871.2 best   32866.3
it  600000 T   0.783 step  1.88 cur   32637.9 best   32637.9
it  640000 T   0.451 step  1.34 cur   32532.2 best   32532.2
it  680000 T   0.260 step  0.87 cur   32508.5 best   32507.5
it  720000 T   0.150 step  0.47 cur   32433.1 best   32433.1
it  760000 T   0.087 step  0.20 cur   32337.2 best   32337.2
final exact cost 32316.5 (tracked 32316.5)
