it       0 T 3000.000 step 15.00 cur  994255.5 best  994255.5
it   40000 T 1730.668 step 13.89 cur  131066.1 best  119118.0
it   80000 T 998.404 step 12.81 cur   82039.0 best   73862.8
it  120000 T 575.968 step 11.75 cur   67987.6 best   58930.2
it  160000 T 332.270 step 10.73 cur   54040.0 best   50506.3
it  200000 T 191.683 step  9.74 cur   48805.3 best   47404.1
it  240000 T 110.580 step  8.78 cur   41827.6 best   41436.0
it  280000 T  63.792 step  7.86 cur   38684.0 best   38565.5
it  320000 T  36.801 step  6.97 cur   36831.0 best   36820.9
it  360000 T  21.230 step  6.12 cur   35671.2 best   35671.2
it  400000 T  12.247 step  5.30 cur   35521.9 best   35480.2
it  440000 T   7.065 step  4.53 cur   34935.9 best   34925.7
it  480000 T   4.076 step  3.79 cur   34294.6 best   34292.4
it  520000 T   2.351 step  3.11 cur   34105.0 best   34105.0
it  560000 T   1.356 step  2.46 cur   33851.4 best   33844.2
it  600000 T   0.783 step  1.88 cur   33822.9 best   33817.8
it  640000 T   0.451 step  1.34 cur   33645.6 best   33645.6
it  680000 T   0.260 step  0.87 cur   33619.6 best   33619.6
it  720000 T   0.150 step  0.47 cur   33333.1 best   33333.1
it  760000 T   0.087 step  0.20 cur   33264.6 best   33264.2
final exact cost 33221.7 (tracked 33221.7)
