it       0 T 3000.000 step 15.00 cur  895853.0 best  895853.0
it   40000 T 1730.668 step 13.89 cur  118537.0 best  101027.8
it   80000 T 998.404 step 12.81 cur   67379.8 best   57890.9
it  120000 T 575.968 step 11.75 cur   44255.2 best   43080.3
it  160000 T 332.270 step 10.73 cur   35921.3 best   34071.2
it  200000 T 191.683 step  9.74 cur   30075.6 best   28658.4
it  240000 T 110.580 step  8.78 cur   27453.8 best   26792.6
it  280000 T  63.792 step  7.86 cur   24356.2 best   23546.8
it  320000 T  36.801 step  6.97 cur   22380.0 best   22323.7
it  360000 T  21.230 step  6.12 cur   21395.7 best   21317.1
it  400000 T  12.247 step  5.30 cur   21004.9 best   20985.6
it  440000 T   7.065 step  4.53 cur   20370.4 best   20364.6
it  480000 T   4.076 step  3.79 cur   20240.6 best   20231.0
it  520000 T   2.351 step  3.11 cur   20034.3 best   20034.2
it  560000 T   1.356 step  2.46 cur   19871.6 best   19869.6
it  600000 T   0.783 step  1.88 cur   19699.4 best   19698.5
it  640000 T   0.451 step  1.34 cur   19527.9 best   19527.9
it  680000 T   0.260 step  0.87 cur   19419.4 best   19419.1
it  720000 T   0.150 step  0.47 cur   19374.9 best   19374.9
it  760000 T   0.087 step  0.20 cur   19341.4 best   19341.4
final exact cost 19323.3 (tracked 19323.3)
