it       0 T 3000.000 step 15.00 cur  791401.4 best  791401.4
it   40000 T 1730.668 step 13.89 cur  138278.5 best  112217.9
it   80000 T 998.404 step 12.81 cur   51472.1 best   50248.3
it  120000 T 575.968 step 11.75 cur   44680.5 best   37165.8
it  160000 T 332.270 step 10.73 cur   30889.5 best   28808.4
it  200000 T 191.683 step  9.74 cur   25481.6 best   23875.8
it  240000 T 110.580 step  8.78 cur   23254.4 best   22606.2
it  280000 T  63.792 step  7.86 cur   21128.3 best   21075.4
it  320000 T  36.801 step  6.97 cur   20810.8 best   20564.4
it  360000 T  21.230 step  6.12 cur   20296.3 best   20200.4
it  400000 T  12.247 step  5.30 cur   20120.7 best   20026.4
it  440000 T   7.065 step  4.53 cur   19222.0 best   19179.0
it  480000 T   4.076 step  3.79 cur   19157.6 best   19157.6
it  520000 T   2.351 step  3.11 cur   19000.6 best   19000.6
it  560000 T   1.356 step  2.46 cur   18875.4 best   18875.2
it  600000 T   0.783 step  1.88 cur   18842.7 best   18840.9
it  640000 T   0.451 step  1.34 cur   18825.5 best   18825.5
it  680000 T   0.260 step  0.87 cur   18789.0 best   18788.3
it  720000 T   0.150 step  0.47 cur   18756.4 best   18756.4
it  760000 T   0.087 step  0.20 cur   18737.1 best   18736.8
final exact cost 18730.9 (tracked 18730.9)
