it       0 T 3000.000 step 15.00 cur  735509.6 best  735509.6
it   40000 T 1730.668 step 13.89 cur   95643.9 best   77100.7
it   80000 T 998.404 step 12.81 cur   55246.9 best   43802.9
it  120000 T 575.968 step 11.75 cur   34771.4 best   31123.1
it  160000 T 332.270 step 10.73 cur   20942.2 best   19246.5
it  200000 T 191.683 step  9.74 cur   13559.7 best   13192.1
it  240000 T 110.580 step  8.78 cur   12095.1 best   11265.2
it  280000 T  63.792 step  7.86 cur    9422.7 best    8974.2
it  320000 T  36.801 step  6.97 cur    8500.4 best    8368.2
it  360000 T  21.230 step  6.12 cur    8236.3 best    8083.8
it  400000 T  12.247 step  5.30 cur    7875.0 best    7828.9
it  440000 T   7.065 step  4.53 cur    7527.0 best    7514.2
it  480000 T   4.076 step  3.79 cur    7327.2 best    7325.7
it  520000 T   2.351 step  3.11 cur    7275.5 best    7274.4
it  560000 T   1.356 step  2.46 cur    7230.3 best    7228.3
it  600000 T   0.783 step  1.88 cur    7107.0 best    7106.7
it  640000 T   0.451 step  1.34 cur    6935.3 best    6934.5
it  680000 T   0.260 step  0.87 cur    6859.0 best    6859.0
it  720000 T   0.150 step  0.47 cur    6840.1 best    6840.1
it  760000 T   0.087 step  0.20 cur    6814.9 best    6814.7
final exact cost 6800.0 (tracked 6800.0)
