it       0 T 3000.000 step 15.00 cur  686419.6 best  686419.6
it   40000 T 1730.668 step 13.89 cur  117873.1 best  115025.2
it   80000 T 998.404 step 12.81 cur   55217.7 best   52990.2
it  120000 T 575.968 step 11.75 cur   48259.7 best   40647.0
it  160000 T 332.270 step 10.73 cur   35267.6 best   33452.7
it  200000 T 191.683 step  9.74 cur   27680.9 best   26689.5
it  240000 T 110.580 step  8.78 cur   18180.3 best   18150.4
it  280000 T  63.792 step  7.86 cur   16740.6 best   16246.1
it  320000 T  36.801 step  6.97 cur   15798.4 best   15492.3
it  360000 T  21.230 step  6.12 cur   15430.5 best   15381.4
it  400000 T  12.247 step  5.30 cur   14937.7 best   14912.2
it  440000 T   7.065 step  4.53 cur   14522.6 best   14512.9
it  480000 T   4.076 step  3.79 cur   14453.1 best   14445.7
it  520000 T   2.351 step  3.11 cur   14310.5 best   14300.4
it  560000 T   1.356 step  2.46 cur   14240.8 best   14234.2
it  600000 T   0.783 step  1.88 cur   14139.2 best   14137.4
it  640000 T   0.451 step  1.34 cur   14018.1 best   14017.8
it  680000 T   0.260 step  0.87 cur   13993.9 best   13993.9
it  720000 T   0.150 step  0.47 cur   13974.2 best   13974.2
it  760000 T   0.087 step  0.20 cur   13917.1 best   13916.8
final exact cost 13893.6 (tracked 13893.6)
