it       0 T 3000.000 step 15.00 cur  559428.0 best  559428.0
it   40000 T 1730.668 step 13.89 cur   90766.1 best   83932.8
it   80000 T 998.404 step 12.81 cur   49565.9 best   48866.4
it  120000 T 575.968 step 11.75 cur   38191.0 best   33654.8
it  160000 T 332.270 step 10.73 cur   33159.8 best   28541.7
it  200000 T 191.683 step  9.74 cur   24552.8 best   23119.1
it  240000 T 110.580 step  8.78 cur   19801.2 best   19603.1
it  280000 T  63.792 step  7.86 cur   19274.4 best   18632.2
it  320000 T  36.801 step  6.97 cur   16586.6 best   16581.0
it  360000 T  21.230 step  6.12 cur   15822.1 best   15691.2
it  400000 T  12.247 step  5.30 cur   15535.4 best   15474.2
it  440000 T   7.065 step  4.53 cur   15380.1 best   15380.1
it  480000 T   4.076 step  3.79 cur   15017.6 best   15017.3
it  520000 T   2.351 step  3.11 cur   14986.5 best   14986.1
it  560000 T   1.356 step  2.46 cur   14866.8 best   14862.0
it  600000 T   0.783 step  1.88 cur   14794.2 best   14793.8
it  640000 T   0.451 step  1.34 cur   14765.8 best   14763.7
it  680000 T   0.260 step  0.87 cur   14738.3 best   14738.0
it  720000 T   0.150 step  0.47 cur   14673.2 best   14673.2
it  760000 T   0.087 step  0.20 cur   14632.9 best   14632.9
final exact cost 14220.4 (tracked 14220.4)
