it       0 T 3000.000 step 15.00 cur  788369.9 best  788369.9
it   40000 T 1730.668 step 13.89 cur  154439.2 best  140795.3
it   80000 T 998.404 step 12.81 cur  124104.8 best  113779.8
it  120000 T 575.968 step 11.75 cur   72868.0 best   70943.8
it  160000 T 332.270 step 10.73 cur   58567.4 best   57147.7
it  200000 T 191.683 step  9.74 cur   51646.4 best   50397.3
it  240000 T 110.580 step  8.78 cur   49527.7 best   48922.2
it  280000 T  63.792 step  7.86 cur   48378.1 best   47961.8
it  320000 T  36.801 step  6.97 cur   47151.3 best   46967.6
it  360000 T  21.230 step  6.12 cur   45862.6 best   45862.6
it  400000 T  12.247 step  5.30 cur   44583.9 best   44487.0
it  440000 T   7.065 step  4.53 cur   44417.5 best   44408.0
it  480000 T   4.076 step  3.79 cur   44340.2 best   44332.3
it  520000 T   2.351 step  3.11 cur   44233.3 best   44233.3
it  560000 T   1.356 step  2.46 cur   44210.7 best   44204.1
it  600000 T   0.783 step  1.88 cur   44161.1 best   44156.4
it  640000 T   0.451 step  1.34 cur   43615.0 best   43615.0
it  680000 T   0.260 step  0.87 cur   43531.1 best   43531.1
it  720000 T   0.150 step  0.47 cur   43355.2 best   43355.2
it  760000 T   0.087 step  0.20 cur   43213.3 best   43213.3
final exact cost 43208.7 (tracked 43208.7)
