it       0 T 3000.000 step 15.00 cur  688458.0 best  688458.0
it   40000 T 1730.668 step 13.89 cur  108500.4 best   93796.5
it   80000 T 998.404 step 12.81 cur   59375.3 best   44289.3
it  120000 T 575.968 step 11.75 cur   35133.8 best   34142.5
it  160000 T 332.270 step 10.73 cur   30123.3 best   28441.5
it  200000 T 191.683 step  9.74 cur   19840.3 best   19025.9
it  240000 T 110.580 step  8.78 cur   15999.2 best   15637.1
it  280000 T  63.792 step  7.86 cur   14057.1 best   13634.3
it  320000 T  36.801 step  6.97 cur   12776.2 best   12669.8
it  360000 T  21.230 step  6.12 cur   12283.1 best   12114.7
it  400000 T  12.247 step  5.30 cur   11926.4 best   11908.3
it  440000 T   7.065 step  4.53 cur   11774.6 best   11774.6
it  480000 T   4.076 step  3.79 cur   11547.4 best   11530.0
it  520000 T   2.351 step  3.11 cur   11416.2 best   11416.2
it  560000 T   1.356 step  2.46 cur   11280.4 best   11270.9
it  600000 T   0.783 step  1.88 cur   11232.9 best   11232.9
it  640000 T   0.451 step  1.34 cur   11147.6 best   11147.4
it  680000 T   0.260 step  0.87 cur   11107.9 best   11107.3
it  720000 T   0.150 step  0.47 cur   10916.0 best   10916.0
it  760000 T   0.087 step  0.20 cur   10867.7 best   10867.7
final exact cost 10843.2 (tracked 10843.2)
