it       0 T 3000.000 step 15.00 cur  701489.9 best  701489.9
it   40000 T 1730.668 step 13.89 cur  112585.6 best   90146.8
it   80000 T 998.404 step 12.81 cur   65311.2 best   60108.7
it  120000 T 575.968 step 11.75 cur   46058.3 best   44988.1
it  160000 T 332.270 step 10.73 cur   39044.2 best   35323.9
it  200000 T 191.683 step  9.74 cur   32295.9 best   31066.2
it  240000 T 110.580 step  8.78 cur   29362.9 best   29079.0
it  280000 T  63.792 step  7.86 cur   28708.1 best   28073.1
it  320000 T  36.801 step  6.97 cur   27175.1 best   27010.9
it  360000 T  21.230 step  6.12 cur   25659.9 best   25655.2
it  400000 T  12.247 step  5.30 cur   23196.6 best   23136.8
it  440000 T   7.065 step  4.53 cur   22929.1 best   22899.8
it  480000 T   4.076 step  3.79 cur   22574.6 best   22574.6
it  520000 T   2.351 step  3.11 cur   22459.5 best   22458.3
it  560000 T   1.356 step  2.46 cur   22383.9 best   22377.1
it  600000 T   0.783 step  1.88 cur   22162.6 best   22162.6
it  640000 T   0.451 step  1.34 cur   22109.5 best   22109.5
it  680000 T   0.260 step  0.87 cur   22080.5 best   22079.9
it  720000 T   0.150 step  0.47 cur   22052.2 best   22052.2
it  760000 T   0.087 step  0.20 cur   22031.4 best   22031.2
final exact cost 22023.8 (tracked 22023.8)
