it       0 T 3000.000 step 15.00 cur  777397.3 best  777397.3
it   40000 T 1730.668 step 13.89 cur  133551.2 best   87453.9
it   80000 T 998.404 step 12.81 cur   66108.8 best   59653.6
it  120000 T 575.968 step 11.75 cur   48397.8 best   40606.4
it  160000 T 332.270 step 10.73 cur   33456.9 best   31494.8
it  200000 T 191.683 step  9.74 cur   27253.6 best   25077.6
it  240000 T 110.580 step  8.78 cur   24189.6 best   23431.7
it  280000 T  63.792 step  7.86 cur   18721.1 best   18459.4
it  320000 T  36.801 step  6.97 cur   17790.1 best   17681.4
it  360000 T  21.230 step  6.12 cur   17439.0 best   17376.0
it  400000 T  12.247 step  5.30 cur   17012.3 best   16952.9
it  440000 T   7.065 step  4.53 cur   16763.4 best   16741.0
it  480000 T   4.076 step  3.79 cur   16668.1 best   16647.6
it  520000 T   2.351 step  3.11 cur   16599.7 best   16594.2
it  560000 T   1.356 step  2.46 cur   16496.8 best   16496.8
it  600000 T   0.783 step  1.88 cur   16432.2 best   16430.8
it  640000 T   0.451 step  1.34 cur   16402.8 best   16402.8
it  680000 T   0.260 step  0.87 cur   16293.8 best   16293.7
it  720000 T   0.150 step  0.47 cur   16234.9 best   16234.9
it  760000 T   0.087 step  0.20 cur   16193.7 best   16193.7
final exact cost 16189.0 (tracked 16189.0)
