it       0 T 3000.000 step 15.00 cur  906921.3 best  906921.3
it   40000 T 1730.668 step 13.89 cur  113739.7 best  101210.3
it   80000 T 998.404 step 12.81 cur   73906.5 best   69742.6
it  120000 T 575.968 step 11.75 cur   55503.2 best   50071.6
it  160000 T 332.270 step 10.73 cur   41921.9 best   41378.9
it  200000 T 191.683 step  9.74 cur   37282.7 best   35911.6
it  240000 T 110.580 step  8.78 cur   33652.4 best   32941.1
it  280000 T  63.792 step  7.86 cur   31644.9 best   31608.6
it  320000 T  36.801 step  6.97 cur   30639.4 best   30503.1
it  360000 T  21.230 step  6.12 cur   30359.4 best   30302.6
it  400000 T  12.247 step  5.30 cur   30246.2 best   30179.4
it  440000 T   7.065 step  4.53 cur   29967.3 best   29944.8
it  480000 T   4.076 step  3.79 cur   29823.0 best   29806.4
it  520000 T   2.351 step  3.11 cur   29711.7 best   29701.3
it  560000 T   1.356 step  2.46 cur   29629.9 best   29628.7
it  600000 T   0.783 step  1.88 cur   29424.0 best   29424.0
it  640000 T   0.451 step  1.34 cur   29354.5 best   29354.5
it  680000 T   0.260 step  0.87 cur   29320.5 best   29320.4
it  720000 T   0.150 step  0.47 cur   29268.9 best   29268.9
it  760000 T   0.087 step  0.20 cur   29240.3 best   29240.2
final exact cost 29203.2 (tracked 29203.2)
