it       0 T 3000.000 step 15.00 cur  986419.7 best  986419.7
it   40000 T 1730.668 step 13.89 cur  108742.8 best   80287.9
it   80000 T 998.404 step 12.81 cur   49383.7 best   41587.4
it  120000 T 575.968 step 11.75 cur   36649.8 best   28727.5
it  160000 T 332.270 step 10.73 cur   26325.8 best   24927.4
it  200000 T 191.683 step  9.74 cur   19617.3 best   18433.5
it  240000 T 110.580 step  8.78 cur   17123.9 best   16342.8
it  280000 T  63.792 step  7.86 cur   15004.8 best   14572.8
it  320000 T  36.801 step  6.97 cur   14126.9 best   13941.9
it  360000 T  21.230 step  6.12 cur   13449.0 best   13128.5
it  400000 T  12.247 step  5.30 cur   12922.6 best   12888.7
it  440000 T   7.065 step  4.53 cur   12514.7 best   12498.5
it  480000 T   4.076 step  3.79 cur   12390.9 best   12377.9
it  520000 T   2.351 step  3.11 cur   12176.8 best   12172.8
it  560000 T   1.356 step  2.46 cur   11906.8 best   11905.1
it  600000 T   0.783 step  1.88 cur   10498.3 best   10498.3
it  640000 T   0.451 step  1.34 cur   10440.9 best   10440.9
it  680000 T   0.260 step  0.87 cur   10381.7 best   10381.7
it  720000 T   0.150 step  0.47 cur   10343.6 best   10343.6
it  760000 T   0.087 step  0.20 cur   10189.6 best   10189.6
final exact cost 10166.6 (tracked 10166.6)
