it       0 T 3000.000 step 15.00 cur  559696.8 best  559696.8
it   40000 T 1730.668 step 13.89 cur  114976.0 best   80534.9
it   80000 T 998.404 step 12.81 cur   66108.8 best   64466.5
it  120000 T 575.968 step 11.75 cur   38787.3 best   36471.5
it  160000 T 332.270 step 10.73 cur   37231.3 best   32360.3
it  200000 T 191.683 step  9.74 cur   29526.1 best   27947.0
it  240000 T 110.580 step  8.78 cur   27031.9 best   26068.3
it  280000 T  63.792 step  7.86 cur   23438.7 best   23006.0
it  320000 T  36.801 step  6.97 cur   22032.2 best   21879.7
it  360000 T  21.230 step  6.12 cur   21011.1 best   20791.3
it  400000 T  12.247 step  5.30 cur   20382.6 best   20374.5
it  440000 T   7.065 step  4.53 cur   20246.1 best   20209.2
it  480000 T   4.076 step  3.79 cur   20054.6 best   20025.7
it  520000 T   2.351 step  3.11 cur   19463.6 best   19462.5
it  560000 T   1.356 step  2.46 cur   19136.1 best   19131.9
it  600000 T   0.783 step  1.88 cur   19082.9 best   19082.9
it  640000 T   0.451 step  1.34 cur   18969.9 best   18969.9
it  680000 T   0.260 step  0.87 cur   18918.0 best   18918.0
it  720000 T   0.150 step  0.47 cur   10486.8 best   10486.8
it  760000 T   0.087 step  0.20 cur    8840.2 best    8840.2
final exact cost 8821.2 (tracked 8821.2)
