it       0 T 3000.000 step 15.00 cur  742758.1 best  742758.1
it   40000 T 1730.668 step 13.89 cur  102052.1 best   85856.6
it   80000 T 998.404 step 12.81 cur   52143.3 best   48530.4
it  120000 T 575.968 step 11.75 cur   35041.5 best   31299.0
it  160000 T 332.270 step 10.73 cur   26954.2 best   24520.8
it  200000 T 191.683 step  9.74 cur   22601.9 best   20186.6
it  240000 T 110.580 step  8.78 cur   18592.0 best   17437.2
it  280000 T  63.792 step  7.86 cur   13667.7 best   13282.3
it  320000 T  36.801 step  6.97 cur   12314.6 best   12074.0
it  360000 T  21.230 step  6.12 cur   11734.9 best   11613.3
it  400000 T  12.247 step  5.30 cur   11490.2 best   11487.9
it  440000 T   7.065 step  4.53 cur   11474.7 best   11457.6
it  480000 T   4.076 step  3.79 cur   10921.7 best   10919.0
it  520000 T   2.351 step  3.11 cur   10862.3 best   10859.8
it  560000 T   1.356 step  2.46 cur   10837.7 best   10831.9
it  600000 T   0.783 step  1.88 cur   10774.5 best   10774.5
it  640000 T   0.451 step  1.34 cur   10752.2 best   10750.0
it  680000 T   0.260 step  0.87 cur   10705.8 best   10705.8
it  720000 T   0.150 step  0.47 cur   10678.3 best   10678.0
it  760000 T   0.087 step  0.20 cur   10653.6 best   10653.6
final exact cost 10646.7 (tracked 10646.7)
