it       0 T 3000.000 step 15.00 cur  871913.2 best  871913.2
it   40000 T 1730.668 step 13.89 cur  167978.2 best  131002.2
it   80000 T 998.404 step 12.81 cur   95353.8 best   85623.7
it  120000 T 575.968 step 11.75 cur   59156.0 best   56178.3
it  160000 T 332.270 step 10.73 cur   46620.8 best   46001.5
it  200000 T 191.683 step  9.74 cur   39694.2 best   38572.4
it  240000 T 110.580 step  8.78 cur   36082.2 best   35232.7
it  280000 T  63.792 step  7.86 cur   33371.5 best   33125.9
it  320000 T  36.801 step  6.97 cur   32163.6 best   31955.2
it  360000 T  21.230 step  6.12 cur   30975.8 best   30811.5
it  400000 T  12.247 step  5.30 cur   30626.3 best   30555.6
it  440000 T   7.065 step  4.53 cur   30478.9 best   30425.7
it  480000 T   4.076 step  3.79 cur   30327.4 best   30322.1
it  520000 T   2.351 step  3.11 cur   29985.0 best   29984.9
it  560000 T   1.356 step  2.46 cur   29530.7 best   29530.7
it  600000 T   0.783 step  1.88 cur   29453.0 best   29452.6
it  640000 T   0.451 step  1.34 cur   17039.9 best   17039.9
it  680000 T   0.260 step  0.87 cur   16748.3 best   16747.6
it  720000 T   0.150 step  0.47 cur   16597.7 best   16597.2
it  760000 T   0.087 step  0.20 cur   16518.9 best   16518.8
final exact cost 16465.3 (tracked 16465.3)
