it       0 T 3000.000 step 15.00 cur  983161.8 best  983161.8
it   40000 T 1730.668 step 13.89 cur  119407.8 best  102976.3
it   80000 T 998.404 step 12.81 cur   59691.5 best   55783.6
it  120000 T 575.968 step 11.75 cur   46190.4 best   43307.2
it  160000 T 332.270 step 10.73 cur   30687.2 best   30482.5
it  200000 T 191.683 step  9.74 cur   28078.0 best   27137.0
it  240000 T 110.580 step  8.78 cur   24198.1 best   23906.8
it  280000 T  63.792 step  7.86 cur   23231.1 best   22688.0
it  320000 T  36.801 step  6.97 cur   21185.5 best   20815.4
it  360000 T  21.230 step  6.12 cur   20161.3 best   19989.5
it  400000 T  12.247 step  5.30 cur   19623.7 best   19623.7
it  440000 T   7.065 step  4.53 cur   19396.9 best   19396.9
it  480000 T   4.076 step  3.79 cur    9516.5 best    9494.8
it  520000 T   2.351 step  3.11 cur    9405.3 best    9400.8
it  560000 T   1.356 step  2.46 cur    9253.3 best    9253.3
it  600000 T   0.783 step  1.88 cur    9235.7 best    9233.5
it  640000 T   0.451 step  1.34 cur    9176.5 best    9175.2
it  680000 T   0.260 step  0.87 cur    9150.1 best    9150.1
it  720000 T   0.150 step  0.47 cur    9126.9 best    9126.7
it  760000 T   0.087 step  0.20 cur    9101.4 best    9101.4
final exact cost 9091.2 (tracked 9091.2)
