it       0 T 3000.000 step 15.00 cur  687458.0 best  687458.0
it   40000 T 1730.668 step 13.89 cur  103901.4 best   97906.0
it   80000 T 998.404 step 12.81 cur   84066.9 best   70537.7
it  120000 T 575.968 step 11.75 cur   58469.6 best   57944.3
it  160000 T 332.270 step 10.73 cur   56099.6 best   55984.2
it  200000 T 191.683 step  9.74 cur   48795.8 best   47822.1
it  240000 T 110.580 step  8.78 cur   43661.1 best   43055.1
it  280000 T  63.792 step  7.86 cur   38434.1 best   38432.3
it  320000 T  36.801 step  6.97 cur   36684.0 best   36445.4
it  360000 T  21.230 step  6.12 cur   36075.0 best   36041.8
it  400000 T  12.247 step  5.30 cur   31503.6 best   31496.8
it  440000 T   7.065 step  4.53 cur   30778.6 best   30776.3
it  480000 T   4.076 step  3.79 cur   30047.7 best   30029.7
it  520000 T   2.351 step  3.11 cur   29950.8 best   29950.2
it  560000 T   1.356 step  2.46 cur   29572.7 best   29572.7
it  600000 T   0.783 step  1.88 cur   24087.7 best   24087.7
it  640000 T   0.451 step  1.34 cur   24018.1 best   24018.1
it  680000 T   0.260 step  0.87 cur   23982.9 best   23982.9
it  720000 T   0.150 step  0.47 cur   23935.6 best   23934.6
it  760000 T   0.087 step  0.20 cur   23887.1 best   23887.1
final exact cost 23843.0 (tracked 23843.0)
