it       0 T 3000.000 step 15.00 cur  985919.7 best  985919.7
it   40000 T 1730.668 step 13.89 cur   99378.8 best   80533.4
it   80000 T 998.404 step 12.81 cur   46188.1 best   37074.2
it  120000 T 575.968 step 11.75 cur   36465.9 best   26948.4
it  160000 T 332.270 step 10.73 cur   17724.1 best   17506.5
it  200000 T 191.683 step  9.74 cur   14607.4 best   12729.3
it  240000 T 110.580 step  8.78 cur   12729.3 best   11092.5
it  280000 T  63.792 step  7.86 cur    8955.7 best    8797.1
it  320000 T  36.801 step  6.97 cur    7778.9 best    7398.8
it  360000 T  21.230 step  6.12 cur    6870.6 best    6753.2
it  400000 T  12.247 step  5.30 cur    6645.1 best    6645.1
it  440000 T   7.065 step  4.53 cur    6510.4 best    6505.1
it  480000 T   4.076 step  3.79 cur    6501.1 best    6497.1
it  520000 T   2.351 step  3.11 cur    6380.0 best    6369.2
it  560000 T   1.356 step  2.46 cur    6300.1 best    6297.7
it  600000 T   0.783 step  1.88 cur    6262.4 best    6261.9
it  640000 T   0.451 step  1.34 cur    6187.4 best    6187.3
it  680000 T   0.260 step  0.87 cur    6173.8 best    6173.8
it  720000 T   0.150 step  0.47 cur    6140.7 best    6140.7
it  760000 T   0.087 step  0.20 cur    6125.8 best    6125.4
final exact cost 6119.9 (tracked 6119.9)
