it       0 T 3000.000 step 15.00 cur  787968.3 best  787968.3
it   40000 T 1730.668 step 13.89 cur  134061.2 best  117056.0
it   80000 T 998.404 step 12.81 cur   75573.3 best   61215.3
it  120000 T 575.968 step 11.75 cur   57313.1 best   53591.3
it  160000 T 332.270 step 10.73 cur   45489.2 best   44832.3
it  200000 T 191.683 step  9.74 cur   41347.0 best   41223.3
it  240000 T 110.580 step  8.78 cur   39774.8 best   38235.0
it  280000 T  63.792 step  7.86 cur   36934.2 best   36822.6
it  320000 T  36.801 step  6.97 cur   36075.8 best   35819.1
it  360000 T  21.230 step  6.12 cur   35516.9 best   35371.8
it  400000 T  12.247 step  5.30 cur   34608.5 best   34517.1
it  440000 T   7.065 step  4.53 cur   34459.6 best   34448.2
it  480000 T   4.076 step  3.79 cur   34103.6 best   34103.6
it  520000 T   2.351 step  3.11 cur   33873.1 best   33864.8
it  560000 T   1.356 step  2.46 cur   33852.2 best   33842.1
it  600000 T   0.783 step  1.88 cur   33792.1 best   33788.7
it  640000 T   0.451 step  1.34 cur   33770.2 best   33770.2
it  680000 T   0.260 step  0.87 cur   33762.2 best   33761.8
it  720000 T   0.150 step  0.47 cur   33546.0 best   33545.9
it  760000 T   0.087 step  0.20 cur   33527.1 best   33526.4
final exact cost 33520.5 (tracked 33520.5)
