it       0 T 3000.000 step 15.00 cur  558456.2 best  558456.2
it   40000 T 1730.668 step 13.89 cur  112772.5 best   87858.2
it   80000 T 998.404 step 12.81 cur   72737.9 best   57166.2
it  120000 T 575.968 step 11.75 cur   35640.9 best   35640.9
it  160000 T 332.270 step 10.73 cur   31810.7 best   29953.3
it  200000 T 191.683 step  9.74 cur   25526.8 best   23916.7
it  240000 T 110.580 step  8.78 cur   21056.8 best   20518.6
it  280000 T  63.792 step  7.86 cur   20078.7 best   19420.4
it  320000 T  36.801 step  6.97 cur   18662.6 best   18570.0
it  360000 T  21.230 step  6.12 cur   18137.7 best   18119.5
it  400000 T  12.247 step  5.30 cur   17684.6 best   17610.0
it  440000 T   7.065 step  4.53 cur   17295.4 best   17287.0
it  480000 T   4.076 step  3.79 cur   17207.8 best   17205.1
it  520000 T   2.351 step  3.11 cur   17082.6 best   17068.7
it  560000 T   1.356 step  2.46 cur   16887.6 best   16885.0
it  600000 T   0.783 step  1.88 cur   16769.2 best   16769.2
it  640000 T   0.451 step  1.34 cur   16744.0 best   16741.8
it  680000 T   0.260 step  0.87 cur   16690.9 best   16690.3
it  720000 T   0.150 step  0.47 cur   16651.2 best   16650.8
it  760000 T   0.087 step  0.20 cur   16607.3 best   16607.3
final exact cost 16593.1 (tracked 16593.1)
