it       0 T 3000.000 step 15.00 cur  776679.8 best  776679.8
it   40000 T 1730.668 step 13.89 cur  127589.1 best   93431.5
it   80000 T 998.404 step 12.81 cur   67611.7 best   58355.8
it  120000 T 575.968 step 11.75 cur   47991.6 best   38077.4
it  160000 T 332.270 step 10.73 cur   28243.9 best   27726.5
it  200000 T 191.683 step  9.74 cur   23719.3 best   22443.9
it  240000 T 110.580 step  8.78 cur   21292.1 best   20676.9
it  280000 T  63.792 step  7.86 cur   19119.0 best   19054.3
it  320000 T  36.801 step  6.97 cur   18191.4 best   17905.5
it  360000 T  21.230 step  6.12 cur   15894.5 best   15705.4
it  400000 T  12.247 step  5.30 cur   15691.3 best   15558.3
it  440000 T   7.065 step  4.53 cur   15497.1 best   15454.9
it  480000 T   4.076 step  3.79 cur   15392.9 best   15388.2
it  520000 T   2.351 step  3.11 cur   15365.6 best   15364.6
it  560000 T   1.356 step  2.46 cur   15323.9 best   15317.5
it  600000 T   0.783 step  1.88 cur   15303.8 best   15302.2
it  640000 T   0.451 step  1.34 cur   15270.5 best   15270.5
it  680000 T   0.260 step  0.87 cur   15244.3 best   15244.1
it  720000 T   0.150 step  0.47 cur   15224.0 best   15224.0
it  760000 T   0.087 step  0.20 cur   15206.1 best   15205.6
final exact cost 15204.3 (tracked 15204.3)
