it       0 T 3000.000 step 15.00 cur  906921.3 best  906921.3
it   40000 T 1730.668 step 13.89 cur  109786.8 best   87142.0
it   80000 T 998.404 step 12.81 cur   64125.7 best   54278.5
it  120000 T 575.968 step 11.75 cur   50575.8 best   46888.9
it  160000 T 332.270 step 10.73 cur   38149.6 best   37797.1
it  200000 T 191.683 step  9.74 cur   30891.3 best   29248.6
it  240000 T 110.580 step  8.78 cur   27541.1 best   27541.1
it  280000 T  63.792 step  7.86 cur   26221.1 best   26091.1
it  320000 T  36.801 step  6.97 cur   23244.2 best   23061.4
it  360000 T  21.230 step  6.12 cur   22336.7 best   22083.6
it  400000 T  12.247 step  5.30 cur   22017.2 best   21972.4
it  440000 T   7.065 step  4.53 cur   20713.1 best   20704.2
it  480000 T   4.076 step  3.79 cur   20462.9 best   20461.7
it  520000 T   2.351 step  3.11 cur   20362.5 best   20361.7
it  560000 T   1.356 step  2.46 cur   20296.3 best   20296.3
it  600000 T   0.783 step  1.88 cur   20266.3 best   20266.3
it  640000 T   0.451 step  1.34 cur   20141.7 best   20141.7
it  680000 T   0.260 step  0.87 cur   20092.6 best   20092.6
it  720000 T   0.150 step  0.47 cur   19481.5 best   19481.4
it  760000 T   0.087 step  0.20 cur   19449.9 best   19449.9
final exact cost 19412.2 (tracked 19412.2)
