it       0 T 3000.000 step 15.00 cur  871913.2 best  871913.2
it   40000 T 1730.668 step 13.89 cur  164799.0 best  124115.2
it   80000 T 998.404 step 12.81 cur   79565.2 best   74765.6
it  120000 T 575.968 step 11.75 cur   51980.5 best   44609.7
it  160000 T 332.270 step 10.73 cur   29503.2 best   28138.0
it  200000 T 191.683 step  9.74 cur   25502.7 best   25132.1
it  240000 T 110.580 step  8.78 cur   24412.2 best   24146.7
it  280000 T  63.792 step  7.86 cur   22507.1 best   22306.0
it  320000 T  36.801 step  6.97 cur   20575.3 best   20504.3
it  360000 T  21.230 step  6.12 cur   20237.0 best   20056.0
it  400000 T  12.247 step  5.30 cur   20024.2 best   19934.1
it  440000 T   7.065 step  4.53 cur   19886.1 best   19801.3
it  480000 T   4.076 step  3.79 cur   19553.0 best   19553.0
it  520000 T   2.351 step  3.11 cur   19104.3 best   19104.3
it  560000 T   1.356 step  2.46 cur   18984.1 best   18982.1
it  600000 T   0.783 step  1.88 cur   18731.1 best   18731.1
it  640000 T   0.451 step  1.34 cur   18681.4 best   18680.8
it  680000 T   0.260 step  0.87 cur   18640.6 best   18640.6
it  720000 T   0.150 step  0.47 cur   18613.6 best   18612.9
it  760000 T   0.087 step  0.20 cur   18597.1 best   18597.1
final exact cost 18560.1 (tracked 18560.1)
