it       0 T 3000.000 step 15.00 cur  742258.1 best  742258.1
it   40000 T 1730.668 step 13.89 cur   89566.0 best   84607.4
it   80000 T 998.404 step 12.81 cur   65180.1 best   54784.7
it  120000 T 575.968 step 11.75 cur   38526.3 best   34055.7
it  160000 T 332.270 step 10.73 cur   26529.3 best   24492.6
it  200000 T 191.683 step  9.74 cur   14902.5 best   13759.6
it  240000 T 110.580 step  8.78 cur   12787.9 best   12354.4
it  280000 T  63.792 step  7.86 cur   10140.6 best    9758.7
it  320000 T  36.801 step  6.97 cur    9159.5 best    8768.1
it  360000 T  21.230 step  6.12 cur    7806.9 best    7713.8
it  400000 T  12.247 step  5.30 cur    6915.5 best    6886.6
it  440000 T   7.065 step  4.53 cur    6668.0 best    6595.1
it  480000 T   4.076 step  3.79 cur    6349.5 best    6346.9
it  520000 T   2.351 step  3.11 cur    6259.6 best    6257.0
it  560000 T   1.356 step  2.46 cur    5860.2 best    5860.2
it  600000 T   0.783 step  1.88 cur    5832.4 best    5830.7
it  640000 T   0.451 step  1.34 cur    5804.2 best    5804.2
it  680000 T   0.260 step  0.87 cur    5789.2 best    5788.9
it  720000 T   0.150 step  0.47 cur    5773.2 best    5773.2
it  760000 T   0.087 step  0.20 cur    5733.5 best    5733.5
final exact cost 5727.0 (tracked 5727.0)
