it       0 T 3000.000 step 15.00 cur  701489.9 best  701489.9
it   40000 T 1730.668 step 13.89 cur  106369.5 best   90065.2
it   80000 T 998.404 step 12.81 cur   68945.6 best   53600.6
it  120000 T 575.968 step 11.75 cur   29850.0 best   28821.1
it  160000 T 332.270 step 10.73 cur   22026.8 best   18787.9
it  200000 T 191.683 step  9.74 cur   15051.9 best   14233.7
it  240000 T 110.580 step  8.78 cur   11421.1 best   11138.6
it  280000 T  63.792 step  7.86 cur   11192.2 best    9855.0
it  320000 T  36.801 step  6.97 cur    9604.5 best    9203.8
it  360000 T  21.230 step  6.12 cur    8651.1 best    8452.6
it  400000 T  12.247 step  5.30 cur    7902.4 best    7843.6
it  440000 T   7.065 step  4.53 cur    7597.5 best    7591.9
it  480000 T   4.076 step  3.79 cur    7486.0 best    7469.0
it  520000 T   2.351 step  3.11 cur    7352.2 best    7339.3
it  560000 T   1.356 step  2.46 cur    7308.5 best    7308.5
it  600000 T   0.783 step  1.88 cur    7258.2 best    7258.2
it  640000 T   0.451 step  1.34 cur    7240.1 best    7240.1
it  680000 T   0.260 step  0.87 cur    7207.9 best    7207.9
it  720000 T   0.150 step  0.47 cur    7154.5 best    7154.1
it  760000 T   0.087 step  0.20 cur    7106.7 best    7106.7
final exact cost 7094.7 (tracked 7094.7)
