it       0 T 3000.000 step 15.00 cur  983005.7 best  983005.7
it   40000 T 1730.668 step 13.89 cur  125865.0 best  106138.7
it   80000 T 998.404 step 12.81 cur   53366.3 best   52962.2
it  120000 T 575.968 step 11.75 cur   37082.5 best   34609.7
it  160000 T 332.270 step 10.73 cur   28860.6 best   28369.5
it  200000 T 191.683 step  9.74 cur   24726.8 best   23976.9
it  240000 T 110.580 step  8.78 cur   21308.0 best   21126.3
it  280000 T  63.792 step  7.86 cur   18495.7 best   18297.4
it  320000 T  36.801 step  6.97 cur   16052.6 best   15971.3
it  360000 T  21.230 step  6.12 cur   15545.3 best   15405.2
it  400000 T  12.247 step  5.30 cur   15090.7 best   15006.0
it  440000 T   7.065 step  4.53 cur   14560.2 best   14550.2
it  480000 T   4.076 step  3.79 cur   14391.6 best   14373.9
it  520000 T   2.351 step  3.11 cur   14133.8 best   14133.8
it  560000 T   1.356 step  2.46 cur   13727.8 best   13727.1
it  600000 T   0.783 step  1.88 cur   13661.2 best   13661.2
it  640000 T   0.451 step  1.34 cur   13542.5 best   13542.5
it  680000 T   0.260 step  0.87 cur   13450.0 best   13449.2
it  720000 T   0.150 step  0.47 cur   13408.8 best   13408.7
it  760000 T   0.087 step  0.20 cur   13396.1 best   13395.9
final exact cost 13390.6 (tracked 13390.6)
