== DRC (zones refilled in memory)
Found 49 violations
Found 0 unconnected items
  new: {('warning', 'lib_footprint_mismatch'): 1, ('warning', 'silk_overlap'): 2, ('warning', 'silk_over_copper'): 46} unconnected 0
  A6 : {('warning', 'lib_footprint_mismatch'): 1, ('warning', 'silk_overlap'): 2, ('warning', 'silk_over_copper'): 46}
== parity
check BOOST_power_RC2.kicad_pcb: 128 footprints (want 127), 2921 tracks/vias, 60 zones; parity failures 1
   extra footprints ['G***']
== diff vs A6
Adding duplicate image handler for 'PNG file'
Adding duplicate image handler for 'JPEG file'
Adding duplicate image handler for 'TIFF file'
Adding duplicate image handler for 'GIF file'
Adding duplicate image handler for 'PNM file'
Adding duplicate image handler for 'PCX file'
Adding duplicate image handler for 'IFF file'
Adding duplicate image handler for 'Windows icon file'
Adding duplicate image handler for 'Windows cursor file'
Adding duplicate image handler for 'Windows animated cursor file'
Adding duplicate image handler for 'TGA file'
Adding duplicate image handler for 'XPM file'
Adding duplicate image handler for 'WebP file'
kind       layer                         removed    added
field      B.Fab                               6        6
field      B.Silkscreen                        1        1
footprint  B.Cu                                1        1
fp_shape   B.Courtyard                         1        1
fp_shape   B.Fab                               1        1
fp_shape   B.Silkscreen                        2        2
fp_text    B.Fab                               1        1
pad        B.Cu                                2        2
pad        B.Mask                              2        2
pad        B.Paste                             2        2
track      B.Cu                              373      315
track      F.Cu                              173      160
track      In2.Cu                             11       13
track      In3.Cu                             19       20
track      In4.Cu                             63       55
via        F.Cu-B.Cu                          41      150
zone       B.Cu                               15       13
zone       F.Cu                               18       18
zone       F.Cu,B.Cu,In1.Cu,In2.Cu,In3.Cu,In4.Cu        0        3
zone       F.Cu,B.Cu,In2.Cu,In3.Cu,In4.Cu        3        3
zone       In1.Cu                              0        1
zone       In2.Cu                              3        4
zone       In2.Cu,In3.Cu,In4.Cu                1        1
zone       In3.Cu                              1        1
zone       In3.Cu,In4.Cu                       2        3
zone       In4.Cu                              2        2
== export
exported 74 nets, 1045 barrels, 361 pads
net                layer     old mm2   new mm2   change
12V                B            47.3      49.0     +1.8
5V                 B            77.1      79.5     +2.3
Current            B             8.2      11.2     +3.0
GATE_M1            B             5.5       6.1     +0.5
GATE_M3            B             8.2      10.3     +2.1
GATE_M7            B             7.7       8.6     +0.9
GND                B          2594.8    2684.3    +89.5
IREF1_input        B             4.0       4.7     +0.7
IREF3_input        B             3.6       4.3     +0.7
LX                 B           253.9     251.7     -2.1
M1_ON              B             9.5      11.7     +2.2
M2_ON              B             6.6       8.2     +1.7
Net-(D10--)        B             4.7       6.1     +1.4
Net-(D11--)        B             8.6      11.7     +3.2
Net-(D13--)        B             7.2      16.3     +9.1
Net-(D2--)         B             6.3      11.0     +4.7
Net-(D21--)        B             5.1       6.4     +1.3
Net-(D8--)         B             7.3       9.4     +2.1
Net-(U10-VDDA)     B            10.8      16.5     +5.7
Net-(U15-VDDA)     B             8.5      10.7     +2.3
Output1_drain      B           101.8      98.7     -3.1
Output2_drain      B           174.3     172.7     -1.6
Output3_drain      B            62.0      47.6    -14.4
Vin                B           136.6     155.6    +18.9
Vout_1             B            94.7      71.8    -22.9
Vout_2             B            97.6     114.6    +17.0
Vout_3             B           141.3     134.2     -7.2
analog_5V          B            72.9      76.6     +3.7
m2_source          B            45.6      46.1     +0.5
out_3_on           B            10.6      12.3     +1.7
rsense_lo          B           190.9     197.8     +6.9
Current            F            12.7      17.6     +4.9
GATE_M2            F             5.8       6.8     +0.9
GND                F          3017.0    3004.1    -12.9
IREF2_input        F             7.5       9.7     +2.2
LX                 F           228.8     229.5     +0.7
Net-(D14--)        F             1.9       3.7     +1.8
Net-(D22--)        F             4.8       6.5     +1.6
Net-(D8--)         F             2.5       3.8     +1.3
Net-(U12-OUT)      F             3.9       5.3     +1.4
Net-(U15-VDDA)     F             1.6       0.0     -1.6
Net-(U6-OUT)       F             2.6       3.3     +0.7
Output3_drain      F            43.1      50.2     +7.0
SNS_CH2            F             2.4       3.2     +0.8
SNS_CH3            F             1.5       2.6     +1.0
Vout_1             F           117.9     116.3     -1.6
analog_5V          F            33.9      33.2     -0.7
ena_out_2          F             6.2       8.0     +1.8
out_3_on           F             4.0       4.9     +0.9
GND                In1        4871.2    4840.5    -30.6
Vin                In1          17.3      77.5    +60.2
Vout_2             In1          21.2      39.7    +18.5
rsense_lo          In1           0.0      23.3    +23.3
LX                 In2        1358.0    1348.8     -9.2
Vout_2             In2         102.1     120.6    +18.5
ena_out_2          In2           5.2       6.7     +1.5
GND                In3        2166.4    2175.8     +9.3
LX                 In3          12.0      35.8    +23.8
Net-(D14--)        In3           2.8       5.4     +2.6
Net-(U15-VDDA)     In3           0.0       2.9     +2.9
Vin                In3        1073.1    1068.6     -4.5
Vout_1             In3         477.4     443.7    -33.7
Vout_2             In3          78.5      95.0    +16.5
Vout_3             In3         564.1     563.0     -1.1
ena_out_2          In3           5.9       8.0     +2.1
m2_source          In3          21.6      20.5     -1.1
12V                In4          13.1      16.9     +3.8
5V                 In4          35.0      36.1     +1.1
GND                In4        1471.6    1474.8     +3.2
LX                 In4          12.0      30.8    +18.8
Net-(D11--)        In4           1.4       2.2     +0.9
Vin                In4        1045.6    1040.5     -5.2
Vout_1             In4         266.6     264.4     -2.2
Vout_2             In4         933.0     931.8     -1.1
Vout_3             In4         546.6     545.5     -1.1
ena_out_2          In4           5.4       7.2     +1.7
m2_source          In4          20.0      18.9     -1.1
== GND via layers
  blocked: In3.Cu at (61.05, 66.25)
  blocked: In2.Cu at (36.30, 63.85)
  blocked: In3.Cu at (36.30, 63.85)
  blocked: B.Cu at (94.20, 70.30)
  blocked: In3.Cu at (61.90, 66.25)
  blocked: In3.Cu at (60.20, 66.25)
  blocked: In3.Cu at (59.35, 66.25)
  blocked: In2.Cu at (37.00, 63.85)
  blocked: In3.Cu at (37.00, 63.85)
  blocked: B.Cu at (94.20, 71.42)
  blocked: In3.Cu at (58.50, 66.25)
GND vias: 277
layers connected (of 6): {1: 1, 2: 18, 3: 42, 4: 31, 5: 46, 6: 139}
missed, by layer: {'In4.Cu': 104, 'F.Cu': 6, 'In2.Cu': 99, 'In3.Cu': 68, 'B.Cu': 34}
missed, by reason: {'other-net pour has priority here': 300, 'GND pour exists, fill blocked locally': 11}
== signal over GND
== L8_cu.json (8 layers)
  F.Cu    signal    261 mm,  90 % over GND   | gate    27 mm,  81 %
  In2.Cu  signal     36 mm,  90 % over GND   | gate     0 mm,   0 %
  In3.Cu  signal    167 mm,  23 % over GND   | gate    13 mm,   0 %
  In5.Cu  signal    235 mm,  91 % over GND   | gate     4 mm,  75 %
  B.Cu    signal    486 mm,  93 % over GND   | gate    42 mm,  90 %
  all     signal   1185 mm,  82 % over GND   | gate    85 mm,  72 %
== A6_cu.json (6 layers)
  F.Cu    signal    274 mm,  90 % over GND   | gate    27 mm,  81 %
  In2.Cu  signal     49 mm,  89 % over GND   | gate     0 mm,   0 %
  In3.Cu  signal    194 mm,  35 % over GND   | gate    13 mm,   4 %
  In4.Cu  signal    284 mm,  57 % over GND   | gate     4 mm,   0 %
  B.Cu    signal    569 mm,  22 % over GND   | gate    42 mm,  16 %
  all     signal   1370 mm,  47 % over GND   | gate    85 mm,  34 %
== U4_cu.json (6 layers)
  F.Cu    signal    276 mm,  90 % over GND   | gate    28 mm,  77 %
  In2.Cu  signal     49 mm,  88 % over GND   | gate     0 mm,   0 %
  In3.Cu  signal    201 mm,  32 % over GND   | gate    13 mm,   4 %
  In4.Cu  signal    284 mm,  60 % over GND   | gate     4 mm,   0 %
  B.Cu    signal    584 mm,  23 % over GND   | gate    49 mm,   7 %
  all     signal   1394 mm,  47 % over GND   | gate    94 mm,  27 %
== copper solve (all branches)
branch                        I (A) L8                                 | A6                                 | U4                                
                                    R mOhm / neck C (len) / long C / v> | R mOhm / neck C (len) / long C / v> | R mOhm / neck C (len) / long C / v>
Vin J1->R1 (DC)               18.40  1.038 /  38.5 (4.5) /  38.5 / 4   |  1.020 /  39.6 (3.7) /  39.6 / 4   |  1.032 /  39.0 (4.1) /  39.0 / 4  
Vin caps->R1 (ripple)          9.50  0.350 /   9.2 (3.3) /   9.2 / 0   |  0.360 /   9.6 (3.3) /   9.6 / 0   |  0.367 /   9.2 (3.8) /   9.2 / 0  
rsense_lo R1->L1              20.70  0.216 /  25.0 (6.9) /  25.0 / 10  |  0.227 /  26.2 (6.9) /  26.2 / 8   |  0.229 /  24.1 (7.0) /  24.1 / 7  
LX L1->M1                     15.80  0.495 /  52.4 (1.3) /  38.0 / 0   |  0.496 /  52.1 (1.3) /  38.8 / 0   |  0.473 /  29.5 (2.3) /  29.5 / 0  
LX L1->M7                      7.05  0.527 /  19.7 (1.0) /  13.0 / 0   |  0.529 /  19.8 (1.0) /  12.1 / 0   |  0.462 /  13.2 (0.8) /   5.5 / 0  
LX L1->M6                      7.69  0.745 /  31.5 (0.4) /  28.3 / 0   |  0.758 /  33.6 (0.8) /  26.6 / 0   |  0.726 /  19.6 (5.1) /  19.6 / 0  
LX L1->M5                      8.35  2.017 /  57.3 (1.3) /  26.9 / 0   |  1.989 /  57.3 (1.3) /  25.6 / 0   |  1.964 /  56.4 (1.3) /  25.6 / 0  
m2_source M7->M2               7.05  0.039 /   4.2 (0.0) /   0.0 / 0   |  0.039 /   4.2 (0.0) /   0.0 / 0   |  0.038 /   4.0 (0.0) /   0.0 / 0  
m3_source M6->M3               7.69  0.041 /   5.7 (0.0) /   0.0 / 0   |  0.041 /   5.7 (0.0) /   0.0 / 0   |  0.041 /   5.7 (0.0) /   0.0 / 0  
m4_source M5->M4               8.35  0.041 /   8.6 (0.0) /   0.0 / 0   |  0.041 /   8.6 (0.0) /   0.0 / 0   |  0.041 /   8.6 (0.0) /   0.0 / 0  
Vout_1 M2->bank+J3             7.05  0.205 /  13.7 (0.0) /   5.4 / 0   |  0.219 /  19.1 (0.0) /   4.7 / 0   |  0.220 /  16.8 (0.2) /   5.5 / 0  
Vout_2 M3->bank+J8             7.69  0.313 /   9.4 (0.9) /   5.8 / 0   |  0.314 /   9.4 (0.8) /   5.9 / 0   |  0.312 /   9.4 (0.9) /   5.8 / 0  
Vout_3 M4->bank+J5             8.35  0.119 /   4.8 (1.2) /   2.0 / 0   |  0.123 /   5.2 (1.1) /   1.4 / 0   |  0.121 /   4.8 (1.2) /   1.8 / 0  
Vout_1 M2->J3 (LED DC)         2.63  8.357 /  17.5 (2.3) /  17.5 / 0   |  8.450 /  17.8 (2.8) /  17.8 / 0   |  8.464 /  18.0 (2.8) /  18.0 / 0  
Vout_2 M3->J8 (LED DC)         2.37  3.048 /   5.5 (5.7) /   5.5 / 0   |  3.049 /   5.5 (5.6) /   5.5 / 0   |  3.077 /   5.4 (5.6) /   5.4 / 0  
Vout_3 M4->J5 (LED DC)         2.37  1.574 /   2.3 (2.3) /   2.3 / 0   |  1.579 /   2.4 (2.2) /   2.4 / 0   |  1.623 /   2.4 (4.1) /   2.4 / 0  
Output1_drain J4->M10          2.63  1.787 /   4.1 (1.3) /   3.9 / 0   |  1.752 /   4.2 (1.3) /   3.8 / 0   |  1.968 /   4.1 (1.3) /   3.8 / 0  
Output2_drain J7->M9           2.37  2.733 /   6.6 (1.3) /   3.3 / 0   |  2.733 /   6.6 (1.3) /   3.3 / 0   |  2.868 /   6.6 (1.3) /   3.5 / 0  
Output3_drain J6->M8           2.37  3.026 /   4.6 (10.0) /   4.6 / 0  |  3.026 /   4.6 (10.0) /   4.6 / 0  |  2.992 /   4.6 (10.1) /   4.6 / 0 
M10-S M10->R52                 2.63  0.310 /   3.1 (1.2) /   0.0 / 0   |  0.310 /   3.1 (1.2) /   0.0 / 0   |  0.310 /   3.1 (1.2) /   0.0 / 0  
M9-S M9->R53                   2.37  0.284 /   9.5 (0.0) /   0.0 / 0   |  0.284 /   9.5 (0.0) /   0.0 / 0   |  0.284 /   9.5 (0.0) /   0.0 / 0  
M8-S M8->R7                    2.37  0.236 /   1.4 (1.6) /   0.0 / 0   |  0.236 /   1.4 (1.6) /   0.0 / 0   |  0.236 /   1.4 (1.6) /   0.0 / 0  
GND M1->input caps+J2         15.80  0.128 /  22.2 (0.2) /   9.4 / 1   |  0.168 /  39.4 (0.1) /  13.8 / 2   |  0.147 /  10.6 (0.2) /   4.6 / 0  
GND ch1 bank->input            7.05  0.249 /   2.1 (1.5) /   2.0 / 0   |  0.454 /  10.0 (1.4) /   8.0 / 1   |  0.382 /   5.3 (3.6) /   5.3 / 0  
GND ch2 bank->input            7.69  0.433 /   2.1 (4.3) /   2.1 / 1   |  0.754 /  10.2 (3.4) /  10.2 / 3   |  0.688 /   6.1 (2.7) /   6.1 / 0  
GND ch3 bank->input            8.35  0.251 /   1.8 (4.5) /   1.8 / 1   |  0.454 /   7.6 (5.3) /   7.6 / 1   |  0.443 /   5.1 (5.8) /   5.1 / 1  
GND R52 return                 2.63  0.454 /   0.1 (7.2) /   0.1 / 0   |  0.769 /   0.6 (7.5) /   0.6 / 0   |  0.728 /   0.4 (8.4) /   0.4 / 0  
GND R53 return                 2.37  0.592 /   0.2 (2.1) /   0.2 / 0   |  0.955 /   0.7 (2.6) /   0.7 / 0   |  0.907 /   0.3 (9.1) /   0.3 / 0  
GND R7 return                  2.37  0.544 /   0.2 (1.1) /   0.1 / 0   |  0.883 /   0.5 (7.2) /   0.5 / 0   |  0.848 /   0.3 (6.4) /   0.3 / 0  
