2026-09-24 00:48:03.259 INFO   Freerouting v2.4.1 (build-date: 2026-09-03)
2026-09-24 00:48:05.027 INFO   [AD4F60\008302] Loading board file 'c2o.dsn'...
2026-09-24 00:48:05.286 INFO   Layer 'In1.Cu' has been automatically configured as a dedicated power plane because it contains a large conduction area covering >50% of the board.
2026-09-24 00:48:05.286 INFO   Layer 'In6.Cu' has been automatically configured as a dedicated power plane because it contains a large conduction area covering >50% of the board.
2026-09-24 00:48:05.328 INFO   [AD4F60\008302] Job 'AD4F60\008302' started at 2026-09-24T07:48:05.328182500Z.
2026-09-24 00:48:05.857 INFO   [AD4F60\008302] Fanout stage started on board 'e27c98b2dcd758918b4e1ff325304e1d' with 424 of 472 SMD pins needing fanout (48 already connected, 0 netless).
2026-09-24 00:48:34.814 INFO   [AD4F60\008302] Fanout pass #1 on board 'a6a782b9f7f65b70d8971e8f381bb565' completed in 28.61 seconds with 220 SMD pins fanouted, 126 not routed, 0 insert errors, +45 extra vias (0 SMD pins still to check in pass, ripup costs=100).
2026-09-24 00:48:46.791 INFO   [AD4F60\008302] Fanout pass #2 on board '4539a58de72724e95a1308d0b7bbed30' completed in 11.95 seconds with 65 SMD pins fanouted, 119 not routed, 0 insert errors, +10 extra vias (0 SMD pins still to check in pass, ripup costs=200).
2026-09-24 00:49:02.667 INFO   [AD4F60\008302] Fanout pass #3 on board '1fd64bbcc236f447eca55b94b0c0039a' completed in 15.84 seconds with 56 SMD pins fanouted, 114 not routed, 0 insert errors, +11 extra vias (0 SMD pins still to check in pass, ripup costs=300).
2026-09-24 00:49:13.470 INFO   [AD4F60\008302] Fanout pass #4 on board 'c61e1f341c6eebf27a54584ae6be2e3e' completed in 10.77 seconds with 45 SMD pins fanouted, 113 not routed, 0 insert errors, +1 extra via (0 SMD pins still to check in pass, ripup costs=400).
2026-09-24 00:49:28.094 INFO   [AD4F60\008302] Fanout pass #5 on board '3b6dd7a250fcedc393f28df4326acbcb' completed in 14.59 seconds with 39 SMD pins fanouted, 115 not routed, 0 insert errors, +0 extra vias (0 SMD pins still to check in pass, ripup costs=500).
2026-09-24 00:49:38.291 INFO   [AD4F60\008302] Fanout pass #6 on board 'e2413977b5288c14f5e55da655a77699' completed in 10.16 seconds with 39 SMD pins fanouted, 117 not routed, 0 insert errors, +1 extra via (0 SMD pins still to check in pass, ripup costs=600).
2026-09-24 00:49:48.327 INFO   [AD4F60\008302] Fanout pass #7 on board '54945ff9da05ff9676d8b7891a5de7da' completed in 10.00 seconds with 28 SMD pins fanouted, 121 not routed, 0 insert errors, +0 extra vias (0 SMD pins still to check in pass, ripup costs=700).
2026-09-24 00:49:58.184 INFO   [AD4F60\008302] Fanout pass #8 on board '2bb283bbbff2f9b9333197a03d946ac8' completed in 9.83 seconds with 27 SMD pins fanouted, 120 not routed, 0 insert errors, +0 extra vias (0 SMD pins still to check in pass, ripup costs=800).
2026-09-24 00:50:08.079 INFO   [AD4F60\008302] Fanout pass #9 on board 'c0f1f5b62246635149c9d37d08bdca23' completed in 9.86 seconds with 29 SMD pins fanouted, 122 not routed, 0 insert errors, +2 extra vias (0 SMD pins still to check in pass, ripup costs=900).
2026-09-24 00:50:18.008 INFO   [AD4F60\008302] Fanout pass #10 on board '8807e616ebe3e47cd49248b2086e76ab' completed in 9.90 seconds with 25 SMD pins fanouted, 121 not routed, 0 insert errors, +2 extra vias (0 SMD pins still to check in pass, ripup costs=1000).
2026-09-24 00:50:27.160 INFO   [AD4F60\008302] Fanout pass #11 on board 'e3a101c52f385ead24eed3af3a1878d6' completed in 9.12 seconds with 22 SMD pins fanouted, 121 not routed, 0 insert errors, +0 extra vias (0 SMD pins still to check in pass, ripup costs=1100).
2026-09-24 00:50:36.425 INFO   [AD4F60\008302] Fanout pass #12 on board 'fde1982e1c98be0de0d03a0a22597eb2' completed in 9.23 seconds with 22 SMD pins fanouted, 121 not routed, 0 insert errors, +0 extra vias (0 SMD pins still to check in pass, ripup costs=1200).
2026-09-24 00:50:46.029 INFO   [AD4F60\008302] Fanout pass #13 on board '3d6256e14dde2c3fa20eeb02134fd2b1' completed in 9.57 seconds with 22 SMD pins fanouted, 121 not routed, 0 insert errors, +0 extra vias (0 SMD pins still to check in pass, ripup costs=1300).
2026-09-24 00:50:55.543 INFO   [AD4F60\008302] Fanout pass #14 on board '24238905e343711de2f084227138782b' completed in 9.48 seconds with 22 SMD pins fanouted, 121 not routed, 0 insert errors, +0 extra vias (0 SMD pins still to check in pass, ripup costs=1400).
2026-09-24 00:50:55.543 INFO   Fanout stopped after 14 passes: no progress for 3 consecutive passes.
2026-09-24 00:50:56.514 INFO   [AD4F60\008302] Fanout stage completed: started with 472 total SMD pins, completed in 170.34 seconds, escaped pins: 342/472 (72.5%), using 162.89 total CPU seconds, 493.91 GB total allocated, and 495.8 MB peak heap usage.
2026-09-24 00:50:56.584 INFO   [AD4F60\008302] Auto-routing stage started on board '24238905e343711de2f084227138782b' for 153 unrouted items.
2026-09-24 00:54:49.592 INFO   [AD4F60\008302] Auto-routing pass #1 on board '24238905e343711de2f084227138782b' was completed in 230.55 seconds with score 471.19 (93 unrouted and 545 violations), using 382.89 CPU seconds and the job allocated 1166.26 GB of memory so far.
2026-09-24 00:58:26.268 INFO   [AD4F60\008302] Auto-routing pass #2 on board 'd04e8a7843474f36b11960b0ca332d44' was completed in 213.90 seconds with score 502.61 (81 unrouted and 545 violations), using 589.80 CPU seconds and the job allocated 1718.70 GB of memory so far.
2026-09-24 01:01:05.170 INFO   [AD4F60\008302] Auto-routing pass #3 on board 'd45aeef85279c6cc4d9b220f3be3f8d5' was completed in 156.11 seconds with score 526.17 (72 unrouted and 545 violations), using 741.39 CPU seconds and the job allocated 2154.53 GB of memory so far.
2026-09-24 01:04:28.323 INFO   [AD4F60\008302] Auto-routing pass #4 on board 'ad9b2a8cedfd66498ddf481ed223e96e' was completed in 200.41 seconds with score 531.40 (70 unrouted and 545 violations), using 933.70 CPU seconds and the job allocated 2609.16 GB of memory so far.
2026-09-24 01:07:15.761 INFO   [AD4F60\008302] Auto-routing pass #5 on board '0f9b58a5f2a29fb578c922cea41230da' was completed in 164.67 seconds with score 544.49 (65 unrouted and 545 violations), using 1092.34 CPU seconds and the job allocated 3013.38 GB of memory so far.
2026-09-24 01:09:52.824 INFO   [AD4F60\008302] Auto-routing pass #6 on board 'deb354e7a76dd976ebcb1e3d1512ec1a' was completed in 154.23 seconds with score 544.49 (65 unrouted and 545 violations), using 1244.88 CPU seconds and the job allocated 3420.89 GB of memory so far.
2026-09-24 01:12:51.664 INFO   [AD4F60\008302] Auto-routing pass #7 on board 'd7c1c4d8323fd133545820aa7e76872e' was completed in 176.28 seconds with score 557.58 (60 unrouted and 545 violations), using 1416.98 CPU seconds and the job allocated 3834.66 GB of memory so far.
2026-09-24 01:15:26.367 INFO   [AD4F60\008302] Auto-routing pass #8 on board 'b52b34f4c8e7245882d9073e89577df9' was completed in 151.84 seconds with score 557.58 (60 unrouted and 545 violations), using 1565.41 CPU seconds and the job allocated 4235.25 GB of memory so far.
2026-09-24 01:17:43.225 INFO   [AD4F60\008302] Auto-routing pass #9 on board 'b52b34f4c8e7245882d9073e89577df9' was completed in 135.45 seconds with score 557.58 (60 unrouted and 545 violations), using 1699.69 CPU seconds and the job allocated 4660.84 GB of memory so far.
2026-09-24 01:19:44.654 INFO   [AD4F60\008302] Auto-routing pass #10 on board '961cae6eebf9c20b7c79b3010cd5fb3f' was completed in 119.17 seconds with score 523.55 (73 unrouted and 545 violations), using 1818.50 CPU seconds and the job allocated 5058.19 GB of memory so far.
2026-09-24 01:22:12.857 INFO   [AD4F60\008302] Auto-routing pass #11 on board 'a6dfc96707ca91eb9ac5b094b657b076' was completed in 144.95 seconds with score 554.96 (61 unrouted and 545 violations), using 1963.20 CPU seconds and the job allocated 5559.96 GB of memory so far.
2026-09-24 01:24:46.137 INFO   [AD4F60\008302] Auto-routing pass #12 on board 'b52b34f4c8e7245882d9073e89577df9' was completed in 0.00 seconds with score 557.58 (60 unrouted and 545 violations), using 2113.83 CPU seconds and the job allocated 6064.00 GB of memory so far.
2026-09-24 01:27:02.650 INFO   [AD4F60\008302] Auto-routing pass #13 on board 'b52b34f4c8e7245882d9073e89577df9' was completed in 135.39 seconds with score 554.96 (61 unrouted and 545 violations), using 2247.11 CPU seconds and the job allocated 6504.53 GB of memory so far.
2026-09-24 01:29:19.428 INFO   [AD4F60\008302] Auto-routing pass #14 on board 'f0826cca1fc1399a8072c95e7381295b' was completed in 134.54 seconds with score 549.73 (63 unrouted and 545 violations), using 2381.17 CPU seconds and the job allocated 6934.66 GB of memory so far.
2026-09-24 01:31:37.008 INFO   [AD4F60\008302] Auto-routing pass #15 on board '628535aa790b8f187c02ee04a80e05f0' was completed in 135.35 seconds with score 541.87 (66 unrouted and 545 violations), using 2514.08 CPU seconds and the job allocated 7370.20 GB of memory so far.
2026-09-24 01:33:21.535 WARN   offset_shapes: shape is empty
2026-09-24 01:33:59.845 INFO   [AD4F60\008302] Auto-routing pass #16 on board 'b52b34f4c8e7245882d9073e89577df9' was completed in 0.00 seconds with score 557.58 (60 unrouted and 545 violations), using 2652.48 CPU seconds and the job allocated 7820.14 GB of memory so far.
2026-09-24 01:36:26.430 INFO   [AD4F60\008302] Auto-routing pass #17 on board 'b52b34f4c8e7245882d9073e89577df9' was completed in 145.50 seconds with score 565.43 (57 unrouted and 545 violations), using 2793.52 CPU seconds and the job allocated 8287.54 GB of memory so far.
2026-09-24 01:38:41.792 INFO   [AD4F60\008302] Auto-routing pass #18 on board 'e92cff9f08623f792648151428383152' was completed in 133.16 seconds with score 552.34 (62 unrouted and 545 violations), using 2925.02 CPU seconds and the job allocated 8738.96 GB of memory so far.
2026-09-24 01:40:40.864 INFO   [AD4F60\008302] Auto-routing pass #19 on board 'd69c6eee2e7a786eeeaaad5891581d46' was completed in 117.04 seconds with score 573.29 (54 unrouted and 545 violations), using 3040.47 CPU seconds and the job allocated 9158.21 GB of memory so far.
2026-09-24 01:42:41.360 INFO   [AD4F60\008302] Auto-routing pass #20 on board 'aa06dc2506469c3150fb59854ee9cfc7' was completed in 118.44 seconds with score 573.29 (54 unrouted and 545 violations), using 3157.23 CPU seconds and the job allocated 9570.71 GB of memory so far.
2026-09-24 01:42:43.382 INFO   [AD4F60\008302] Auto-routing stage completed: started with 295 unrouted nets, completed in 3277.00 seconds, final score: 573.29 (54 unrouted and 545 violations), using 3159.20 total CPU seconds, 9578.51 GB total allocated, and 1833.0 MB peak heap usage.
2026-09-24 01:42:43.411 INFO   [AD4F60\008302] Job 'AD4F60\008302' finished with state: COMPLETED (elapsed: 54 minutes 38.07 seconds, finished at UTC: 2026-09-24T08:42:43.404053200Z).
2026-09-24 01:42:43.722 INFO   Saving output file 'C:\Users\bubba\OneDrive\Documents\led-driver\BOOST_split_boards\card_route_2026-09-22\work\fr\c2o.ses' (SES)...
2026-09-24 01:42:43.738 INFO   Successfully saved output file 'C:\Users\bubba\OneDrive\Documents\led-driver\BOOST_split_boards\card_route_2026-09-22\work\fr\c2o.ses' (94034 bytes).
