2026-09-23 12:27:32.533 INFO   Freerouting v2.4.1 (build-date: 2026-09-03)
2026-09-23 12:27:34.053 INFO   [E978C3\2A9A47] Loading board file 'c3c.dsn'...
2026-09-23 12:27:34.240 INFO   Layer 'In1.Cu' has been automatically configured as a dedicated power plane because it contains a large conduction area covering >50% of the board.
2026-09-23 12:27:34.240 INFO   Layer 'In3.Cu' has been automatically configured as a dedicated power plane because it contains a large conduction area covering >50% of the board.
2026-09-23 12:27:34.241 INFO   Layer 'In4.Cu' has been automatically configured as a dedicated power plane because it contains a large conduction area covering >50% of the board.
2026-09-23 12:27:34.241 INFO   Layer 'In6.Cu' has been automatically configured as a dedicated power plane because it contains a large conduction area covering >50% of the board.
2026-09-23 12:27:34.275 INFO   [E978C3\2A9A47] Job 'E978C3\2A9A47' started at 2026-09-23T19:27:34.275844900Z.
2026-09-23 12:27:34.464 INFO   [E978C3\2A9A47] Auto-routing stage started on board '094d3b6dbc49a6113f8b1b13af59482a' for 389 unrouted items.
2026-09-23 12:27:40.176 WARN   offset_shapes: shape is empty
2026-09-23 12:27:40.177 WARN   offset_shapes: shape is empty
2026-09-23 12:27:40.178 WARN   offset_shapes: shape is empty
2026-09-23 12:27:40.178 WARN   offset_shapes: shape is empty
2026-09-23 12:27:40.203 WARN   offset_shapes: shape is empty
2026-09-23 12:27:40.203 WARN   offset_shapes: shape is empty
2026-09-23 12:27:40.203 WARN   offset_shapes: shape is empty
2026-09-23 12:27:40.203 WARN   offset_shapes: shape is empty
2026-09-23 12:27:40.203 WARN   offset_shapes: shape is empty
2026-09-23 12:27:40.203 WARN   offset_shapes: shape is empty
2026-09-23 12:27:40.203 WARN   offset_shapes: shape is empty
2026-09-23 12:27:40.203 WARN   offset_shapes: shape is empty
2026-09-23 12:27:40.205 WARN   offset_shapes: shape is empty
2026-09-23 12:27:40.205 WARN   offset_shapes: shape is empty
2026-09-23 12:27:40.205 WARN   offset_shapes: shape is empty
2026-09-23 12:27:40.205 WARN   offset_shapes: shape is empty
2026-09-23 12:27:40.205 WARN   offset_shapes: shape is empty
2026-09-23 12:27:40.205 WARN   offset_shapes: shape is empty
2026-09-23 12:27:40.205 WARN   offset_shapes: shape is empty
2026-09-23 12:27:40.206 WARN   offset_shapes: shape is empty
2026-09-23 12:27:40.208 WARN   offset_shapes: shape is empty
2026-09-23 12:27:40.208 WARN   offset_shapes: shape is empty
2026-09-23 12:27:40.208 WARN   offset_shapes: shape is empty
2026-09-23 12:27:40.208 WARN   offset_shapes: shape is empty
2026-09-23 12:27:40.208 WARN   offset_shapes: shape is empty
2026-09-23 12:27:40.208 WARN   offset_shapes: shape is empty
2026-09-23 12:27:40.208 WARN   offset_shapes: shape is empty
2026-09-23 12:27:40.208 WARN   offset_shapes: shape is empty
2026-09-23 12:27:40.209 WARN   offset_shapes: shape is empty
2026-09-23 12:27:40.209 WARN   offset_shapes: shape is empty
2026-09-23 12:27:40.209 WARN   offset_shapes: shape is empty
2026-09-23 12:27:40.211 WARN   offset_shapes: shape is empty
2026-09-23 12:27:40.211 WARN   offset_shapes: shape is empty
2026-09-23 12:27:40.211 WARN   offset_shapes: shape is empty
2026-09-23 12:27:40.211 WARN   offset_shapes: shape is empty
2026-09-23 12:27:40.211 WARN   offset_shapes: shape is empty
2026-09-23 12:27:40.211 WARN   offset_shapes: shape is empty
2026-09-23 12:27:40.212 WARN   offset_shapes: shape is empty
2026-09-23 12:27:40.212 WARN   offset_shapes: shape is empty
2026-09-23 12:27:40.212 WARN   offset_shapes: shape is empty
2026-09-23 12:27:40.212 WARN   offset_shapes: shape is empty
2026-09-23 12:27:40.212 WARN   offset_shapes: shape is empty
2026-09-23 12:27:40.213 WARN   offset_shapes: shape is empty
2026-09-23 12:27:40.213 WARN   offset_shapes: shape is empty
2026-09-23 12:27:40.213 WARN   offset_shapes: shape is empty
2026-09-23 12:27:40.213 WARN   offset_shapes: shape is empty
2026-09-23 12:27:40.213 WARN   offset_shapes: shape is empty
2026-09-23 12:27:40.213 WARN   offset_shapes: shape is empty
2026-09-23 12:27:40.213 WARN   offset_shapes: shape is empty
2026-09-23 12:27:40.213 WARN   offset_shapes: shape is empty
2026-09-23 12:27:40.216 WARN   offset_shapes: shape is empty
2026-09-23 12:27:40.217 WARN   offset_shapes: shape is empty
2026-09-23 12:27:40.217 WARN   offset_shapes: shape is empty
2026-09-23 12:27:40.217 WARN   offset_shapes: shape is empty
2026-09-23 12:27:40.217 WARN   offset_shapes: shape is empty
2026-09-23 12:27:40.217 WARN   offset_shapes: shape is empty
2026-09-23 12:27:40.217 WARN   offset_shapes: shape is empty
2026-09-23 12:27:40.217 WARN   offset_shapes: shape is empty
2026-09-23 12:27:40.219 WARN   offset_shapes: shape is empty
2026-09-23 12:27:40.219 WARN   offset_shapes: shape is empty
2026-09-23 12:27:43.324 WARN   offset_shapes: shape is empty
2026-09-23 12:27:43.324 WARN   offset_shapes: shape is empty
2026-09-23 12:28:23.820 WARN   offset_shapes: shape is empty
2026-09-23 12:28:23.820 WARN   offset_shapes: shape is empty
2026-09-23 12:28:56.736 WARN   offset_shapes: shape is empty
2026-09-23 12:28:56.736 WARN   offset_shapes: shape is empty
2026-09-23 12:30:10.144 INFO   [E978C3\2A9A47] Auto-routing pass #1 on board '094d3b6dbc49a6113f8b1b13af59482a' was completed in 155.17 seconds with score 284.37 (169 unrouted and 529 violations), using 149.19 CPU seconds and the job allocated 605.10 GB of memory so far.
2026-09-23 12:31:07.117 WARN   offset_shapes: shape is empty
2026-09-23 12:31:07.118 WARN   offset_shapes: shape is empty
2026-09-23 12:32:15.810 INFO   [E978C3\2A9A47] Auto-routing pass #2 on board '3dbc77066665f00e782a4fa07fea83d3' was completed in 123.92 seconds with score 359.89 (140 unrouted and 529 violations), using 271.08 CPU seconds and the job allocated 1098.45 GB of memory so far.
2026-09-23 12:33:20.887 WARN   offset_shapes: shape is empty
2026-09-23 12:33:20.888 WARN   offset_shapes: shape is empty
2026-09-23 12:34:21.771 INFO   [E978C3\2A9A47] Auto-routing pass #3 on board 'eb9e863793e97ef70c57784816c4c320' was completed in 124.23 seconds with score 370.30 (136 unrouted and 529 violations), using 392.55 CPU seconds and the job allocated 1574.79 GB of memory so far.
2026-09-23 12:36:40.019 INFO   [E978C3\2A9A47] Auto-routing pass #4 on board '397716e5b434c7bdea1d3e14ad0fafb5' was completed in 136.42 seconds with score 406.76 (122 unrouted and 529 violations), using 525.52 CPU seconds and the job allocated 2093.28 GB of memory so far.
2026-09-23 12:38:44.837 INFO   [E978C3\2A9A47] Auto-routing pass #5 on board '2e614b66d8d37a42b6b7c74028719fe3' was completed in 122.94 seconds with score 404.16 (123 unrouted and 529 violations), using 645.91 CPU seconds and the job allocated 2560.30 GB of memory so far.
2026-09-23 12:40:25.348 WARN   offset_shapes: shape is empty
2026-09-23 12:40:25.349 WARN   offset_shapes: shape is empty
2026-09-23 12:40:53.291 INFO   [E978C3\2A9A47] Auto-routing pass #6 on board '0a6ec3a85d33be0d1483fb8368949982' was completed in 126.56 seconds with score 427.59 (114 unrouted and 529 violations), using 769.42 CPU seconds and the job allocated 3030.26 GB of memory so far.
2026-09-23 12:42:59.566 INFO   [E978C3\2A9A47] Auto-routing pass #7 on board '55f22eed99a24bf23ed7fba123df3ceb' was completed in 124.30 seconds with score 414.57 (119 unrouted and 529 violations), using 890.86 CPU seconds and the job allocated 3489.04 GB of memory so far.
2026-09-23 12:43:04.224 WARN   offset_shapes: shape is empty
2026-09-23 12:43:04.225 WARN   offset_shapes: shape is empty
2026-09-23 12:44:14.691 WARN   offset_shapes: shape is empty
2026-09-23 12:44:14.692 WARN   offset_shapes: shape is empty
2026-09-23 12:44:14.692 WARN   offset_shapes: shape is empty
2026-09-23 12:44:14.692 WARN   offset_shapes: shape is empty
2026-09-23 12:44:14.692 WARN   offset_shapes: shape is empty
2026-09-23 12:44:14.692 WARN   offset_shapes: shape is empty
2026-09-23 12:44:14.692 WARN   offset_shapes: shape is empty
2026-09-23 12:44:14.692 WARN   offset_shapes: shape is empty
2026-09-23 12:45:18.440 INFO   [E978C3\2A9A47] Auto-routing pass #8 on board '55f22eed99a24bf23ed7fba123df3ceb' was completed in 0.00 seconds with score 427.59 (114 unrouted and 529 violations), using 1025.14 CPU seconds and the job allocated 3995.26 GB of memory so far.
2026-09-23 12:47:26.333 INFO   [E978C3\2A9A47] Auto-routing pass #9 on board '55f22eed99a24bf23ed7fba123df3ceb' was completed in 126.96 seconds with score 404.16 (123 unrouted and 529 violations), using 1148.66 CPU seconds and the job allocated 4483.25 GB of memory so far.
2026-09-23 12:49:50.841 INFO   [E978C3\2A9A47] Auto-routing pass #10 on board '26cd732e926ece336b2a3877a3e95936' was completed in 142.67 seconds with score 424.99 (115 unrouted and 529 violations), using 1287.33 CPU seconds and the job allocated 5019.40 GB of memory so far.
2026-09-23 12:51:55.610 INFO   [E978C3\2A9A47] Auto-routing pass #11 on board 'ea616f5f6b8b7458b50ffcd0efbdeb83' was completed in 122.86 seconds with score 422.38 (116 unrouted and 529 violations), using 1408.22 CPU seconds and the job allocated 5485.03 GB of memory so far.
2026-09-23 12:54:25.179 INFO   [E978C3\2A9A47] Auto-routing pass #12 on board '55f22eed99a24bf23ed7fba123df3ceb' was completed in 0.00 seconds with score 427.59 (114 unrouted and 529 violations), using 1552.47 CPU seconds and the job allocated 6024.79 GB of memory so far.
2026-09-23 12:55:58.952 WARN   offset_shapes: shape is empty
2026-09-23 12:55:58.953 WARN   offset_shapes: shape is empty
2026-09-23 12:55:58.953 WARN   offset_shapes: shape is empty
2026-09-23 12:55:58.953 WARN   offset_shapes: shape is empty
2026-09-23 12:55:59.118 WARN   offset_shapes: shape is empty
2026-09-23 12:55:59.119 WARN   offset_shapes: shape is empty
2026-09-23 12:55:59.121 WARN   offset_shapes: shape is empty
2026-09-23 12:55:59.121 WARN   offset_shapes: shape is empty
2026-09-23 12:55:59.125 WARN   offset_shapes: shape is empty
2026-09-23 12:55:59.126 WARN   offset_shapes: shape is empty
2026-09-23 12:55:59.129 WARN   offset_shapes: shape is empty
2026-09-23 12:55:59.129 WARN   offset_shapes: shape is empty
2026-09-23 12:55:59.132 WARN   offset_shapes: shape is empty
2026-09-23 12:55:59.132 WARN   offset_shapes: shape is empty
2026-09-23 12:55:59.135 WARN   offset_shapes: shape is empty
2026-09-23 12:55:59.136 WARN   offset_shapes: shape is empty
2026-09-23 12:56:04.761 WARN   offset_shapes: shape is empty
2026-09-23 12:56:04.761 WARN   offset_shapes: shape is empty
2026-09-23 12:56:04.761 WARN   offset_shapes: shape is empty
2026-09-23 12:56:04.761 WARN   offset_shapes: shape is empty
2026-09-23 12:56:41.420 INFO   [E978C3\2A9A47] Auto-routing pass #13 on board '55f22eed99a24bf23ed7fba123df3ceb' was completed in 135.28 seconds with score 417.18 (118 unrouted and 529 violations), using 1684.09 CPU seconds and the job allocated 6532.58 GB of memory so far.
2026-09-23 12:59:05.784 INFO   [E978C3\2A9A47] Auto-routing pass #14 on board '64ebe6924b3e9179995c8bb6ad8dd7a6' was completed in 142.44 seconds with score 427.59 (114 unrouted and 529 violations), using 1824.41 CPU seconds and the job allocated 7073.54 GB of memory so far.
2026-09-23 13:01:30.117 INFO   [E978C3\2A9A47] Auto-routing pass #15 on board '0385662e38afd36d4dbc524f09e8922f' was completed in 142.42 seconds with score 422.38 (116 unrouted and 529 violations), using 1964.16 CPU seconds and the job allocated 7600.79 GB of memory so far.
2026-09-23 13:04:16.330 INFO   [E978C3\2A9A47] Auto-routing pass #16 on board '55f22eed99a24bf23ed7fba123df3ceb' was completed in 0.00 seconds with score 427.59 (114 unrouted and 529 violations), using 2125.61 CPU seconds and the job allocated 8194.95 GB of memory so far.
2026-09-23 13:06:35.064 INFO   [E978C3\2A9A47] Auto-routing pass #17 on board '55f22eed99a24bf23ed7fba123df3ceb' was completed in 137.80 seconds with score 432.80 (112 unrouted and 529 violations), using 2260.03 CPU seconds and the job allocated 8716.72 GB of memory so far.
2026-09-23 13:07:51.197 WARN   offset_shapes: shape is empty
2026-09-23 13:07:51.197 WARN   offset_shapes: shape is empty
2026-09-23 13:07:51.198 WARN   offset_shapes: shape is empty
2026-09-23 13:07:51.198 WARN   offset_shapes: shape is empty
2026-09-23 13:08:52.777 INFO   [E978C3\2A9A47] Auto-routing pass #18 on board '66144f5d60c10c00a47e3fe64aa0b9fb' was completed in 135.84 seconds with score 409.36 (121 unrouted and 529 violations), using 2392.42 CPU seconds and the job allocated 9229.39 GB of memory so far.
2026-09-23 13:09:13.268 WARN   offset_shapes: shape is empty
2026-09-23 13:09:13.268 WARN   offset_shapes: shape is empty
2026-09-23 13:11:18.139 INFO   [E978C3\2A9A47] Auto-routing pass #19 on board 'f2c7f53170e0fa4767ddfbc51221cbad' was completed in 143.52 seconds with score 411.97 (120 unrouted and 529 violations), using 2533.50 CPU seconds and the job allocated 9771.22 GB of memory so far.
2026-09-23 13:13:49.867 INFO   [E978C3\2A9A47] Auto-routing pass #20 on board '66144f5d60c10c00a47e3fe64aa0b9fb' was completed in 0.00 seconds with score 432.80 (112 unrouted and 529 violations), using 2679.37 CPU seconds and the job allocated 10318.53 GB of memory so far.
2026-09-23 13:13:51.692 INFO   [E978C3\2A9A47] Auto-routing stage completed: started with 389 unrouted nets, completed in 2776.46 seconds, final score: 432.80 (112 unrouted and 529 violations), using 2681.31 total CPU seconds, 10326.17 GB total allocated, and 971.7 MB peak heap usage.
2026-09-23 13:13:52.684 INFO   [E978C3\2A9A47] Optimization stage started on board '6c9b23eb897b6915be4e1ff1d6f2d4d3' with score 424.99 (115 unrouted and 529 violations).
2026-09-23 13:16:15.503 INFO   [E978C3\2A9A47] Stopping optimization pass #1 early after 50 consecutive items could not be improved.
2026-09-23 13:16:16.502 INFO   [E978C3\2A9A47] Optimizer pass #1 on board '03974596c111750c3a3d382e631af5c7' was completed in 140.72 seconds with the score of 424.99 (115 unrouted and 529 violations).
2026-09-23 13:17:47.990 INFO   [E978C3\2A9A47] Stopping optimization pass #2 early after 50 consecutive items could not be improved.
2026-09-23 13:17:48.983 INFO   [E978C3\2A9A47] Optimizer pass #2 on board '181963e4718ad05aace3e8c112d35038' was completed in 88.55 seconds with the score of 424.99 (115 unrouted and 529 violations).
2026-09-23 13:17:49.971 INFO   [E978C3\2A9A47] Stopping optimizer because the improvement in this pass (0.0000%) is below the threshold (1.00%).
2026-09-23 13:17:50.952 INFO   [E978C3\2A9A47] Optimization stage completed: started with score 424.99 (115 unrouted and 529 violations), completed in 237.29 seconds, final score: 424.99 (115 unrouted and 529 violations), using 230.41 total CPU seconds, 917.03 GB total allocated, and 883.0 MB peak heap usage.
2026-09-23 13:17:50.971 INFO   [E978C3\2A9A47] Job 'E978C3\2A9A47' finished with state: COMPLETED (elapsed: 50 minutes 16.70 seconds, finished at UTC: 2026-09-23T20:17:50.970924200Z).
2026-09-23 13:17:51.325 INFO   Saving output file 'C:\Users\bubba\OneDrive\Documents\led-driver\BOOST_split_boards\card_route_2026-09-22\work\fr\c3c.ses' (SES)...
2026-09-23 13:17:51.330 INFO   Successfully saved output file 'C:\Users\bubba\OneDrive\Documents\led-driver\BOOST_split_boards\card_route_2026-09-22\work\fr\c3c.ses' (89246 bytes).

real	50m19.821s
user	0m0.000s
sys	0m0.045s
