2026-09-23 14:59:51.749 INFO   Freerouting v2.4.1 (build-date: 2026-09-03)
2026-09-23 14:59:53.377 INFO   [330ADD\5B6A70] Loading board file 'c3f.dsn'...
2026-09-23 14:59:53.694 INFO   Layer 'In1.Cu' has been automatically configured as a dedicated power plane because it contains a large conduction area covering >50% of the board.
2026-09-23 14:59:53.694 INFO   Layer 'In3.Cu' has been automatically configured as a dedicated power plane because it contains a large conduction area covering >50% of the board.
2026-09-23 14:59:53.695 INFO   Layer 'In4.Cu' has been automatically configured as a dedicated power plane because it contains a large conduction area covering >50% of the board.
2026-09-23 14:59:53.695 INFO   Layer 'In6.Cu' has been automatically configured as a dedicated power plane because it contains a large conduction area covering >50% of the board.
2026-09-23 14:59:53.742 INFO   [330ADD\5B6A70] Job '330ADD\5B6A70' started at 2026-09-23T21:59:53.742134300Z.
2026-09-23 14:59:54.114 INFO   [330ADD\5B6A70] Auto-routing stage started on board '6a4b3b7b95c16ea7ba9e43056923002a' for 290 unrouted items.
2026-09-23 15:00:10.775 WARN   offset_shapes: shape is empty
2026-09-23 15:00:10.790 WARN   offset_shapes: shape is empty
2026-09-23 15:00:10.793 WARN   offset_shapes: shape is empty
2026-09-23 15:00:10.793 WARN   offset_shapes: shape is empty
2026-09-23 15:00:10.824 WARN   offset_shapes: shape is empty
2026-09-23 15:00:10.824 WARN   offset_shapes: shape is empty
2026-09-23 15:00:10.824 WARN   offset_shapes: shape is empty
2026-09-23 15:00:10.824 WARN   offset_shapes: shape is empty
2026-09-23 15:00:10.825 WARN   offset_shapes: shape is empty
2026-09-23 15:00:10.825 WARN   offset_shapes: shape is empty
2026-09-23 15:00:10.825 WARN   offset_shapes: shape is empty
2026-09-23 15:00:10.825 WARN   offset_shapes: shape is empty
2026-09-23 15:00:10.828 WARN   offset_shapes: shape is empty
2026-09-23 15:00:10.828 WARN   offset_shapes: shape is empty
2026-09-23 15:00:10.828 WARN   offset_shapes: shape is empty
2026-09-23 15:00:10.828 WARN   offset_shapes: shape is empty
2026-09-23 15:00:10.828 WARN   offset_shapes: shape is empty
2026-09-23 15:00:10.828 WARN   offset_shapes: shape is empty
2026-09-23 15:00:10.828 WARN   offset_shapes: shape is empty
2026-09-23 15:00:10.828 WARN   offset_shapes: shape is empty
2026-09-23 15:00:10.831 WARN   offset_shapes: shape is empty
2026-09-23 15:00:10.831 WARN   offset_shapes: shape is empty
2026-09-23 15:00:10.831 WARN   offset_shapes: shape is empty
2026-09-23 15:00:10.831 WARN   offset_shapes: shape is empty
2026-09-23 15:00:10.832 WARN   offset_shapes: shape is empty
2026-09-23 15:00:10.832 WARN   offset_shapes: shape is empty
2026-09-23 15:00:10.832 WARN   offset_shapes: shape is empty
2026-09-23 15:00:10.832 WARN   offset_shapes: shape is empty
2026-09-23 15:00:10.835 WARN   offset_shapes: shape is empty
2026-09-23 15:00:10.836 WARN   offset_shapes: shape is empty
2026-09-23 15:00:10.836 WARN   offset_shapes: shape is empty
2026-09-23 15:00:10.836 WARN   offset_shapes: shape is empty
2026-09-23 15:00:10.836 WARN   offset_shapes: shape is empty
2026-09-23 15:00:10.836 WARN   offset_shapes: shape is empty
2026-09-23 15:00:10.839 WARN   offset_shapes: shape is empty
2026-09-23 15:00:10.839 WARN   offset_shapes: shape is empty
2026-09-23 15:00:10.839 WARN   offset_shapes: shape is empty
2026-09-23 15:00:10.839 WARN   offset_shapes: shape is empty
2026-09-23 15:00:10.839 WARN   offset_shapes: shape is empty
2026-09-23 15:00:10.839 WARN   offset_shapes: shape is empty
2026-09-23 15:00:10.840 WARN   offset_shapes: shape is empty
2026-09-23 15:00:10.840 WARN   offset_shapes: shape is empty
2026-09-23 15:00:10.842 WARN   offset_shapes: shape is empty
2026-09-23 15:00:10.842 WARN   offset_shapes: shape is empty
2026-09-23 15:00:10.842 WARN   offset_shapes: shape is empty
2026-09-23 15:00:10.842 WARN   offset_shapes: shape is empty
2026-09-23 15:00:10.842 WARN   offset_shapes: shape is empty
2026-09-23 15:00:10.842 WARN   offset_shapes: shape is empty
2026-09-23 15:00:10.842 WARN   offset_shapes: shape is empty
2026-09-23 15:00:10.842 WARN   offset_shapes: shape is empty
2026-09-23 15:00:10.846 WARN   offset_shapes: shape is empty
2026-09-23 15:00:10.846 WARN   offset_shapes: shape is empty
2026-09-23 15:00:10.846 WARN   offset_shapes: shape is empty
2026-09-23 15:00:10.846 WARN   offset_shapes: shape is empty
2026-09-23 15:00:10.846 WARN   offset_shapes: shape is empty
2026-09-23 15:00:10.846 WARN   offset_shapes: shape is empty
2026-09-23 15:00:10.846 WARN   offset_shapes: shape is empty
2026-09-23 15:00:10.846 WARN   offset_shapes: shape is empty
2026-09-23 15:00:10.850 WARN   offset_shapes: shape is empty
2026-09-23 15:00:10.851 WARN   offset_shapes: shape is empty
2026-09-23 15:00:16.206 WARN   offset_shapes: shape is empty
2026-09-23 15:00:16.206 WARN   offset_shapes: shape is empty
