2026-09-23 15:48:50.554 INFO   Freerouting v2.4.1 (build-date: 2026-09-03)
2026-09-23 15:48:52.130 INFO   [CE755C\5350D6] Loading board file 'c3g.dsn'...
2026-09-23 15:48:52.302 INFO   Layer 'In1.Cu' has been automatically configured as a dedicated power plane because it contains a large conduction area covering >50% of the board.
2026-09-23 15:48:52.302 INFO   Layer 'In3.Cu' has been automatically configured as a dedicated power plane because it contains a large conduction area covering >50% of the board.
2026-09-23 15:48:52.302 INFO   Layer 'In4.Cu' has been automatically configured as a dedicated power plane because it contains a large conduction area covering >50% of the board.
2026-09-23 15:48:52.303 INFO   Layer 'In6.Cu' has been automatically configured as a dedicated power plane because it contains a large conduction area covering >50% of the board.
2026-09-23 15:48:52.331 INFO   [CE755C\5350D6] Job 'CE755C\5350D6' started at 2026-09-23T22:48:52.331492100Z.
2026-09-23 15:48:52.727 INFO   [CE755C\5350D6] Fanout stage started on board '6a4b3b7b95c16ea7ba9e43056923002a' with 425 of 472 SMD pins needing fanout (47 already connected, 0 netless).
2026-09-23 15:49:28.190 INFO   [CE755C\5350D6] Fanout pass #1 on board 'e0fd193999b10525bd14074ac698e775' completed in 35.20 seconds with 202 SMD pins fanouted, 150 not routed, 0 insert errors, +41 extra vias (0 SMD pins still to check in pass, ripup costs=100).
2026-09-23 15:49:42.210 INFO   [CE755C\5350D6] Fanout pass #2 on board '5e5c6ac6aa8567ac68b00a42e5d76fdf' completed in 14.00 seconds with 48 SMD pins fanouted, 145 not routed, 0 insert errors, +12 extra vias (0 SMD pins still to check in pass, ripup costs=200).
2026-09-23 15:49:56.014 INFO   [CE755C\5350D6] Fanout pass #3 on board '12136592ed9029ae79b057b18fc9bfa2' completed in 13.78 seconds with 25 SMD pins fanouted, 148 not routed, 0 insert errors, +1 extra via (0 SMD pins still to check in pass, ripup costs=300).
2026-09-23 15:50:09.853 INFO   [CE755C\5350D6] Fanout pass #4 on board 'e602da0948f8b1429ac7584b79a5af97' completed in 13.79 seconds with 27 SMD pins fanouted, 145 not routed, 0 insert errors, +1 extra via (0 SMD pins still to check in pass, ripup costs=400).
2026-09-23 15:50:24.065 INFO   [CE755C\5350D6] Fanout pass #5 on board 'ae14f17e99dbeded16f7772cf7c665e6' completed in 14.17 seconds with 23 SMD pins fanouted, 147 not routed, 0 insert errors, +0 extra vias (0 SMD pins still to check in pass, ripup costs=500).
2026-09-23 15:50:36.930 INFO   [CE755C\5350D6] Fanout pass #6 on board 'f4ce04f4dbe221e56568d0d057c980fa' completed in 12.84 seconds with 26 SMD pins fanouted, 145 not routed, 0 insert errors, +0 extra vias (0 SMD pins still to check in pass, ripup costs=600).
2026-09-23 15:50:50.231 INFO   [CE755C\5350D6] Fanout pass #7 on board 'b7d9abf48315fb6a6158ab13e251ecea' completed in 13.26 seconds with 23 SMD pins fanouted, 147 not routed, 0 insert errors, +0 extra vias (0 SMD pins still to check in pass, ripup costs=700).
2026-09-23 15:51:03.760 INFO   [CE755C\5350D6] Fanout pass #8 on board '809dae2c46a3217d54e69c95a85a8699' completed in 13.49 seconds with 26 SMD pins fanouted, 145 not routed, 0 insert errors, +0 extra vias (0 SMD pins still to check in pass, ripup costs=800).
2026-09-23 15:51:15.942 INFO   [CE755C\5350D6] Fanout pass #9 on board 'a5371fc7b366e403cef1d21e3ca6ad5c' completed in 12.15 seconds with 21 SMD pins fanouted, 147 not routed, 0 insert errors, +0 extra vias (0 SMD pins still to check in pass, ripup costs=900).
2026-09-23 15:51:27.975 INFO   [CE755C\5350D6] Fanout pass #10 on board '201bd9a4fdb38bff1a9647f903c32dc1' completed in 11.99 seconds with 24 SMD pins fanouted, 145 not routed, 0 insert errors, +0 extra vias (0 SMD pins still to check in pass, ripup costs=1000).
2026-09-23 15:51:39.908 INFO   [CE755C\5350D6] Fanout pass #11 on board '4b43b2e6e2ab6053287c27d6d3b79f3c' completed in 11.90 seconds with 21 SMD pins fanouted, 147 not routed, 0 insert errors, +0 extra vias (0 SMD pins still to check in pass, ripup costs=1100).
2026-09-23 15:51:52.308 INFO   [CE755C\5350D6] Fanout pass #12 on board '83b5a305ffb48518eb4561d516432934' completed in 12.38 seconds with 24 SMD pins fanouted, 145 not routed, 0 insert errors, +0 extra vias (0 SMD pins still to check in pass, ripup costs=1200).
2026-09-23 15:52:04.042 INFO   [CE755C\5350D6] Fanout pass #13 on board '4be397e6e441a2ee35ca46e778d28cfa' completed in 11.70 seconds with 21 SMD pins fanouted, 147 not routed, 0 insert errors, +0 extra vias (0 SMD pins still to check in pass, ripup costs=1300).
2026-09-23 15:52:16.068 INFO   [CE755C\5350D6] Fanout pass #14 on board 'c8511b51c83f3b2c0315ee546370cf87' completed in 12.00 seconds with 24 SMD pins fanouted, 145 not routed, 0 insert errors, +0 extra vias (0 SMD pins still to check in pass, ripup costs=1400).
2026-09-23 15:52:27.859 INFO   [CE755C\5350D6] Fanout pass #15 on board '2f1e302ae68bf5c42cd2a565f732254b' completed in 11.77 seconds with 21 SMD pins fanouted, 147 not routed, 0 insert errors, +0 extra vias (0 SMD pins still to check in pass, ripup costs=1500).
2026-09-23 15:52:39.831 INFO   [CE755C\5350D6] Fanout pass #16 on board '0da9b8c1ec29ab724fa253222e052e45' completed in 11.95 seconds with 24 SMD pins fanouted, 145 not routed, 0 insert errors, +0 extra vias (0 SMD pins still to check in pass, ripup costs=1600).
2026-09-23 15:52:52.203 INFO   [CE755C\5350D6] Fanout pass #17 on board '5c63d52db545168121c69a20c36f1e74' completed in 12.35 seconds with 21 SMD pins fanouted, 147 not routed, 0 insert errors, +0 extra vias (0 SMD pins still to check in pass, ripup costs=1700).
2026-09-23 15:53:04.269 INFO   [CE755C\5350D6] Fanout pass #18 on board 'ae56ebc93018b6237d61bd0ce2de29fb' completed in 12.04 seconds with 24 SMD pins fanouted, 145 not routed, 0 insert errors, +0 extra vias (0 SMD pins still to check in pass, ripup costs=1800).
2026-09-23 15:53:16.323 INFO   [CE755C\5350D6] Fanout pass #19 on board '7bc85c201211536edc37147041e0ec40' completed in 12.02 seconds with 21 SMD pins fanouted, 147 not routed, 0 insert errors, +0 extra vias (0 SMD pins still to check in pass, ripup costs=1900).
2026-09-23 15:53:28.675 INFO   [CE755C\5350D6] Fanout pass #20 on board 'b0fa584fe1deb21e73ded9dbc26ae64c' completed in 12.32 seconds with 24 SMD pins fanouted, 145 not routed, 0 insert errors, +0 extra vias (0 SMD pins still to check in pass, ripup costs=2000).
2026-09-23 15:53:29.927 INFO   [CE755C\5350D6] Fanout stage completed: started with 472 total SMD pins, completed in 276.97 seconds, escaped pins: 317/472 (67.2%), using 268.77 total CPU seconds, 910.25 GB total allocated, and 428.6 MB peak heap usage.
2026-09-23 15:53:30.000 INFO   [CE755C\5350D6] Auto-routing stage started on board 'b0fa584fe1deb21e73ded9dbc26ae64c' for 151 unrouted items.
2026-09-23 15:56:21.942 INFO   [CE755C\5350D6] Auto-routing pass #1 on board 'b0fa584fe1deb21e73ded9dbc26ae64c' was completed in 169.17 seconds with score 424.99 (113 unrouted and 539 violations), using 434.52 CPU seconds and the job allocated 1472.59 GB of memory so far.
2026-09-23 15:59:10.977 INFO   [CE755C\5350D6] Auto-routing pass #2 on board '087ebf0f1d6d2a6af419dc4a6b80d523' was completed in 166.05 seconds with score 458.84 (100 unrouted and 539 violations), using 598.94 CPU seconds and the job allocated 1998.02 GB of memory so far.
2026-09-23 16:01:22.181 INFO   [CE755C\5350D6] Auto-routing pass #3 on board '104e104a07eabc68a1764e40671b71c7' was completed in 128.25 seconds with score 461.45 (99 unrouted and 539 violations), using 726.08 CPU seconds and the job allocated 2417.16 GB of memory so far.
2026-09-23 16:03:31.916 INFO   [CE755C\5350D6] Auto-routing pass #4 on board 'c85ac626b89e8883285bd60f4842d0e4' was completed in 126.96 seconds with score 458.84 (100 unrouted and 539 violations), using 852.14 CPU seconds and the job allocated 2831.47 GB of memory so far.
2026-09-23 16:05:57.274 INFO   [CE755C\5350D6] Auto-routing pass #5 on board '5dca29553f687568bbe23d03ede1d295' was completed in 142.65 seconds with score 490.09 (88 unrouted and 539 violations), using 992.22 CPU seconds and the job allocated 3281.96 GB of memory so far.
2026-09-23 16:08:20.908 INFO   [CE755C\5350D6] Auto-routing pass #6 on board '46014702dda6912f3bfe90b179be58ac' was completed in 140.66 seconds with score 505.72 (82 unrouted and 539 violations), using 1131.78 CPU seconds and the job allocated 3717.68 GB of memory so far.
2026-09-23 16:10:48.878 INFO   [CE755C\5350D6] Auto-routing pass #7 on board 'dc561bc36b9c48cffb9818b33bdc9f02' was completed in 144.81 seconds with score 490.09 (88 unrouted and 539 violations), using 1273.92 CPU seconds and the job allocated 4158.19 GB of memory so far.
2026-09-23 16:13:24.818 INFO   [CE755C\5350D6] Auto-routing pass #8 on board 'dc561bc36b9c48cffb9818b33bdc9f02' was completed in 0.00 seconds with score 505.72 (82 unrouted and 539 violations), using 1425.25 CPU seconds and the job allocated 4622.32 GB of memory so far.
2026-09-23 16:15:54.979 INFO   [CE755C\5350D6] Auto-routing pass #9 on board 'dc561bc36b9c48cffb9818b33bdc9f02' was completed in 148.70 seconds with score 490.09 (88 unrouted and 539 violations), using 1571.14 CPU seconds and the job allocated 5072.99 GB of memory so far.
2026-09-23 16:18:34.284 INFO   [CE755C\5350D6] Auto-routing pass #10 on board '6702544fc98931bfdd318c729ebddaec' was completed in 156.27 seconds with score 505.72 (82 unrouted and 539 violations), using 1725.70 CPU seconds and the job allocated 5541.73 GB of memory so far.
2026-09-23 16:21:33.716 INFO   [CE755C\5350D6] Auto-routing pass #11 on board 'fe67f9ce1a5cd824dfd1d87e12319f8e' was completed in 175.19 seconds with score 508.32 (81 unrouted and 539 violations), using 1899.50 CPU seconds and the job allocated 6057.30 GB of memory so far.
2026-09-23 16:23:03.426 WARN   offset_shapes: shape is empty
2026-09-23 16:23:03.427 WARN   offset_shapes: shape is empty
2026-09-23 16:23:35.928 INFO   [CE755C\5350D6] Auto-routing pass #12 on board 'b59fb32069ae0c80dd7fe3a16d3438cc' was completed in 119.30 seconds with score 508.32 (81 unrouted and 539 violations), using 2017.55 CPU seconds and the job allocated 6512.47 GB of memory so far.
2026-09-23 16:23:38.240 INFO   [CE755C\5350D6] Auto-routing stage completed: started with 290 unrouted nets, completed in 2084.73 seconds, final score: 508.32 (81 unrouted and 539 violations), using 2019.47 total CPU seconds, 6520.42 GB total allocated, and 852.5 MB peak heap usage.
2026-09-23 16:23:38.260 INFO   [CE755C\5350D6] Job 'CE755C\5350D6' finished with state: COMPLETED (elapsed: 34 minutes 45.93 seconds, finished at UTC: 2026-09-23T23:23:38.259761500Z).
2026-09-23 16:23:38.650 INFO   Saving output file 'C:\Users\bubba\OneDrive\Documents\led-driver\BOOST_split_boards\card_route_2026-09-22\work\fr\c3g.ses' (SES)...
2026-09-23 16:23:38.653 INFO   Successfully saved output file 'C:\Users\bubba\OneDrive\Documents\led-driver\BOOST_split_boards\card_route_2026-09-22\work\fr\c3g.ses' (80806 bytes).

real	34m49.059s
user	0m0.015s
sys	0m0.015s
