2026-09-24 00:46:58.936 INFO   Freerouting v2.4.1 (build-date: 2026-09-03)
2026-09-24 00:47:00.899 INFO   [04F0E5\E27BCB] Loading board file 'c3o.dsn'...
2026-09-24 00:47:01.195 INFO   Layer 'In1.Cu' has been automatically configured as a dedicated power plane because it contains a large conduction area covering >50% of the board.
2026-09-24 00:47:01.195 INFO   Layer 'In6.Cu' has been automatically configured as a dedicated power plane because it contains a large conduction area covering >50% of the board.
2026-09-24 00:47:01.238 INFO   [04F0E5\E27BCB] Job '04F0E5\E27BCB' started at 2026-09-24T07:47:01.238498700Z.
2026-09-24 00:47:01.811 INFO   [04F0E5\E27BCB] Fanout stage started on board '8b7826d091c0f2ca3fcec1b402d76de6' with 425 of 472 SMD pins needing fanout (47 already connected, 0 netless).
2026-09-24 00:47:36.668 INFO   [04F0E5\E27BCB] Fanout pass #1 on board '520d9cedfcbb9170187ef12496b69726' completed in 34.55 seconds with 207 SMD pins fanouted, 143 not routed, 0 insert errors, +46 extra vias (0 SMD pins still to check in pass, ripup costs=100).
2026-09-24 00:47:50.928 INFO   [04F0E5\E27BCB] Fanout pass #2 on board 'c97f57dad69e9ea71cf8b865a649effe' completed in 14.22 seconds with 55 SMD pins fanouted, 137 not routed, 0 insert errors, +15 extra vias (0 SMD pins still to check in pass, ripup costs=200).
2026-09-24 00:48:04.133 INFO   [04F0E5\E27BCB] Fanout pass #3 on board '63fd212a274d611a34762c337dfbf381' completed in 13.18 seconds with 32 SMD pins fanouted, 136 not routed, 0 insert errors, +5 extra vias (0 SMD pins still to check in pass, ripup costs=300).
2026-09-24 00:48:16.484 INFO   [04F0E5\E27BCB] Fanout pass #4 on board 'cb2de7ee6dde5f76e17e59cecc22fc93' completed in 12.31 seconds with 24 SMD pins fanouted, 134 not routed, 0 insert errors, +3 extra vias (0 SMD pins still to check in pass, ripup costs=400).
2026-09-24 00:48:27.445 INFO   [04F0E5\E27BCB] Fanout pass #5 on board '5fbdf0cb143a5c5be2a6564bd4b8ec0f' completed in 10.92 seconds with 22 SMD pins fanouted, 133 not routed, 0 insert errors, +1 extra via (0 SMD pins still to check in pass, ripup costs=500).
2026-09-24 00:48:38.521 INFO   [04F0E5\E27BCB] Fanout pass #6 on board 'bfad20445414f470f4952769b4faf2eb' completed in 11.04 seconds with 21 SMD pins fanouted, 133 not routed, 0 insert errors, +0 extra vias (0 SMD pins still to check in pass, ripup costs=600).
2026-09-24 00:48:49.601 INFO   [04F0E5\E27BCB] Fanout pass #7 on board '32ad9b2306e88eeac64bfd1b6ff4ca8e' completed in 11.04 seconds with 21 SMD pins fanouted, 133 not routed, 0 insert errors, +0 extra vias (0 SMD pins still to check in pass, ripup costs=700).
2026-09-24 00:49:00.673 INFO   [04F0E5\E27BCB] Fanout pass #8 on board 'aac0cd89c58b5c402d8e2cd59d371d5b' completed in 11.04 seconds with 21 SMD pins fanouted, 133 not routed, 0 insert errors, +0 extra vias (0 SMD pins still to check in pass, ripup costs=800).
2026-09-24 00:49:11.487 INFO   [04F0E5\E27BCB] Fanout pass #9 on board '660e79637cf35eead5b150b2a9425b75' completed in 10.78 seconds with 19 SMD pins fanouted, 133 not routed, 0 insert errors, +0 extra vias (0 SMD pins still to check in pass, ripup costs=900).
2026-09-24 00:49:22.440 INFO   [04F0E5\E27BCB] Fanout pass #10 on board '66a210b28fa82036ae163e456e6e6fb7' completed in 10.91 seconds with 19 SMD pins fanouted, 133 not routed, 0 insert errors, +0 extra vias (0 SMD pins still to check in pass, ripup costs=1000).
2026-09-24 00:49:33.099 INFO   [04F0E5\E27BCB] Fanout pass #11 on board '49a09267b653ce6f2d8d46b420d8c6b1' completed in 10.63 seconds with 19 SMD pins fanouted, 133 not routed, 0 insert errors, +0 extra vias (0 SMD pins still to check in pass, ripup costs=1100).
2026-09-24 00:49:44.418 INFO   [04F0E5\E27BCB] Fanout pass #12 on board '7953a5620b11b9aaf52f9d7747772733' completed in 11.29 seconds with 19 SMD pins fanouted, 133 not routed, 0 insert errors, +0 extra vias (0 SMD pins still to check in pass, ripup costs=1200).
2026-09-24 00:49:44.418 INFO   Fanout stopped after 12 passes: no progress for 3 consecutive passes.
2026-09-24 00:49:45.416 INFO   [04F0E5\E27BCB] Fanout stage completed: started with 472 total SMD pins, completed in 163.34 seconds, escaped pins: 325/472 (68.9%), using 155.11 total CPU seconds, 457.81 GB total allocated, and 444.6 MB peak heap usage.
2026-09-24 00:49:45.496 INFO   [04F0E5\E27BCB] Auto-routing stage started on board '7953a5620b11b9aaf52f9d7747772733' for 170 unrouted items.
2026-09-24 00:50:11.920 WARN   offset_shapes: shape is empty
2026-09-24 00:50:11.922 WARN   offset_shapes: shape is empty
2026-09-24 00:52:29.951 WARN   offset_shapes: shape is empty
2026-09-24 00:52:29.952 WARN   offset_shapes: shape is empty
2026-09-24 00:52:29.954 WARN   offset_shapes: shape is empty
2026-09-24 00:52:29.954 WARN   offset_shapes: shape is empty
2026-09-24 00:52:29.955 WARN   offset_shapes: shape is empty
2026-09-24 00:52:29.955 WARN   offset_shapes: shape is empty
2026-09-24 00:53:54.029 INFO   [04F0E5\E27BCB] Auto-routing pass #1 on board '7953a5620b11b9aaf52f9d7747772733' was completed in 245.99 seconds with score 452.34 (96 unrouted and 566 violations), using 391.17 CPU seconds and the job allocated 1175.42 GB of memory so far.
2026-09-24 00:57:27.298 INFO   [04F0E5\E27BCB] Auto-routing pass #2 on board 'c25af72893e19b6a7a972dfb24a698de' was completed in 210.57 seconds with score 486.38 (83 unrouted and 566 violations), using 593.98 CPU seconds and the job allocated 1721.26 GB of memory so far.
2026-09-24 01:00:15.302 INFO   [04F0E5\E27BCB] Auto-routing pass #3 on board '4e761b0d925e7eb59cebe4e5dea5bc97' was completed in 165.35 seconds with score 496.85 (79 unrouted and 566 violations), using 755.67 CPU seconds and the job allocated 2183.35 GB of memory so far.
2026-09-24 01:02:54.479 INFO   [04F0E5\E27BCB] Auto-routing pass #4 on board 'f20a2dfe914deb910641d129c4320129' was completed in 156.25 seconds with score 507.32 (75 unrouted and 566 violations), using 905.98 CPU seconds and the job allocated 2605.73 GB of memory so far.
2026-09-24 01:06:38.024 INFO   [04F0E5\E27BCB] Auto-routing pass #5 on board '6d04fcb3e0e78afac36e22358b1cc135' was completed in 220.61 seconds with score 507.32 (75 unrouted and 566 violations), using 1118.09 CPU seconds and the job allocated 3106.32 GB of memory so far.
2026-09-24 01:09:57.838 INFO   [04F0E5\E27BCB] Auto-routing pass #6 on board '27f93a4a9fdceac0dc2f2970c709b9a2' was completed in 195.78 seconds with score 525.64 (68 unrouted and 566 violations), using 1312.12 CPU seconds and the job allocated 3623.64 GB of memory so far.
2026-09-24 01:11:51.651 WARN   offset_shapes: shape is empty
2026-09-24 01:13:20.449 INFO   [04F0E5\E27BCB] Auto-routing pass #7 on board '0d9f7d7a2dcd413f7e8ba0c1ca1809aa' was completed in 200.02 seconds with score 523.02 (69 unrouted and 566 violations), using 1506.05 CPU seconds and the job allocated 4104.28 GB of memory so far.
2026-09-24 01:16:08.880 INFO   [04F0E5\E27BCB] Auto-routing pass #8 on board '919e2187c7e73eccc61103166bdd7f5a' was completed in 165.57 seconds with score 538.73 (63 unrouted and 566 violations), using 1667.45 CPU seconds and the job allocated 4553.94 GB of memory so far.
2026-09-24 01:18:21.556 INFO   [04F0E5\E27BCB] Auto-routing pass #9 on board 'ae29c4b4358b8688ee554252cfb3abb9' was completed in 130.11 seconds with score 538.73 (63 unrouted and 566 violations), using 1796.78 CPU seconds and the job allocated 4961.94 GB of memory so far.
2026-09-24 01:20:55.954 INFO   [04F0E5\E27BCB] Auto-routing pass #10 on board '448df6786d18acbe5da3adcddf245f8a' was completed in 151.89 seconds with score 549.20 (59 unrouted and 566 violations), using 1948.88 CPU seconds and the job allocated 5431.13 GB of memory so far.
2026-09-24 01:23:12.490 INFO   [04F0E5\E27BCB] Auto-routing pass #11 on board '0b77f21a2f510f0c366b564c855eed6f' was completed in 134.03 seconds with score 549.20 (59 unrouted and 566 violations), using 2082.09 CPU seconds and the job allocated 5847.69 GB of memory so far.
2026-09-24 01:26:04.562 INFO   [04F0E5\E27BCB] Auto-routing pass #12 on board '0b77f21a2f510f0c366b564c855eed6f' was completed in 0.00 seconds with score 549.20 (59 unrouted and 566 violations), using 2250.14 CPU seconds and the job allocated 6360.98 GB of memory so far.
2026-09-24 01:28:11.387 INFO   [04F0E5\E27BCB] Auto-routing pass #13 on board '0b77f21a2f510f0c366b564c855eed6f' was completed in 125.64 seconds with score 549.20 (59 unrouted and 566 violations), using 2374.25 CPU seconds and the job allocated 6775.62 GB of memory so far.
2026-09-24 01:30:20.408 INFO   [04F0E5\E27BCB] Auto-routing pass #14 on board '48a02a8099a5dbcc1673514ebbbf83b7' was completed in 126.68 seconds with score 557.05 (56 unrouted and 566 violations), using 2499.80 CPU seconds and the job allocated 7184.08 GB of memory so far.
2026-09-24 01:32:52.860 INFO   [04F0E5\E27BCB] Auto-routing pass #15 on board '42f60dd1850b63ad926b6a053e54f85f' was completed in 150.01 seconds with score 546.58 (60 unrouted and 566 violations), using 2647.52 CPU seconds and the job allocated 7661.11 GB of memory so far.
2026-09-24 01:35:15.313 INFO   [04F0E5\E27BCB] Auto-routing pass #16 on board '42f60dd1850b63ad926b6a053e54f85f' was completed in 0.00 seconds with score 557.05 (56 unrouted and 566 violations), using 2785.23 CPU seconds and the job allocated 8113.79 GB of memory so far.
2026-09-24 01:37:50.455 INFO   [04F0E5\E27BCB] Auto-routing pass #17 on board '42f60dd1850b63ad926b6a053e54f85f' was completed in 153.95 seconds with score 549.20 (59 unrouted and 566 violations), using 2935.34 CPU seconds and the job allocated 8610.80 GB of memory so far.
2026-09-24 01:40:14.274 INFO   [04F0E5\E27BCB] Auto-routing pass #18 on board '156729fb8ba0afb875cd043327977466' was completed in 141.67 seconds with score 541.35 (62 unrouted and 566 violations), using 3075.33 CPU seconds and the job allocated 9118.39 GB of memory so far.
2026-09-24 01:42:50.990 INFO   [04F0E5\E27BCB] Auto-routing pass #19 on board 'f7ed4464929b1560c5ce5640f4f6aec4' was completed in 153.43 seconds with score 549.20 (59 unrouted and 566 violations), using 3227.67 CPU seconds and the job allocated 9659.68 GB of memory so far.
2026-09-24 01:45:17.325 INFO   [04F0E5\E27BCB] Auto-routing pass #20 on board '42f60dd1850b63ad926b6a053e54f85f' was completed in 0.00 seconds with score 557.05 (56 unrouted and 566 violations), using 3369.69 CPU seconds and the job allocated 10166.65 GB of memory so far.
2026-09-24 01:45:19.379 INFO   [04F0E5\E27BCB] Auto-routing stage completed: started with 296 unrouted nets, completed in 3497.05 seconds, final score: 557.05 (56 unrouted and 566 violations), using 3371.59 total CPU seconds, 10174.69 GB total allocated, and 1288.7 MB peak heap usage.
2026-09-24 01:45:19.402 INFO   [04F0E5\E27BCB] Job '04F0E5\E27BCB' finished with state: COMPLETED (elapsed: 58 minutes 18.16 seconds, finished at UTC: 2026-09-24T08:45:19.400968800Z).
2026-09-24 01:45:19.879 INFO   Saving output file 'C:\Users\bubba\OneDrive\Documents\led-driver\BOOST_split_boards\card_route_2026-09-22\work\fr\c3o.ses' (SES)...
2026-09-24 01:45:19.885 INFO   Successfully saved output file 'C:\Users\bubba\OneDrive\Documents\led-driver\BOOST_split_boards\card_route_2026-09-22\work\fr\c3o.ses' (97892 bytes).
