LTspice 26.0.1 for Windows
Circuit: C:\Users\bubba\AppData\Local\Temp\boost_precharge_work\BOOST_smoke.net
Start Time: Tue Sep 29 22:52:40 2026
Options:gmin=100f reltol=0.001
solver = Normal
Maximum thread count: 32
tnom = 27
temp = 27
method = trap
gmin = 1e-13
C69: Increased Cpar to 6.8e-10
C86: Increased Cpar to 2.2e-10
C40: Increased Cpar to 6.8e-10
C70: Increased Cpar to 2.2e-10
C71: Increased Cpar to 2.2e-10
C78: Increased Cpar to 2.2e-10
C74: Increased Cpar to 2.2e-10
C85: Increased Cpar to 6.8e-10
C77: Increased Cpar to 2.2e-10
C87: Increased Cpar to 2.2e-10
C75: Increased Cpar to 2.2e-10
C88: Increased Cpar to 2.2e-10
Per .tran options, skipping operating point for transient analysis.
Total elapsed time: 21.433 seconds.

Files loaded:
C:\Users\bubba\AppData\Local\Temp\boost_precharge_work\BOOST_smoke.net
C:\Users\bubba\AppData\Local\LTspice\lib\cmp\standard.dio
C:\Users\bubba\AppData\Local\LTspice\lib\cmp\standard.bjt
C:\Users\bubba\AppData\Local\Temp\boost_precharge_work\MCP6241.lib
C:\Users\bubba\AppData\Local\Temp\boost_precharge_work\MCP6561.lib
C:\Users\bubba\AppData\Local\Temp\boost_precharge_work\CD4000_v.lib
C:\Users\bubba\AppData\Local\Temp\boost_precharge_work\HYG180N10.lib
C:\Users\bubba\AppData\Local\Temp\boost_precharge_work\INA241A4.lib
C:\Users\bubba\AppData\Local\Temp\boost_precharge_work\L78L05.lib
C:\Users\bubba\AppData\Local\Temp\boost_precharge_work\LM2940_12.lib
C:\Users\bubba\AppData\Local\Temp\boost_precharge_work\CD74HC4066.lib
C:\Users\bubba\AppData\Local\Temp\boost_precharge_work\74HC4051.lib
C:\Users\bubba\AppData\Local\Temp\boost_precharge_work\MCP4451.lib
C:\Users\bubba\AppData\Local\Temp\boost_precharge_work\CSS4J.lib
C:\Users\bubba\AppData\Local\Temp\boost_precharge_work\TVS_5p0SMDJ.lib
C:\Users\bubba\AppData\Local\Temp\boost_precharge_work\UCC21520.lib

lxmax: MAX(V(lx))=81.2438735962 FROM 0 TO 0.003
id28max: MAX(I(D28))=81.177444458 FROM 0 TO 0.003
id29max: MAX(I(D29))=81.177444458 FROM 0 TO 0.003
id30max: MAX(I(D30))=81.177444458 FROM 0 TO 0.003
vout1end: V(vout_1) =24.3217004307 at 0.00299
vout2end: V(vout_2) =31.1661316659 at 0.00299
vout3end: V(vout_3) =31.6958550243 at 0.00299
ptvs: AVG((-1)*V(LX)*I(D19) )=0.00629089886929 FROM 0.002 TO 0.013
etvs: INTEG(-1)*V(LX)*I(D19)=0.00886447188959 FROM 0 TO 0.003
