it       0 T 3000.000 step 15.00 cur  734564.0 best  734564.0
it   40000 T 1730.668 step 13.89 cur  121128.5 best  105501.4
it   80000 T 998.404 step 12.81 cur   72647.7 best   71141.5
it  120000 T 575.968 step 11.75 cur   69384.8 best   60722.5
it  160000 T 332.270 step 10.73 cur   51453.8 best   48501.4
it  200000 T 191.683 step  9.74 cur   41353.8 best   41055.3
it  240000 T 110.580 step  8.78 cur   40393.9 best   39123.4
it  280000 T  63.792 step  7.86 cur   37948.4 best   37261.2
it  320000 T  36.801 step  6.97 cur   36674.4 best   36600.9
it  360000 T  21.230 step  6.12 cur   35517.0 best   35502.8
it  400000 T  12.247 step  5.30 cur   35410.4 best   35374.3
it  440000 T   7.065 step  4.53 cur   35284.3 best   35269.0
it  480000 T   4.076 step  3.79 cur   35061.6 best   35038.7
it  520000 T   2.351 step  3.11 cur   34744.5 best   34736.6
it  560000 T   1.356 step  2.46 cur   34479.3 best   34478.1
it  600000 T   0.783 step  1.88 cur   34377.1 best   34376.3
it  640000 T   0.451 step  1.34 cur   34044.2 best   34044.2
it  680000 T   0.260 step  0.87 cur   33925.2 best   33925.2
it  720000 T   0.150 step  0.47 cur   33702.2 best   33702.2
it  760000 T   0.087 step  0.20 cur   33636.8 best   33636.8
final exact cost 33617.2 (tracked 33617.2)
