it       0 T 3000.000 step 15.00 cur  817629.0 best  817629.0
it   40000 T 1730.668 step 13.89 cur  124901.5 best  124487.9
it   80000 T 998.404 step 12.81 cur   90648.8 best   82885.7
it  120000 T 575.968 step 11.75 cur   67047.6 best   65423.6
it  160000 T 332.270 step 10.73 cur   57745.4 best   57162.2
it  200000 T 191.683 step  9.74 cur   52597.7 best   52365.6
it  240000 T 110.580 step  8.78 cur   50148.3 best   49507.9
it  280000 T  63.792 step  7.86 cur   45717.0 best   45690.5
it  320000 T  36.801 step  6.97 cur   43483.8 best   43343.0
it  360000 T  21.230 step  6.12 cur   42905.3 best   42814.0
it  400000 T  12.247 step  5.30 cur   42591.6 best   42497.6
it  440000 T   7.065 step  4.53 cur   41790.4 best   41790.4
it  480000 T   4.076 step  3.79 cur   41730.6 best   41718.1
it  520000 T   2.351 step  3.11 cur   41573.2 best   41573.2
it  560000 T   1.356 step  2.46 cur   41506.8 best   41504.7
it  600000 T   0.783 step  1.88 cur   41445.1 best   41445.1
it  640000 T   0.451 step  1.34 cur   41390.8 best   41390.8
it  680000 T   0.260 step  0.87 cur   41282.1 best   41281.9
it  720000 T   0.150 step  0.47 cur   41058.6 best   41058.6
it  760000 T   0.087 step  0.20 cur   40979.8 best   40979.8
final exact cost 40928.7 (tracked 40928.7)
