it       0 T 3000.000 step 15.00 cur  757594.2 best  757594.2
it   40000 T 1730.668 step 13.89 cur  120590.4 best   99611.1
it   80000 T 998.404 step 12.81 cur   79750.0 best   76734.4
it  120000 T 575.968 step 11.75 cur   67508.6 best   61671.5
it  160000 T 332.270 step 10.73 cur   44236.8 best   41915.6
it  200000 T 191.683 step  9.74 cur   38697.4 best   37138.2
it  240000 T 110.580 step  8.78 cur   34457.1 best   34100.8
it  280000 T  63.792 step  7.86 cur   32147.1 best   31851.5
it  320000 T  36.801 step  6.97 cur   31201.6 best   30977.3
it  360000 T  21.230 step  6.12 cur   30621.9 best   30498.1
it  400000 T  12.247 step  5.30 cur   30080.2 best   30033.1
it  440000 T   7.065 step  4.53 cur   30018.2 best   29950.0
it  480000 T   4.076 step  3.79 cur   29928.9 best   29913.3
it  520000 T   2.351 step  3.11 cur   29816.9 best   29813.8
it  560000 T   1.356 step  2.46 cur   29757.3 best   29754.6
it  600000 T   0.783 step  1.88 cur   29739.3 best   29739.3
it  640000 T   0.451 step  1.34 cur   29704.1 best   29704.1
it  680000 T   0.260 step  0.87 cur   29667.5 best   29667.5
it  720000 T   0.150 step  0.47 cur   29650.4 best   29650.4
it  760000 T   0.087 step  0.20 cur   29628.2 best   29628.2
final exact cost 29609.5 (tracked 29609.5)
