it       0 T 3000.000 step 15.00 cur  742739.9 best  742739.9
it   40000 T 1730.668 step 13.89 cur  139672.5 best  130020.4
it   80000 T 998.404 step 12.81 cur   83510.2 best   81176.2
it  120000 T 575.968 step 11.75 cur   62511.1 best   62078.8
it  160000 T 332.270 step 10.73 cur   57496.6 best   48764.9
it  200000 T 191.683 step  9.74 cur   48695.2 best   48134.5
it  240000 T 110.580 step  8.78 cur   45344.5 best   44992.5
it  280000 T  63.792 step  7.86 cur   43924.4 best   43741.0
it  320000 T  36.801 step  6.97 cur   42924.7 best   42717.2
it  360000 T  21.230 step  6.12 cur   41664.3 best   41643.3
it  400000 T  12.247 step  5.30 cur   41601.4 best   41517.9
it  440000 T   7.065 step  4.53 cur   40677.7 best   40675.2
it  480000 T   4.076 step  3.79 cur   40174.3 best   40174.3
it  520000 T   2.351 step  3.11 cur   38680.8 best   38672.0
it  560000 T   1.356 step  2.46 cur   38529.6 best   38528.5
it  600000 T   0.783 step  1.88 cur   38482.5 best   38479.9
it  640000 T   0.451 step  1.34 cur   38424.6 best   38424.6
it  680000 T   0.260 step  0.87 cur   38312.7 best   38312.0
it  720000 T   0.150 step  0.47 cur   38289.2 best   38289.2
it  760000 T   0.087 step  0.20 cur   37775.0 best   37775.0
final exact cost 37751.7 (tracked 37751.7)
