it       0 T 3000.000 step 15.00 cur 1339006.2 best 1339006.2
it   40000 T 1730.668 step 13.89 cur  137168.0 best  127706.3
it   80000 T 998.404 step 12.81 cur   90481.3 best   84226.9
it  120000 T 575.968 step 11.75 cur   76458.1 best   70285.5
it  160000 T 332.270 step 10.73 cur   67943.2 best   65145.5
it  200000 T 191.683 step  9.74 cur   63052.8 best   60598.4
it  240000 T 110.580 step  8.78 cur   57251.2 best   56883.7
it  280000 T  63.792 step  7.86 cur   56323.5 best   55826.3
it  320000 T  36.801 step  6.97 cur   54490.7 best   54306.1
it  360000 T  21.230 step  6.12 cur   53990.6 best   53924.4
it  400000 T  12.247 step  5.30 cur   53668.7 best   53660.8
it  440000 T   7.065 step  4.53 cur   53559.5 best   53545.4
it  480000 T   4.076 step  3.79 cur   53405.4 best   53400.7
it  520000 T   2.351 step  3.11 cur   53293.3 best   53280.1
it  560000 T   1.356 step  2.46 cur   52324.3 best   52324.3
it  600000 T   0.783 step  1.88 cur   52254.4 best   52254.3
it  640000 T   0.451 step  1.34 cur   52165.5 best   52165.5
it  680000 T   0.260 step  0.87 cur   52095.6 best   52095.4
it  720000 T   0.150 step  0.47 cur   51656.4 best   51656.4
it  760000 T   0.087 step  0.20 cur   51647.1 best   51646.7
final exact cost 51547.4 (tracked 51547.4)
