it       0 T 3000.000 step 15.00 cur  715563.6 best  715563.6
it   40000 T 1730.668 step 13.89 cur  104123.6 best  103188.1
it   80000 T 998.404 step 12.81 cur   86846.0 best   71495.8
it  120000 T 575.968 step 11.75 cur   55001.8 best   52737.7
it  160000 T 332.270 step 10.73 cur   46813.0 best   45588.1
it  200000 T 191.683 step  9.74 cur   41675.8 best   40892.2
it  240000 T 110.580 step  8.78 cur   38050.9 best   37869.5
it  280000 T  63.792 step  7.86 cur   37231.9 best   36822.7
it  320000 T  36.801 step  6.97 cur   36669.1 best   36346.5
it  360000 T  21.230 step  6.12 cur   35025.2 best   34993.6
it  400000 T  12.247 step  5.30 cur   34209.9 best   34117.8
it  440000 T   7.065 step  4.53 cur   33573.6 best   33519.2
it  480000 T   4.076 step  3.79 cur   33367.5 best   33354.8
it  520000 T   2.351 step  3.11 cur   33301.3 best   33301.3
it  560000 T   1.356 step  2.46 cur   33083.0 best   33078.2
it  600000 T   0.783 step  1.88 cur   33016.4 best   33013.4
it  640000 T   0.451 step  1.34 cur   32976.3 best   32976.3
it  680000 T   0.260 step  0.87 cur   32931.0 best   32930.3
it  720000 T   0.150 step  0.47 cur   32891.4 best   32891.4
it  760000 T   0.087 step  0.20 cur   32862.6 best   32862.5
final exact cost 32837.2 (tracked 32837.2)
