it       0 T 3000.000 step 15.00 cur  908663.6 best  908663.6
it   40000 T 1730.668 step 13.89 cur  133124.4 best  126919.8
it   80000 T 998.404 step 12.81 cur  104161.8 best   85741.9
it  120000 T 575.968 step 11.75 cur   71958.4 best   71176.9
it  160000 T 332.270 step 10.73 cur   60546.9 best   58079.2
it  200000 T 191.683 step  9.74 cur   57701.5 best   55114.6
it  240000 T 110.580 step  8.78 cur   53416.3 best   53406.9
it  280000 T  63.792 step  7.86 cur   50790.7 best   50324.3
it  320000 T  36.801 step  6.97 cur   50073.3 best   49929.2
it  360000 T  21.230 step  6.12 cur   49592.2 best   49519.3
it  400000 T  12.247 step  5.30 cur   49411.3 best   49400.7
it  440000 T   7.065 step  4.53 cur   48538.1 best   48489.9
it  480000 T   4.076 step  3.79 cur   48086.6 best   48073.3
it  520000 T   2.351 step  3.11 cur   47942.8 best   47935.3
it  560000 T   1.356 step  2.46 cur   47706.0 best   47695.9
it  600000 T   0.783 step  1.88 cur   47638.2 best   47638.2
it  640000 T   0.451 step  1.34 cur   47488.9 best   47485.5
it  680000 T   0.260 step  0.87 cur   46872.0 best   46871.9
it  720000 T   0.150 step  0.47 cur   46046.9 best   46046.9
it  760000 T   0.087 step  0.20 cur   45913.2 best   45913.2
final exact cost 45868.3 (tracked 45868.3)
