it       0 T 3000.000 step 15.00 cur  885418.8 best  885418.8
it   40000 T 1730.668 step 13.89 cur   92528.3 best   91799.3
it   80000 T 998.404 step 12.81 cur   73885.3 best   69194.5
it  120000 T 575.968 step 11.75 cur   51643.3 best   46163.0
it  160000 T 332.270 step 10.73 cur   45286.8 best   40932.2
it  200000 T 191.683 step  9.74 cur   33853.3 best   32732.5
it  240000 T 110.580 step  8.78 cur   30122.2 best   29917.1
it  280000 T  63.792 step  7.86 cur   28779.2 best   28577.1
it  320000 T  36.801 step  6.97 cur   27196.6 best   27162.8
it  360000 T  21.230 step  6.12 cur   26469.3 best   26368.2
it  400000 T  12.247 step  5.30 cur   25608.7 best   25587.9
it  440000 T   7.065 step  4.53 cur   24963.2 best   24943.5
it  480000 T   4.076 step  3.79 cur   24750.4 best   24750.4
it  520000 T   2.351 step  3.11 cur   24267.8 best   24257.8
it  560000 T   1.356 step  2.46 cur   23894.5 best   23894.5
it  600000 T   0.783 step  1.88 cur   23735.5 best   23735.5
it  640000 T   0.451 step  1.34 cur   23578.8 best   23578.8
it  680000 T   0.260 step  0.87 cur   23487.7 best   23487.2
it  720000 T   0.150 step  0.47 cur   23392.6 best   23392.6
it  760000 T   0.087 step  0.20 cur   23168.3 best   23168.3
final exact cost 23087.3 (tracked 23087.3)
