it       0 T 3000.000 step 15.00 cur  747223.7 best  747223.7
it   40000 T 1730.668 step 13.89 cur  104774.7 best   91513.3
it   80000 T 998.404 step 12.81 cur   64763.3 best   64457.5
it  120000 T 575.968 step 11.75 cur   65294.1 best   52115.2
it  160000 T 332.270 step 10.73 cur   45281.4 best   42261.2
it  200000 T 191.683 step  9.74 cur   40498.7 best   38979.0
it  240000 T 110.580 step  8.78 cur   37229.2 best   36326.9
it  280000 T  63.792 step  7.86 cur   35414.6 best   35091.6
it  320000 T  36.801 step  6.97 cur   34927.6 best   34690.7
it  360000 T  21.230 step  6.12 cur   34173.5 best   34126.4
it  400000 T  12.247 step  5.30 cur   33569.1 best   33534.8
it  440000 T   7.065 step  4.53 cur   33433.6 best   33397.3
it  480000 T   4.076 step  3.79 cur   33255.4 best   33240.4
it  520000 T   2.351 step  3.11 cur   33156.8 best   33152.1
it  560000 T   1.356 step  2.46 cur   33077.9 best   33073.7
it  600000 T   0.783 step  1.88 cur   32979.5 best   32979.1
it  640000 T   0.451 step  1.34 cur   32943.2 best   32943.2
it  680000 T   0.260 step  0.87 cur   32739.4 best   32739.4
it  720000 T   0.150 step  0.47 cur   32451.1 best   32451.1
it  760000 T   0.087 step  0.20 cur   32335.5 best   32335.4
final exact cost 32275.4 (tracked 32275.4)
