it       0 T 3000.000 step 15.00 cur  920849.2 best  920849.2
it   40000 T 1730.668 step 13.89 cur  127506.3 best  100249.7
it   80000 T 998.404 step 12.81 cur   92762.7 best   86072.4
it  120000 T 575.968 step 11.75 cur   73297.8 best   66034.0
it  160000 T 332.270 step 10.73 cur   59318.4 best   58945.8
it  200000 T 191.683 step  9.74 cur   57305.3 best   56138.1
it  240000 T 110.580 step  8.78 cur   55185.1 best   54768.2
it  280000 T  63.792 step  7.86 cur   54129.9 best   53797.1
it  320000 T  36.801 step  6.97 cur   52981.2 best   52913.2
it  360000 T  21.230 step  6.12 cur   52532.5 best   52421.1
it  400000 T  12.247 step  5.30 cur   51959.5 best   51847.3
it  440000 T   7.065 step  4.53 cur   51701.4 best   51605.6
it  480000 T   4.076 step  3.79 cur   51398.0 best   51396.7
it  520000 T   2.351 step  3.11 cur   51315.4 best   51306.7
it  560000 T   1.356 step  2.46 cur   51186.2 best   51185.1
it  600000 T   0.783 step  1.88 cur   51079.5 best   51079.5
it  640000 T   0.451 step  1.34 cur   51061.5 best   51061.5
it  680000 T   0.260 step  0.87 cur   51041.1 best   51041.1
it  720000 T   0.150 step  0.47 cur   51005.3 best   51005.3
it  760000 T   0.087 step  0.20 cur   50958.1 best   50958.1
final exact cost 50950.0 (tracked 50950.0)
