it       0 T 3000.000 step 15.00 cur  870788.0 best  870788.0
it   40000 T 1730.668 step 13.89 cur  146364.4 best  141240.9
it   80000 T 998.404 step 12.81 cur  106059.8 best  104123.8
it  120000 T 575.968 step 11.75 cur   85294.2 best   83027.6
it  160000 T 332.270 step 10.73 cur   77615.3 best   72844.8
it  200000 T 191.683 step  9.74 cur   72396.9 best   70111.3
it  240000 T 110.580 step  8.78 cur   69679.3 best   69247.7
it  280000 T  63.792 step  7.86 cur   67570.3 best   67145.7
it  320000 T  36.801 step  6.97 cur   66168.0 best   66164.0
it  360000 T  21.230 step  6.12 cur   63264.7 best   63113.3
it  400000 T  12.247 step  5.30 cur   62719.3 best   62614.5
it  440000 T   7.065 step  4.53 cur   62450.5 best   62442.4
it  480000 T   4.076 step  3.79 cur   62333.0 best   62333.0
it  520000 T   2.351 step  3.11 cur   62273.8 best   62271.3
it  560000 T   1.356 step  2.46 cur   62008.0 best   62007.5
it  600000 T   0.783 step  1.88 cur   61938.6 best   61938.6
it  640000 T   0.451 step  1.34 cur   61902.1 best   61902.1
it  680000 T   0.260 step  0.87 cur   61885.1 best   61884.3
it  720000 T   0.150 step  0.47 cur   61853.1 best   61853.1
it  760000 T   0.087 step  0.20 cur   61822.6 best   61822.6
final exact cost 61812.0 (tracked 61812.0)
