it       0 T 3000.000 step 15.00 cur  802413.6 best  802413.6
it   40000 T 1730.668 step 13.89 cur  155460.8 best  128814.7
it   80000 T 998.404 step 12.81 cur  106870.2 best   98840.1
it  120000 T 575.968 step 11.75 cur   75352.3 best   73612.5
it  160000 T 332.270 step 10.73 cur   68804.5 best   63148.0
it  200000 T 191.683 step  9.74 cur   60791.9 best   58163.0
it  240000 T 110.580 step  8.78 cur   56517.9 best   56209.8
it  280000 T  63.792 step  7.86 cur   55755.0 best   55549.1
it  320000 T  36.801 step  6.97 cur   55105.5 best   54881.7
it  360000 T  21.230 step  6.12 cur   53396.8 best   53359.8
it  400000 T  12.247 step  5.30 cur   53366.7 best   53350.2
it  440000 T   7.065 step  4.53 cur   53083.4 best   53073.6
it  480000 T   4.076 step  3.79 cur   52834.6 best   52823.4
it  520000 T   2.351 step  3.11 cur   52489.8 best   52486.4
it  560000 T   1.356 step  2.46 cur   52103.4 best   52102.6
it  600000 T   0.783 step  1.88 cur   51929.2 best   51927.2
it  640000 T   0.451 step  1.34 cur   51481.3 best   51480.9
it  680000 T   0.260 step  0.87 cur   51376.4 best   51376.4
it  720000 T   0.150 step  0.47 cur   51334.3 best   51333.9
it  760000 T   0.087 step  0.20 cur   51288.3 best   51288.3
final exact cost 51265.8 (tracked 51265.8)
