it       0 T 3000.000 step 15.00 cur  999709.2 best  999709.2
it   40000 T 1730.668 step 13.89 cur  154442.7 best  119262.6
it   80000 T 998.404 step 12.81 cur  117041.0 best  103774.2
it  120000 T 575.968 step 11.75 cur   95789.0 best   90800.8
it  160000 T 332.270 step 10.73 cur   84832.0 best   81927.9
it  200000 T 191.683 step  9.74 cur   75501.9 best   74371.3
it  240000 T 110.580 step  8.78 cur   74726.4 best   74169.6
it  280000 T  63.792 step  7.86 cur   73798.0 best   73392.9
it  320000 T  36.801 step  6.97 cur   72886.1 best   72775.9
it  360000 T  21.230 step  6.12 cur   70839.1 best   70773.1
it  400000 T  12.247 step  5.30 cur   70446.8 best   70441.9
it  440000 T   7.065 step  4.53 cur   69711.1 best   69664.4
it  480000 T   4.076 step  3.79 cur   68730.0 best   68679.9
it  520000 T   2.351 step  3.11 cur   67244.1 best   67230.2
it  560000 T   1.356 step  2.46 cur   67179.8 best   67179.8
it  600000 T   0.783 step  1.88 cur   67101.1 best   67099.3
it  640000 T   0.451 step  1.34 cur   67044.3 best   67044.0
it  680000 T   0.260 step  0.87 cur   66925.4 best   66925.4
it  720000 T   0.150 step  0.47 cur   66829.7 best   66829.4
it  760000 T   0.087 step  0.20 cur   66710.9 best   66710.9
final exact cost 66664.0 (tracked 66664.0)
