it       0 T 3000.000 step 15.00 cur  929754.7 best  929754.7
it   40000 T 1730.668 step 13.89 cur  114640.1 best  109937.1
it   80000 T 998.404 step 12.81 cur   63810.2 best   59664.7
it  120000 T 575.968 step 11.75 cur   54697.8 best   52160.0
it  160000 T 332.270 step 10.73 cur   38264.0 best   36953.9
it  200000 T 191.683 step  9.74 cur   36695.9 best   35098.9
it  240000 T 110.580 step  8.78 cur   33314.3 best   33274.3
it  280000 T  63.792 step  7.86 cur   31469.9 best   31150.8
it  320000 T  36.801 step  6.97 cur   29953.7 best   29834.0
it  360000 T  21.230 step  6.12 cur   28759.8 best   28759.8
it  400000 T  12.247 step  5.30 cur   28203.7 best   28140.0
it  440000 T   7.065 step  4.53 cur   28063.4 best   28032.8
it  480000 T   4.076 step  3.79 cur   27814.8 best   27804.0
it  520000 T   2.351 step  3.11 cur   27750.8 best   27750.8
it  560000 T   1.356 step  2.46 cur   27084.1 best   27084.1
it  600000 T   0.783 step  1.88 cur   26869.3 best   26869.3
it  640000 T   0.451 step  1.34 cur   26666.4 best   26665.3
it  680000 T   0.260 step  0.87 cur   26366.0 best   26366.0
it  720000 T   0.150 step  0.47 cur   26261.6 best   26261.6
it  760000 T   0.087 step  0.20 cur   26156.1 best   26156.0
final exact cost 26151.3 (tracked 26151.3)
