it       0 T 3000.000 step 15.00 cur  656787.8 best  656787.8
it   40000 T 1730.668 step 13.89 cur  131764.1 best  119185.9
it   80000 T 998.404 step 12.81 cur  102447.4 best   97652.3
it  120000 T 575.968 step 11.75 cur   76615.1 best   70333.1
it  160000 T 332.270 step 10.73 cur   65423.5 best   62002.1
it  200000 T 191.683 step  9.74 cur   57799.1 best   57312.0
it  240000 T 110.580 step  8.78 cur   53314.9 best   52583.5
it  280000 T  63.792 step  7.86 cur   51465.7 best   50960.3
it  320000 T  36.801 step  6.97 cur   50957.8 best   50394.1
it  360000 T  21.230 step  6.12 cur   49933.4 best   49862.3
it  400000 T  12.247 step  5.30 cur   48558.2 best   48507.0
it  440000 T   7.065 step  4.53 cur   47900.2 best   47895.2
it  480000 T   4.076 step  3.79 cur   47265.3 best   47263.8
it  520000 T   2.351 step  3.11 cur   47032.3 best   47026.3
it  560000 T   1.356 step  2.46 cur   46840.6 best   46840.6
it  600000 T   0.783 step  1.88 cur   46740.2 best   46740.2
it  640000 T   0.451 step  1.34 cur   46587.5 best   46587.5
it  680000 T   0.260 step  0.87 cur   46469.9 best   46469.9
it  720000 T   0.150 step  0.47 cur   46370.7 best   46370.2
it  760000 T   0.087 step  0.20 cur   46256.9 best   46256.7
final exact cost 46229.0 (tracked 46229.0)
