it       0 T 3000.000 step 15.00 cur  745648.3 best  745648.3
it   40000 T 1730.668 step 13.89 cur  114373.4 best  113540.2
it   80000 T 998.404 step 12.81 cur   89451.8 best   75712.6
it  120000 T 575.968 step 11.75 cur   60116.0 best   54702.3
it  160000 T 332.270 step 10.73 cur   45111.6 best   43410.8
it  200000 T 191.683 step  9.74 cur   37389.0 best   37042.6
it  240000 T 110.580 step  8.78 cur   34893.1 best   34243.7
it  280000 T  63.792 step  7.86 cur   33573.6 best   33485.0
it  320000 T  36.801 step  6.97 cur   32735.9 best   32342.1
it  360000 T  21.230 step  6.12 cur   31012.0 best   30897.1
it  400000 T  12.247 step  5.30 cur   30136.8 best   30120.5
it  440000 T   7.065 step  4.53 cur   29793.9 best   29793.5
it  480000 T   4.076 step  3.79 cur   29637.3 best   29610.9
it  520000 T   2.351 step  3.11 cur   29430.5 best   29429.7
it  560000 T   1.356 step  2.46 cur   29271.7 best   29270.2
it  600000 T   0.783 step  1.88 cur   29219.6 best   29219.4
it  640000 T   0.451 step  1.34 cur   28600.6 best   28600.6
it  680000 T   0.260 step  0.87 cur   28457.6 best   28457.6
it  720000 T   0.150 step  0.47 cur   28226.7 best   28226.7
it  760000 T   0.087 step  0.20 cur   28093.6 best   28093.6
final exact cost 28063.9 (tracked 28063.9)
