it       0 T 3000.000 step 15.00 cur  708512.3 best  708512.3
it   40000 T 1730.668 step 13.89 cur  123391.2 best  102207.5
it   80000 T 998.404 step 12.81 cur   66002.0 best   62781.1
it  120000 T 575.968 step 11.75 cur   42383.1 best   40952.1
it  160000 T 332.270 step 10.73 cur   35295.4 best   33838.6
it  200000 T 191.683 step  9.74 cur   32756.8 best   31155.6
it  240000 T 110.580 step  8.78 cur   30377.4 best   29352.9
it  280000 T  63.792 step  7.86 cur   28376.2 best   28315.7
it  320000 T  36.801 step  6.97 cur   26200.3 best   26089.1
it  360000 T  21.230 step  6.12 cur   25992.8 best   25981.4
it  400000 T  12.247 step  5.30 cur   25914.1 best   25873.6
it  440000 T   7.065 step  4.53 cur   25684.7 best   25616.0
it  480000 T   4.076 step  3.79 cur   25594.8 best   25580.3
it  520000 T   2.351 step  3.11 cur   25461.7 best   25461.7
it  560000 T   1.356 step  2.46 cur   25397.9 best   25395.8
it  600000 T   0.783 step  1.88 cur   25364.9 best   25364.4
it  640000 T   0.451 step  1.34 cur   25333.2 best   25333.1
it  680000 T   0.260 step  0.87 cur   25311.9 best   25311.9
it  720000 T   0.150 step  0.47 cur   25288.2 best   25287.9
it  760000 T   0.087 step  0.20 cur   25253.3 best   25252.8
final exact cost 25246.9 (tracked 25246.9)
