it       0 T 3000.000 step 15.00 cur  753848.7 best  753848.7
it   40000 T 1730.668 step 13.89 cur  193255.2 best  180257.5
it   80000 T 998.404 step 12.81 cur  164409.9 best  159455.2
it  120000 T 575.968 step 11.75 cur  158324.6 best  148155.2
it  160000 T 332.270 step 10.73 cur  140411.3 best  137368.4
it  200000 T 191.683 step  9.74 cur  133374.9 best  131804.7
it  240000 T 110.580 step  8.78 cur  132073.3 best  130877.5
it  280000 T  63.792 step  7.86 cur  126523.3 best  126048.8
it  320000 T  36.801 step  6.97 cur  125480.6 best  125462.3
it  360000 T  21.230 step  6.12 cur  124148.0 best  124074.5
it  400000 T  12.247 step  5.30 cur  123470.8 best  123443.7
it  440000 T   7.065 step  4.53 cur  122993.0 best  122975.8
it  480000 T   4.076 step  3.79 cur  122124.5 best  122107.4
it  520000 T   2.351 step  3.11 cur  121760.0 best  121756.7
it  560000 T   1.356 step  2.46 cur  121698.1 best  121697.7
it  600000 T   0.783 step  1.88 cur  121462.3 best  121462.3
it  640000 T   0.451 step  1.34 cur  121201.5 best  121201.5
it  680000 T   0.260 step  0.87 cur  121103.3 best  121103.3
it  720000 T   0.150 step  0.47 cur  121013.7 best  121013.7
it  760000 T   0.087 step  0.20 cur  120774.7 best  120774.7
final exact cost 120748.1 (tracked 120748.1)
