it       0 T 3000.000 step 15.00 cur  900040.8 best  900040.8
it   40000 T 1730.668 step 13.89 cur  137284.7 best  129508.4
it   80000 T 998.404 step 12.81 cur  111856.2 best   99459.6
it  120000 T 575.968 step 11.75 cur   83769.5 best   81721.3
it  160000 T 332.270 step 10.73 cur   77294.5 best   74337.2
it  200000 T 191.683 step  9.74 cur   69316.3 best   68562.9
it  240000 T 110.580 step  8.78 cur   65469.1 best   65115.6
it  280000 T  63.792 step  7.86 cur   47990.9 best   47857.6
it  320000 T  36.801 step  6.97 cur   44949.8 best   44854.0
it  360000 T  21.230 step  6.12 cur   42508.4 best   42493.4
it  400000 T  12.247 step  5.30 cur   42011.7 best   41991.5
it  440000 T   7.065 step  4.53 cur   41532.8 best   41530.0
it  480000 T   4.076 step  3.79 cur   41431.4 best   41424.3
it  520000 T   2.351 step  3.11 cur   41366.5 best   41364.5
it  560000 T   1.356 step  2.46 cur   41297.5 best   41291.6
it  600000 T   0.783 step  1.88 cur   41271.2 best   41268.8
it  640000 T   0.451 step  1.34 cur   41222.7 best   41222.7
it  680000 T   0.260 step  0.87 cur   41142.6 best   41142.6
it  720000 T   0.150 step  0.47 cur   40858.8 best   40858.8
it  760000 T   0.087 step  0.20 cur   40611.6 best   40611.6
final exact cost 40526.3 (tracked 40526.3)
