it       0 T 3000.000 step 15.00 cur  865912.7 best  865912.7
it   40000 T 1730.668 step 13.89 cur  162326.3 best  144541.5
it   80000 T 998.404 step 12.81 cur  102559.1 best  102534.0
it  120000 T 575.968 step 11.75 cur   93431.5 best   90480.3
it  160000 T 332.270 step 10.73 cur   88016.4 best   83613.5
it  200000 T 191.683 step  9.74 cur   78197.6 best   77489.8
it  240000 T 110.580 step  8.78 cur   75699.6 best   74904.8
it  280000 T  63.792 step  7.86 cur   69978.6 best   69830.9
it  320000 T  36.801 step  6.97 cur   69132.7 best   68932.9
it  360000 T  21.230 step  6.12 cur   68561.6 best   68544.4
it  400000 T  12.247 step  5.30 cur   68014.5 best   68014.5
it  440000 T   7.065 step  4.53 cur   67941.6 best   67899.8
it  480000 T   4.076 step  3.79 cur   67773.6 best   67760.3
it  520000 T   2.351 step  3.11 cur   67698.4 best   67698.4
it  560000 T   1.356 step  2.46 cur   67244.4 best   67244.0
it  600000 T   0.783 step  1.88 cur   66669.7 best   66669.3
it  640000 T   0.451 step  1.34 cur   66609.5 best   66607.7
it  680000 T   0.260 step  0.87 cur   66551.4 best   66551.3
it  720000 T   0.150 step  0.47 cur   66339.1 best   66339.1
it  760000 T   0.087 step  0.20 cur   66223.2 best   66223.2
final exact cost 66177.9 (tracked 66177.9)
