it       0 T 3000.000 step 15.00 cur  907811.7 best  907811.7
it   40000 T 1730.668 step 13.89 cur  141206.7 best  122611.6
it   80000 T 998.404 step 12.81 cur   78495.1 best   76155.9
it  120000 T 575.968 step 11.75 cur   75731.4 best   61647.6
it  160000 T 332.270 step 10.73 cur   52905.9 best   49459.6
it  200000 T 191.683 step  9.74 cur   47488.8 best   45453.5
it  240000 T 110.580 step  8.78 cur   46159.7 best   45345.3
it  280000 T  63.792 step  7.86 cur   43444.6 best   43303.4
it  320000 T  36.801 step  6.97 cur   42362.0 best   42239.1
it  360000 T  21.230 step  6.12 cur   40992.5 best   40992.5
it  400000 T  12.247 step  5.30 cur   40680.9 best   40626.4
it  440000 T   7.065 step  4.53 cur   40434.6 best   40428.2
it  480000 T   4.076 step  3.79 cur   40269.4 best   40255.8
it  520000 T   2.351 step  3.11 cur   40198.7 best   40188.1
it  560000 T   1.356 step  2.46 cur   40150.7 best   40149.9
it  600000 T   0.783 step  1.88 cur   40122.0 best   40121.0
it  640000 T   0.451 step  1.34 cur   39905.2 best   39904.8
it  680000 T   0.260 step  0.87 cur   39882.5 best   39882.0
it  720000 T   0.150 step  0.47 cur   39835.7 best   39835.7
it  760000 T   0.087 step  0.20 cur   39776.4 best   39776.4
final exact cost 39732.6 (tracked 39732.6)
