it       0 T 3000.000 step 15.00 cur  983807.8 best  983807.8
it   40000 T 1730.668 step 13.89 cur  190961.5 best  162203.1
it   80000 T 998.404 step 12.81 cur  106267.0 best   99773.1
it  120000 T 575.968 step 11.75 cur   90346.5 best   86700.4
it  160000 T 332.270 step 10.73 cur   79496.6 best   77587.2
it  200000 T 191.683 step  9.74 cur   71798.1 best   70051.4
it  240000 T 110.580 step  8.78 cur   69593.8 best   69401.8
it  280000 T  63.792 step  7.86 cur   69034.0 best   68433.1
it  320000 T  36.801 step  6.97 cur   66610.8 best   66456.6
it  360000 T  21.230 step  6.12 cur   66031.9 best   66007.1
it  400000 T  12.247 step  5.30 cur   65795.3 best   65666.5
it  440000 T   7.065 step  4.53 cur   65389.2 best   65367.3
it  480000 T   4.076 step  3.79 cur   65330.5 best   65312.6
it  520000 T   2.351 step  3.11 cur   65210.7 best   65201.9
it  560000 T   1.356 step  2.46 cur   65119.3 best   65118.3
it  600000 T   0.783 step  1.88 cur   65035.6 best   65035.6
it  640000 T   0.451 step  1.34 cur   64932.0 best   64932.0
it  680000 T   0.260 step  0.87 cur   64834.8 best   64834.8
it  720000 T   0.150 step  0.47 cur   64590.6 best   64590.6
it  760000 T   0.087 step  0.20 cur   64538.8 best   64538.8
final exact cost 64514.4 (tracked 64514.4)
