it       0 T 3000.000 step 15.00 cur  921519.0 best  921519.0
it   40000 T 1730.668 step 13.89 cur  125312.9 best  108081.1
it   80000 T 998.404 step 12.81 cur   83314.7 best   74203.6
it  120000 T 575.968 step 11.75 cur   67691.0 best   60988.0
it  160000 T 332.270 step 10.73 cur   58432.3 best   54374.9
it  200000 T 191.683 step  9.74 cur   50811.3 best   50367.2
it  240000 T 110.580 step  8.78 cur   48519.8 best   48135.2
it  280000 T  63.792 step  7.86 cur   47657.7 best   47031.7
it  320000 T  36.801 step  6.97 cur   46689.8 best   46541.0
it  360000 T  21.230 step  6.12 cur   45966.2 best   45950.7
it  400000 T  12.247 step  5.30 cur   45482.2 best   45429.2
it  440000 T   7.065 step  4.53 cur   45040.8 best   45024.8
it  480000 T   4.076 step  3.79 cur   44899.5 best   44898.5
it  520000 T   2.351 step  3.11 cur   44714.2 best   44710.8
it  560000 T   1.356 step  2.46 cur   44674.6 best   44671.1
it  600000 T   0.783 step  1.88 cur   44479.9 best   44479.9
it  640000 T   0.451 step  1.34 cur   44456.5 best   44454.7
it  680000 T   0.260 step  0.87 cur   44347.0 best   44347.0
it  720000 T   0.150 step  0.47 cur   44259.6 best   44258.7
it  760000 T   0.087 step  0.20 cur   44138.6 best   44138.6
final exact cost 44102.2 (tracked 44102.2)
