it       0 T 3000.000 step 15.00 cur  692555.4 best  692555.4
it   40000 T 1730.668 step 13.89 cur  142040.5 best  124349.0
it   80000 T 998.404 step 12.81 cur  111810.9 best   97683.9
it  120000 T 575.968 step 11.75 cur   77345.6 best   75777.5
it  160000 T 332.270 step 10.73 cur   73939.5 best   72141.3
it  200000 T 191.683 step  9.74 cur   70266.7 best   69345.2
it  240000 T 110.580 step  8.78 cur   67805.2 best   66924.6
it  280000 T  63.792 step  7.86 cur   65736.8 best   65355.6
it  320000 T  36.801 step  6.97 cur   63120.8 best   62983.4
it  360000 T  21.230 step  6.12 cur   61827.6 best   61769.5
it  400000 T  12.247 step  5.30 cur   61494.4 best   61423.7
it  440000 T   7.065 step  4.53 cur   61076.7 best   61005.5
it  480000 T   4.076 step  3.79 cur   60479.8 best   60474.4
it  520000 T   2.351 step  3.11 cur   60169.6 best   60169.4
it  560000 T   1.356 step  2.46 cur   59837.9 best   59832.3
it  600000 T   0.783 step  1.88 cur   59796.4 best   59796.4
it  640000 T   0.451 step  1.34 cur   59706.1 best   59706.1
it  680000 T   0.260 step  0.87 cur   59558.9 best   59558.9
it  720000 T   0.150 step  0.47 cur   59438.8 best   59438.8
it  760000 T   0.087 step  0.20 cur   59384.3 best   59384.3
final exact cost 59370.4 (tracked 59370.4)
