it       0 T 3000.000 step 15.00 cur  868089.0 best  868089.0
it   40000 T 1730.668 step 13.89 cur  122248.8 best  105745.5
it   80000 T 998.404 step 12.81 cur   59470.7 best   55875.4
it  120000 T 575.968 step 11.75 cur   55422.6 best   47199.8
it  160000 T 332.270 step 10.73 cur   47494.7 best   42402.1
it  200000 T 191.683 step  9.74 cur   40380.8 best   40380.8
it  240000 T 110.580 step  8.78 cur   37323.1 best   35985.4
it  280000 T  63.792 step  7.86 cur   32898.6 best   32794.8
it  320000 T  36.801 step  6.97 cur   30983.2 best   30955.3
it  360000 T  21.230 step  6.12 cur   30357.9 best   30357.9
it  400000 T  12.247 step  5.30 cur   29985.9 best   29964.3
it  440000 T   7.065 step  4.53 cur   29701.2 best   29672.6
it  480000 T   4.076 step  3.79 cur   29120.0 best   29119.6
it  520000 T   2.351 step  3.11 cur   28990.7 best   28990.7
it  560000 T   1.356 step  2.46 cur   28659.9 best   28659.9
it  600000 T   0.783 step  1.88 cur   28477.4 best   28476.2
it  640000 T   0.451 step  1.34 cur   27939.7 best   27939.6
it  680000 T   0.260 step  0.87 cur   27486.5 best   27486.5
it  720000 T   0.150 step  0.47 cur   27295.7 best   27295.7
it  760000 T   0.087 step  0.20 cur   27211.8 best   27211.8
final exact cost 27105.2 (tracked 27105.2)
