it       0 T 3000.000 step 15.00 cur  660800.7 best  660800.7
it   40000 T 1730.668 step 13.89 cur  163911.8 best  135729.6
it   80000 T 998.404 step 12.81 cur   89592.4 best   89592.4
it  120000 T 575.968 step 11.75 cur   72884.1 best   70402.8
it  160000 T 332.270 step 10.73 cur   67618.4 best   64932.9
it  200000 T 191.683 step  9.74 cur   61420.0 best   60009.8
it  240000 T 110.580 step  8.78 cur   55321.2 best   54740.7
it  280000 T  63.792 step  7.86 cur   54104.2 best   53623.0
it  320000 T  36.801 step  6.97 cur   51959.5 best   51882.1
it  360000 T  21.230 step  6.12 cur   51434.1 best   51370.2
it  400000 T  12.247 step  5.30 cur   51083.7 best   51076.5
it  440000 T   7.065 step  4.53 cur   50998.2 best   50991.8
it  480000 T   4.076 step  3.79 cur   50846.9 best   50846.9
it  520000 T   2.351 step  3.11 cur   50778.0 best   50774.4
it  560000 T   1.356 step  2.46 cur   50681.6 best   50680.4
it  600000 T   0.783 step  1.88 cur   50590.0 best   50589.7
it  640000 T   0.451 step  1.34 cur   50532.0 best   50532.0
it  680000 T   0.260 step  0.87 cur   50495.7 best   50495.7
it  720000 T   0.150 step  0.47 cur   50465.1 best   50465.1
it  760000 T   0.087 step  0.20 cur   50410.4 best   50410.4
final exact cost 50354.2 (tracked 50354.2)
