it       0 T 3000.000 step 15.00 cur 1329134.3 best 1329134.3
it   40000 T 1730.668 step 13.89 cur  134524.6 best  115694.5
it   80000 T 998.404 step 12.81 cur  100314.2 best   80889.4
it  120000 T 575.968 step 11.75 cur   66298.3 best   66298.3
it  160000 T 332.270 step 10.73 cur   57154.0 best   55863.8
it  200000 T 191.683 step  9.74 cur   53382.3 best   53382.3
it  240000 T 110.580 step  8.78 cur   51208.4 best   50542.1
it  280000 T  63.792 step  7.86 cur   48159.6 best   48067.5
it  320000 T  36.801 step  6.97 cur   45914.1 best   45640.2
it  360000 T  21.230 step  6.12 cur   45049.6 best   44980.1
it  400000 T  12.247 step  5.30 cur   43212.5 best   43199.8
it  440000 T   7.065 step  4.53 cur   42899.6 best   42863.9
it  480000 T   4.076 step  3.79 cur   42601.0 best   42600.7
it  520000 T   2.351 step  3.11 cur   42524.3 best   42506.9
it  560000 T   1.356 step  2.46 cur   42465.3 best   42463.4
it  600000 T   0.783 step  1.88 cur   42373.1 best   42373.1
it  640000 T   0.451 step  1.34 cur   41961.6 best   41961.6
it  680000 T   0.260 step  0.87 cur   41809.6 best   41809.4
it  720000 T   0.150 step  0.47 cur   41735.9 best   41735.8
it  760000 T   0.087 step  0.20 cur   41709.9 best   41709.3
final exact cost 41707.0 (tracked 41707.0)
