it       0 T 3000.000 step 15.00 cur  795977.7 best  795977.7
it   40000 T 1730.668 step 13.89 cur  150572.1 best  149109.7
it   80000 T 998.404 step 12.81 cur  115808.6 best  111060.6
it  120000 T 575.968 step 11.75 cur   97311.8 best   93121.1
it  160000 T 332.270 step 10.73 cur   86791.5 best   82273.5
it  200000 T 191.683 step  9.74 cur   81262.4 best   79850.3
it  240000 T 110.580 step  8.78 cur   77143.8 best   76987.9
it  280000 T  63.792 step  7.86 cur   75783.1 best   75727.2
it  320000 T  36.801 step  6.97 cur   75397.3 best   75353.0
it  360000 T  21.230 step  6.12 cur   74911.6 best   74910.6
it  400000 T  12.247 step  5.30 cur   74957.1 best   74899.6
it  440000 T   7.065 step  4.53 cur   74274.4 best   74232.6
it  480000 T   4.076 step  3.79 cur   74156.9 best   74154.0
it  520000 T   2.351 step  3.11 cur   74015.6 best   74007.3
it  560000 T   1.356 step  2.46 cur   73837.0 best   73837.0
it  600000 T   0.783 step  1.88 cur   73701.4 best   73701.4
it  640000 T   0.451 step  1.34 cur   73653.3 best   73653.2
it  680000 T   0.260 step  0.87 cur   73505.5 best   73505.5
it  720000 T   0.150 step  0.47 cur   73338.9 best   73338.9
it  760000 T   0.087 step  0.20 cur   73249.5 best   73249.5
final exact cost 73193.8 (tracked 73193.8)
