it       0 T 3000.000 step 15.00 cur  815343.8 best  815343.8
it   40000 T 1730.668 step 13.89 cur  125058.6 best   95069.7
it   80000 T 998.404 step 12.81 cur   90874.5 best   77180.6
it  120000 T 575.968 step 11.75 cur   74428.0 best   71080.0
it  160000 T 332.270 step 10.73 cur   62741.5 best   61993.6
it  200000 T 191.683 step  9.74 cur   56116.0 best   55255.8
it  240000 T 110.580 step  8.78 cur   51900.9 best   50239.4
it  280000 T  63.792 step  7.86 cur   48353.4 best   48197.2
it  320000 T  36.801 step  6.97 cur   47113.7 best   46793.6
it  360000 T  21.230 step  6.12 cur   46629.8 best   46548.5
it  400000 T  12.247 step  5.30 cur   46421.4 best   46402.1
it  440000 T   7.065 step  4.53 cur   46234.3 best   46221.0
it  480000 T   4.076 step  3.79 cur   46072.9 best   46060.3
it  520000 T   2.351 step  3.11 cur   45979.4 best   45976.9
it  560000 T   1.356 step  2.46 cur   45885.2 best   45885.2
it  600000 T   0.783 step  1.88 cur   45875.5 best   45875.5
it  640000 T   0.451 step  1.34 cur   45824.8 best   45824.1
it  680000 T   0.260 step  0.87 cur   45734.8 best   45734.7
it  720000 T   0.150 step  0.47 cur   45628.5 best   45628.5
it  760000 T   0.087 step  0.20 cur   45595.2 best   45595.1
final exact cost 45582.4 (tracked 45582.4)
