it       0 T 3000.000 step 15.00 cur  727547.7 best  727547.7
it   40000 T 1730.668 step 13.89 cur  174240.2 best  158658.2
it   80000 T 998.404 step 12.81 cur  141840.7 best  126039.6
it  120000 T 575.968 step 11.75 cur  115388.1 best  108725.0
it  160000 T 332.270 step 10.73 cur  100327.3 best   97929.3
it  200000 T 191.683 step  9.74 cur   95191.7 best   93668.3
it  240000 T 110.580 step  8.78 cur   91593.5 best   90804.4
it  280000 T  63.792 step  7.86 cur   90748.9 best   90116.6
it  320000 T  36.801 step  6.97 cur   89106.2 best   89081.6
it  360000 T  21.230 step  6.12 cur   87571.4 best   87571.4
it  400000 T  12.247 step  5.30 cur   87506.6 best   87329.2
it  440000 T   7.065 step  4.53 cur   87158.6 best   87132.2
it  480000 T   4.076 step  3.79 cur   86988.3 best   86964.5
it  520000 T   2.351 step  3.11 cur   86612.7 best   86598.3
it  560000 T   1.356 step  2.46 cur   86182.2 best   86180.9
it  600000 T   0.783 step  1.88 cur   85996.6 best   85994.5
it  640000 T   0.451 step  1.34 cur   85741.2 best   85740.7
it  680000 T   0.260 step  0.87 cur   85706.8 best   85706.8
it  720000 T   0.150 step  0.47 cur   85620.9 best   85620.9
it  760000 T   0.087 step  0.20 cur   85489.8 best   85489.8
final exact cost 85404.0 (tracked 85404.0)
