it       0 T  80.000 step  6.00 cur    8201.5 best    8201.5
it   10000 T  52.843 step  5.56 cur    6199.1 best    5380.5
it   20000 T  34.905 step  5.12 cur    6001.9 best    5584.6
it   30000 T  23.056 step  4.70 cur    5558.0 best    5557.9
it   40000 T  15.229 step  4.29 cur    6010.4 best    5916.7
it   50000 T  10.059 step  3.90 cur    6080.5 best    6044.1
it   60000 T   6.645 step  3.51 cur    6322.9 best    6309.6
it   70000 T   4.389 step  3.14 cur    7046.7 best    7023.2
it   80000 T   2.899 step  2.79 cur    7867.5 best    7850.5
it   90000 T   1.915 step  2.45 cur    8826.2 best    8826.2
it  100000 T   1.265 step  2.12 cur   10007.1 best   10007.1
it  110000 T   0.836 step  1.81 cur   11292.3 best   11292.3
it  120000 T   0.552 step  1.52 cur   12789.6 best   12789.4
it  130000 T   0.365 step  1.24 cur   14569.0 best   14569.0
it  140000 T   0.241 step  0.99 cur   16556.9 best   16556.5
it  150000 T   0.159 step  0.75 cur   18894.9 best   18894.9
it  160000 T   0.105 step  0.54 cur   21320.7 best   21320.4
it  170000 T   0.069 step  0.35 cur   21139.1 best   21139.1
it  180000 T   0.046 step  0.20 cur   21053.9 best   21053.9
it  190000 T   0.030 step  0.20 cur   21007.1 best   21007.1
final exact cost 20977.6 (tracked 20977.6)
