it       0 T  40.000 step  6.00 cur    8201.5 best    8201.5
it   10000 T  27.353 step  5.56 cur    4907.7 best    4606.2
it   20000 T  18.705 step  5.12 cur    4532.2 best    4430.8
it   30000 T  12.791 step  4.70 cur    4778.1 best    4718.8
it   40000 T   8.747 step  4.29 cur    5251.2 best    5251.0
it   50000 T   5.981 step  3.90 cur    5747.8 best    5735.1
it   60000 T   4.090 step  3.51 cur    6413.6 best    6413.6
it   70000 T   2.797 step  3.14 cur    7133.7 best    7128.1
it   80000 T   1.913 step  2.79 cur    8065.6 best    8058.8
it   90000 T   1.308 step  2.45 cur    9096.9 best    9095.1
it  100000 T   0.894 step  2.12 cur   10075.0 best   10072.5
it  110000 T   0.612 step  1.81 cur   11442.5 best   11441.8
it  120000 T   0.418 step  1.52 cur   12978.4 best   12978.4
it  130000 T   0.286 step  1.24 cur   14813.8 best   14813.5
it  140000 T   0.196 step  0.99 cur   16936.1 best   16936.1
it  150000 T   0.134 step  0.75 cur   19344.1 best   19344.1
it  160000 T   0.091 step  0.54 cur   22191.9 best   22191.9
it  170000 T   0.063 step  0.35 cur   22156.1 best   22156.1
it  180000 T   0.043 step  0.20 cur   22100.2 best   22100.2
it  190000 T   0.029 step  0.20 cur   22061.6 best   22061.6
final exact cost 22023.0 (tracked 22023.0)
