it       0 T  15.000 step  6.00 cur    8201.5 best    8201.5
it   10000 T  10.773 step  5.56 cur    4016.8 best    3952.5
it   20000 T   7.737 step  5.12 cur    4003.3 best    3995.1
it   30000 T   5.557 step  4.70 cur    4462.4 best    4433.0
it   40000 T   3.991 step  4.29 cur    4954.3 best    4908.7
it   50000 T   2.866 step  3.90 cur    5421.0 best    5419.7
it   60000 T   2.059 step  3.51 cur    6035.6 best    6029.7
it   70000 T   1.478 step  3.14 cur    6807.4 best    6805.6
it   80000 T   1.062 step  2.79 cur    7711.3 best    7708.3
it   90000 T   0.763 step  2.45 cur    8638.3 best    8636.2
it  100000 T   0.548 step  2.12 cur    9792.3 best    9791.6
it  110000 T   0.393 step  1.81 cur   11154.0 best   11153.9
it  120000 T   0.283 step  1.52 cur   12725.8 best   12725.8
it  130000 T   0.203 step  1.24 cur   14526.7 best   14526.7
it  140000 T   0.146 step  0.99 cur   16615.8 best   16615.8
it  150000 T   0.105 step  0.75 cur   19007.0 best   19007.0
it  160000 T   0.075 step  0.54 cur   21779.2 best   21779.2
it  170000 T   0.054 step  0.35 cur   21712.3 best   21712.3
it  180000 T   0.039 step  0.20 cur   21673.2 best   21673.2
it  190000 T   0.028 step  0.20 cur   21670.9 best   21670.9
final exact cost 21666.4 (tracked 21666.4)
