it       0 T  15.000 step  6.00 cur    8201.5 best    8201.5
it   10000 T  10.773 step  5.56 cur    3676.9 best    3577.9
it   20000 T   7.737 step  5.12 cur    4035.4 best    4013.7
it   30000 T   5.557 step  4.70 cur    4538.7 best    4516.9
it   40000 T   3.991 step  4.29 cur    5001.6 best    5000.9
it   50000 T   2.866 step  3.90 cur    5473.9 best    5473.6
it   60000 T   2.059 step  3.51 cur    6138.0 best    6138.0
it   70000 T   1.478 step  3.14 cur    6920.4 best    6916.8
it   80000 T   1.062 step  2.79 cur    7826.4 best    7826.4
it   90000 T   0.763 step  2.45 cur    8896.3 best    8894.3
it  100000 T   0.548 step  2.12 cur   10057.0 best   10057.0
it  110000 T   0.393 step  1.81 cur   11449.0 best   11449.0
it  120000 T   0.283 step  1.52 cur   13037.0 best   13037.0
it  130000 T   0.203 step  1.24 cur   14781.5 best   14781.5
it  140000 T   0.146 step  0.99 cur   16913.3 best   16913.3
it  150000 T   0.105 step  0.75 cur   19245.9 best   19245.9
it  160000 T   0.075 step  0.54 cur   22070.2 best   22070.2
it  170000 T   0.054 step  0.35 cur   22022.0 best   22022.0
it  180000 T   0.039 step  0.20 cur   22017.6 best   22017.6
it  190000 T   0.028 step  0.20 cur   22011.0 best   22011.0
final exact cost 22007.3 (tracked 22007.3)
