it       0 T  80.000 step  6.00 cur    8201.5 best    8201.5
it   10000 T  52.843 step  5.56 cur    6376.6 best    5872.0
it   20000 T  34.905 step  5.12 cur    6446.8 best    6050.4
it   30000 T  23.056 step  4.70 cur    6476.5 best    6297.3
it   40000 T  15.229 step  4.29 cur    6748.4 best    6748.4
it   50000 T  10.059 step  3.90 cur    7080.1 best    7047.0
it   60000 T   6.645 step  3.51 cur    7509.0 best    7504.7
it   70000 T   4.389 step  3.14 cur    8376.8 best    8371.3
it   80000 T   2.899 step  2.79 cur    9409.2 best    9409.2
it   90000 T   1.915 step  2.45 cur   10634.8 best   10632.5
it  100000 T   1.265 step  2.12 cur   11922.3 best   11922.2
it  110000 T   0.836 step  1.81 cur   13492.1 best   13492.1
it  120000 T   0.552 step  1.52 cur   15295.3 best   15295.1
it  130000 T   0.365 step  1.24 cur   17337.8 best   17337.7
it  140000 T   0.241 step  0.99 cur   19765.5 best   19765.5
it  150000 T   0.159 step  0.75 cur   22597.4 best   22597.4
it  160000 T   0.105 step  0.54 cur   25704.8 best   25704.6
it  170000 T   0.069 step  0.35 cur   25483.1 best   25483.1
it  180000 T   0.046 step  0.20 cur   25380.0 best   25380.0
it  190000 T   0.030 step  0.20 cur   25342.2 best   25342.2
final exact cost 25330.9 (tracked 25330.9)
