it       0 T  40.000 step  6.00 cur    8201.5 best    8201.5
it   10000 T  27.353 step  5.56 cur    4683.5 best    4072.8
it   20000 T  18.705 step  5.12 cur    4683.1 best    4571.4
it   30000 T  12.791 step  4.70 cur    4778.0 best    4775.2
it   40000 T   8.747 step  4.29 cur    5181.2 best    5181.2
it   50000 T   5.981 step  3.90 cur    5799.9 best    5785.8
it   60000 T   4.090 step  3.51 cur    6486.9 best    6473.1
it   70000 T   2.797 step  3.14 cur    7328.7 best    7322.7
it   80000 T   1.913 step  2.79 cur    8301.5 best    8299.2
it   90000 T   1.308 step  2.45 cur    9272.2 best    9269.3
it  100000 T   0.894 step  2.12 cur   10527.8 best   10525.4
it  110000 T   0.612 step  1.81 cur   11962.0 best   11959.6
it  120000 T   0.418 step  1.52 cur   13674.7 best   13674.7
it  130000 T   0.286 step  1.24 cur   15450.4 best   15450.4
it  140000 T   0.196 step  0.99 cur   17672.5 best   17672.5
it  150000 T   0.134 step  0.75 cur   20177.1 best   20177.0
it  160000 T   0.091 step  0.54 cur   23110.8 best   23110.8
it  170000 T   0.063 step  0.35 cur   22965.8 best   22965.8
it  180000 T   0.043 step  0.20 cur   22910.9 best   22910.9
it  190000 T   0.029 step  0.20 cur   22898.7 best   22898.7
final exact cost 22884.7 (tracked 22884.7)
