it       0 T  40.000 step  6.00 cur    6642.2 best    6642.2
it   10000 T  27.353 step  5.56 cur    3420.4 best    3124.7
it   20000 T  18.705 step  5.12 cur    3143.7 best    3006.8
it   30000 T  12.791 step  4.70 cur    3004.1 best    3004.1
it   40000 T   8.747 step  4.29 cur    2940.8 best    2940.2
it   50000 T   5.981 step  3.90 cur    3103.1 best    3074.6
it   60000 T   4.090 step  3.51 cur    3238.2 best    3231.6
it   70000 T   2.797 step  3.14 cur    3428.4 best    3425.2
it   80000 T   1.913 step  2.79 cur    3725.3 best    3720.8
it   90000 T   1.308 step  2.45 cur    4054.0 best    4050.7
it  100000 T   0.894 step  2.12 cur    4408.6 best    4408.6
it  110000 T   0.612 step  1.81 cur    4925.4 best    4925.1
it  120000 T   0.418 step  1.52 cur    5530.0 best    5529.5
it  130000 T   0.286 step  1.24 cur    6212.9 best    6212.9
it  140000 T   0.196 step  0.99 cur    6997.8 best    6997.5
it  150000 T   0.134 step  0.75 cur    7876.1 best    7875.8
it  160000 T   0.091 step  0.54 cur    8874.5 best    8874.5
it  170000 T   0.063 step  0.35 cur    8777.3 best    8777.2
it  180000 T   0.043 step  0.20 cur    8737.6 best    8737.6
it  190000 T   0.029 step  0.20 cur    8705.8 best    8705.8
final exact cost 8693.5 (tracked 8693.5)
