it       0 T  40.000 step  6.00 cur    6642.2 best    6642.2
it   10000 T  27.353 step  5.56 cur    2719.4 best    2639.1
it   20000 T  18.705 step  5.12 cur    2968.1 best    2757.4
it   30000 T  12.791 step  4.70 cur    2786.0 best    2777.4
it   40000 T   8.747 step  4.29 cur    2962.7 best    2925.0
it   50000 T   5.981 step  3.90 cur    3036.8 best    3034.7
it   60000 T   4.090 step  3.51 cur    3270.4 best    3211.4
it   70000 T   2.797 step  3.14 cur    3506.4 best    3506.4
it   80000 T   1.913 step  2.79 cur    3845.6 best    3844.5
it   90000 T   1.308 step  2.45 cur    4203.3 best    4194.0
it  100000 T   0.894 step  2.12 cur    4670.7 best    4666.3
it  110000 T   0.612 step  1.81 cur    5155.0 best    5155.0
it  120000 T   0.418 step  1.52 cur    5726.1 best    5724.6
it  130000 T   0.286 step  1.24 cur    6439.8 best    6439.8
it  140000 T   0.196 step  0.99 cur    7285.5 best    7285.5
it  150000 T   0.134 step  0.75 cur    8261.7 best    8261.7
it  160000 T   0.091 step  0.54 cur    9349.2 best    9349.2
it  170000 T   0.063 step  0.35 cur    9308.8 best    9308.8
it  180000 T   0.043 step  0.20 cur    9289.1 best    9289.1
it  190000 T   0.029 step  0.20 cur    9273.9 best    9273.9
final exact cost 9260.8 (tracked 9260.8)
