it       0 T  80.000 step  6.00 cur    6642.2 best    6642.2
it   10000 T  52.843 step  5.56 cur    4739.2 best    4029.5
it   20000 T  34.905 step  5.12 cur    3981.4 best    3825.6
it   30000 T  23.056 step  4.70 cur    3760.3 best    3639.1
it   40000 T  15.229 step  4.29 cur    3696.5 best    3684.4
it   50000 T  10.059 step  3.90 cur    3495.2 best    3486.9
it   60000 T   6.645 step  3.51 cur    3593.6 best    3528.9
it   70000 T   4.389 step  3.14 cur    3650.6 best    3647.5
it   80000 T   2.899 step  2.79 cur    3850.1 best    3846.9
it   90000 T   1.915 step  2.45 cur    4221.8 best    4221.8
it  100000 T   1.265 step  2.12 cur    4544.7 best    4543.0
it  110000 T   0.836 step  1.81 cur    4957.3 best    4957.0
it  120000 T   0.552 step  1.52 cur    5498.4 best    5498.4
it  130000 T   0.365 step  1.24 cur    6180.9 best    6179.7
it  140000 T   0.241 step  0.99 cur    6973.4 best    6973.4
it  150000 T   0.159 step  0.75 cur    7679.8 best    7679.8
it  160000 T   0.105 step  0.54 cur    8697.2 best    8697.2
it  170000 T   0.069 step  0.35 cur    8626.4 best    8626.2
it  180000 T   0.046 step  0.20 cur    8578.0 best    8578.0
it  190000 T   0.030 step  0.20 cur    8536.7 best    8536.7
final exact cost 8509.5 (tracked 8509.5)
