it       0 T  15.000 step  6.00 cur    6642.2 best    6642.2
it   10000 T  10.773 step  5.56 cur    2009.9 best    2000.1
it   20000 T   7.737 step  5.12 cur    2147.2 best    2104.0
it   30000 T   5.557 step  4.70 cur    2267.4 best    2242.0
it   40000 T   3.991 step  4.29 cur    2432.5 best    2432.5
it   50000 T   2.866 step  3.90 cur    2655.5 best    2624.1
it   60000 T   2.059 step  3.51 cur    2771.2 best    2771.2
it   70000 T   1.478 step  3.14 cur    3059.2 best    3053.0
it   80000 T   1.062 step  2.79 cur    3382.9 best    3382.8
it   90000 T   0.763 step  2.45 cur    3748.4 best    3748.4
it  100000 T   0.548 step  2.12 cur    4165.9 best    4165.8
it  110000 T   0.393 step  1.81 cur    4675.1 best    4675.1
it  120000 T   0.283 step  1.52 cur    5262.7 best    5261.5
it  130000 T   0.203 step  1.24 cur    5937.6 best    5936.6
it  140000 T   0.146 step  0.99 cur    6713.5 best    6713.5
it  150000 T   0.105 step  0.75 cur    7621.1 best    7621.1
it  160000 T   0.075 step  0.54 cur    8671.0 best    8671.0
it  170000 T   0.054 step  0.35 cur    8669.4 best    8669.4
it  180000 T   0.039 step  0.20 cur    8611.4 best    8611.4
it  190000 T   0.028 step  0.20 cur    8594.1 best    8594.1
final exact cost 8584.1 (tracked 8584.1)
