it       0 T  15.000 step  6.00 cur    6642.2 best    6642.2
it   10000 T  10.773 step  5.56 cur    2367.2 best    2359.8
it   20000 T   7.737 step  5.12 cur    2139.4 best    2099.5
it   30000 T   5.557 step  4.70 cur    2347.6 best    2290.6
it   40000 T   3.991 step  4.29 cur    2498.4 best    2484.2
it   50000 T   2.866 step  3.90 cur    2710.1 best    2703.0
it   60000 T   2.059 step  3.51 cur    2977.4 best    2969.0
it   70000 T   1.478 step  3.14 cur    3230.7 best    3229.3
it   80000 T   1.062 step  2.79 cur    3451.1 best    3450.9
it   90000 T   0.763 step  2.45 cur    3779.0 best    3779.0
it  100000 T   0.548 step  2.12 cur    4225.0 best    4224.4
it  110000 T   0.393 step  1.81 cur    4720.8 best    4720.8
it  120000 T   0.283 step  1.52 cur    5279.2 best    5279.2
it  130000 T   0.203 step  1.24 cur    5936.6 best    5936.6
it  140000 T   0.146 step  0.99 cur    6685.0 best    6685.0
it  150000 T   0.105 step  0.75 cur    7556.1 best    7556.1
it  160000 T   0.075 step  0.54 cur    8502.0 best    8501.9
it  170000 T   0.054 step  0.35 cur    8471.1 best    8471.1
it  180000 T   0.039 step  0.20 cur    8396.8 best    8396.8
it  190000 T   0.028 step  0.20 cur    8391.3 best    8391.3
final exact cost 8375.0 (tracked 8375.0)
