it       0 T  80.000 step  6.00 cur    6642.2 best    6642.2
it   10000 T  52.843 step  5.56 cur    4532.6 best    3847.6
it   20000 T  34.905 step  5.12 cur    3149.1 best    3149.1
it   30000 T  23.056 step  4.70 cur    3141.2 best    2983.6
it   40000 T  15.229 step  4.29 cur    3099.8 best    2913.7
it   50000 T  10.059 step  3.90 cur    3033.5 best    3019.9
it   60000 T   6.645 step  3.51 cur    3111.0 best    3109.4
it   70000 T   4.389 step  3.14 cur    3290.4 best    3285.3
it   80000 T   2.899 step  2.79 cur    3520.3 best    3518.6
it   90000 T   1.915 step  2.45 cur    3729.1 best    3727.6
it  100000 T   1.265 step  2.12 cur    4076.6 best    4073.7
it  110000 T   0.836 step  1.81 cur    4466.2 best    4462.5
it  120000 T   0.552 step  1.52 cur    4976.6 best    4976.6
it  130000 T   0.365 step  1.24 cur    5557.0 best    5557.0
it  140000 T   0.241 step  0.99 cur    6234.7 best    6234.7
it  150000 T   0.159 step  0.75 cur    7025.2 best    7025.2
it  160000 T   0.105 step  0.54 cur    7729.4 best    7729.4
it  170000 T   0.069 step  0.35 cur    7675.7 best    7675.7
it  180000 T   0.046 step  0.20 cur    7609.7 best    7609.7
it  190000 T   0.030 step  0.20 cur    7595.1 best    7595.1
final exact cost 7582.6 (tracked 7582.6)
