it       0 T  80.000 step  6.00 cur    8863.4 best    8863.4
it   10000 T  52.843 step  5.56 cur    4713.4 best    4378.1
it   20000 T  34.905 step  5.12 cur    5046.3 best    4522.4
it   30000 T  23.056 step  4.70 cur    4555.6 best    4507.0
it   40000 T  15.229 step  4.29 cur    4633.6 best    4633.6
it   50000 T  10.059 step  3.90 cur    5096.7 best    4980.3
it   60000 T   6.645 step  3.51 cur    5544.6 best    5513.6
it   70000 T   4.389 step  3.14 cur    5970.6 best    5969.9
it   80000 T   2.899 step  2.79 cur    6614.8 best    6613.5
it   90000 T   1.915 step  2.45 cur    7291.7 best    7291.7
it  100000 T   1.265 step  2.12 cur    8180.2 best    8175.9
it  110000 T   0.836 step  1.81 cur    9243.6 best    9243.6
it  120000 T   0.552 step  1.52 cur   10472.4 best   10472.4
it  130000 T   0.365 step  1.24 cur   11954.5 best   11952.9
it  140000 T   0.241 step  0.99 cur   13655.0 best   13655.0
it  150000 T   0.159 step  0.75 cur   15585.8 best   15585.8
it  160000 T   0.105 step  0.54 cur   17785.7 best   17785.7
it  170000 T   0.069 step  0.35 cur   17712.9 best   17712.9
it  180000 T   0.046 step  0.20 cur   17611.9 best   17611.9
it  190000 T   0.030 step  0.20 cur   17588.6 best   17588.6
final exact cost 17563.2 (tracked 17563.2)
