it       0 T  40.000 step  6.00 cur    8863.4 best    8863.4
it   10000 T  27.353 step  5.56 cur    3674.7 best    3637.6
it   20000 T  18.705 step  5.12 cur    3892.9 best    3886.5
it   30000 T  12.791 step  4.70 cur    3986.1 best    3935.7
it   40000 T   8.747 step  4.29 cur    4313.0 best    4304.4
it   50000 T   5.981 step  3.90 cur    4604.3 best    4604.3
it   60000 T   4.090 step  3.51 cur    5058.8 best    5057.3
it   70000 T   2.797 step  3.14 cur    5549.8 best    5546.8
it   80000 T   1.913 step  2.79 cur    6261.6 best    6254.6
it   90000 T   1.308 step  2.45 cur    7101.6 best    7100.8
it  100000 T   0.894 step  2.12 cur    8045.9 best    8044.6
it  110000 T   0.612 step  1.81 cur    9110.5 best    9109.7
it  120000 T   0.418 step  1.52 cur   10353.8 best   10352.8
it  130000 T   0.286 step  1.24 cur   11825.7 best   11825.7
it  140000 T   0.196 step  0.99 cur   13512.4 best   13512.3
it  150000 T   0.134 step  0.75 cur   15498.1 best   15498.1
it  160000 T   0.091 step  0.54 cur   17744.1 best   17744.1
it  170000 T   0.063 step  0.35 cur   17696.1 best   17696.1
it  180000 T   0.043 step  0.20 cur   17674.0 best   17674.0
it  190000 T   0.029 step  0.20 cur   17660.5 best   17660.5
final exact cost 17657.2 (tracked 17657.2)
