it       0 T  15.000 step  6.00 cur    8863.4 best    8863.4
it   10000 T  10.773 step  5.56 cur    4361.1 best    4299.5
it   20000 T   7.737 step  5.12 cur    4617.5 best    4606.1
it   30000 T   5.557 step  4.70 cur    5073.1 best    5073.0
it   40000 T   3.991 step  4.29 cur    5660.1 best    5654.8
it   50000 T   2.866 step  3.90 cur    6377.1 best    6371.4
it   60000 T   2.059 step  3.51 cur    7260.5 best    7259.2
it   70000 T   1.478 step  3.14 cur    8269.9 best    8266.4
it   80000 T   1.062 step  2.79 cur    9419.3 best    9419.3
it   90000 T   0.763 step  2.45 cur   10780.8 best   10779.6
it  100000 T   0.548 step  2.12 cur   12340.0 best   12340.0
it  110000 T   0.393 step  1.81 cur   14133.7 best   14133.7
it  120000 T   0.283 step  1.52 cur   16189.4 best   16189.4
it  130000 T   0.203 step  1.24 cur   18591.5 best   18591.2
it  140000 T   0.146 step  0.99 cur   21365.0 best   21365.0
it  150000 T   0.105 step  0.75 cur   24558.8 best   24558.8
it  160000 T   0.075 step  0.54 cur   28262.6 best   28262.5
it  170000 T   0.054 step  0.35 cur   28259.0 best   28258.9
it  180000 T   0.039 step  0.20 cur   28252.7 best   28252.7
it  190000 T   0.028 step  0.20 cur   28250.9 best   28250.9
final exact cost 28250.4 (tracked 28250.4)
