it       0 T  80.000 step  6.00 cur    8863.4 best    8863.4
it   10000 T  52.843 step  5.56 cur    5533.4 best    5400.1
it   20000 T  34.905 step  5.12 cur    5649.3 best    5118.6
it   30000 T  23.056 step  4.70 cur    5609.7 best    5278.3
it   40000 T  15.229 step  4.29 cur    5485.9 best    5412.6
it   50000 T  10.059 step  3.90 cur    5814.0 best    5814.0
it   60000 T   6.645 step  3.51 cur    6403.7 best    6398.1
it   70000 T   4.389 step  3.14 cur    6870.8 best    6857.0
it   80000 T   2.899 step  2.79 cur    7626.4 best    7626.4
it   90000 T   1.915 step  2.45 cur    8666.3 best    8662.1
it  100000 T   1.265 step  2.12 cur    9795.6 best    9791.7
it  110000 T   0.836 step  1.81 cur   11147.9 best   11147.9
it  120000 T   0.552 step  1.52 cur   12717.0 best   12716.2
it  130000 T   0.365 step  1.24 cur   14475.6 best   14475.6
it  140000 T   0.241 step  0.99 cur   16571.4 best   16571.3
it  150000 T   0.159 step  0.75 cur   18754.8 best   18754.8
it  160000 T   0.105 step  0.54 cur   21454.0 best   21454.0
it  170000 T   0.069 step  0.35 cur   21400.0 best   21399.8
it  180000 T   0.046 step  0.20 cur   21276.0 best   21276.0
it  190000 T   0.030 step  0.20 cur   21264.4 best   21264.4
final exact cost 21241.3 (tracked 21241.3)
