it       0 T  40.000 step  6.00 cur    8863.4 best    8863.4
it   10000 T  27.353 step  5.56 cur    4047.0 best    3722.5
it   20000 T  18.705 step  5.12 cur    3646.9 best    3644.4
it   30000 T  12.791 step  4.70 cur    4016.9 best    3889.7
it   40000 T   8.747 step  4.29 cur    4310.7 best    4270.6
it   50000 T   5.981 step  3.90 cur    4644.5 best    4642.7
it   60000 T   4.090 step  3.51 cur    5062.2 best    5062.0
it   70000 T   2.797 step  3.14 cur    5559.7 best    5546.2
it   80000 T   1.913 step  2.79 cur    6231.0 best    6231.0
it   90000 T   1.308 step  2.45 cur    6984.5 best    6981.5
it  100000 T   0.894 step  2.12 cur    7888.2 best    7887.7
it  110000 T   0.612 step  1.81 cur    8971.1 best    8971.0
it  120000 T   0.418 step  1.52 cur   10123.6 best   10122.9
it  130000 T   0.286 step  1.24 cur   11492.6 best   11492.3
it  140000 T   0.196 step  0.99 cur   13043.9 best   13043.7
it  150000 T   0.134 step  0.75 cur   14900.5 best   14900.2
it  160000 T   0.091 step  0.54 cur   17014.3 best   17014.3
it  170000 T   0.063 step  0.35 cur   16901.3 best   16901.3
it  180000 T   0.043 step  0.20 cur   16761.1 best   16761.1
it  190000 T   0.029 step  0.20 cur   16722.7 best   16722.7
final exact cost 16720.3 (tracked 16720.3)
