it       0 T  80.000 step  6.00 cur    6732.5 best    6732.5
it   10000 T  52.843 step  5.56 cur    5394.0 best    4954.3
it   20000 T  34.905 step  5.12 cur    4674.7 best    4419.4
it   30000 T  23.056 step  4.70 cur    4017.9 best    3795.2
it   40000 T  15.229 step  4.29 cur    4020.8 best    3906.6
it   50000 T  10.059 step  3.90 cur    3935.4 best    3934.3
it   60000 T   6.645 step  3.51 cur    4010.3 best    4008.7
it   70000 T   4.389 step  3.14 cur    4289.9 best    4286.6
it   80000 T   2.899 step  2.79 cur    4617.4 best    4610.7
it   90000 T   1.915 step  2.45 cur    4972.3 best    4968.9
it  100000 T   1.265 step  2.12 cur    5529.2 best    5529.2
it  110000 T   0.836 step  1.81 cur    6078.5 best    6073.0
it  120000 T   0.552 step  1.52 cur    6686.0 best    6685.9
it  130000 T   0.365 step  1.24 cur    7499.1 best    7499.1
it  140000 T   0.241 step  0.99 cur    8263.8 best    8263.8
it  150000 T   0.159 step  0.75 cur    9347.4 best    9347.4
it  160000 T   0.105 step  0.54 cur   10582.8 best   10582.8
it  170000 T   0.069 step  0.35 cur   10442.8 best   10442.8
it  180000 T   0.046 step  0.20 cur   10310.3 best   10310.3
it  190000 T   0.030 step  0.20 cur   10266.3 best   10266.3
final exact cost 10259.2 (tracked 10259.2)
