it       0 T  40.000 step  6.00 cur    6732.5 best    6732.5
it   10000 T  27.353 step  5.56 cur    3591.4 best    3410.5
it   20000 T  18.705 step  5.12 cur    3373.8 best    3318.3
it   30000 T  12.791 step  4.70 cur    3497.7 best    3449.5
it   40000 T   8.747 step  4.29 cur    3669.0 best    3653.4
it   50000 T   5.981 step  3.90 cur    4033.6 best    4024.1
it   60000 T   4.090 step  3.51 cur    4265.7 best    4254.0
it   70000 T   2.797 step  3.14 cur    4580.3 best    4578.8
it   80000 T   1.913 step  2.79 cur    4960.0 best    4959.8
it   90000 T   1.308 step  2.45 cur    5416.1 best    5416.1
it  100000 T   0.894 step  2.12 cur    5990.0 best    5990.0
it  110000 T   0.612 step  1.81 cur    6617.6 best    6617.6
it  120000 T   0.418 step  1.52 cur    7412.3 best    7412.3
it  130000 T   0.286 step  1.24 cur    8322.8 best    8322.4
it  140000 T   0.196 step  0.99 cur    9430.6 best    9430.6
it  150000 T   0.134 step  0.75 cur   10716.0 best   10715.5
it  160000 T   0.091 step  0.54 cur   12138.7 best   12138.7
it  170000 T   0.063 step  0.35 cur   12078.0 best   12078.0
it  180000 T   0.043 step  0.20 cur   12015.5 best   12015.4
it  190000 T   0.029 step  0.20 cur   11581.5 best   11581.5
final exact cost 11579.6 (tracked 11579.6)
