it       0 T  40.000 step  6.00 cur    6732.5 best    6732.5
it   10000 T  27.353 step  5.56 cur    4114.8 best    3851.8
it   20000 T  18.705 step  5.12 cur    3967.4 best    3864.5
it   30000 T  12.791 step  4.70 cur    3964.4 best    3885.4
it   40000 T   8.747 step  4.29 cur    4026.7 best    4000.4
it   50000 T   5.981 step  3.90 cur    4430.9 best    4402.6
it   60000 T   4.090 step  3.51 cur    4838.1 best    4818.8
it   70000 T   2.797 step  3.14 cur    5373.2 best    5371.2
it   80000 T   1.913 step  2.79 cur    5986.0 best    5986.0
it   90000 T   1.308 step  2.45 cur    6739.9 best    6736.7
it  100000 T   0.894 step  2.12 cur    7594.1 best    7594.1
it  110000 T   0.612 step  1.81 cur    8605.8 best    8605.8
it  120000 T   0.418 step  1.52 cur    9765.3 best    9765.3
it  130000 T   0.286 step  1.24 cur   11108.5 best   11108.5
it  140000 T   0.196 step  0.99 cur   12681.1 best   12681.1
it  150000 T   0.134 step  0.75 cur   14492.0 best   14491.9
it  160000 T   0.091 step  0.54 cur   16585.6 best   16585.6
it  170000 T   0.063 step  0.35 cur   16548.2 best   16548.2
it  180000 T   0.043 step  0.20 cur   16507.2 best   16507.2
it  190000 T   0.029 step  0.20 cur   16505.1 best   16505.1
final exact cost 16466.7 (tracked 16466.7)
