it       0 T  80.000 step  6.00 cur    6732.5 best    6732.5
it   10000 T  52.843 step  5.56 cur    4922.6 best    4319.1
it   20000 T  34.905 step  5.12 cur    3878.1 best    3799.7
it   30000 T  23.056 step  4.70 cur    4096.0 best    3986.2
it   40000 T  15.229 step  4.29 cur    3799.4 best    3799.4
it   50000 T  10.059 step  3.90 cur    3732.2 best    3732.2
it   60000 T   6.645 step  3.51 cur    4028.1 best    4018.1
it   70000 T   4.389 step  3.14 cur    4114.7 best    4113.5
it   80000 T   2.899 step  2.79 cur    4365.1 best    4364.6
it   90000 T   1.915 step  2.45 cur    4804.0 best    4804.0
it  100000 T   1.265 step  2.12 cur    5364.4 best    5363.5
it  110000 T   0.836 step  1.81 cur    5840.5 best    5839.0
it  120000 T   0.552 step  1.52 cur    6523.0 best    6523.0
it  130000 T   0.365 step  1.24 cur    7347.9 best    7347.9
it  140000 T   0.241 step  0.99 cur    8329.6 best    8328.6
it  150000 T   0.159 step  0.75 cur    9454.4 best    9454.4
it  160000 T   0.105 step  0.54 cur   10691.4 best   10691.4
it  170000 T   0.069 step  0.35 cur   10619.3 best   10619.3
it  180000 T   0.046 step  0.20 cur   10580.0 best   10580.0
it  190000 T   0.030 step  0.20 cur   10547.3 best   10547.3
final exact cost 10517.6 (tracked 10517.6)
