it       0 T  15.000 step  6.00 cur    6732.5 best    6732.5
it   10000 T  10.773 step  5.56 cur    3128.9 best    3108.9
it   20000 T   7.737 step  5.12 cur    3133.1 best    3074.3
it   30000 T   5.557 step  4.70 cur    3381.5 best    3369.0
it   40000 T   3.991 step  4.29 cur    3618.6 best    3611.3
it   50000 T   2.866 step  3.90 cur    3899.0 best    3889.2
it   60000 T   2.059 step  3.51 cur    4212.8 best    4209.9
it   70000 T   1.478 step  3.14 cur    4669.4 best    4669.3
it   80000 T   1.062 step  2.79 cur    5177.4 best    5176.1
it   90000 T   0.763 step  2.45 cur    5715.2 best    5713.9
it  100000 T   0.548 step  2.12 cur    6303.2 best    6302.7
it  110000 T   0.393 step  1.81 cur    7059.0 best    7059.0
it  120000 T   0.283 step  1.52 cur    7738.2 best    7738.2
it  130000 T   0.203 step  1.24 cur    8770.0 best    8770.0
it  140000 T   0.146 step  0.99 cur    9769.7 best    9769.7
it  150000 T   0.105 step  0.75 cur   11074.0 best   11074.0
it  160000 T   0.075 step  0.54 cur   12571.1 best   12571.1
it  170000 T   0.054 step  0.35 cur   12557.8 best   12557.8
it  180000 T   0.039 step  0.20 cur   12473.1 best   12473.1
it  190000 T   0.028 step  0.20 cur   12423.3 best   12423.3
final exact cost 12311.1 (tracked 12311.1)
