it       0 T  15.000 step  6.00 cur    6732.5 best    6732.5
it   10000 T  10.773 step  5.56 cur    3098.0 best    3093.4
it   20000 T   7.737 step  5.12 cur    3217.3 best    3198.7
it   30000 T   5.557 step  4.70 cur    3439.1 best    3437.4
it   40000 T   3.991 step  4.29 cur    3728.0 best    3721.7
it   50000 T   2.866 step  3.90 cur    4078.5 best    4066.8
it   60000 T   2.059 step  3.51 cur    4392.9 best    4392.5
it   70000 T   1.478 step  3.14 cur    4833.2 best    4830.1
it   80000 T   1.062 step  2.79 cur    5409.1 best    5409.1
it   90000 T   0.763 step  2.45 cur    5792.3 best    5792.3
it  100000 T   0.548 step  2.12 cur    6471.2 best    6471.0
it  110000 T   0.393 step  1.81 cur    7245.0 best    7245.0
it  120000 T   0.283 step  1.52 cur    8170.5 best    8169.5
it  130000 T   0.203 step  1.24 cur    9266.9 best    9266.6
it  140000 T   0.146 step  0.99 cur   10516.0 best   10516.0
it  150000 T   0.105 step  0.75 cur   11919.8 best   11919.8
it  160000 T   0.075 step  0.54 cur   13543.0 best   13543.0
it  170000 T   0.054 step  0.35 cur   13439.7 best   13439.7
it  180000 T   0.039 step  0.20 cur   13248.7 best   13248.7
it  190000 T   0.028 step  0.20 cur   13027.4 best   13027.4
final exact cost 12961.2 (tracked 12961.2)
