it       0 T  15.000 step  6.00 cur    4824.7 best    4824.7
it   10000 T  10.773 step  5.56 cur    2291.3 best    2261.7
it   20000 T   7.737 step  5.12 cur    2278.2 best    2260.1
it   30000 T   5.557 step  4.70 cur    2445.7 best    2443.9
it   40000 T   3.991 step  4.29 cur    2410.3 best    2387.0
it   50000 T   2.866 step  3.90 cur    2528.3 best    2528.3
it   60000 T   2.059 step  3.51 cur    2723.3 best    2716.0
it   70000 T   1.478 step  3.14 cur    2921.1 best    2921.1
it   80000 T   1.062 step  2.79 cur    3236.9 best    3233.4
it   90000 T   0.763 step  2.45 cur    3573.2 best    3573.1
it  100000 T   0.548 step  2.12 cur    3960.8 best    3960.3
it  110000 T   0.393 step  1.81 cur    4426.2 best    4426.2
it  120000 T   0.283 step  1.52 cur    4944.1 best    4943.7
it  130000 T   0.203 step  1.24 cur    5579.6 best    5579.4
it  140000 T   0.146 step  0.99 cur    6296.8 best    6296.8
it  150000 T   0.105 step  0.75 cur    7087.6 best    7087.6
it  160000 T   0.075 step  0.54 cur    8018.1 best    8018.1
it  170000 T   0.054 step  0.35 cur    7976.3 best    7976.3
it  180000 T   0.039 step  0.20 cur    7924.5 best    7924.4
it  190000 T   0.028 step  0.20 cur    7906.1 best    7906.1
final exact cost 7891.8 (tracked 7891.8)
