it       0 T  80.000 step  6.00 cur    4824.7 best    4824.7
it   10000 T  52.843 step  5.56 cur    4741.8 best    4143.6
it   20000 T  34.905 step  5.12 cur    4367.1 best    4155.4
it   30000 T  23.056 step  4.70 cur    3301.0 best    3223.1
it   40000 T  15.229 step  4.29 cur    3140.8 best    3041.0
it   50000 T  10.059 step  3.90 cur    2907.2 best    2905.4
it   60000 T   6.645 step  3.51 cur    2980.7 best    2977.8
it   70000 T   4.389 step  3.14 cur    3325.2 best    3308.4
it   80000 T   2.899 step  2.79 cur    3666.8 best    3645.9
it   90000 T   1.915 step  2.45 cur    4031.9 best    4016.6
it  100000 T   1.265 step  2.12 cur    4316.5 best    4316.5
it  110000 T   0.836 step  1.81 cur    4784.2 best    4783.5
it  120000 T   0.552 step  1.52 cur    5309.5 best    5309.3
it  130000 T   0.365 step  1.24 cur    5922.6 best    5919.7
it  140000 T   0.241 step  0.99 cur    6534.4 best    6534.4
it  150000 T   0.159 step  0.75 cur    7358.9 best    7358.8
it  160000 T   0.105 step  0.54 cur    8174.7 best    8174.7
it  170000 T   0.069 step  0.35 cur    8104.9 best    8104.8
it  180000 T   0.046 step  0.20 cur    7988.6 best    7988.6
it  190000 T   0.030 step  0.20 cur    7982.5 best    7982.5
final exact cost 7969.5 (tracked 7969.5)
