it       0 T  15.000 step  6.00 cur    4824.7 best    4824.7
it   10000 T  10.773 step  5.56 cur    2259.6 best    2252.1
it   20000 T   7.737 step  5.12 cur    2254.4 best    2233.1
it   30000 T   5.557 step  4.70 cur    2316.9 best    2304.6
it   40000 T   3.991 step  4.29 cur    2417.1 best    2416.0
it   50000 T   2.866 step  3.90 cur    2573.8 best    2570.6
it   60000 T   2.059 step  3.51 cur    2768.3 best    2764.8
it   70000 T   1.478 step  3.14 cur    3029.7 best    3028.4
it   80000 T   1.062 step  2.79 cur    3343.0 best    3340.4
it   90000 T   0.763 step  2.45 cur    3667.1 best    3667.1
it  100000 T   0.548 step  2.12 cur    4053.3 best    4053.1
it  110000 T   0.393 step  1.81 cur    4496.7 best    4496.2
it  120000 T   0.283 step  1.52 cur    5057.5 best    5057.5
it  130000 T   0.203 step  1.24 cur    5689.7 best    5689.7
it  140000 T   0.146 step  0.99 cur    6427.3 best    6426.5
it  150000 T   0.105 step  0.75 cur    7293.0 best    7293.0
it  160000 T   0.075 step  0.54 cur    8291.2 best    8291.2
it  170000 T   0.054 step  0.35 cur    8070.9 best    8070.9
it  180000 T   0.039 step  0.20 cur    7998.9 best    7998.9
it  190000 T   0.028 step  0.20 cur    7961.6 best    7961.6
final exact cost 7949.1 (tracked 7949.1)
