it       0 T  80.000 step  6.00 cur    4824.7 best    4824.7
it   10000 T  52.843 step  5.56 cur    4728.9 best    3920.1
it   20000 T  34.905 step  5.12 cur    3892.1 best    3534.3
it   30000 T  23.056 step  4.70 cur    3276.4 best    3276.4
it   40000 T  15.229 step  4.29 cur    3440.3 best    3358.3
it   50000 T  10.059 step  3.90 cur    3422.4 best    3393.0
it   60000 T   6.645 step  3.51 cur    3490.4 best    3490.2
it   70000 T   4.389 step  3.14 cur    3806.1 best    3806.1
it   80000 T   2.899 step  2.79 cur    4163.9 best    4163.9
it   90000 T   1.915 step  2.45 cur    4620.2 best    4620.2
it  100000 T   1.265 step  2.12 cur    5049.4 best    5049.4
it  110000 T   0.836 step  1.81 cur    5639.6 best    5637.7
it  120000 T   0.552 step  1.52 cur    6292.9 best    6291.8
it  130000 T   0.365 step  1.24 cur    7047.0 best    7046.6
it  140000 T   0.241 step  0.99 cur    7958.5 best    7958.5
it  150000 T   0.159 step  0.75 cur    9022.4 best    9022.3
it  160000 T   0.105 step  0.54 cur   10263.9 best   10263.9
it  170000 T   0.069 step  0.35 cur   10253.5 best   10253.3
it  180000 T   0.046 step  0.20 cur   10210.7 best   10210.7
it  190000 T   0.030 step  0.20 cur   10200.0 best   10200.0
final exact cost 10194.4 (tracked 10194.4)
