it       0 T  40.000 step  6.00 cur    4824.7 best    4824.7
it   10000 T  27.353 step  5.56 cur    2946.9 best    2616.5
it   20000 T  18.705 step  5.12 cur    2509.0 best    2399.0
it   30000 T  12.791 step  4.70 cur    2358.0 best    2358.0
it   40000 T   8.747 step  4.29 cur    2525.6 best    2505.2
it   50000 T   5.981 step  3.90 cur    2585.5 best    2576.7
it   60000 T   4.090 step  3.51 cur    2718.5 best    2717.4
it   70000 T   2.797 step  3.14 cur    2943.0 best    2943.0
it   80000 T   1.913 step  2.79 cur    3175.9 best    3171.4
it   90000 T   1.308 step  2.45 cur    3464.4 best    3464.4
it  100000 T   0.894 step  2.12 cur    3818.7 best    3807.6
it  110000 T   0.612 step  1.81 cur    4221.5 best    4221.5
it  120000 T   0.418 step  1.52 cur    4702.0 best    4702.0
it  130000 T   0.286 step  1.24 cur    5259.8 best    5259.8
it  140000 T   0.196 step  0.99 cur    5917.5 best    5917.5
it  150000 T   0.134 step  0.75 cur    6694.6 best    6694.4
it  160000 T   0.091 step  0.54 cur    7586.6 best    7586.6
it  170000 T   0.063 step  0.35 cur    7573.9 best    7573.9
it  180000 T   0.043 step  0.20 cur    7530.2 best    7530.2
it  190000 T   0.029 step  0.20 cur    7506.4 best    7506.4
final exact cost 7493.9 (tracked 7493.9)
