it       0 T  40.000 step  6.00 cur    4824.7 best    4824.7
it   10000 T  27.353 step  5.56 cur    2992.7 best    2880.5
it   20000 T  18.705 step  5.12 cur    2892.0 best    2778.5
it   30000 T  12.791 step  4.70 cur    2506.5 best    2501.3
it   40000 T   8.747 step  4.29 cur    2557.2 best    2519.3
it   50000 T   5.981 step  3.90 cur    2618.4 best    2596.8
it   60000 T   4.090 step  3.51 cur    2781.1 best    2769.9
it   70000 T   2.797 step  3.14 cur    2985.5 best    2981.1
it   80000 T   1.913 step  2.79 cur    3253.2 best    3249.1
it   90000 T   1.308 step  2.45 cur    3591.7 best    3590.7
it  100000 T   0.894 step  2.12 cur    3998.7 best    3998.3
it  110000 T   0.612 step  1.81 cur    4451.9 best    4450.3
it  120000 T   0.418 step  1.52 cur    4863.0 best    4863.0
it  130000 T   0.286 step  1.24 cur    5461.3 best    5460.7
it  140000 T   0.196 step  0.99 cur    6094.1 best    6094.1
it  150000 T   0.134 step  0.75 cur    6859.4 best    6859.4
it  160000 T   0.091 step  0.54 cur    7778.1 best    7778.1
it  170000 T   0.063 step  0.35 cur    7751.6 best    7751.6
it  180000 T   0.043 step  0.20 cur    7731.3 best    7731.3
it  190000 T   0.029 step  0.20 cur    7675.8 best    7675.7
final exact cost 7669.5 (tracked 7669.5)
