it       0 T  20.000 step  6.00 cur   12836.1 best   12836.1
it    7500 T  14.159 step  5.56 cur    3396.6 best    3348.5
it   15000 T  10.024 step  5.12 cur    3043.8 best    3003.7
it   22500 T   7.096 step  4.70 cur    2683.8 best    2673.8
it   30000 T   5.024 step  4.29 cur    2676.2 best    2670.0
it   37500 T   3.557 step  3.90 cur    2639.5 best    2633.1
it   45000 T   2.518 step  3.51 cur    2571.7 best    2566.5
it   60000 T   1.262 step  2.79 cur    2487.7 best    2484.4
it   67500 T   0.893 step  2.45 cur    2471.4 best    2471.4
it   75000 T   0.632 step  2.12 cur    2465.8 best    2465.8
it   82500 T   0.448 step  1.81 cur    2457.8 best    2457.5
it   90000 T   0.317 step  1.52 cur    2423.2 best    2422.6
it   97500 T   0.224 step  1.24 cur    2419.1 best    2419.1
it  105000 T   0.159 step  0.99 cur    2394.7 best    2394.4
it  112500 T   0.112 step  0.75 cur    2393.8 best    2393.8
it  120000 T   0.080 step  0.54 cur    2380.2 best    2380.2
it  127500 T   0.056 step  0.35 cur    2368.0 best    2368.0
it  135000 T   0.040 step  0.20 cur    2359.4 best    2359.4
it  142500 T   0.028 step  0.20 cur    2352.1 best    2352.1
final exact cost 2351.0 (tracked 2351.0)
