it       0 T 100.000 step  3.00 cur    8227.3 best    8227.3
it   15000 T  68.383 step  2.78 cur    8811.8 best    8227.3
it   30000 T  46.762 step  2.56 cur    5873.6 best    5873.6
it   45000 T  31.978 step  2.35 cur    3680.2 best    3422.2
it   60000 T  21.867 step  2.15 cur    3054.3 best    2907.2
it   75000 T  14.953 step  1.95 cur    2741.4 best    2677.1
it   90000 T  10.226 step  1.76 cur    2359.4 best    2238.7
it  105000 T   6.993 step  1.57 cur    1394.8 best    1374.8
it  120000 T   4.782 step  1.39 cur    1327.8 best    1288.5
it  135000 T   3.270 step  1.22 cur    1074.2 best    1067.4
it  150000 T   2.236 step  1.06 cur    1068.7 best    1046.8
it  165000 T   1.529 step  0.91 cur     901.6 best     896.4
it  180000 T   1.046 step  0.76 cur     842.7 best     838.6
it  195000 T   0.715 step  0.62 cur     814.8 best     814.7
it  210000 T   0.489 step  0.49 cur     800.2 best     800.2
it  225000 T   0.334 step  0.38 cur     791.4 best     791.3
it  240000 T   0.229 step  0.27 cur     783.8 best     783.8
it  255000 T   0.156 step  0.20 cur     779.2 best     779.0
it  270000 T   0.107 step  0.20 cur     774.8 best     774.7
it  285000 T   0.073 step  0.20 cur     768.2 best     768.2
final exact cost 767.3 (tracked 767.3)
