it       0 T 100.000 step  3.00 cur    4127.1 best    4127.1
it   15000 T  68.383 step  2.78 cur    4672.7 best    4105.3
it   30000 T  46.762 step  2.56 cur    2803.9 best    2258.8
it   45000 T  31.978 step  2.35 cur    2480.4 best    2258.8
it   60000 T  21.867 step  2.15 cur    1949.2 best    1823.4
it   75000 T  14.953 step  1.95 cur    1645.9 best    1582.2
it   90000 T  10.226 step  1.76 cur    1473.4 best    1431.0
it  105000 T   6.993 step  1.57 cur    1104.4 best    1101.9
it  120000 T   4.782 step  1.39 cur    1116.1 best    1089.7
it  135000 T   3.270 step  1.22 cur    1010.7 best    1007.5
it  150000 T   2.236 step  1.06 cur     997.5 best     993.3
it  165000 T   1.529 step  0.91 cur     950.8 best     944.0
it  180000 T   1.046 step  0.76 cur     935.7 best     935.7
it  195000 T   0.715 step  0.62 cur     931.4 best     928.8
it  210000 T   0.489 step  0.49 cur     913.2 best     912.5
it  225000 T   0.334 step  0.38 cur     889.3 best     889.3
it  240000 T   0.229 step  0.27 cur     876.0 best     876.0
it  255000 T   0.156 step  0.20 cur     856.2 best     856.2
it  270000 T   0.107 step  0.20 cur     851.1 best     851.0
it  285000 T   0.073 step  0.20 cur     844.1 best     844.1
final exact cost 843.5 (tracked 843.5)
