it       0 T 100.000 step  3.00 cur    8227.3 best    8227.3
it   15000 T  68.383 step  2.78 cur    6263.2 best    6038.0
it   30000 T  46.762 step  2.56 cur    4771.5 best    4577.3
it   45000 T  31.978 step  2.35 cur    2994.0 best    2884.7
it   60000 T  21.867 step  2.15 cur    2158.6 best    2158.6
it   75000 T  14.953 step  1.95 cur    1781.0 best    1728.2
it   90000 T  10.226 step  1.76 cur    1669.2 best    1593.9
it  105000 T   6.993 step  1.57 cur    1209.4 best    1196.0
it  120000 T   4.782 step  1.39 cur     937.0 best     928.3
it  135000 T   3.270 step  1.22 cur     891.1 best     878.6
it  150000 T   2.236 step  1.06 cur     835.0 best     835.0
it  165000 T   1.529 step  0.91 cur     841.1 best     828.7
it  180000 T   1.046 step  0.76 cur     835.7 best     828.7
it  195000 T   0.715 step  0.62 cur     825.9 best     823.9
it  210000 T   0.489 step  0.49 cur     805.0 best     802.4
it  225000 T   0.334 step  0.38 cur     793.7 best     793.3
it  240000 T   0.229 step  0.27 cur     781.8 best     781.5
it  255000 T   0.156 step  0.20 cur     774.7 best     774.5
it  270000 T   0.107 step  0.20 cur     769.8 best     769.8
it  285000 T   0.073 step  0.20 cur     765.0 best     765.0
final exact cost 763.4 (tracked 763.4)
