it       0 T 100.000 step  3.00 cur    5403.7 best    5403.7
it   15000 T  68.383 step  2.78 cur    5954.6 best    5385.0
it   30000 T  46.762 step  2.56 cur    3979.3 best    3381.1
it   45000 T  31.978 step  2.35 cur    3059.1 best    2855.6
it   60000 T  21.867 step  2.15 cur    2371.4 best    2283.2
it   75000 T  14.953 step  1.95 cur    2129.2 best    2129.2
it   90000 T  10.226 step  1.76 cur    1312.2 best    1312.2
it  105000 T   6.993 step  1.57 cur    1020.8 best     987.1
it  120000 T   4.782 step  1.39 cur     933.8 best     924.4
it  135000 T   3.270 step  1.22 cur     911.7 best     883.7
it  150000 T   2.236 step  1.06 cur     887.7 best     867.8
it  165000 T   1.529 step  0.91 cur     873.6 best     867.8
it  180000 T   1.046 step  0.76 cur     851.2 best     844.1
it  195000 T   0.715 step  0.62 cur     834.1 best     834.1
it  210000 T   0.489 step  0.49 cur     823.3 best     821.6
it  225000 T   0.334 step  0.38 cur     809.5 best     809.4
it  240000 T   0.229 step  0.27 cur     799.6 best     799.5
it  255000 T   0.156 step  0.20 cur     790.0 best     789.9
it  270000 T   0.107 step  0.20 cur     783.5 best     783.5
it  285000 T   0.073 step  0.20 cur     780.6 best     780.6
final exact cost 776.4 (tracked 776.4)
