it       0 T 100.000 step  3.00 cur    5954.8 best    5954.8
it   15000 T  68.383 step  2.78 cur    3480.9 best    2546.3
it   30000 T  46.762 step  2.56 cur    2812.0 best    2546.3
it   45000 T  31.978 step  2.35 cur    2154.8 best    2106.4
it   60000 T  21.867 step  2.15 cur    1767.4 best    1620.5
it   75000 T  14.953 step  1.95 cur    1663.1 best    1609.7
it   90000 T  10.226 step  1.76 cur    1528.4 best    1508.3
it  105000 T   6.993 step  1.57 cur    1262.6 best    1254.2
it  120000 T   4.782 step  1.39 cur     993.8 best     967.5
it  135000 T   3.270 step  1.22 cur    1006.0 best     967.5
it  150000 T   2.236 step  1.06 cur     994.4 best     967.5
it  165000 T   1.529 step  0.91 cur     927.9 best     927.1
it  180000 T   1.046 step  0.76 cur     901.5 best     899.2
it  195000 T   0.715 step  0.62 cur     887.9 best     887.9
it  210000 T   0.489 step  0.49 cur     883.2 best     881.4
it  225000 T   0.334 step  0.38 cur     866.8 best     866.8
it  240000 T   0.229 step  0.27 cur     861.0 best     859.3
it  255000 T   0.156 step  0.20 cur     852.0 best     851.3
it  270000 T   0.107 step  0.20 cur     839.9 best     839.9
it  285000 T   0.073 step  0.20 cur     829.3 best     829.2
final exact cost 820.9 (tracked 820.9)
