it       0 T 100.000 step  3.00 cur    5403.7 best    5403.7
it   15000 T  68.383 step  2.78 cur    6600.1 best    5097.6
it   30000 T  46.762 step  2.56 cur    2612.0 best    2608.3
it   45000 T  31.978 step  2.35 cur    2129.0 best    1932.5
it   60000 T  21.867 step  2.15 cur    1827.6 best    1733.7
it   75000 T  14.953 step  1.95 cur    1674.0 best    1595.3
it   90000 T  10.226 step  1.76 cur    1566.0 best    1511.8
it  105000 T   6.993 step  1.57 cur    1432.8 best    1426.0
it  120000 T   4.782 step  1.39 cur    1232.5 best    1219.2
it  135000 T   3.270 step  1.22 cur    1077.6 best    1077.6
it  150000 T   2.236 step  1.06 cur     890.3 best     889.5
it  165000 T   1.529 step  0.91 cur     855.6 best     853.4
it  180000 T   1.046 step  0.76 cur     852.3 best     852.3
it  195000 T   0.715 step  0.62 cur     839.6 best     835.8
it  210000 T   0.489 step  0.49 cur     830.6 best     828.6
it  225000 T   0.334 step  0.38 cur     820.7 best     820.1
it  240000 T   0.229 step  0.27 cur     807.8 best     807.8
it  255000 T   0.156 step  0.20 cur     801.2 best     800.8
it  270000 T   0.107 step  0.20 cur     800.8 best     800.6
it  285000 T   0.073 step  0.20 cur     794.5 best     794.5
final exact cost 793.5 (tracked 793.5)
