it       0 T 100.000 step  3.00 cur    5144.8 best    5144.8
it   15000 T  68.383 step  2.78 cur    7001.3 best    5144.8
it   30000 T  46.762 step  2.56 cur    4102.0 best    4102.0
it   45000 T  31.978 step  2.35 cur    2161.9 best    2117.3
it   60000 T  21.867 step  2.15 cur    1679.5 best    1657.4
it   75000 T  14.953 step  1.95 cur    1505.8 best    1409.3
it   90000 T  10.226 step  1.76 cur    1363.9 best    1319.2
it  105000 T   6.993 step  1.57 cur    1214.5 best    1207.4
it  120000 T   4.782 step  1.39 cur    1123.6 best    1113.2
it  135000 T   3.270 step  1.22 cur    1103.9 best    1100.1
it  150000 T   2.236 step  1.06 cur    1013.1 best    1005.9
it  165000 T   1.529 step  0.91 cur     991.7 best     988.2
it  180000 T   1.046 step  0.76 cur     958.2 best     956.2
it  195000 T   0.715 step  0.62 cur     946.4 best     938.9
it  210000 T   0.489 step  0.49 cur     896.4 best     896.4
it  225000 T   0.334 step  0.38 cur     896.6 best     896.4
it  240000 T   0.229 step  0.27 cur     858.5 best     858.5
it  255000 T   0.156 step  0.20 cur     852.2 best     852.2
it  270000 T   0.107 step  0.20 cur     849.8 best     849.7
it  285000 T   0.073 step  0.20 cur     849.0 best     849.0
final exact cost 847.4 (tracked 847.4)
