it       0 T 100.000 step  3.00 cur    3632.1 best    3632.1
it   15000 T  68.383 step  2.78 cur    3051.1 best    2801.0
it   30000 T  46.762 step  2.56 cur    2224.9 best    1878.4
it   45000 T  31.978 step  2.35 cur    1785.5 best    1421.1
it   60000 T  21.867 step  2.15 cur    1402.5 best    1390.6
it   75000 T  14.953 step  1.95 cur    1324.4 best    1281.9
it   90000 T  10.226 step  1.76 cur    1246.4 best    1163.6
it  105000 T   6.993 step  1.57 cur    1094.0 best    1093.0
it  120000 T   4.782 step  1.39 cur    1028.9 best     993.3
it  135000 T   3.270 step  1.22 cur     989.4 best     979.8
it  150000 T   2.236 step  1.06 cur     956.1 best     955.0
it  165000 T   1.529 step  0.91 cur     948.2 best     946.2
it  180000 T   1.046 step  0.76 cur     939.5 best     933.8
it  195000 T   0.715 step  0.62 cur     920.2 best     918.2
it  210000 T   0.489 step  0.49 cur     910.3 best     910.0
it  225000 T   0.334 step  0.38 cur     905.2 best     905.2
it  240000 T   0.229 step  0.27 cur     900.0 best     899.2
it  255000 T   0.156 step  0.20 cur     894.9 best     894.8
it  270000 T   0.107 step  0.20 cur     890.8 best     890.8
it  285000 T   0.073 step  0.20 cur     888.3 best     888.3
final exact cost 887.7 (tracked 887.7)
