it       0 T 100.000 step  3.00 cur    5954.8 best    5954.8
it   15000 T  68.383 step  2.78 cur    4462.4 best    4361.3
it   30000 T  46.762 step  2.56 cur    2450.6 best    1481.9
it   45000 T  31.978 step  2.35 cur    1166.4 best    1166.4
it   60000 T  21.867 step  2.15 cur    1106.9 best     962.1
it   75000 T  14.953 step  1.95 cur    1090.3 best     894.0
it   90000 T  10.226 step  1.76 cur    1019.1 best     894.0
it  105000 T   6.993 step  1.57 cur     945.9 best     894.0
it  120000 T   4.782 step  1.39 cur     853.6 best     844.6
it  135000 T   3.270 step  1.22 cur     866.4 best     844.6
it  150000 T   2.236 step  1.06 cur     817.1 best     813.1
it  165000 T   1.529 step  0.91 cur     821.5 best     809.8
it  180000 T   1.046 step  0.76 cur     789.9 best     787.7
it  195000 T   0.715 step  0.62 cur     785.1 best     780.1
it  210000 T   0.489 step  0.49 cur     778.1 best     778.1
it  225000 T   0.334 step  0.38 cur     763.7 best     762.8
it  240000 T   0.229 step  0.27 cur     759.3 best     759.3
it  255000 T   0.156 step  0.20 cur     748.9 best     748.9
it  270000 T   0.107 step  0.20 cur     747.2 best     747.0
it  285000 T   0.073 step  0.20 cur     743.2 best     743.1
final exact cost 742.6 (tracked 742.6)
