it       0 T 100.000 step  3.00 cur    4127.1 best    4127.1
it   15000 T  68.383 step  2.78 cur    4573.0 best    3871.2
it   30000 T  46.762 step  2.56 cur    4023.4 best    3696.0
it   45000 T  31.978 step  2.35 cur    2663.1 best    2639.8
it   60000 T  21.867 step  2.15 cur    2514.4 best    2308.5
it   75000 T  14.953 step  1.95 cur    2081.3 best    2071.1
it   90000 T  10.226 step  1.76 cur    2005.2 best    1981.8
it  105000 T   6.993 step  1.57 cur    1968.8 best    1945.0
it  120000 T   4.782 step  1.39 cur    1216.7 best    1213.9
it  135000 T   3.270 step  1.22 cur    1160.7 best    1159.1
it  150000 T   2.236 step  1.06 cur    1095.0 best    1088.5
it  165000 T   1.529 step  0.91 cur    1057.4 best    1053.4
it  180000 T   1.046 step  0.76 cur     955.0 best     954.1
it  195000 T   0.715 step  0.62 cur     924.1 best     924.1
it  210000 T   0.489 step  0.49 cur     877.9 best     877.5
it  225000 T   0.334 step  0.38 cur     832.4 best     832.4
it  240000 T   0.229 step  0.27 cur     817.4 best     817.4
it  255000 T   0.156 step  0.20 cur     796.9 best     796.9
it  270000 T   0.107 step  0.20 cur     790.5 best     790.5
it  285000 T   0.073 step  0.20 cur     780.4 best     780.4
final exact cost 778.4 (tracked 778.4)
