it       0 T 100.000 step  3.00 cur    8227.3 best    8227.3
it   15000 T  68.383 step  2.78 cur   10518.9 best    8227.3
it   30000 T  46.762 step  2.56 cur    7453.2 best    7377.3
it   45000 T  31.978 step  2.35 cur    4904.6 best    4699.5
it   60000 T  21.867 step  2.15 cur    4702.4 best    4663.4
it   75000 T  14.953 step  1.95 cur    4397.9 best    4374.5
it   90000 T  10.226 step  1.76 cur    4206.5 best    4147.8
it  105000 T   6.993 step  1.57 cur    4190.7 best    4147.8
it  120000 T   4.782 step  1.39 cur    4157.3 best    4134.4
it  135000 T   3.270 step  1.22 cur    4121.0 best    4109.9
it  150000 T   2.236 step  1.06 cur    4073.5 best    4070.4
it  165000 T   1.529 step  0.91 cur    4075.6 best    4067.4
it  180000 T   1.046 step  0.76 cur    4036.3 best    4035.6
it  195000 T   0.715 step  0.62 cur    4021.0 best    4021.0
it  210000 T   0.489 step  0.49 cur    4012.6 best    4012.2
it  225000 T   0.334 step  0.38 cur    4007.2 best    4006.4
it  240000 T   0.229 step  0.27 cur    3992.0 best    3992.0
it  255000 T   0.156 step  0.20 cur    3985.0 best    3984.9
it  270000 T   0.107 step  0.20 cur    3979.7 best    3979.6
it  285000 T   0.073 step  0.20 cur    3977.9 best    3977.9
final exact cost 3977.0 (tracked 3977.0)
