it       0 T 100.000 step  3.00 cur    5403.7 best    5403.7
it   15000 T  68.383 step  2.78 cur    6606.6 best    5403.7
it   30000 T  46.762 step  2.56 cur    6434.6 best    5403.7
it   45000 T  31.978 step  2.35 cur    3028.8 best    2908.4
it   60000 T  21.867 step  2.15 cur    1834.1 best    1794.5
it   75000 T  14.953 step  1.95 cur    1798.3 best    1679.8
it   90000 T  10.226 step  1.76 cur    1216.3 best    1209.4
it  105000 T   6.993 step  1.57 cur    1274.1 best    1189.3
it  120000 T   4.782 step  1.39 cur    1087.1 best    1056.1
it  135000 T   3.270 step  1.22 cur    1041.1 best    1024.9
it  150000 T   2.236 step  1.06 cur    1020.8 best    1020.8
it  165000 T   1.529 step  0.91 cur    1026.9 best    1006.9
it  180000 T   1.046 step  0.76 cur     994.3 best     990.6
it  195000 T   0.715 step  0.62 cur     965.7 best     965.2
it  210000 T   0.489 step  0.49 cur     918.5 best     918.5
it  225000 T   0.334 step  0.38 cur     904.1 best     904.1
it  240000 T   0.229 step  0.27 cur     893.4 best     893.4
it  255000 T   0.156 step  0.20 cur     885.7 best     885.6
it  270000 T   0.107 step  0.20 cur     883.7 best     883.4
it  285000 T   0.073 step  0.20 cur     882.3 best     882.3
final exact cost 881.6 (tracked 881.6)
