it       0 T 100.000 step  3.00 cur    5954.8 best    5954.8
it   15000 T  68.383 step  2.78 cur    6538.8 best    5954.8
it   30000 T  46.762 step  2.56 cur    2933.2 best    2802.2
it   45000 T  31.978 step  2.35 cur    2949.4 best    2356.1
it   60000 T  21.867 step  2.15 cur    2245.2 best    2143.0
it   75000 T  14.953 step  1.95 cur    1163.7 best     979.5
it   90000 T  10.226 step  1.76 cur     960.9 best     906.0
it  105000 T   6.993 step  1.57 cur     902.2 best     898.5
it  120000 T   4.782 step  1.39 cur     909.4 best     889.2
it  135000 T   3.270 step  1.22 cur     874.0 best     871.6
it  150000 T   2.236 step  1.06 cur     857.7 best     848.1
it  165000 T   1.529 step  0.91 cur     840.4 best     837.5
it  180000 T   1.046 step  0.76 cur     825.6 best     824.6
it  195000 T   0.715 step  0.62 cur     809.1 best     808.6
it  210000 T   0.489 step  0.49 cur     791.4 best     791.0
it  225000 T   0.334 step  0.38 cur     785.2 best     784.9
it  240000 T   0.229 step  0.27 cur     766.6 best     766.6
it  255000 T   0.156 step  0.20 cur     759.5 best     759.5
it  270000 T   0.107 step  0.20 cur     754.0 best     754.0
it  285000 T   0.073 step  0.20 cur     750.9 best     750.9
final exact cost 749.9 (tracked 749.9)
