it       0 T 100.000 step  3.00 cur    8227.3 best    8227.3
it   15000 T  68.383 step  2.78 cur    7787.1 best    7565.2
it   30000 T  46.762 step  2.56 cur    5058.9 best    4677.4
it   45000 T  31.978 step  2.35 cur    4449.8 best    4201.7
it   60000 T  21.867 step  2.15 cur    1884.9 best    1836.5
it   75000 T  14.953 step  1.95 cur    1063.2 best    1035.5
it   90000 T  10.226 step  1.76 cur    1092.5 best    1035.5
it  105000 T   6.993 step  1.57 cur    1049.1 best    1004.2
it  120000 T   4.782 step  1.39 cur     988.3 best     988.3
it  135000 T   3.270 step  1.22 cur     899.2 best     882.8
it  150000 T   2.236 step  1.06 cur     849.2 best     849.2
it  165000 T   1.529 step  0.91 cur     835.7 best     833.9
it  180000 T   1.046 step  0.76 cur     833.9 best     829.2
it  195000 T   0.715 step  0.62 cur     818.7 best     814.2
it  210000 T   0.489 step  0.49 cur     794.6 best     794.6
it  225000 T   0.334 step  0.38 cur     782.6 best     782.6
it  240000 T   0.229 step  0.27 cur     776.6 best     776.3
it  255000 T   0.156 step  0.20 cur     763.4 best     763.4
it  270000 T   0.107 step  0.20 cur     757.2 best     757.2
it  285000 T   0.073 step  0.20 cur     756.7 best     756.4
final exact cost 753.9 (tracked 753.9)
