it       0 T 8.000 cost 28351.6 acc 1.00 (0 s)
it   50000 T 4.856 cost 4362.1 acc 0.20 (28 s)
it  100000 T 2.947 cost 3720.2 acc 0.15 (56 s)
it  150000 T 1.789 cost 3441.1 acc 0.12 (82 s)
it  200000 T 1.086 cost 3642.4 acc 0.10 (108 s)
it  250000 T 0.659 cost 3999.3 acc 0.08 (135 s)
it  300000 T 0.400 cost 4548.9 acc 0.07 (163 s)
it  350000 T 0.243 cost 5459.8 acc 0.07 (190 s)
it  400000 T 0.147 cost 6590.9 acc 0.06 (218 s)
it  450000 T 0.089 cost 8432.7 acc 0.06 (246 s)
it  500000 T 0.054 cost 11045.2 acc 0.06 (274 s)
it  550000 T 0.033 cost 14799.2 acc 0.06 (304 s)
legalized in 40 rounds
shove U28 -> (78.89, 100.52) rot 0 F, displaces C10, C91, C98, R38
legalized in 40 rounds
shove U28 -> (78.89, 100.52) rot 0 F, displaces C10, C91, C98
legalized in 40 rounds
shove U28 -> (79.39, 100.52) rot 0 F, displaces C10, C91, C98
legalized in 40 rounds
done: overlap 0.000 mm2, outside 0.000 mm2, keep-out 0.000, weighted wire length 2195; 73 F / 87 B (371 s)
