it       0 T 8.000 cost 28257.4 acc 1.00 (0 s)
it   50000 T 4.856 cost 4417.8 acc 0.21 (29 s)
it  100000 T 2.947 cost 3643.2 acc 0.15 (61 s)
it  150000 T 1.789 cost 3541.8 acc 0.12 (87 s)
it  200000 T 1.086 cost 3621.8 acc 0.10 (115 s)
it  250000 T 0.659 cost 3656.6 acc 0.08 (142 s)
it  300000 T 0.400 cost 3934.9 acc 0.07 (173 s)
it  350000 T 0.243 cost 4378.1 acc 0.07 (205 s)
it  400000 T 0.147 cost 5006.3 acc 0.06 (236 s)
it  450000 T 0.089 cost 5960.2 acc 0.06 (269 s)
it  500000 T 0.054 cost 7434.9 acc 0.06 (301 s)
it  550000 T 0.033 cost 9565.3 acc 0.06 (328 s)
legalized in 40 rounds
shove U102 -> (83.69, 75.04) rot 90 F, displaces nothing
shove U105 -> (61.45, 110.36) rot 180 B, displaces nothing
shove U28 -> (61.53, 109.52) rot 0 F, displaces nothing
legalized in 40 rounds
shove U105 -> (61.40, 110.15) rot 180 B, displaces nothing
shove U28 -> (61.53, 109.52) rot 0 F, displaces nothing
legalized in 40 rounds
shove U105 -> (61.40, 110.15) rot 180 B, displaces nothing
shove U28 -> (61.53, 109.52) rot 0 F, displaces nothing
legalized in 40 rounds
shove U105 -> (61.40, 110.15) rot 180 B, displaces nothing
shove U28 -> (61.53, 109.52) rot 0 F, displaces nothing
legalized in 40 rounds
shove U105 -> (61.40, 110.15) rot 180 B, displaces nothing
shove U28 -> (61.53, 109.52) rot 0 F, displaces nothing
legalized in 40 rounds
shove U105 -> (61.40, 110.15) rot 180 B, displaces nothing
shove U28 -> (61.53, 109.52) rot 0 F, displaces nothing
legalized in 40 rounds
done: overlap 2.332 mm2, outside 0.026 mm2, keep-out 0.487, weighted wire length 2293; 63 F / 97 B (419 s)
