it       0 T 8.000 cost 37463.4 acc 1.00 (0 s)
it   50000 T 4.856 cost 4199.5 acc 0.21 (29 s)
it  100000 T 2.947 cost 3559.4 acc 0.15 (61 s)
it  150000 T 1.789 cost 3313.0 acc 0.12 (88 s)
it  200000 T 1.086 cost 3131.5 acc 0.10 (116 s)
it  250000 T 0.659 cost 3121.9 acc 0.08 (142 s)
it  300000 T 0.400 cost 3183.7 acc 0.07 (174 s)
it  350000 T 0.243 cost 3367.5 acc 0.07 (206 s)
it  400000 T 0.147 cost 3704.1 acc 0.06 (238 s)
it  450000 T 0.089 cost 4182.0 acc 0.06 (269 s)
it  500000 T 0.054 cost 4864.8 acc 0.05 (300 s)
it  550000 T 0.033 cost 5838.6 acc 0.06 (328 s)
legalized in 40 rounds
shove U101 -> (62.27, 111.03) rot 270 F, displaces nothing
legalized in 40 rounds
shove U101 -> (62.27, 111.03) rot 270 F, displaces nothing
legalized in 40 rounds
shove U101 -> (62.27, 111.03) rot 270 F, displaces nothing
legalized in 40 rounds
shove U101 -> (62.27, 111.03) rot 270 F, displaces nothing
legalized in 40 rounds
shove U101 -> (62.27, 111.03) rot 270 F, displaces nothing
legalized in 40 rounds
shove U101 -> (62.27, 111.03) rot 270 F, displaces nothing
legalized in 40 rounds
done: overlap 8.424 mm2, outside 0.006 mm2, keep-out 0.167, weighted wire length 2189; 57 F / 103 B (396 s)
