it       0 T 8.000 cost 23102.0 acc 1.00 (0 s)
it   50000 T 4.856 cost 3987.0 acc 0.21 (32 s)
it  100000 T 2.947 cost 3257.5 acc 0.15 (63 s)
it  150000 T 1.789 cost 3186.6 acc 0.11 (90 s)
it  200000 T 1.086 cost 3145.2 acc 0.09 (117 s)
it  250000 T 0.659 cost 3300.0 acc 0.08 (144 s)
it  300000 T 0.400 cost 3548.5 acc 0.07 (175 s)
it  350000 T 0.243 cost 3961.0 acc 0.06 (206 s)
it  400000 T 0.147 cost 4632.1 acc 0.06 (237 s)
it  450000 T 0.089 cost 5480.2 acc 0.05 (269 s)
it  500000 T 0.054 cost 6875.8 acc 0.05 (299 s)
it  550000 T 0.033 cost 8855.5 acc 0.06 (327 s)
legalized in 40 rounds
shove U104 -> (82.80, 77.97) rot 0 B, displaces C95, R65
shove U105 -> (47.84, 110.15) rot 180 F, displaces nothing
shove U24 -> (63.36, 112.02) rot 270 F, displaces C66
legalized in 40 rounds
shove U105 -> (47.84, 110.15) rot 180 F, displaces nothing
shove U24 -> (54.08, 113.00) rot 0 F, displaces R33
legalized in 40 rounds
shove U105 -> (47.84, 110.15) rot 180 F, displaces nothing
legalized in 40 rounds
shove U105 -> (47.84, 110.15) rot 180 F, displaces nothing
legalized in 40 rounds
shove U105 -> (47.84, 110.15) rot 180 F, displaces nothing
legalized in 40 rounds
shove U105 -> (47.84, 110.15) rot 180 F, displaces nothing
legalized in 40 rounds
done: overlap 2.741 mm2, outside 18.951 mm2, keep-out 1.563, weighted wire length 2046; 62 F / 98 B (399 s)
