it       0 T 8.000 cost 31997.5 acc 1.00 (0 s)
it   50000 T 4.856 cost 4900.5 acc 0.21 (62 s)
it  100000 T 2.947 cost 4148.0 acc 0.15 (125 s)
it  150000 T 1.789 cost 3946.7 acc 0.12 (186 s)
it  200000 T 1.086 cost 3675.2 acc 0.10 (248 s)
it  250000 T 0.659 cost 3746.5 acc 0.08 (314 s)
it  300000 T 0.400 cost 3733.5 acc 0.07 (367 s)
it  350000 T 0.243 cost 3767.9 acc 0.07 (421 s)
it  400000 T 0.147 cost 3923.1 acc 0.06 (478 s)
it  450000 T 0.089 cost 4234.5 acc 0.06 (535 s)
it  500000 T 0.054 cost 4558.3 acc 0.06 (592 s)
it  550000 T 0.033 cost 4569.7 acc 0.06 (646 s)
legalized in 40 rounds
shove U101 -> (85.77, 102.02) rot 270 B, displaces C91, R39, R40, R42, R43
shove U105 -> (60.89, 87.90) rot 180 F, displaces D15
shove U106 -> (50.77, 75.52) rot 270 F, displaces C12, C54, R103, R78, R79
shove U26 -> (53.04, 82.82) rot 0 F, displaces C101, C22, R103
legalized in 40 rounds
shove U101 -> (85.77, 101.52) rot 270 B, displaces R42
shove U105 -> (60.89, 87.90) rot 180 F, displaces D15
shove U26 -> (53.04, 83.32) rot 0 F, displaces C101, C22, D27
legalized in 40 rounds
shove U101 -> (85.77, 101.52) rot 270 B, displaces R42
shove U105 -> (60.89, 87.90) rot 180 F, displaces D15
shove U106 -> (50.77, 75.52) rot 270 F, displaces C101, C54
shove U26 -> (53.04, 82.82) rot 0 F, displaces C22
legalized in 40 rounds
shove U106 -> (50.77, 74.02) rot 270 F, displaces nothing
legalized in 40 rounds
done: overlap 0.000 mm2, outside 0.000 mm2, keep-out 0.001, weighted wire length 2796; 66 F / 94 B (899 s)
