it       0 T 8.000 cost 50486.2 acc 1.00 (0 s)
it   50000 T 4.856 cost 3691.1 acc 0.20 (61 s)
it  100000 T 2.947 cost 3316.1 acc 0.15 (125 s)
it  150000 T 1.789 cost 3178.8 acc 0.11 (184 s)
it  200000 T 1.086 cost 3150.0 acc 0.10 (247 s)
it  250000 T 0.659 cost 3329.5 acc 0.08 (312 s)
it  300000 T 0.400 cost 3594.5 acc 0.07 (366 s)
it  350000 T 0.243 cost 4020.7 acc 0.07 (421 s)
it  400000 T 0.147 cost 4821.7 acc 0.06 (478 s)
it  450000 T 0.089 cost 5947.7 acc 0.06 (540 s)
it  500000 T 0.054 cost 7561.5 acc 0.06 (598 s)
it  550000 T 0.033 cost 9956.5 acc 0.06 (656 s)
legalized in 40 rounds
shove U106 -> (86.89, 93.90) rot 0 B, displaces C15, C54, D4, R2, R71
shove U2 -> (83.74, 104.02) rot 0 B, displaces C13, C46, R11, R28, R96
shove U24 -> (73.39, 104.87) rot 270 F, displaces nothing
shove U26 -> (52.19, 80.67) rot 270 B, displaces C22, C43, C57, C94, C95, R33, R93
shove U28 -> (80.39, 102.02) rot 90 F, displaces C29, R8
shove U4 -> (76.89, 107.87) rot 90 F, displaces nothing
legalized in 30 rounds
done: overlap 0.000 mm2, outside 0.000 mm2, keep-out 0.000, weighted wire length 2637; 55 F / 105 B (790 s)
