GND voltage above J2.1, full-load DC (U1_cu.json, JLC061611-7628D, grid 0.10 mm)
currents in: M1.3 11.03 A, R52.2 2.63 A, R53.2 2.37 A, R7.2 2.37 A; out at J2.1 18.40 A

terminal pads (mV): M1.3 6.15, R52.2 7.67, R53.2 8.15, R7.2 7.77, J2.1 0.00
highest GND voltage per layer (mV): F.Cu 8.15, In1.Cu 7.97, In2.Cu 7.94, In3.Cu 7.92, In4.Cu 7.62, B.Cu 7.56
floating GND copper (mm2): none

GND pins per part, lowest-highest pad (mV), highest first:
  R53      8.15 -   8.15
  U12      7.90 -   7.90
  R7       7.77 -   7.77
  U1       7.77 -   7.77
  C44      7.74 -   7.74
  C45      7.74 -   7.74
  C7       7.73 -   7.73
  R52      7.67 -   7.67
  C55      7.67 -   7.67
  C21      7.67 -   7.67
  C34      7.67 -   7.67
  C56      7.66 -   7.66
  U11      7.66 -   7.66
  C33      7.60 -   7.60
  C87      7.53 -   7.53
  C71      7.51 -   7.51
  C78      7.36 -   7.36
  J10      6.48 -   7.32
  C3       7.31 -   7.31
  C39      7.19 -   7.19
  C73      7.15 -   7.15
  U6       7.14 -   7.14
  C35      7.09 -   7.09
  U17      7.08 -   7.08
  C41      7.06 -   7.06
  C77      6.83 -   6.83
  C89      6.82 -   6.82
  U8       6.80 -   6.80
  C90      6.68 -   6.68
  U10      6.68 -   6.68
  C80      6.66 -   6.66
  C83      6.66 -   6.66
  U15      6.62 -   6.62
  C75      6.60 -   6.60
  C62      6.58 -   6.58
  C88      6.58 -   6.58
  C48      6.52 -   6.52
  C79      6.52 -   6.52
  C84      6.49 -   6.49
  U19      6.38 -   6.42
  R62      6.39 -   6.39
  C20      6.39 -   6.39
  U25      6.38 -   6.39
  C82      6.38 -   6.38
  C30      6.38 -   6.38
  R104     6.38 -   6.38
  C31      6.38 -   6.38
  C86      6.28 -   6.28
  C72      6.18 -   6.18
  C1       6.15 -   6.15
  M1       6.15 -   6.15
  C74      6.09 -   6.09
  D19      6.01 -   6.01
  C70      5.31 -   5.31
  C69      4.58 -   4.58
  C76      3.89 -   3.89
  C85      3.35 -   3.35
  C40      3.25 -   3.25
  C4       3.12 -   3.12
  U16      1.14 -   2.71
  C25      2.66 -   2.66
  C6       2.65 -   2.65
  R14      2.65 -   2.65
  C81      2.65 -   2.65
  J2       0.00 -   0.00

GND vias carrying the most current (IPC 10 C rating 0.97 A for 0.4 mm):
  ( 42.30,  96.05) drill 0.40  0.59 A  0.61x
  ( 40.10,  96.05) drill 0.40  0.55 A  0.57x
  ( 41.57,  96.05) drill 0.40  0.53 A  0.55x
  ( 40.83,  96.05) drill 0.40  0.52 A  0.54x
  ( 86.90,  67.50) drill 0.40  0.49 A  0.51x
  ( 61.06,  94.90) drill 0.40  0.48 A  0.49x
  ( 93.40,  61.10) drill 0.40  0.48 A  0.49x
  ( 61.06,  97.10) drill 0.40  0.45 A  0.47x
  ( 63.40, 109.55) drill 0.40  0.44 A  0.46x
  ( 91.30,  62.00) drill 0.50  0.44 A  0.39x
  ( 61.06,  95.63) drill 0.40  0.44 A  0.45x
  ( 61.06,  96.37) drill 0.40  0.43 A  0.44x
  ( 79.65,  52.80) drill 0.40  0.43 A  0.44x
  ( 92.20,  70.30) drill 0.40  0.41 A  0.42x
  ( 62.67, 109.55) drill 0.40  0.40 A  0.41x

new GND via candidates that cut no power pour (numbered on the map), ranked by the voltage across the layers they would join:
   1 ( 70.65,  82.75)  0.728 mV  joins F In1 In3 In4 B
   2 ( 49.65,  30.35)  0.716 mV  joins F In1 In2 In3 In4 B
   3 ( 45.65,  56.55)  0.716 mV  joins F In1 In2 In3 In4 B
   4 ( 46.95,  51.85)  0.716 mV  joins F In1 In3 In4 B
   5 ( 45.25,  54.45)  0.716 mV  joins F In1 In2 In3 In4 B
   6 ( 49.65,  32.45)  0.715 mV  joins F In1 In2 In3 In4 B
   7 ( 44.85,  52.35)  0.715 mV  joins F In1 In2 In3 In4 B
   8 ( 46.95,  49.75)  0.715 mV  joins F In1 In3 In4 B
   9 ( 44.85,  50.25)  0.714 mV  joins F In1 In2 In3 In4 B
  10 ( 42.75,  49.65)  0.714 mV  joins F In1 In2 In3 In4 B
  11 ( 46.95,  47.65)  0.714 mV  joins F In1 In3 In4 B
  12 ( 37.65,  52.95)  0.714 mV  joins F In1 In2 In3 In4 B
  13 ( 44.85,  48.15)  0.714 mV  joins F In1 In2 In3 In4 B
  14 ( 35.55,  52.95)  0.714 mV  joins F In1 In2 In3 In4 B
  15 ( 33.45,  53.95)  0.714 mV  joins F In1 In2 In3 In4 B
  16 ( 31.35,  54.95)  0.714 mV  joins F In1 In2 In3 B
  17 ( 31.35,  52.85)  0.714 mV  joins F In1 In2 In3 In4 B
  18 ( 33.45,  51.85)  0.714 mV  joins F In1 In2 In3 In4 B
  19 ( 30.35,  50.75)  0.714 mV  joins F In1 In2 In3 In4 B
  20 ( 35.55,  50.85)  0.714 mV  joins F In1 In2 In3 In4 B

stronger spots that would cut a power pour (not on the map), ranked by the voltage across the layers they would join:
   1 ( 93.95,  65.95)  2.220 mV  joins F In1 B  cuts LX on In2.Cu, Vin on In3.Cu, Vin on In4.Cu
   2 ( 96.65,  67.65)  1.341 mV  joins F In1 B  cuts LX on In2.Cu, Vin on In3.Cu, Vin on In4.Cu
   3 ( 80.15,  47.65)  1.306 mV  joins In1 In3 In4 B  cuts LX on F.Cu, LX on In2.Cu
   4 ( 75.35,  80.05)  1.240 mV  joins F In1 In3  cuts Vout_1 on In4.Cu
   5 ( 95.05,  69.75)  1.140 mV  joins F In1 B  cuts LX on In2.Cu, Vin on In3.Cu, Vin on In4.Cu
   6 ( 94.55,  77.15)  1.101 mV  joins In1 B  cuts LX on In2.Cu, Vin on F.Cu, Vin on In3.Cu, Vin on In4.Cu
   7 ( 80.85,  59.25)  1.098 mV  joins In1 In4 B  cuts LX on F.Cu, LX on In2.Cu, Vout_1 on In3.Cu
   8 ( 98.75,  67.65)  1.056 mV  joins F In1 B  cuts Vin on In2.Cu, Vin on In3.Cu, Vin on In4.Cu
   9 ( 79.55,  66.85)  1.020 mV  joins F In1 B  cuts LX on In2.Cu, Vout_1 on In3.Cu, Vout_1 on In4.Cu
  10 ( 79.85,  69.05)  1.000 mV  joins F In1  cuts LX on In2.Cu, Vout_1 on In3.Cu, Vout_1 on In4.Cu
  11 ( 93.95,  63.85)  0.970 mV  joins F In1 B  cuts LX on In2.Cu, Vin on In3.Cu, Vin on In4.Cu
  12 ( 73.15,  81.95)  0.921 mV  joins F In1 In3  cuts Vout_1 on In4.Cu
  13 ( 79.45,  63.05)  0.915 mV  joins F In1 B  cuts LX on In2.Cu, Vout_1 on In3.Cu, Vout_1 on In4.Cu
  14 ( 79.75,  49.75)  0.906 mV  joins In1 In3 In4 B  cuts LX on In2.Cu
  15 ( 78.75,  58.35)  0.879 mV  joins In1 In4 B  cuts LX on F.Cu, LX on In2.Cu, Vout_1 on In3.Cu
  16 ( 97.55,  58.55)  0.878 mV  joins F In1 B  cuts Vin on In2.Cu, Vin on In3.Cu, Vin on In4.Cu
  17 ( 94.55,  72.35)  0.876 mV  joins In1 B  cuts LX on In2.Cu, Vin on In3.Cu, Vin on In4.Cu
  18 ( 81.55,  63.05)  0.859 mV  joins F In1 B  cuts LX on In2.Cu
  19 ( 94.55,  75.05)  0.859 mV  joins In1 B  cuts LX on In2.Cu, Vin on F.Cu, Vin on In3.Cu, Vin on In4.Cu
  20 ( 96.05,  63.05)  0.841 mV  joins F In1 B  cuts LX on In2.Cu, Vin on In3.Cu, Vin on In4.Cu

with the best 10 candidates added: terminal pads (mV) M1.3 6.15, R52.2 7.63, R53.2 8.10, R7.2 7.74, J2.1 0.00
  largest part GND pin: 8.10 mV (was 8.15)
