it       0 T 300.000 step 15.00 cur  137594.7 best  137594.7
it   60000 T 185.488 step 13.89 cur   20115.1 best   12990.3
it  120000 T 114.686 step 12.81 cur   11170.7 best   11050.7
it  180000 T  70.910 step 11.75 cur    8177.6 best    7924.9
it  240000 T  43.843 step 10.73 cur    8417.0 best    7981.4
it  300000 T  27.108 step  9.74 cur    7897.3 best    7842.2
it  360000 T  16.761 step  8.78 cur    8331.1 best    8180.9
it  420000 T  10.363 step  7.86 cur    9140.0 best    9127.4
it  480000 T   6.407 step  6.97 cur   10251.6 best   10207.1
it  540000 T   3.962 step  6.12 cur   11255.4 best   11242.6
it  600000 T   2.449 step  5.30 cur   12601.9 best   12592.2
it  660000 T   1.515 step  4.53 cur   14306.3 best   14305.6
it  720000 T   0.936 step  3.79 cur   16323.0 best   16321.8
it  780000 T   0.579 step  3.11 cur   18669.2 best   18669.2
it  840000 T   0.358 step  2.46 cur   20925.1 best   20924.6
it  900000 T   0.221 step  1.88 cur   23867.7 best   23867.3
it  960000 T   0.137 step  1.34 cur   27299.5 best   27299.5
it 1020000 T   0.085 step  0.87 cur   27278.1 best   27278.1
it 1080000 T   0.052 step  0.47 cur   27193.6 best   27193.5
it 1140000 T   0.032 step  0.20 cur   27080.3 best   27080.3
final exact cost 27060.5 (tracked 27060.5)
