it       0 T 300.000 step 15.00 cur  102301.5 best  102301.5
it   60000 T 185.488 step 13.89 cur   18064.1 best   17528.8
it  120000 T 114.686 step 12.81 cur   16673.1 best   15227.6
it  180000 T  70.910 step 11.75 cur   13205.3 best   12749.6
it  240000 T  43.843 step 10.73 cur   12746.7 best   12726.6
it  300000 T  27.108 step  9.74 cur   13669.5 best   13579.7
it  360000 T  16.761 step  8.78 cur   15169.9 best   14939.6
it  420000 T  10.363 step  7.86 cur   16735.3 best   16706.0
it  480000 T   6.407 step  6.97 cur   18946.6 best   18932.4
it  540000 T   3.962 step  6.12 cur   21463.0 best   21448.3
it  600000 T   2.449 step  5.30 cur   24456.1 best   24452.9
it  660000 T   1.515 step  4.53 cur   27975.6 best   27975.6
it  720000 T   0.936 step  3.79 cur   31893.4 best   31893.4
it  780000 T   0.579 step  3.11 cur   36581.1 best   36579.9
it  840000 T   0.358 step  2.46 cur   42017.1 best   42017.1
it  900000 T   0.221 step  1.88 cur   48287.7 best   48287.7
it  960000 T   0.137 step  1.34 cur   55532.0 best   55532.0
it 1020000 T   0.085 step  0.87 cur   55499.7 best   55499.6
it 1080000 T   0.052 step  0.47 cur   55496.4 best   55496.4
it 1140000 T   0.032 step  0.20 cur   55486.2 best   55486.2
final exact cost 55482.2 (tracked 55482.2)
