it       0 T 300.000 step 15.00 cur  104455.0 best  104455.0
it   60000 T 185.488 step 13.89 cur   25087.5 best   19757.0
it  120000 T 114.686 step 12.81 cur   14956.7 best   14860.9
it  180000 T  70.910 step 11.75 cur   14716.2 best   14521.8
it  240000 T  43.843 step 10.73 cur   14979.9 best   14339.2
it  300000 T  27.108 step  9.74 cur   15431.6 best   15276.2
it  360000 T  16.761 step  8.78 cur   16763.2 best   16747.8
it  420000 T  10.363 step  7.86 cur   18736.8 best   18734.9
it  480000 T   6.407 step  6.97 cur   21317.2 best   21312.9
it  540000 T   3.962 step  6.12 cur   24189.3 best   24189.3
it  600000 T   2.449 step  5.30 cur   27595.7 best   27588.6
it  660000 T   1.515 step  4.53 cur   31530.0 best   31529.2
it  720000 T   0.936 step  3.79 cur   36084.7 best   36083.8
it  780000 T   0.579 step  3.11 cur   41391.3 best   41390.8
it  840000 T   0.358 step  2.46 cur   47541.1 best   47540.4
it  900000 T   0.221 step  1.88 cur   54647.9 best   54646.9
it  960000 T   0.137 step  1.34 cur   62848.7 best   62848.4
it 1020000 T   0.085 step  0.87 cur   62727.3 best   62727.3
it 1080000 T   0.052 step  0.47 cur   62677.7 best   62677.7
it 1140000 T   0.032 step  0.20 cur   62635.4 best   62635.4
final exact cost 62617.5 (tracked 62617.5)
