it       0 T 300.000 step 15.00 cur  100092.4 best  100092.4
it   60000 T 185.488 step 13.89 cur   16488.6 best   12627.8
it  120000 T 114.686 step 12.81 cur    8726.7 best    8012.3
it  180000 T  70.910 step 11.75 cur    7515.6 best    6809.8
it  240000 T  43.843 step 10.73 cur    6186.9 best    6076.3
it  300000 T  27.108 step  9.74 cur    5423.4 best    5398.9
it  360000 T  16.761 step  8.78 cur    5456.6 best    5429.7
it  420000 T  10.363 step  7.86 cur    5898.0 best    5881.6
it  480000 T   6.407 step  6.97 cur    6447.5 best    6446.7
it  540000 T   3.962 step  6.12 cur    7187.6 best    7182.1
it  600000 T   2.449 step  5.30 cur    7981.4 best    7976.5
it  660000 T   1.515 step  4.53 cur    8988.4 best    8974.2
it  720000 T   0.936 step  3.79 cur   10166.5 best   10166.2
it  780000 T   0.579 step  3.11 cur   11553.2 best   11552.6
it  840000 T   0.358 step  2.46 cur   13166.7 best   13164.5
it  900000 T   0.221 step  1.88 cur   15020.9 best   15020.9
it  960000 T   0.137 step  1.34 cur   17171.9 best   17171.8
it 1020000 T   0.085 step  0.87 cur   17170.0 best   17169.0
it 1080000 T   0.052 step  0.47 cur   17163.4 best   17163.4
it 1140000 T   0.032 step  0.20 cur   17131.9 best   17131.9
final exact cost 17130.0 (tracked 17130.0)
