it       0 T 300.000 step 15.00 cur   93621.0 best   93621.0
it   60000 T 185.488 step 13.89 cur   17219.9 best   15930.6
it  120000 T 114.686 step 12.81 cur   13167.1 best   12074.1
it  180000 T  70.910 step 11.75 cur    9167.3 best    8818.2
it  240000 T  43.843 step 10.73 cur    9385.8 best    8943.7
it  300000 T  27.108 step  9.74 cur    9353.9 best    9273.5
it  360000 T  16.761 step  8.78 cur   10268.6 best   10072.3
it  420000 T  10.363 step  7.86 cur   10701.4 best   10701.4
it  480000 T   6.407 step  6.97 cur   11700.7 best   11696.5
it  540000 T   3.962 step  6.12 cur   13216.5 best   13181.3
it  600000 T   2.449 step  5.30 cur   14931.2 best   14926.9
it  660000 T   1.515 step  4.53 cur   16938.0 best   16933.3
it  720000 T   0.936 step  3.79 cur   19230.6 best   19230.6
it  780000 T   0.579 step  3.11 cur   21717.3 best   21717.3
it  840000 T   0.358 step  2.46 cur   24758.2 best   24757.4
it  900000 T   0.221 step  1.88 cur   28176.5 best   28176.5
it  960000 T   0.137 step  1.34 cur   32287.3 best   32287.2
it 1020000 T   0.085 step  0.87 cur   32280.5 best   32280.2
it 1080000 T   0.052 step  0.47 cur   32267.6 best   32267.6
it 1140000 T   0.032 step  0.20 cur   32227.5 best   32227.5
final exact cost 32208.9 (tracked 32208.9)
