it       0 T 300.000 step 15.00 cur  100992.0 best  100992.0
it   60000 T 185.488 step 13.89 cur   18956.5 best   15637.2
it  120000 T 114.686 step 12.81 cur   10510.7 best   10276.6
it  180000 T  70.910 step 11.75 cur    9439.5 best    9019.1
it  240000 T  43.843 step 10.73 cur    8736.1 best    8736.1
it  300000 T  27.108 step  9.74 cur    8601.9 best    8467.5
it  360000 T  16.761 step  8.78 cur    8704.0 best    8646.2
it  420000 T  10.363 step  7.86 cur    9477.0 best    9376.3
it  480000 T   6.407 step  6.97 cur   10057.3 best   10057.3
it  540000 T   3.962 step  6.12 cur   11184.0 best   11172.1
it  600000 T   2.449 step  5.30 cur   12503.1 best   12492.1
it  660000 T   1.515 step  4.53 cur   14065.6 best   14065.6
it  720000 T   0.936 step  3.79 cur   15877.0 best   15876.8
it  780000 T   0.579 step  3.11 cur   17954.2 best   17954.1
it  840000 T   0.358 step  2.46 cur   20381.9 best   20381.9
it  900000 T   0.221 step  1.88 cur   23211.1 best   23211.1
it  960000 T   0.137 step  1.34 cur   26461.5 best   26461.5
it 1020000 T   0.085 step  0.87 cur   26454.9 best   26454.9
it 1080000 T   0.052 step  0.47 cur   26452.4 best   26452.4
it 1140000 T   0.032 step  0.20 cur   26440.2 best   26440.2
final exact cost 26435.5 (tracked 26435.5)
