it       0 T 300.000 step 15.00 cur   99127.8 best   99127.8
it   60000 T 185.488 step 13.89 cur   17611.7 best   15365.0
it  120000 T 114.686 step 12.81 cur   11268.0 best   10100.9
it  180000 T  70.910 step 11.75 cur    8053.0 best    7165.2
it  240000 T  43.843 step 10.73 cur    6302.6 best    6067.9
it  300000 T  27.108 step  9.74 cur    6019.2 best    5839.4
it  360000 T  16.761 step  8.78 cur    5767.5 best    5678.4
it  420000 T  10.363 step  7.86 cur    5946.5 best    5895.7
it  480000 T   6.407 step  6.97 cur    6461.8 best    6433.9
it  540000 T   3.962 step  6.12 cur    7085.6 best    7053.2
it  600000 T   2.449 step  5.30 cur    7765.7 best    7745.4
it  660000 T   1.515 step  4.53 cur    8470.7 best    8466.7
it  720000 T   0.936 step  3.79 cur    9454.4 best    9450.8
it  780000 T   0.579 step  3.11 cur   10593.5 best   10593.5
it  840000 T   0.358 step  2.46 cur   11893.2 best   11893.2
it  900000 T   0.221 step  1.88 cur   13427.4 best   13426.9
it  960000 T   0.137 step  1.34 cur   15014.9 best   15014.3
it 1020000 T   0.085 step  0.87 cur   14863.2 best   14863.0
it 1080000 T   0.052 step  0.47 cur   14794.4 best   14794.4
it 1140000 T   0.032 step  0.20 cur   14709.3 best   14709.3
final exact cost 14657.8 (tracked 14657.8)
