it       0 T 300.000 step 15.00 cur  101449.9 best  101449.9
it   60000 T 185.488 step 13.89 cur   15033.0 best   14340.8
it  120000 T 114.686 step 12.81 cur    8859.6 best    8471.0
it  180000 T  70.910 step 11.75 cur    6496.6 best    5660.3
it  240000 T  43.843 step 10.73 cur    4277.4 best    3783.4
it  300000 T  27.108 step  9.74 cur    4202.5 best    3658.6
it  360000 T  16.761 step  8.78 cur    3887.3 best    3657.5
it  420000 T  10.363 step  7.86 cur    3809.5 best    3794.9
it  480000 T   6.407 step  6.97 cur    4074.0 best    4073.1
it  540000 T   3.962 step  6.12 cur    4335.7 best    4310.1
it  600000 T   2.449 step  5.30 cur    4717.0 best    4706.8
it  660000 T   1.515 step  4.53 cur    5087.8 best    5087.8
it  720000 T   0.936 step  3.79 cur    5653.9 best    5653.4
it  780000 T   0.579 step  3.11 cur    6333.1 best    6333.1
it  840000 T   0.358 step  2.46 cur    7139.9 best    7139.9
it  900000 T   0.221 step  1.88 cur    8052.8 best    8052.7
it  960000 T   0.137 step  1.34 cur    9127.7 best    9127.7
it 1020000 T   0.085 step  0.87 cur    9124.1 best    9124.0
it 1080000 T   0.052 step  0.47 cur    7947.0 best    7947.0
it 1140000 T   0.032 step  0.20 cur    7902.9 best    7902.9
final exact cost 7889.0 (tracked 7889.0)
