it       0 T 300.000 step 15.00 cur   84247.0 best   84247.0
it   60000 T 185.488 step 13.89 cur   17077.5 best   13997.9
it  120000 T 114.686 step 12.81 cur    9790.6 best    9753.8
it  180000 T  70.910 step 11.75 cur    6747.2 best    6114.3
it  240000 T  43.843 step 10.73 cur    5554.7 best    5180.0
it  300000 T  27.108 step  9.74 cur    5260.7 best    4965.6
it  360000 T  16.761 step  8.78 cur    4918.0 best    4796.3
it  420000 T  10.363 step  7.86 cur    4996.2 best    4923.0
it  480000 T   6.407 step  6.97 cur    4583.8 best    4563.3
it  540000 T   3.962 step  6.12 cur    4831.9 best    4831.9
it  600000 T   2.449 step  5.30 cur    5079.6 best    5077.5
it  660000 T   1.515 step  4.53 cur    5444.4 best    5436.7
it  720000 T   0.936 step  3.79 cur    5859.7 best    5857.3
it  780000 T   0.579 step  3.11 cur    6330.7 best    6329.7
it  840000 T   0.358 step  2.46 cur    6904.9 best    6904.9
it  900000 T   0.221 step  1.88 cur    7610.9 best    7610.9
it  960000 T   0.137 step  1.34 cur    8397.0 best    8397.0
it 1020000 T   0.085 step  0.87 cur    8306.9 best    8306.9
it 1080000 T   0.052 step  0.47 cur    8235.4 best    8235.3
it 1140000 T   0.032 step  0.20 cur    8198.1 best    8198.1
final exact cost 8184.0 (tracked 8184.0)
