it       0 T 300.000 step 15.00 cur   99111.8 best   99111.8
it   60000 T 185.488 step 13.89 cur   17769.4 best   12406.1
it  120000 T 114.686 step 12.81 cur   10303.6 best    9077.5
it  180000 T  70.910 step 11.75 cur    6505.2 best    6255.8
it  240000 T  43.843 step 10.73 cur    4420.6 best    4201.5
it  300000 T  27.108 step  9.74 cur    3984.6 best    3700.2
it  360000 T  16.761 step  8.78 cur    3599.9 best    3474.7
it  420000 T  10.363 step  7.86 cur    3412.3 best    3357.1
it  480000 T   6.407 step  6.97 cur    3488.2 best    3483.3
it  540000 T   3.962 step  6.12 cur    3513.3 best    3496.7
it  600000 T   2.449 step  5.30 cur    3716.5 best    3712.6
it  660000 T   1.515 step  4.53 cur    3953.4 best    3952.2
it  720000 T   0.936 step  3.79 cur    4276.9 best    4276.9
it  780000 T   0.579 step  3.11 cur    4655.0 best    4655.0
it  840000 T   0.358 step  2.46 cur    5059.5 best    5058.9
it  900000 T   0.221 step  1.88 cur    5537.1 best    5537.1
it  960000 T   0.137 step  1.34 cur    6108.2 best    6108.2
it 1020000 T   0.085 step  0.87 cur    6100.5 best    6100.5
it 1080000 T   0.052 step  0.47 cur    6094.5 best    6094.5
it 1140000 T   0.032 step  0.20 cur    6079.4 best    6079.4
final exact cost 6076.8 (tracked 6076.8)
