it       0 T 300.000 step 15.00 cur   99202.5 best   99202.5
it   60000 T 185.488 step 13.89 cur   16437.8 best   15613.2
it  120000 T 114.686 step 12.81 cur   14166.7 best   11681.1
it  180000 T  70.910 step 11.75 cur   11270.5 best   10137.4
it  240000 T  43.843 step 10.73 cur    9452.1 best    9347.4
it  300000 T  27.108 step  9.74 cur    9970.6 best    9878.3
it  360000 T  16.761 step  8.78 cur   10545.1 best   10419.0
it  420000 T  10.363 step  7.86 cur   11155.8 best   11075.1
it  480000 T   6.407 step  6.97 cur   12429.4 best   12410.6
it  540000 T   3.962 step  6.12 cur   14022.8 best   14000.5
it  600000 T   2.449 step  5.30 cur   15884.7 best   15881.9
it  660000 T   1.515 step  4.53 cur   18028.2 best   18027.0
it  720000 T   0.936 step  3.79 cur   20498.7 best   20498.7
it  780000 T   0.579 step  3.11 cur   23405.6 best   23403.9
it  840000 T   0.358 step  2.46 cur   26731.4 best   26731.4
it  900000 T   0.221 step  1.88 cur   30493.3 best   30493.3
it  960000 T   0.137 step  1.34 cur   34952.1 best   34952.1
it 1020000 T   0.085 step  0.87 cur   34938.7 best   34938.6
it 1080000 T   0.052 step  0.47 cur   34901.1 best   34901.1
it 1140000 T   0.032 step  0.20 cur   34893.1 best   34893.1
final exact cost 34879.7 (tracked 34879.7)
