it       0 T 300.000 step 15.00 cur   75379.0 best   75379.0
it   60000 T 185.488 step 13.89 cur   16491.9 best   14078.9
it  120000 T 114.686 step 12.81 cur   10139.0 best    8521.5
it  180000 T  70.910 step 11.75 cur    5940.5 best    5462.6
it  240000 T  43.843 step 10.73 cur    5117.8 best    4673.6
it  300000 T  27.108 step  9.74 cur    4276.6 best    3942.8
it  360000 T  16.761 step  8.78 cur    3690.8 best    3537.2
it  420000 T  10.363 step  7.86 cur    3847.7 best    3773.4
it  480000 T   6.407 step  6.97 cur    3824.0 best    3809.3
it  540000 T   3.962 step  6.12 cur    4027.1 best    4025.9
it  600000 T   2.449 step  5.30 cur    4352.7 best    4340.2
it  660000 T   1.515 step  4.53 cur    4697.0 best    4694.1
it  720000 T   0.936 step  3.79 cur    5037.5 best    5036.1
it  780000 T   0.579 step  3.11 cur    5514.5 best    5514.3
it  840000 T   0.358 step  2.46 cur    6087.6 best    6087.6
it  900000 T   0.221 step  1.88 cur    6748.0 best    6748.0
it  960000 T   0.137 step  1.34 cur    7504.1 best    7504.1
it 1020000 T   0.085 step  0.87 cur    7489.2 best    7489.2
it 1080000 T   0.052 step  0.47 cur    7479.3 best    7479.3
it 1140000 T   0.032 step  0.20 cur    7468.8 best    7468.8
final exact cost 7456.8 (tracked 7456.8)
