it       0 T 300.000 step 15.00 cur   85484.2 best   85484.2
it   60000 T 185.488 step 13.89 cur   18773.8 best   15455.0
it  120000 T 114.686 step 12.81 cur   10525.7 best    9481.4
it  180000 T  70.910 step 11.75 cur    7750.6 best    7199.7
it  240000 T  43.843 step 10.73 cur    7321.8 best    6466.6
it  300000 T  27.108 step  9.74 cur    7166.5 best    6530.1
it  360000 T  16.761 step  8.78 cur    6406.5 best    6346.5
it  420000 T  10.363 step  7.86 cur    6545.6 best    6481.9
it  480000 T   6.407 step  6.97 cur    6994.4 best    6981.1
it  540000 T   3.962 step  6.12 cur    7600.1 best    7589.0
it  600000 T   2.449 step  5.30 cur    8290.9 best    8281.7
it  660000 T   1.515 step  4.53 cur    9132.8 best    9131.5
it  720000 T   0.936 step  3.79 cur   10109.7 best   10105.3
it  780000 T   0.579 step  3.11 cur   11274.7 best   11272.2
it  840000 T   0.358 step  2.46 cur   12585.1 best   12585.1
it  900000 T   0.221 step  1.88 cur   14054.0 best   14054.0
it  960000 T   0.137 step  1.34 cur   15873.7 best   15873.7
it 1020000 T   0.085 step  0.87 cur   15826.2 best   15826.1
it 1080000 T   0.052 step  0.47 cur   15786.5 best   15786.5
it 1140000 T   0.032 step  0.20 cur   15721.4 best   15721.4
final exact cost 15709.6 (tracked 15709.6)
