it       0 T 300.000 step 15.00 cur   91827.1 best   91827.1
it   60000 T 185.488 step 13.89 cur   14750.1 best   13436.0
it  120000 T 114.686 step 12.81 cur    9062.5 best    8257.9
it  180000 T  70.910 step 11.75 cur    6861.3 best    5558.2
it  240000 T  43.843 step 10.73 cur    5293.9 best    5090.9
it  300000 T  27.108 step  9.74 cur    5626.4 best    5220.4
it  360000 T  16.761 step  8.78 cur    5266.6 best    5258.9
it  420000 T  10.363 step  7.86 cur    5518.1 best    5513.3
it  480000 T   6.407 step  6.97 cur    5918.0 best    5885.1
it  540000 T   3.962 step  6.12 cur    6438.4 best    6422.3
it  600000 T   2.449 step  5.30 cur    7225.3 best    7218.0
it  660000 T   1.515 step  4.53 cur    8116.0 best    8116.0
it  720000 T   0.936 step  3.79 cur    9210.7 best    9210.7
it  780000 T   0.579 step  3.11 cur   10471.2 best   10471.2
it  840000 T   0.358 step  2.46 cur   11916.7 best   11916.7
it  900000 T   0.221 step  1.88 cur   13599.0 best   13598.4
it  960000 T   0.137 step  1.34 cur   15561.1 best   15561.1
it 1020000 T   0.085 step  0.87 cur   15539.2 best   15539.2
it 1080000 T   0.052 step  0.47 cur   15485.5 best   15485.5
it 1140000 T   0.032 step  0.20 cur   15396.3 best   15396.3
final exact cost 15379.7 (tracked 15379.7)
