it       0 T 300.000 step 15.00 cur   81261.3 best   81261.3
it   60000 T 185.488 step 13.89 cur   16187.3 best   12899.2
it  120000 T 114.686 step 12.81 cur    9008.9 best    7993.2
it  180000 T  70.910 step 11.75 cur    5294.1 best    4518.2
it  240000 T  43.843 step 10.73 cur    3830.0 best    3561.3
it  300000 T  27.108 step  9.74 cur    3122.5 best    3122.5
it  360000 T  16.761 step  8.78 cur    2685.2 best    2664.9
it  420000 T  10.363 step  7.86 cur    2770.7 best    2761.2
it  480000 T   6.407 step  6.97 cur    2673.1 best    2628.1
it  540000 T   3.962 step  6.12 cur    2637.0 best    2626.3
it  600000 T   2.449 step  5.30 cur    2707.1 best    2704.7
it  660000 T   1.515 step  4.53 cur    3003.1 best    2995.3
it  720000 T   0.936 step  3.79 cur    3324.9 best    3324.9
it  780000 T   0.579 step  3.11 cur    3733.1 best    3732.7
it  840000 T   0.358 step  2.46 cur    3964.8 best    3964.8
it  900000 T   0.221 step  1.88 cur    4313.0 best    4313.0
it  960000 T   0.137 step  1.34 cur    4854.0 best    4854.0
it 1020000 T   0.085 step  0.87 cur    4737.6 best    4737.6
it 1080000 T   0.052 step  0.47 cur    4661.6 best    4661.6
it 1140000 T   0.032 step  0.20 cur    4626.2 best    4626.2
final exact cost 4599.1 (tracked 4599.1)
