it       0 T 600.000 step 20.00 cur   84247.0 best   84247.0
it   60000 T 358.340 step 18.52 cur   50081.9 best   40193.8
it  120000 T 214.012 step 17.08 cur   35522.7 best   34046.4
it  180000 T 127.815 step 15.67 cur   32495.5 best   31777.1
it  240000 T  76.336 step 14.31 cur   33220.5 best   32799.4
it  300000 T  45.590 step 12.99 cur   36158.5 best   36104.7
it  360000 T  27.228 step 11.71 cur   40767.7 best   40676.7
it  420000 T  16.261 step 10.48 cur   46567.6 best   46456.0
it  480000 T   9.712 step  9.30 cur   53202.6 best   53201.3
it  540000 T   5.800 step  8.16 cur   61118.6 best   61118.6
it  600000 T   3.464 step  7.07 cur   70231.4 best   70231.4
it  660000 T   2.069 step  6.04 cur   80813.5 best   80812.3
it  720000 T   1.236 step  5.06 cur   93050.9 best   93050.9
it  780000 T   0.738 step  4.14 cur  107208.1 best  107206.9
it  840000 T   0.441 step  3.29 cur  123597.7 best  123597.7
it  900000 T   0.263 step  2.50 cur  142534.0 best  142533.9
it  960000 T   0.157 step  1.79 cur  164268.6 best  164268.6
it 1020000 T   0.094 step  1.16 cur  164083.6 best  164083.6
it 1080000 T   0.056 step  0.63 cur  164042.3 best  164042.3
it 1140000 T   0.033 step  0.22 cur  164018.1 best  164018.0
final exact cost 164016.0 (tracked 164016.0)
