it       0 T 600.000 step 20.00 cur  100992.0 best  100992.0
it   60000 T 358.340 step 18.52 cur   42107.5 best   37100.8
it  120000 T 214.012 step 17.08 cur   30092.1 best   25191.3
it  180000 T 127.815 step 15.67 cur   23491.9 best   22785.6
it  240000 T  76.336 step 14.31 cur   22276.9 best   21260.7
it  300000 T  45.590 step 12.99 cur   22843.0 best   22516.3
it  360000 T  27.228 step 11.71 cur   25307.3 best   24968.0
it  420000 T  16.261 step 10.48 cur   28122.3 best   28077.1
it  480000 T   9.712 step  9.30 cur   31560.0 best   31560.0
it  540000 T   5.800 step  8.16 cur   35960.0 best   35960.0
it  600000 T   3.464 step  7.07 cur   40985.2 best   40985.2
it  660000 T   2.069 step  6.04 cur   46835.7 best   46830.2
it  720000 T   1.236 step  5.06 cur   53584.5 best   53579.5
it  780000 T   0.738 step  4.14 cur   61350.0 best   61348.6
it  840000 T   0.441 step  3.29 cur   70374.4 best   70374.2
it  900000 T   0.263 step  2.50 cur   80850.0 best   80850.0
it  960000 T   0.157 step  1.79 cur   92911.8 best   92911.8
it 1020000 T   0.094 step  1.16 cur   92769.3 best   92769.2
it 1080000 T   0.056 step  0.63 cur   92721.3 best   92721.3
it 1140000 T   0.033 step  0.22 cur   92655.9 best   92655.9
final exact cost 92635.2 (tracked 92635.2)
