it       0 T 600.000 step 20.00 cur  137594.7 best  137594.7
it   60000 T 358.340 step 18.52 cur   43292.6 best   38945.0
it  120000 T 214.012 step 17.08 cur   42821.5 best   39580.9
it  180000 T 127.815 step 15.67 cur   34846.7 best   34760.9
it  240000 T  76.336 step 14.31 cur   36941.1 best   34767.0
it  300000 T  45.590 step 12.99 cur   38486.9 best   37927.6
it  360000 T  27.228 step 11.71 cur   42406.5 best   42319.0
it  420000 T  16.261 step 10.48 cur   48191.4 best   48165.5
it  480000 T   9.712 step  9.30 cur   55274.1 best   55274.1
it  540000 T   5.800 step  8.16 cur   63048.8 best   63041.3
it  600000 T   3.464 step  7.07 cur   72495.3 best   72484.4
it  660000 T   2.069 step  6.04 cur   83258.9 best   83258.9
it  720000 T   1.236 step  5.06 cur   95639.0 best   95638.0
it  780000 T   0.738 step  4.14 cur  110165.8 best  110164.6
it  840000 T   0.441 step  3.29 cur  127050.8 best  127050.2
it  900000 T   0.263 step  2.50 cur  146537.5 best  146537.3
it  960000 T   0.157 step  1.79 cur  169009.6 best  169009.6
it 1020000 T   0.094 step  1.16 cur  168993.2 best  168993.2
it 1080000 T   0.056 step  0.63 cur  168940.7 best  168940.7
it 1140000 T   0.033 step  0.22 cur  168927.3 best  168927.3
final exact cost 168925.5 (tracked 168925.5)
