it       0 T 600.000 step 20.00 cur  102301.5 best  102301.5
it   60000 T 358.340 step 18.52 cur   43392.9 best   40939.2
it  120000 T 214.012 step 17.08 cur   32219.0 best   32149.2
it  180000 T 127.815 step 15.67 cur   31998.5 best   27183.2
it  240000 T  76.336 step 14.31 cur   24152.3 best   24050.3
it  300000 T  45.590 step 12.99 cur   25774.5 best   25714.2
it  360000 T  27.228 step 11.71 cur   27052.7 best   26811.3
it  420000 T  16.261 step 10.48 cur   30622.8 best   30426.0
it  480000 T   9.712 step  9.30 cur   34124.1 best   34110.6
it  540000 T   5.800 step  8.16 cur   38875.3 best   38813.5
it  600000 T   3.464 step  7.07 cur   44506.3 best   44501.4
it  660000 T   2.069 step  6.04 cur   50941.6 best   50940.0
it  720000 T   1.236 step  5.06 cur   58657.4 best   58653.6
it  780000 T   0.738 step  4.14 cur   67560.2 best   67556.4
it  840000 T   0.441 step  3.29 cur   77818.7 best   77815.9
it  900000 T   0.263 step  2.50 cur   89699.0 best   89699.0
it  960000 T   0.157 step  1.79 cur  103434.0 best  103434.0
it 1020000 T   0.094 step  1.16 cur  103390.5 best  103390.5
it 1080000 T   0.056 step  0.63 cur  103332.6 best  103332.6
it 1140000 T   0.033 step  0.22 cur  103269.2 best  103269.2
final exact cost 103261.7 (tracked 103261.7)
