it       0 T 600.000 step 20.00 cur  104455.0 best  104455.0
it   60000 T 358.340 step 18.52 cur   55035.4 best   47918.8
it  120000 T 214.012 step 17.08 cur   41603.0 best   39983.0
it  180000 T 127.815 step 15.67 cur   35444.8 best   35085.7
it  240000 T  76.336 step 14.31 cur   37453.7 best   35986.3
it  300000 T  45.590 step 12.99 cur   39665.4 best   39351.9
it  360000 T  27.228 step 11.71 cur   44565.4 best   44421.7
it  420000 T  16.261 step 10.48 cur   50566.5 best   50430.8
it  480000 T   9.712 step  9.30 cur   57484.4 best   57462.0
it  540000 T   5.800 step  8.16 cur   65444.5 best   65429.1
it  600000 T   3.464 step  7.07 cur   74911.1 best   74904.5
it  660000 T   2.069 step  6.04 cur   86088.1 best   86084.7
it  720000 T   1.236 step  5.06 cur   98996.7 best   98994.7
it  780000 T   0.738 step  4.14 cur  113927.8 best  113927.8
it  840000 T   0.441 step  3.29 cur  131160.4 best  131160.4
it  900000 T   0.263 step  2.50 cur  151063.4 best  151063.4
it  960000 T   0.157 step  1.79 cur  174069.0 best  174069.0
it 1020000 T   0.094 step  1.16 cur  174045.4 best  174045.4
it 1080000 T   0.056 step  0.63 cur  174039.6 best  174039.6
it 1140000 T   0.033 step  0.22 cur  174011.4 best  174011.4
final exact cost 173999.0 (tracked 173999.0)
