it       0 T 600.000 step 20.00 cur   85484.2 best   85484.2
it   60000 T 358.340 step 18.52 cur   39264.2 best   37667.4
it  120000 T 214.012 step 17.08 cur   39063.6 best   34571.2
it  180000 T 127.815 step 15.67 cur   35710.7 best   34482.7
it  240000 T  76.336 step 14.31 cur   37329.9 best   36425.2
it  300000 T  45.590 step 12.99 cur   39801.4 best   39773.7
it  360000 T  27.228 step 11.71 cur   44198.8 best   43978.9
it  420000 T  16.261 step 10.48 cur   49091.0 best   49053.3
it  480000 T   9.712 step  9.30 cur   55947.1 best   55947.1
it  540000 T   5.800 step  8.16 cur   64043.9 best   64038.3
it  600000 T   3.464 step  7.07 cur   73475.8 best   73459.0
it  660000 T   2.069 step  6.04 cur   84470.4 best   84470.4
it  720000 T   1.236 step  5.06 cur   97148.8 best   97143.8
it  780000 T   0.738 step  4.14 cur  111819.9 best  111818.8
it  840000 T   0.441 step  3.29 cur  128780.4 best  128780.4
it  900000 T   0.263 step  2.50 cur  148350.5 best  148350.1
it  960000 T   0.157 step  1.79 cur  170944.9 best  170944.9
it 1020000 T   0.094 step  1.16 cur  170922.5 best  170922.5
it 1080000 T   0.056 step  0.63 cur  170907.9 best  170907.8
it 1140000 T   0.033 step  0.22 cur  170891.9 best  170891.9
final exact cost 170885.9 (tracked 170885.9)
