it       0 T 600.000 step 20.00 cur   81261.3 best   81261.3
it   60000 T 358.340 step 18.52 cur   48650.6 best   48554.1
it  120000 T 214.012 step 17.08 cur   47035.8 best   45140.8
it  180000 T 127.815 step 15.67 cur   41853.2 best   40362.9
it  240000 T  76.336 step 14.31 cur   43187.6 best   42438.2
it  300000 T  45.590 step 12.99 cur   44175.3 best   43775.5
it  360000 T  27.228 step 11.71 cur   49279.2 best   49112.7
it  420000 T  16.261 step 10.48 cur   55932.3 best   55883.8
it  480000 T   9.712 step  9.30 cur   64182.4 best   64152.8
it  540000 T   5.800 step  8.16 cur   73761.3 best   73755.5
it  600000 T   3.464 step  7.07 cur   84878.2 best   84871.3
it  660000 T   2.069 step  6.04 cur   97817.4 best   97809.4
it  720000 T   1.236 step  5.06 cur  112782.2 best  112779.3
it  780000 T   0.738 step  4.14 cur  130079.2 best  130079.2
it  840000 T   0.441 step  3.29 cur  150046.0 best  150046.0
it  900000 T   0.263 step  2.50 cur  173120.8 best  173120.8
it  960000 T   0.157 step  1.79 cur  199791.3 best  199791.0
it 1020000 T   0.094 step  1.16 cur  199782.1 best  199782.1
it 1080000 T   0.056 step  0.63 cur  199739.0 best  199739.0
it 1140000 T   0.033 step  0.22 cur  199696.9 best  199696.9
final exact cost 199682.9 (tracked 199682.9)
