it       0 T 600.000 step 20.00 cur   93621.0 best   93621.0
it   60000 T 358.340 step 18.52 cur   51959.1 best   46407.4
it  120000 T 214.012 step 17.08 cur   38851.2 best   36601.9
it  180000 T 127.815 step 15.67 cur   38209.7 best   37263.5
it  240000 T  76.336 step 14.31 cur   38564.3 best   37816.8
it  300000 T  45.590 step 12.99 cur   33489.5 best   32632.8
it  360000 T  27.228 step 11.71 cur   36662.5 best   36407.5
it  420000 T  16.261 step 10.48 cur   41076.1 best   41076.0
it  480000 T   9.712 step  9.30 cur   46361.1 best   46333.1
it  540000 T   5.800 step  8.16 cur   53196.9 best   53195.1
it  600000 T   3.464 step  7.07 cur   61010.8 best   61006.9
it  660000 T   2.069 step  6.04 cur   70174.7 best   70171.7
it  720000 T   1.236 step  5.06 cur   80788.6 best   80786.7
it  780000 T   0.738 step  4.14 cur   93063.5 best   93063.5
it  840000 T   0.441 step  3.29 cur  107227.2 best  107227.2
it  900000 T   0.263 step  2.50 cur  123526.7 best  123526.7
it  960000 T   0.157 step  1.79 cur  142411.4 best  142411.4
it 1020000 T   0.094 step  1.16 cur  142380.5 best  142380.5
it 1080000 T   0.056 step  0.63 cur  142371.2 best  142371.2
it 1140000 T   0.033 step  0.22 cur  142355.5 best  142355.5
final exact cost 142344.4 (tracked 142344.4)
