it       0 T 600.000 step 20.00 cur   99127.8 best   99127.8
it   60000 T 358.340 step 18.52 cur   48768.5 best   40623.3
it  120000 T 214.012 step 17.08 cur   35707.6 best   33498.3
it  180000 T 127.815 step 15.67 cur   35528.6 best   34009.5
it  240000 T  76.336 step 14.31 cur   36664.6 best   35735.5
it  300000 T  45.590 step 12.99 cur   40216.5 best   39933.1
it  360000 T  27.228 step 11.71 cur   46029.0 best   45726.4
it  420000 T  16.261 step 10.48 cur   52374.4 best   52137.1
it  480000 T   9.712 step  9.30 cur   60047.0 best   59918.7
it  540000 T   5.800 step  8.16 cur   69008.8 best   68996.6
it  600000 T   3.464 step  7.07 cur   79402.7 best   79392.8
it  660000 T   2.069 step  6.04 cur   91485.0 best   91485.0
it  720000 T   1.236 step  5.06 cur  105453.9 best  105448.8
it  780000 T   0.738 step  4.14 cur  121565.4 best  121564.2
it  840000 T   0.441 step  3.29 cur  140188.6 best  140187.5
it  900000 T   0.263 step  2.50 cur  161692.0 best  161691.9
it  960000 T   0.157 step  1.79 cur  186549.3 best  186549.3
it 1020000 T   0.094 step  1.16 cur  186535.2 best  186535.2
it 1080000 T   0.056 step  0.63 cur  186532.4 best  186532.4
it 1140000 T   0.033 step  0.22 cur  186515.9 best  186515.9
final exact cost 186509.9 (tracked 186509.9)
