it       0 T 600.000 step 20.00 cur   91827.1 best   91827.1
it   60000 T 358.340 step 18.52 cur   50020.1 best   44233.8
it  120000 T 214.012 step 17.08 cur   36244.5 best   34043.0
it  180000 T 127.815 step 15.67 cur   33148.3 best   32318.3
it  240000 T  76.336 step 14.31 cur   34037.6 best   32893.6
it  300000 T  45.590 step 12.99 cur   36387.4 best   35846.2
it  360000 T  27.228 step 11.71 cur   40785.4 best   40535.1
it  420000 T  16.261 step 10.48 cur   46333.3 best   46198.5
it  480000 T   9.712 step  9.30 cur   52719.9 best   52709.8
it  540000 T   5.800 step  8.16 cur   60256.6 best   60256.6
it  600000 T   3.464 step  7.07 cur   69063.6 best   69060.7
it  660000 T   2.069 step  6.04 cur   79492.2 best   79492.2
it  720000 T   1.236 step  5.06 cur   91616.1 best   91614.1
it  780000 T   0.738 step  4.14 cur  105667.5 best  105667.1
it  840000 T   0.441 step  3.29 cur  121889.6 best  121889.6
it  900000 T   0.263 step  2.50 cur  140571.6 best  140571.6
it  960000 T   0.157 step  1.79 cur  162166.1 best  162166.1
it 1020000 T   0.094 step  1.16 cur  162137.9 best  162137.9
it 1080000 T   0.056 step  0.63 cur  162126.8 best  162126.8
it 1140000 T   0.033 step  0.22 cur  162106.1 best  162106.1
final exact cost 162103.7 (tracked 162103.7)
