it       0 T 600.000 step 20.00 cur   99111.8 best   99111.8
it   60000 T 358.340 step 18.52 cur   54868.1 best   41437.6
it  120000 T 214.012 step 17.08 cur   37224.6 best   35359.4
it  180000 T 127.815 step 15.67 cur   36210.0 best   35067.4
it  240000 T  76.336 step 14.31 cur   36703.9 best   35732.2
it  300000 T  45.590 step 12.99 cur   40121.5 best   39736.4
it  360000 T  27.228 step 11.71 cur   45131.0 best   44981.3
it  420000 T  16.261 step 10.48 cur   51469.4 best   51422.6
it  480000 T   9.712 step  9.30 cur   58890.6 best   58883.5
it  540000 T   5.800 step  8.16 cur   67700.4 best   67650.6
it  600000 T   3.464 step  7.07 cur   77919.1 best   77919.1
it  660000 T   2.069 step  6.04 cur   89793.6 best   89782.0
it  720000 T   1.236 step  5.06 cur  103477.0 best  103477.0
it  780000 T   0.738 step  4.14 cur  119307.4 best  119305.8
it  840000 T   0.441 step  3.29 cur  137605.2 best  137604.4
it  900000 T   0.263 step  2.50 cur  158736.5 best  158736.0
it  960000 T   0.157 step  1.79 cur  183137.2 best  183137.1
it 1020000 T   0.094 step  1.16 cur  183123.4 best  183123.3
it 1080000 T   0.056 step  0.63 cur  183109.5 best  183109.5
it 1140000 T   0.033 step  0.22 cur  183018.3 best  183018.3
final exact cost 183013.1 (tracked 183013.1)
