it       0 T 600.000 step 20.00 cur   75379.0 best   75379.0
it   60000 T 358.340 step 18.52 cur   61623.0 best   47345.1
it  120000 T 214.012 step 17.08 cur   56213.1 best   51817.3
it  180000 T 127.815 step 15.67 cur   53900.2 best   53900.2
it  240000 T  76.336 step 14.31 cur   59073.6 best   58645.0
it  300000 T  45.590 step 12.99 cur   65247.2 best   64559.5
it  360000 T  27.228 step 11.71 cur   74371.3 best   74223.6
it  420000 T  16.261 step 10.48 cur   85227.8 best   85058.8
it  480000 T   9.712 step  9.30 cur   97866.1 best   97848.6
it  540000 T   5.800 step  8.16 cur  112534.9 best  112503.0
it  600000 T   3.464 step  7.07 cur  129512.8 best  129501.7
it  660000 T   2.069 step  6.04 cur  149145.9 best  149137.2
it  720000 T   1.236 step  5.06 cur  171957.9 best  171952.0
it  780000 T   0.738 step  4.14 cur  198219.5 best  198219.3
it  840000 T   0.441 step  3.29 cur  228649.2 best  228648.8
it  900000 T   0.263 step  2.50 cur  263735.9 best  263735.9
it  960000 T   0.157 step  1.79 cur  304293.2 best  304293.2
it 1020000 T   0.094 step  1.16 cur  304284.1 best  304284.1
it 1080000 T   0.056 step  0.63 cur  304272.9 best  304272.9
it 1140000 T   0.033 step  0.22 cur  304259.4 best  304259.4
final exact cost 304250.2 (tracked 304250.2)
