it       0 T 600.000 step 20.00 cur  101449.9 best  101449.9
it   60000 T 358.340 step 18.52 cur   49341.8 best   38803.8
it  120000 T 214.012 step 17.08 cur   36934.0 best   31039.9
it  180000 T 127.815 step 15.67 cur   26701.9 best   23578.8
it  240000 T  76.336 step 14.31 cur   26182.0 best   25305.4
it  300000 T  45.590 step 12.99 cur   27676.6 best   27336.2
it  360000 T  27.228 step 11.71 cur   29932.8 best   29855.3
it  420000 T  16.261 step 10.48 cur   33889.9 best   33713.0
it  480000 T   9.712 step  9.30 cur   38706.8 best   38591.4
it  540000 T   5.800 step  8.16 cur   43765.3 best   43729.0
it  600000 T   3.464 step  7.07 cur   49948.0 best   49941.9
it  660000 T   2.069 step  6.04 cur   56664.8 best   56659.1
it  720000 T   1.236 step  5.06 cur   64984.2 best   64980.6
it  780000 T   0.738 step  4.14 cur   74678.8 best   74677.1
it  840000 T   0.441 step  3.29 cur   85954.4 best   85954.1
it  900000 T   0.263 step  2.50 cur   98810.6 best   98810.2
it  960000 T   0.157 step  1.79 cur  113552.0 best  113552.0
it 1020000 T   0.094 step  1.16 cur  113508.8 best  113508.7
it 1080000 T   0.056 step  0.63 cur  113103.8 best  113103.8
it 1140000 T   0.033 step  0.22 cur  112965.0 best  112965.0
final exact cost 112948.1 (tracked 112948.1)
