it       0 T 600.000 step 20.00 cur  100092.4 best  100092.4
it   60000 T 358.340 step 18.52 cur   55077.2 best   42072.7
it  120000 T 214.012 step 17.08 cur   39166.5 best   35772.5
it  180000 T 127.815 step 15.67 cur   36771.3 best   35269.1
it  240000 T  76.336 step 14.31 cur   36395.5 best   35819.8
it  300000 T  45.590 step 12.99 cur   39817.6 best   39566.3
it  360000 T  27.228 step 11.71 cur   44403.2 best   44305.4
it  420000 T  16.261 step 10.48 cur   50470.0 best   50290.4
it  480000 T   9.712 step  9.30 cur   57105.4 best   57087.5
it  540000 T   5.800 step  8.16 cur   65530.4 best   65514.9
it  600000 T   3.464 step  7.07 cur   75263.1 best   75263.1
it  660000 T   2.069 step  6.04 cur   86575.4 best   86571.5
it  720000 T   1.236 step  5.06 cur   99595.9 best   99595.9
it  780000 T   0.738 step  4.14 cur  114657.8 best  114657.4
it  840000 T   0.441 step  3.29 cur  132110.8 best  132110.8
it  900000 T   0.263 step  2.50 cur  152255.3 best  152255.3
it  960000 T   0.157 step  1.79 cur  175522.6 best  175521.5
it 1020000 T   0.094 step  1.16 cur  175513.0 best  175513.0
it 1080000 T   0.056 step  0.63 cur  175490.6 best  175490.6
it 1140000 T   0.033 step  0.22 cur  175471.8 best  175471.8
final exact cost 175467.6 (tracked 175467.6)
