it       0 T 600.000 step 20.00 cur   99202.5 best   99202.5
it   60000 T 358.340 step 18.52 cur   43579.9 best   42440.2
it  120000 T 214.012 step 17.08 cur   39416.7 best   33705.7
it  180000 T 127.815 step 15.67 cur   27772.6 best   27659.0
it  240000 T  76.336 step 14.31 cur   29304.4 best   28969.5
it  300000 T  45.590 step 12.99 cur   31231.2 best   30917.9
it  360000 T  27.228 step 11.71 cur   34354.8 best   34257.2
it  420000 T  16.261 step 10.48 cur   28143.7 best   28066.3
it  480000 T   9.712 step  9.30 cur   31806.0 best   31779.8
it  540000 T   5.800 step  8.16 cur   36181.4 best   36145.4
it  600000 T   3.464 step  7.07 cur   41429.9 best   41411.2
it  660000 T   2.069 step  6.04 cur   47487.8 best   47476.1
it  720000 T   1.236 step  5.06 cur   54563.6 best   54563.6
it  780000 T   0.738 step  4.14 cur   62733.1 best   62733.1
it  840000 T   0.441 step  3.29 cur   72171.4 best   72170.3
it  900000 T   0.263 step  2.50 cur   83095.6 best   83095.6
it  960000 T   0.157 step  1.79 cur   95678.9 best   95678.9
it 1020000 T   0.094 step  1.16 cur   95640.6 best   95640.6
it 1080000 T   0.056 step  0.63 cur   95605.6 best   95605.6
it 1140000 T   0.033 step  0.22 cur   95567.4 best   95567.4
final exact cost 95562.2 (tracked 95562.2)
