it       0 T  50.000 step  3.00 cur     767.5 best     767.5
it   10000 T  35.397 step  2.78 cur     941.6 best     767.5
it   20000 T  25.059 step  2.56 cur     951.2 best     767.5
it   30000 T  17.741 step  2.35 cur     974.7 best     767.5
it   40000 T  12.559 step  2.15 cur     978.9 best     767.5
it   50000 T   8.891 step  1.95 cur     809.2 best     767.5
it   60000 T   6.295 step  1.76 cur     802.0 best     767.5
it   70000 T   4.456 step  1.57 cur     797.8 best     767.5
it   80000 T   3.155 step  1.39 cur     779.3 best     767.5
it   90000 T   2.233 step  1.22 cur     780.5 best     767.5
it  100000 T   1.581 step  1.06 cur     780.3 best     767.5
it  110000 T   1.119 step  0.91 cur     771.6 best     767.5
it  120000 T   0.792 step  0.76 cur     772.8 best     767.5
it  130000 T   0.561 step  0.62 cur     770.4 best     767.5
it  140000 T   0.397 step  0.49 cur     769.8 best     767.5
it  150000 T   0.281 step  0.38 cur     767.8 best     767.5
it  160000 T   0.199 step  0.27 cur     767.8 best     767.5
it  170000 T   0.141 step  0.20 cur     767.5 best     767.5
it  180000 T   0.100 step  0.20 cur     767.6 best     767.5
it  190000 T   0.071 step  0.20 cur     767.6 best     767.5
final exact cost 767.5 (tracked 767.5)
