it       0 T  50.000 step  3.00 cur    5825.0 best    5825.0
it   10000 T  35.397 step  2.78 cur    5620.1 best    5468.5
it   20000 T  25.059 step  2.56 cur    5283.7 best    5254.6
it   30000 T  17.741 step  2.35 cur    5343.4 best    5254.6
it   40000 T  12.559 step  2.15 cur    5262.5 best    5233.6
it   50000 T   8.891 step  1.95 cur    5231.1 best    5222.7
it   60000 T   6.295 step  1.76 cur    5146.4 best    5129.6
it   70000 T   4.456 step  1.57 cur    5135.2 best    5109.3
it   80000 T   3.155 step  1.39 cur    5122.0 best    5109.0
it   90000 T   2.233 step  1.22 cur    5128.2 best    5109.0
it  100000 T   1.581 step  1.06 cur    5112.3 best    5109.0
it  110000 T   1.119 step  0.91 cur    5100.3 best    5100.3
it  120000 T   0.792 step  0.76 cur    5098.5 best    5097.8
it  130000 T   0.561 step  0.62 cur    5059.2 best    5059.2
it  140000 T   0.397 step  0.49 cur    5058.8 best    5058.2
it  150000 T   0.281 step  0.38 cur    5057.8 best    5057.8
it  160000 T   0.199 step  0.27 cur    5053.3 best    5053.3
it  170000 T   0.141 step  0.20 cur    5047.4 best    5047.4
it  180000 T   0.100 step  0.20 cur    5043.9 best    5043.8
it  190000 T   0.071 step  0.20 cur    5031.3 best    5031.3
final exact cost 5031.0 (tracked 5031.0)
