it       0 T  50.000 step  3.00 cur    5825.0 best    5825.0
it   10000 T  35.397 step  2.78 cur    5582.3 best    5544.6
it   20000 T  25.059 step  2.56 cur    5303.2 best    5271.2
it   30000 T  17.741 step  2.35 cur    5270.0 best    5246.1
it   40000 T  12.559 step  2.15 cur    5243.9 best    5153.6
it   50000 T   8.891 step  1.95 cur    5196.4 best    5153.6
it   60000 T   6.295 step  1.76 cur    5162.3 best    5141.6
it   70000 T   4.456 step  1.57 cur    5125.0 best    5114.5
it   80000 T   3.155 step  1.39 cur    5103.7 best    5092.6
it   90000 T   2.233 step  1.22 cur    5072.9 best    5072.9
it  100000 T   1.581 step  1.06 cur    5062.9 best    5062.4
it  110000 T   1.119 step  0.91 cur    5053.7 best    5053.7
it  120000 T   0.792 step  0.76 cur    5049.0 best    5049.0
it  130000 T   0.561 step  0.62 cur    5040.0 best    5039.4
it  140000 T   0.397 step  0.49 cur    5038.4 best    5038.4
it  150000 T   0.281 step  0.38 cur    5036.3 best    5036.1
it  160000 T   0.199 step  0.27 cur    5034.6 best    5034.6
it  170000 T   0.141 step  0.20 cur    5030.9 best    5030.9
it  180000 T   0.100 step  0.20 cur    5030.4 best    5030.3
it  190000 T   0.071 step  0.20 cur    5029.4 best    5029.4
final exact cost 5029.2 (tracked 5029.2)
