it       0 T  50.000 step  3.00 cur    5825.0 best    5825.0
it   10000 T  35.397 step  2.78 cur    5521.7 best    5235.1
it   20000 T  25.059 step  2.56 cur    5667.6 best    5235.1
it   30000 T  17.741 step  2.35 cur    5197.1 best    5194.0
it   40000 T  12.559 step  2.15 cur    5208.9 best    5156.3
it   50000 T   8.891 step  1.95 cur    5193.0 best    5156.3
it   60000 T   6.295 step  1.76 cur    5149.3 best    5144.1
it   70000 T   4.456 step  1.57 cur    5131.6 best    5129.5
it   80000 T   3.155 step  1.39 cur    5110.0 best    5094.5
it   90000 T   2.233 step  1.22 cur    5096.1 best    5092.2
it  100000 T   1.581 step  1.06 cur    5091.9 best    5089.3
it  110000 T   1.119 step  0.91 cur    5073.3 best    5071.6
it  120000 T   0.792 step  0.76 cur    5068.5 best    5068.1
it  130000 T   0.561 step  0.62 cur    5062.6 best    5062.0
it  140000 T   0.397 step  0.49 cur    5061.1 best    5060.2
it  150000 T   0.281 step  0.38 cur    5059.6 best    5058.9
it  160000 T   0.199 step  0.27 cur    5048.4 best    5048.4
it  170000 T   0.141 step  0.20 cur    5033.9 best    5033.9
it  180000 T   0.100 step  0.20 cur    5026.7 best    5026.7
it  190000 T   0.071 step  0.20 cur    5026.4 best    5026.4
final exact cost 5026.3 (tracked 5026.3)
