it       0 T  50.000 step  3.00 cur    5825.0 best    5825.0
it   10000 T  35.397 step  2.78 cur    5776.4 best    5692.9
it   20000 T  25.059 step  2.56 cur    5368.0 best    5317.3
it   30000 T  17.741 step  2.35 cur    5271.6 best    5224.9
it   40000 T  12.559 step  2.15 cur    5236.2 best    5224.9
it   50000 T   8.891 step  1.95 cur    5236.2 best    5209.4
it   60000 T   6.295 step  1.76 cur    5210.9 best    5186.3
it   70000 T   4.456 step  1.57 cur    5150.0 best    5148.4
it   80000 T   3.155 step  1.39 cur    5093.9 best    5081.3
it   90000 T   2.233 step  1.22 cur    5085.2 best    5080.4
it  100000 T   1.581 step  1.06 cur    5080.5 best    5078.0
it  110000 T   1.119 step  0.91 cur    5077.6 best    5077.6
it  120000 T   0.792 step  0.76 cur    5077.4 best    5077.4
it  130000 T   0.561 step  0.62 cur    5052.6 best    5052.3
it  140000 T   0.397 step  0.49 cur    5048.5 best    5047.8
it  150000 T   0.281 step  0.38 cur    5045.7 best    5045.6
it  160000 T   0.199 step  0.27 cur    5044.4 best    5044.4
it  170000 T   0.141 step  0.20 cur    5043.0 best    5043.0
it  180000 T   0.100 step  0.20 cur    5040.0 best    5040.0
it  190000 T   0.071 step  0.20 cur    5039.9 best    5039.9
final exact cost 5038.2 (tracked 5038.2)
