it       0 T  50.000 step  3.00 cur    5825.0 best    5825.0
it   10000 T  35.397 step  2.78 cur    5873.0 best    5502.4
it   20000 T  25.059 step  2.56 cur    5520.2 best    5412.4
it   30000 T  17.741 step  2.35 cur    5311.2 best    5300.3
it   40000 T  12.559 step  2.15 cur    5193.9 best    5187.4
it   50000 T   8.891 step  1.95 cur    5152.1 best    5150.0
it   60000 T   6.295 step  1.76 cur    5146.9 best    5137.3
it   70000 T   4.456 step  1.57 cur    5148.4 best    5131.6
it   80000 T   3.155 step  1.39 cur    5101.6 best    5101.6
it   90000 T   2.233 step  1.22 cur    5097.7 best    5088.7
it  100000 T   1.581 step  1.06 cur    5091.5 best    5084.8
it  110000 T   1.119 step  0.91 cur    5067.6 best    5067.6
it  120000 T   0.792 step  0.76 cur    5065.5 best    5065.5
it  130000 T   0.561 step  0.62 cur    5065.1 best    5065.1
it  140000 T   0.397 step  0.49 cur    5061.1 best    5061.1
it  150000 T   0.281 step  0.38 cur    5058.9 best    5057.9
it  160000 T   0.199 step  0.27 cur    5050.3 best    5050.1
it  170000 T   0.141 step  0.20 cur    5049.2 best    5049.2
it  180000 T   0.100 step  0.20 cur    5037.1 best    5037.1
it  190000 T   0.071 step  0.20 cur    5032.5 best    5032.5
final exact cost 5032.1 (tracked 5032.1)
