it       0 T  50.000 step  3.00 cur    5825.0 best    5825.0
it   10000 T  35.397 step  2.78 cur    5944.6 best    5552.0
it   20000 T  25.059 step  2.56 cur    5578.8 best    5516.3
it   30000 T  17.741 step  2.35 cur    5323.5 best    5215.9
it   40000 T  12.559 step  2.15 cur    5141.9 best    5122.7
it   50000 T   8.891 step  1.95 cur    5171.3 best    5119.8
it   60000 T   6.295 step  1.76 cur    5148.0 best    5117.2
it   70000 T   4.456 step  1.57 cur    5129.3 best    5117.2
it   80000 T   3.155 step  1.39 cur    5064.9 best    5064.1
it   90000 T   2.233 step  1.22 cur    5063.0 best    5060.0
it  100000 T   1.581 step  1.06 cur    5048.0 best    5048.0
it  110000 T   1.119 step  0.91 cur    5042.3 best    5041.4
it  120000 T   0.792 step  0.76 cur    5038.2 best    5037.8
it  130000 T   0.561 step  0.62 cur    5040.7 best    5037.8
it  140000 T   0.397 step  0.49 cur    5032.9 best    5032.9
it  150000 T   0.281 step  0.38 cur    5031.6 best    5031.3
it  160000 T   0.199 step  0.27 cur    5029.5 best    5029.1
it  170000 T   0.141 step  0.20 cur    5024.9 best    5024.9
it  180000 T   0.100 step  0.20 cur    5024.3 best    5024.2
it  190000 T   0.071 step  0.20 cur    5024.5 best    5024.2
final exact cost 5024.2 (tracked 5024.2)
