it       0 T  50.000 step  3.00 cur    5825.0 best    5825.0
it   10000 T  35.397 step  2.78 cur    5721.9 best    5639.8
it   20000 T  25.059 step  2.56 cur    5585.1 best    5457.5
it   30000 T  17.741 step  2.35 cur    5489.7 best    5457.5
it   40000 T  12.559 step  2.15 cur    5440.0 best    5405.4
it   50000 T   8.891 step  1.95 cur    5422.0 best    5385.4
it   60000 T   6.295 step  1.76 cur    5323.2 best    5279.1
it   70000 T   4.456 step  1.57 cur    5204.0 best    5177.8
it   80000 T   3.155 step  1.39 cur    5171.5 best    5157.2
it   90000 T   2.233 step  1.22 cur    5093.8 best    5092.6
it  100000 T   1.581 step  1.06 cur    5077.1 best    5077.0
it  110000 T   1.119 step  0.91 cur    5073.9 best    5073.7
it  120000 T   0.792 step  0.76 cur    5061.6 best    5061.6
it  130000 T   0.561 step  0.62 cur    5061.6 best    5060.9
it  140000 T   0.397 step  0.49 cur    5053.2 best    5053.2
it  150000 T   0.281 step  0.38 cur    5044.6 best    5044.6
it  160000 T   0.199 step  0.27 cur    5035.6 best    5035.6
it  170000 T   0.141 step  0.20 cur    5031.8 best    5031.8
it  180000 T   0.100 step  0.20 cur    5030.8 best    5030.8
it  190000 T   0.071 step  0.20 cur    5030.2 best    5030.0
final exact cost 5030.0 (tracked 5030.0)
