it       0 T  50.000 step  3.00 cur    5825.0 best    5825.0
it   10000 T  35.397 step  2.78 cur    5863.2 best    5697.9
it   20000 T  25.059 step  2.56 cur    5605.0 best    5509.4
it   30000 T  17.741 step  2.35 cur    5366.6 best    5288.5
it   40000 T  12.559 step  2.15 cur    5251.5 best    5244.5
it   50000 T   8.891 step  1.95 cur    5224.6 best    5200.3
it   60000 T   6.295 step  1.76 cur    5190.2 best    5156.9
it   70000 T   4.456 step  1.57 cur    5135.3 best    5125.8
it   80000 T   3.155 step  1.39 cur    5118.4 best    5118.4
it   90000 T   2.233 step  1.22 cur    5067.9 best    5067.9
it  100000 T   1.581 step  1.06 cur    5064.8 best    5062.2
it  110000 T   1.119 step  0.91 cur    5065.8 best    5062.2
it  120000 T   0.792 step  0.76 cur    5056.3 best    5056.3
it  130000 T   0.561 step  0.62 cur    5053.9 best    5053.8
it  140000 T   0.397 step  0.49 cur    5054.2 best    5053.8
it  150000 T   0.281 step  0.38 cur    5052.6 best    5052.6
it  160000 T   0.199 step  0.27 cur    5048.3 best    5048.3
it  170000 T   0.141 step  0.20 cur    5032.6 best    5032.5
it  180000 T   0.100 step  0.20 cur    5029.6 best    5029.6
it  190000 T   0.071 step  0.20 cur    5029.3 best    5029.3
final exact cost 5029.3 (tracked 5029.3)
