it       0 T  50.000 step  3.00 cur    5825.0 best    5825.0
it   10000 T  35.397 step  2.78 cur    5748.5 best    5615.5
it   20000 T  25.059 step  2.56 cur    5259.7 best    5259.7
it   30000 T  17.741 step  2.35 cur    5307.8 best    5223.2
it   40000 T  12.559 step  2.15 cur    5291.6 best    5209.1
it   50000 T   8.891 step  1.95 cur    5201.6 best    5201.6
it   60000 T   6.295 step  1.76 cur    5186.0 best    5147.9
it   70000 T   4.456 step  1.57 cur    5154.4 best    5129.5
it   80000 T   3.155 step  1.39 cur    5135.0 best    5126.6
it   90000 T   2.233 step  1.22 cur    5119.2 best    5118.2
it  100000 T   1.581 step  1.06 cur    5114.7 best    5114.7
it  110000 T   1.119 step  0.91 cur    5122.3 best    5114.7
it  120000 T   0.792 step  0.76 cur    5101.7 best    5100.3
it  130000 T   0.561 step  0.62 cur    5086.8 best    5086.8
it  140000 T   0.397 step  0.49 cur    5062.1 best    5062.0
it  150000 T   0.281 step  0.38 cur    5058.5 best    5058.5
it  160000 T   0.199 step  0.27 cur    5055.0 best    5055.0
it  170000 T   0.141 step  0.20 cur    5043.4 best    5043.2
it  180000 T   0.100 step  0.20 cur    5034.3 best    5034.3
it  190000 T   0.071 step  0.20 cur    5029.8 best    5029.8
final exact cost 5029.4 (tracked 5029.4)
