it       0 T  50.000 step  3.00 cur    5825.0 best    5825.0
it   10000 T  35.397 step  2.78 cur    5589.6 best    5390.2
it   20000 T  25.059 step  2.56 cur    5302.8 best    5283.6
it   30000 T  17.741 step  2.35 cur    5267.7 best    5235.8
it   40000 T  12.559 step  2.15 cur    5278.2 best    5235.8
it   50000 T   8.891 step  1.95 cur    5270.3 best    5235.8
it   60000 T   6.295 step  1.76 cur    5210.2 best    5188.8
it   70000 T   4.456 step  1.57 cur    5141.5 best    5133.6
it   80000 T   3.155 step  1.39 cur    5141.3 best    5131.3
it   90000 T   2.233 step  1.22 cur    5119.8 best    5114.4
it  100000 T   1.581 step  1.06 cur    5123.6 best    5114.4
it  110000 T   1.119 step  0.91 cur    5115.2 best    5114.4
it  120000 T   0.792 step  0.76 cur    5077.0 best    5075.4
it  130000 T   0.561 step  0.62 cur    5057.1 best    5057.1
it  140000 T   0.397 step  0.49 cur    5045.2 best    5045.2
it  150000 T   0.281 step  0.38 cur    5044.3 best    5043.4
it  160000 T   0.199 step  0.27 cur    5040.9 best    5040.8
it  170000 T   0.141 step  0.20 cur    5036.4 best    5036.4
it  180000 T   0.100 step  0.20 cur    5030.6 best    5030.6
it  190000 T   0.071 step  0.20 cur    5024.0 best    5024.0
final exact cost 5024.0 (tracked 5024.0)
