it       0 T  50.000 step  3.00 cur    5825.0 best    5825.0
it   10000 T  35.397 step  2.78 cur    5634.5 best    5496.4
it   20000 T  25.059 step  2.56 cur    5548.7 best    5355.1
it   30000 T  17.741 step  2.35 cur    5475.5 best    5355.1
it   40000 T  12.559 step  2.15 cur    5322.0 best    5269.9
it   50000 T   8.891 step  1.95 cur    5254.3 best    5228.1
it   60000 T   6.295 step  1.76 cur    5203.9 best    5203.9
it   70000 T   4.456 step  1.57 cur    5182.2 best    5171.1
it   80000 T   3.155 step  1.39 cur    5169.1 best    5155.5
it   90000 T   2.233 step  1.22 cur    5114.3 best    5110.6
it  100000 T   1.581 step  1.06 cur    5091.3 best    5091.3
it  110000 T   1.119 step  0.91 cur    5088.8 best    5088.0
it  120000 T   0.792 step  0.76 cur    5087.7 best    5086.9
it  130000 T   0.561 step  0.62 cur    5067.6 best    5067.6
it  140000 T   0.397 step  0.49 cur    5066.5 best    5065.7
it  150000 T   0.281 step  0.38 cur    5049.8 best    5049.3
it  160000 T   0.199 step  0.27 cur    5048.2 best    5048.0
it  170000 T   0.141 step  0.20 cur    5041.5 best    5041.5
it  180000 T   0.100 step  0.20 cur    5034.9 best    5034.9
it  190000 T   0.071 step  0.20 cur    5034.2 best    5034.2
final exact cost 5032.3 (tracked 5032.3)
