it       0 T  50.000 step  3.00 cur    5825.0 best    5825.0
it   10000 T  35.397 step  2.78 cur    5645.8 best    5414.9
it   20000 T  25.059 step  2.56 cur    5427.4 best    5406.2
it   30000 T  17.741 step  2.35 cur    5474.6 best    5386.5
it   40000 T  12.559 step  2.15 cur    5454.4 best    5385.4
it   50000 T   8.891 step  1.95 cur    5266.4 best    5262.9
it   60000 T   6.295 step  1.76 cur    5286.9 best    5246.3
it   70000 T   4.456 step  1.57 cur    5149.2 best    5146.0
it   80000 T   3.155 step  1.39 cur    5115.4 best    5115.1
it   90000 T   2.233 step  1.22 cur    5118.4 best    5114.7
it  100000 T   1.581 step  1.06 cur    5103.5 best    5102.7
it  110000 T   1.119 step  0.91 cur    5058.8 best    5056.9
it  120000 T   0.792 step  0.76 cur    5051.1 best    5049.0
it  130000 T   0.561 step  0.62 cur    5040.9 best    5040.8
it  140000 T   0.397 step  0.49 cur    5038.1 best    5038.1
it  150000 T   0.281 step  0.38 cur    5035.4 best    5035.4
it  160000 T   0.199 step  0.27 cur    5032.0 best    5031.9
it  170000 T   0.141 step  0.20 cur    5030.5 best    5030.5
it  180000 T   0.100 step  0.20 cur    5030.6 best    5030.4
it  190000 T   0.071 step  0.20 cur    5028.3 best    5028.3
final exact cost 5028.3 (tracked 5028.3)
