it       0 T  60.000 step  3.00 cur     767.5 best     767.5
it   12500 T  42.091 step  2.78 cur    1036.4 best     767.5
it   25000 T  29.528 step  2.56 cur    1099.6 best     767.5
it   37500 T  20.714 step  2.35 cur     985.0 best     767.5
it   50000 T  14.532 step  2.15 cur     844.9 best     767.5
it   62500 T  10.194 step  1.95 cur     805.4 best     767.5
it   75000 T   7.151 step  1.76 cur     794.0 best     767.5
it   87500 T   5.017 step  1.57 cur     801.3 best     767.5
it  100000 T   3.519 step  1.39 cur     800.3 best     767.5
it  112500 T   2.469 step  1.22 cur     795.1 best     767.5
it  125000 T   1.732 step  1.06 cur     777.6 best     767.5
it  137500 T   1.215 step  0.91 cur     778.8 best     767.5
it  150000 T   0.852 step  0.76 cur     775.3 best     767.5
it  162500 T   0.598 step  0.62 cur     775.4 best     767.5
it  175000 T   0.419 step  0.49 cur     773.8 best     767.5
it  187500 T   0.294 step  0.38 cur     774.5 best     767.5
it  200000 T   0.206 step  0.27 cur     768.5 best     767.5
it  212500 T   0.145 step  0.20 cur     767.1 best     767.1
it  225000 T   0.102 step  0.20 cur     767.2 best     767.0
it  237500 T   0.071 step  0.20 cur     767.3 best     767.0
final exact cost 767.0 (tracked 767.0)
