it       0 T 300.000 step  4.00 cur   23771.7 best   23771.7
it   20000 T 194.184 step  3.70 cur   19820.1 best   18964.5
it   40000 T 125.692 step  3.42 cur   17294.3 best   16697.0
it   60000 T  81.358 step  3.13 cur   13834.9 best   12966.4
it   80000 T  52.661 step  2.86 cur   12316.4 best   11990.0
it  100000 T  34.087 step  2.60 cur   10739.7 best   10613.5
it  120000 T  22.064 step  2.34 cur    9804.8 best    9659.7
it  140000 T  14.281 step  2.10 cur    9369.2 best    9325.7
it  160000 T   9.244 step  1.86 cur    9220.5 best    9212.6
it  180000 T   5.983 step  1.63 cur    8701.5 best    8695.6
it  200000 T   3.873 step  1.41 cur    8599.7 best    8578.9
it  220000 T   2.507 step  1.21 cur    8569.9 best    8549.3
it  240000 T   1.623 step  1.01 cur    8406.2 best    8406.2
it  260000 T   1.050 step  0.83 cur    8415.1 best    8401.2
it  280000 T   0.680 step  0.66 cur    8312.8 best    8312.8
it  300000 T   0.440 step  0.50 cur    8266.1 best    8265.2
it  320000 T   0.285 step  0.36 cur    8238.7 best    8238.7
it  340000 T   0.184 step  0.23 cur    8203.6 best    8203.2
it  360000 T   0.119 step  0.20 cur    8187.4 best    8187.2
it  380000 T   0.077 step  0.20 cur    8121.0 best    8121.0
final exact cost 8073.1 (tracked 8073.1)
