it       0 T 300.000 step  4.00 cur    6119.9 best    6119.9
it   20000 T 194.184 step  3.70 cur   11350.9 best    6119.9
it   40000 T 125.692 step  3.42 cur   10082.1 best    6119.9
it   60000 T  81.358 step  3.13 cur    8468.8 best    6119.9
it   80000 T  52.661 step  2.86 cur    7626.3 best    6119.9
it  100000 T  34.087 step  2.60 cur    7145.5 best    6119.9
it  120000 T  22.064 step  2.34 cur    6769.9 best    6119.9
it  140000 T  14.281 step  2.10 cur    6648.2 best    6119.9
it  160000 T   9.244 step  1.86 cur    6505.0 best    6119.9
it  180000 T   5.983 step  1.63 cur    6473.8 best    6119.9
it  200000 T   3.873 step  1.41 cur    6332.8 best    6119.9
it  220000 T   2.507 step  1.21 cur    6277.1 best    6119.9
it  240000 T   1.623 step  1.01 cur    6215.4 best    6119.9
it  260000 T   1.050 step  0.83 cur    6172.1 best    6119.9
it  280000 T   0.680 step  0.66 cur    6160.3 best    6119.9
it  300000 T   0.440 step  0.50 cur    6146.0 best    6119.9
it  320000 T   0.285 step  0.36 cur    6139.6 best    6119.9
it  340000 T   0.184 step  0.23 cur    6129.4 best    6119.9
it  360000 T   0.119 step  0.20 cur    6123.4 best    6119.9
it  380000 T   0.077 step  0.20 cur    6119.0 best    6119.0
final exact cost 6116.4 (tracked 6116.4)
