it       0 T 300.000 step  4.00 cur    5727.0 best    5727.0
it   20000 T 194.184 step  3.70 cur   15790.4 best    5727.0
it   40000 T 125.692 step  3.42 cur    9362.9 best    5727.0
it   60000 T  81.358 step  3.13 cur    8394.9 best    5727.0
it   80000 T  52.661 step  2.86 cur    6970.2 best    5727.0
it  100000 T  34.087 step  2.60 cur    6552.9 best    5727.0
it  120000 T  22.064 step  2.34 cur    5989.9 best    5727.0
it  140000 T  14.281 step  2.10 cur    5647.7 best    5543.0
it  160000 T   9.244 step  1.86 cur    5482.9 best    5461.3
it  180000 T   5.983 step  1.63 cur    5458.5 best    5435.1
it  200000 T   3.873 step  1.41 cur    5459.5 best    5375.3
it  220000 T   2.507 step  1.21 cur    5304.5 best    5301.7
it  240000 T   1.623 step  1.01 cur    5259.7 best    5259.7
it  260000 T   1.050 step  0.83 cur    5242.3 best    5241.5
it  280000 T   0.680 step  0.66 cur    5232.8 best    5232.8
it  300000 T   0.440 step  0.50 cur    5219.5 best    5218.9
it  320000 T   0.285 step  0.36 cur    5208.6 best    5208.6
it  340000 T   0.184 step  0.23 cur    5197.9 best    5197.7
it  360000 T   0.119 step  0.20 cur    5194.7 best    5194.5
it  380000 T   0.077 step  0.20 cur    5191.9 best    5191.7
final exact cost 5191.1 (tracked 5191.1)
