it       0 T 300.000 step  4.00 cur    6119.9 best    6119.9
it   20000 T 194.184 step  3.70 cur   11660.1 best    6119.9
it   40000 T 125.692 step  3.42 cur   10081.6 best    6119.9
it   60000 T  81.358 step  3.13 cur    7403.0 best    6119.9
it   80000 T  52.661 step  2.86 cur    6797.4 best    6119.9
it  100000 T  34.087 step  2.60 cur    6202.0 best    5955.2
it  120000 T  22.064 step  2.34 cur    5810.7 best    5764.3
it  140000 T  14.281 step  2.10 cur    5689.6 best    5657.6
it  160000 T   9.244 step  1.86 cur    5639.0 best    5554.4
it  180000 T   5.983 step  1.63 cur    5454.9 best    5415.3
it  200000 T   3.873 step  1.41 cur    5415.3 best    5395.6
it  220000 T   2.507 step  1.21 cur    5400.2 best    5392.3
it  240000 T   1.623 step  1.01 cur    5334.1 best    5334.1
it  260000 T   1.050 step  0.83 cur    5307.1 best    5305.9
it  280000 T   0.680 step  0.66 cur    5283.2 best    5282.2
it  300000 T   0.440 step  0.50 cur    5261.7 best    5261.0
it  320000 T   0.285 step  0.36 cur    5242.4 best    5241.8
it  340000 T   0.184 step  0.23 cur    5228.5 best    5228.5
it  360000 T   0.119 step  0.20 cur    5226.1 best    5225.7
it  380000 T   0.077 step  0.20 cur    5222.5 best    5222.5
final exact cost 5220.0 (tracked 5220.0)
