it       0 T 300.000 step  4.00 cur   23771.7 best   23771.7
it   20000 T 194.184 step  3.70 cur   19712.2 best   17556.8
it   40000 T 125.692 step  3.42 cur   16433.3 best   15733.3
it   60000 T  81.358 step  3.13 cur   14026.0 best   13827.2
it   80000 T  52.661 step  2.86 cur   11821.5 best   11784.4
it  100000 T  34.087 step  2.60 cur   10571.7 best   10571.7
it  120000 T  22.064 step  2.34 cur    9966.2 best    9894.3
it  140000 T  14.281 step  2.10 cur    9391.4 best    9280.7
it  160000 T   9.244 step  1.86 cur    9038.8 best    9023.2
it  180000 T   5.983 step  1.63 cur    8899.4 best    8898.4
it  200000 T   3.873 step  1.41 cur    8566.6 best    8554.1
it  220000 T   2.507 step  1.21 cur    8561.9 best    8539.6
it  240000 T   1.623 step  1.01 cur    8476.7 best    8476.0
it  260000 T   1.050 step  0.83 cur    8411.6 best    8411.6
it  280000 T   0.680 step  0.66 cur    8264.9 best    8262.9
it  300000 T   0.440 step  0.50 cur    8103.4 best    8103.4
it  320000 T   0.285 step  0.36 cur    8082.9 best    8081.8
it  340000 T   0.184 step  0.23 cur    8041.6 best    8041.6
it  360000 T   0.119 step  0.20 cur    8022.4 best    8022.3
it  380000 T   0.077 step  0.20 cur    7997.9 best    7997.9
final exact cost 7989.2 (tracked 7989.2)
