it       0 T 300.000 step  4.00 cur    6800.0 best    6800.0
it   20000 T 194.184 step  3.70 cur   12237.4 best    6800.0
it   40000 T 125.692 step  3.42 cur   11984.4 best    6800.0
it   60000 T  81.358 step  3.13 cur    9111.6 best    6800.0
it   80000 T  52.661 step  2.86 cur    8124.1 best    6800.0
it  100000 T  34.087 step  2.60 cur    7755.9 best    6800.0
it  120000 T  22.064 step  2.34 cur    7714.7 best    6800.0
it  140000 T  14.281 step  2.10 cur    7354.8 best    6800.0
it  160000 T   9.244 step  1.86 cur    7174.3 best    6800.0
it  180000 T   5.983 step  1.63 cur    7113.8 best    6800.0
it  200000 T   3.873 step  1.41 cur    6974.0 best    6800.0
it  220000 T   2.507 step  1.21 cur    6874.7 best    6800.0
it  240000 T   1.623 step  1.01 cur    6852.2 best    6800.0
it  260000 T   1.050 step  0.83 cur    6838.1 best    6800.0
it  280000 T   0.680 step  0.66 cur    6820.0 best    6800.0
it  300000 T   0.440 step  0.50 cur    6814.8 best    6800.0
it  320000 T   0.285 step  0.36 cur    6793.2 best    6792.5
it  340000 T   0.184 step  0.23 cur    6785.8 best    6784.4
it  360000 T   0.119 step  0.20 cur    6781.5 best    6781.0
it  380000 T   0.077 step  0.20 cur    6778.1 best    6778.0
final exact cost 6775.6 (tracked 6775.6)
