it       0 T 300.000 step  4.00 cur    6800.0 best    6800.0
it   20000 T 194.184 step  3.70 cur   14401.0 best    6800.0
it   40000 T 125.692 step  3.42 cur   11350.2 best    6800.0
it   60000 T  81.358 step  3.13 cur    8370.5 best    6800.0
it   80000 T  52.661 step  2.86 cur    7857.6 best    6800.0
it  100000 T  34.087 step  2.60 cur    7152.5 best    6800.0
it  120000 T  22.064 step  2.34 cur    6166.8 best    6090.4
it  140000 T  14.281 step  2.10 cur    5976.2 best    5956.7
it  160000 T   9.244 step  1.86 cur    5701.6 best    5699.8
it  180000 T   5.983 step  1.63 cur    5672.9 best    5634.3
it  200000 T   3.873 step  1.41 cur    5583.0 best    5582.0
it  220000 T   2.507 step  1.21 cur    5489.3 best    5479.3
it  240000 T   1.623 step  1.01 cur    5453.9 best    5449.7
it  260000 T   1.050 step  0.83 cur    5434.6 best    5434.6
it  280000 T   0.680 step  0.66 cur    5424.4 best    5423.4
it  300000 T   0.440 step  0.50 cur    5413.7 best    5413.7
it  320000 T   0.285 step  0.36 cur    5408.6 best    5408.6
it  340000 T   0.184 step  0.23 cur    5402.8 best    5402.8
it  360000 T   0.119 step  0.20 cur    5397.7 best    5397.7
it  380000 T   0.077 step  0.20 cur    5395.2 best    5395.1
final exact cost 5391.5 (tracked 5391.5)
