it       0 T 300.000 step  4.00 cur    5727.0 best    5727.0
it   20000 T 194.184 step  3.70 cur    9408.8 best    5727.0
it   40000 T 125.692 step  3.42 cur    9381.2 best    5727.0
it   60000 T  81.358 step  3.13 cur    7120.1 best    5727.0
it   80000 T  52.661 step  2.86 cur    6470.9 best    5727.0
it  100000 T  34.087 step  2.60 cur    6204.0 best    5727.0
it  120000 T  22.064 step  2.34 cur    5286.1 best    5247.9
it  140000 T  14.281 step  2.10 cur    5010.6 best    4947.4
it  160000 T   9.244 step  1.86 cur    4811.5 best    4765.2
it  180000 T   5.983 step  1.63 cur    4711.8 best    4685.6
it  200000 T   3.873 step  1.41 cur    4659.6 best    4626.4
it  220000 T   2.507 step  1.21 cur    4607.2 best    4602.0
it  240000 T   1.623 step  1.01 cur    4576.0 best    4570.3
it  260000 T   1.050 step  0.83 cur    4557.6 best    4556.3
it  280000 T   0.680 step  0.66 cur    4552.0 best    4547.3
it  300000 T   0.440 step  0.50 cur    4531.1 best    4529.9
it  320000 T   0.285 step  0.36 cur    4530.9 best    4529.3
it  340000 T   0.184 step  0.23 cur    4515.8 best    4515.8
it  360000 T   0.119 step  0.20 cur    4503.9 best    4503.8
it  380000 T   0.077 step  0.20 cur    4502.6 best    4502.5
final exact cost 4500.7 (tracked 4500.7)
