it       0 T 300.000 step  4.00 cur   23771.7 best   23771.7
it   20000 T 194.184 step  3.70 cur   16536.2 best   15020.6
it   40000 T 125.692 step  3.42 cur   12934.6 best   11537.9
it   60000 T  81.358 step  3.13 cur    9699.6 best    9195.6
it   80000 T  52.661 step  2.86 cur    9261.4 best    8911.6
it  100000 T  34.087 step  2.60 cur    8732.4 best    8670.3
it  120000 T  22.064 step  2.34 cur    8115.4 best    8012.7
it  140000 T  14.281 step  2.10 cur    7048.5 best    7048.5
it  160000 T   9.244 step  1.86 cur    6572.4 best    6506.1
it  180000 T   5.983 step  1.63 cur    6481.4 best    6449.6
it  200000 T   3.873 step  1.41 cur    6326.9 best    6319.3
it  220000 T   2.507 step  1.21 cur    6252.6 best    6252.6
it  240000 T   1.623 step  1.01 cur    6226.7 best    6216.3
it  260000 T   1.050 step  0.83 cur    6180.1 best    6174.6
it  280000 T   0.680 step  0.66 cur    6156.5 best    6156.2
it  300000 T   0.440 step  0.50 cur    6116.9 best    6113.0
it  320000 T   0.285 step  0.36 cur    6065.2 best    6064.4
it  340000 T   0.184 step  0.23 cur    6057.4 best    6057.4
it  360000 T   0.119 step  0.20 cur    6049.6 best    6049.6
it  380000 T   0.077 step  0.20 cur    6043.2 best    6043.2
final exact cost 6040.7 (tracked 6040.7)
