it       0 T 300.000 step  4.00 cur    6800.0 best    6800.0
it   20000 T 194.184 step  3.70 cur   14121.6 best    6800.0
it   40000 T 125.692 step  3.42 cur   10113.9 best    6800.0
it   60000 T  81.358 step  3.13 cur    8222.7 best    6800.0
it   80000 T  52.661 step  2.86 cur    7803.5 best    6800.0
it  100000 T  34.087 step  2.60 cur    7579.9 best    6800.0
it  120000 T  22.064 step  2.34 cur    7086.9 best    6800.0
it  140000 T  14.281 step  2.10 cur    6718.3 best    6718.3
it  160000 T   9.244 step  1.86 cur    6669.1 best    6643.4
it  180000 T   5.983 step  1.63 cur    6622.6 best    6591.1
it  200000 T   3.873 step  1.41 cur    6526.5 best    6494.0
it  220000 T   2.507 step  1.21 cur    6475.8 best    6467.3
it  240000 T   1.623 step  1.01 cur    6452.8 best    6449.5
it  260000 T   1.050 step  0.83 cur    6417.5 best    6414.6
it  280000 T   0.680 step  0.66 cur    6406.1 best    6401.7
it  300000 T   0.440 step  0.50 cur    6389.8 best    6387.8
it  320000 T   0.285 step  0.36 cur    6375.0 best    6374.7
it  340000 T   0.184 step  0.23 cur    6369.9 best    6369.2
it  360000 T   0.119 step  0.20 cur    6365.5 best    6365.1
it  380000 T   0.077 step  0.20 cur    6362.4 best    6362.2
final exact cost 6360.5 (tracked 6360.5)
