it       0 T 300.000 step  4.00 cur   23771.7 best   23771.7
it   20000 T 194.184 step  3.70 cur   21973.2 best   20499.5
it   40000 T 125.692 step  3.42 cur   19001.5 best   18701.2
it   60000 T  81.358 step  3.13 cur   14968.4 best   14424.3
it   80000 T  52.661 step  2.86 cur   13796.3 best   13558.6
it  100000 T  34.087 step  2.60 cur   12162.4 best   12162.4
it  120000 T  22.064 step  2.34 cur   10473.3 best   10420.3
it  140000 T  14.281 step  2.10 cur    8470.0 best    8391.6
it  160000 T   9.244 step  1.86 cur    7860.4 best    7825.8
it  180000 T   5.983 step  1.63 cur    7488.3 best    7482.1
it  200000 T   3.873 step  1.41 cur    7360.7 best    7355.5
it  220000 T   2.507 step  1.21 cur    7305.1 best    7299.8
it  240000 T   1.623 step  1.01 cur    7286.8 best    7286.4
it  260000 T   1.050 step  0.83 cur    7196.8 best    7196.7
it  280000 T   0.680 step  0.66 cur    7128.6 best    7127.0
it  300000 T   0.440 step  0.50 cur    7119.2 best    7118.9
it  320000 T   0.285 step  0.36 cur    7105.0 best    7104.3
it  340000 T   0.184 step  0.23 cur    7067.9 best    7067.7
it  360000 T   0.119 step  0.20 cur    7046.2 best    7046.2
it  380000 T   0.077 step  0.20 cur    7032.8 best    7032.8
final exact cost 7017.0 (tracked 7017.0)
