it       0 T 300.000 step  4.00 cur    5727.0 best    5727.0
it   20000 T 194.184 step  3.70 cur   12076.4 best    5727.0
it   40000 T 125.692 step  3.42 cur    9020.4 best    5727.0
it   60000 T  81.358 step  3.13 cur    7772.9 best    5727.0
it   80000 T  52.661 step  2.86 cur    6836.6 best    5727.0
it  100000 T  34.087 step  2.60 cur    5985.1 best    5727.0
it  120000 T  22.064 step  2.34 cur    6034.5 best    5727.0
it  140000 T  14.281 step  2.10 cur    5566.8 best    5521.2
it  160000 T   9.244 step  1.86 cur    5400.2 best    5372.1
it  180000 T   5.983 step  1.63 cur    5142.7 best    5128.3
it  200000 T   3.873 step  1.41 cur    5110.3 best    5101.3
it  220000 T   2.507 step  1.21 cur    5058.1 best    5050.9
it  240000 T   1.623 step  1.01 cur    5028.1 best    5026.3
it  260000 T   1.050 step  0.83 cur    5000.8 best    4996.2
it  280000 T   0.680 step  0.66 cur    4973.7 best    4973.7
it  300000 T   0.440 step  0.50 cur    4955.8 best    4955.3
it  320000 T   0.285 step  0.36 cur    4946.8 best    4946.2
it  340000 T   0.184 step  0.23 cur    4933.5 best    4933.2
it  360000 T   0.119 step  0.20 cur    4932.3 best    4932.1
it  380000 T   0.077 step  0.20 cur    4930.1 best    4930.0
final exact cost 4929.1 (tracked 4929.1)
