it       0 T 300.000 step  4.00 cur    6800.0 best    6800.0
it   20000 T 194.184 step  3.70 cur   14129.1 best    6800.0
it   40000 T 125.692 step  3.42 cur   10000.3 best    6800.0
it   60000 T  81.358 step  3.13 cur    9206.0 best    6800.0
it   80000 T  52.661 step  2.86 cur    8105.9 best    6800.0
it  100000 T  34.087 step  2.60 cur    7246.2 best    6800.0
it  120000 T  22.064 step  2.34 cur    6879.9 best    6677.7
it  140000 T  14.281 step  2.10 cur    6483.9 best    6432.9
it  160000 T   9.244 step  1.86 cur    6358.8 best    6269.5
it  180000 T   5.983 step  1.63 cur    6200.9 best    6186.8
it  200000 T   3.873 step  1.41 cur    6114.8 best    6114.8
it  220000 T   2.507 step  1.21 cur    6069.4 best    6069.4
it  240000 T   1.623 step  1.01 cur    6060.6 best    6056.9
it  260000 T   1.050 step  0.83 cur    6062.5 best    6053.1
it  280000 T   0.680 step  0.66 cur    6038.7 best    6033.6
it  300000 T   0.440 step  0.50 cur    6020.6 best    6019.9
it  320000 T   0.285 step  0.36 cur    6007.9 best    6006.9
it  340000 T   0.184 step  0.23 cur    6000.6 best    5998.8
it  360000 T   0.119 step  0.20 cur    5996.5 best    5996.5
it  380000 T   0.077 step  0.20 cur    5995.7 best    5995.6
final exact cost 5993.9 (tracked 5993.9)
