it       0 T 300.000 step  4.00 cur    5727.0 best    5727.0
it   20000 T 194.184 step  3.70 cur   12394.1 best    5727.0
it   40000 T 125.692 step  3.42 cur    9477.3 best    5727.0
it   60000 T  81.358 step  3.13 cur    8012.6 best    5727.0
it   80000 T  52.661 step  2.86 cur    6373.1 best    5645.7
it  100000 T  34.087 step  2.60 cur    5420.6 best    5327.4
it  120000 T  22.064 step  2.34 cur    5478.5 best    5250.2
it  140000 T  14.281 step  2.10 cur    5021.4 best    4993.8
it  160000 T   9.244 step  1.86 cur    4882.7 best    4836.9
it  180000 T   5.983 step  1.63 cur    4738.7 best    4731.5
it  200000 T   3.873 step  1.41 cur    4683.4 best    4657.6
it  220000 T   2.507 step  1.21 cur    4647.1 best    4630.7
it  240000 T   1.623 step  1.01 cur    4606.5 best    4604.2
it  260000 T   1.050 step  0.83 cur    4593.1 best    4586.2
it  280000 T   0.680 step  0.66 cur    4573.5 best    4573.5
it  300000 T   0.440 step  0.50 cur    4564.5 best    4563.9
it  320000 T   0.285 step  0.36 cur    4549.9 best    4549.8
it  340000 T   0.184 step  0.23 cur    4545.3 best    4545.3
it  360000 T   0.119 step  0.20 cur    4540.4 best    4540.3
it  380000 T   0.077 step  0.20 cur    4537.1 best    4537.1
final exact cost 4536.0 (tracked 4536.0)
