it       0 T 300.000 step  4.00 cur    6119.9 best    6119.9
it   20000 T 194.184 step  3.70 cur   10142.1 best    6119.9
it   40000 T 125.692 step  3.42 cur    9592.6 best    6119.9
it   60000 T  81.358 step  3.13 cur    7954.5 best    6119.9
it   80000 T  52.661 step  2.86 cur    7020.2 best    6119.9
it  100000 T  34.087 step  2.60 cur    6336.2 best    6085.2
it  120000 T  22.064 step  2.34 cur    5993.4 best    5836.9
it  140000 T  14.281 step  2.10 cur    5762.1 best    5749.8
it  160000 T   9.244 step  1.86 cur    5673.0 best    5653.4
it  180000 T   5.983 step  1.63 cur    5627.4 best    5622.1
it  200000 T   3.873 step  1.41 cur    5564.7 best    5554.7
it  220000 T   2.507 step  1.21 cur    5486.3 best    5486.3
it  240000 T   1.623 step  1.01 cur    5438.6 best    5435.0
it  260000 T   1.050 step  0.83 cur    5402.8 best    5400.0
it  280000 T   0.680 step  0.66 cur    5388.4 best    5388.4
it  300000 T   0.440 step  0.50 cur    5371.0 best    5371.0
it  320000 T   0.285 step  0.36 cur    5361.0 best    5361.0
it  340000 T   0.184 step  0.23 cur    5347.2 best    5346.9
it  360000 T   0.119 step  0.20 cur    5342.0 best    5342.0
it  380000 T   0.077 step  0.20 cur    5335.9 best    5335.9
final exact cost 5333.3 (tracked 5333.3)
