it       0 T 300.000 step  4.00 cur    5727.0 best    5727.0
it   20000 T 194.184 step  3.70 cur   13042.3 best    5727.0
it   40000 T 125.692 step  3.42 cur   10488.6 best    5727.0
it   60000 T  81.358 step  3.13 cur    7897.9 best    5727.0
it   80000 T  52.661 step  2.86 cur    6734.9 best    5727.0
it  100000 T  34.087 step  2.60 cur    6148.9 best    5727.0
it  120000 T  22.064 step  2.34 cur    5584.3 best    5507.9
it  140000 T  14.281 step  2.10 cur    5107.8 best    5065.5
it  160000 T   9.244 step  1.86 cur    4936.6 best    4866.3
it  180000 T   5.983 step  1.63 cur    4805.5 best    4803.6
it  200000 T   3.873 step  1.41 cur    4725.7 best    4712.5
it  220000 T   2.507 step  1.21 cur    4683.2 best    4668.3
it  240000 T   1.623 step  1.01 cur    4623.7 best    4620.7
it  260000 T   1.050 step  0.83 cur    4614.7 best    4610.3
it  280000 T   0.680 step  0.66 cur    4595.3 best    4595.3
it  300000 T   0.440 step  0.50 cur    4578.0 best    4575.4
it  320000 T   0.285 step  0.36 cur    4565.4 best    4565.1
it  340000 T   0.184 step  0.23 cur    4553.3 best    4553.3
it  360000 T   0.119 step  0.20 cur    4550.8 best    4550.5
it  380000 T   0.077 step  0.20 cur    4548.0 best    4548.0
final exact cost 4546.6 (tracked 4546.6)
