it       0 T 300.000 step  4.00 cur    6800.0 best    6800.0
it   20000 T 194.184 step  3.70 cur   12237.2 best    6800.0
it   40000 T 125.692 step  3.42 cur   10479.1 best    6800.0
it   60000 T  81.358 step  3.13 cur    9118.7 best    6800.0
it   80000 T  52.661 step  2.86 cur    7883.3 best    6800.0
it  100000 T  34.087 step  2.60 cur    8102.1 best    6800.0
it  120000 T  22.064 step  2.34 cur    7168.1 best    6800.0
it  140000 T  14.281 step  2.10 cur    6920.0 best    6800.0
it  160000 T   9.244 step  1.86 cur    6878.2 best    6792.3
it  180000 T   5.983 step  1.63 cur    6324.3 best    6316.6
it  200000 T   3.873 step  1.41 cur    6297.1 best    6271.7
it  220000 T   2.507 step  1.21 cur    6268.0 best    6260.2
it  240000 T   1.623 step  1.01 cur    6256.5 best    6249.2
it  260000 T   1.050 step  0.83 cur    6227.9 best    6227.2
it  280000 T   0.680 step  0.66 cur    6220.2 best    6215.7
it  300000 T   0.440 step  0.50 cur    6208.1 best    6207.4
it  320000 T   0.285 step  0.36 cur    6194.1 best    6194.0
it  340000 T   0.184 step  0.23 cur    6186.8 best    6186.3
it  360000 T   0.119 step  0.20 cur    6180.5 best    6180.5
it  380000 T   0.077 step  0.20 cur    6178.9 best    6178.9
final exact cost 6176.1 (tracked 6176.1)
