it       0 T 300.000 step  4.00 cur    6119.9 best    6119.9
it   20000 T 194.184 step  3.70 cur   12674.2 best    6119.9
it   40000 T 125.692 step  3.42 cur    9114.9 best    6119.9
it   60000 T  81.358 step  3.13 cur    7684.3 best    6119.9
it   80000 T  52.661 step  2.86 cur    6478.4 best    6119.9
it  100000 T  34.087 step  2.60 cur    5920.1 best    5660.9
it  120000 T  22.064 step  2.34 cur    5313.1 best    5313.1
it  140000 T  14.281 step  2.10 cur    5378.4 best    5313.1
it  160000 T   9.244 step  1.86 cur    5190.1 best    5144.0
it  180000 T   5.983 step  1.63 cur    5039.8 best    5004.9
it  200000 T   3.873 step  1.41 cur    4984.2 best    4970.7
it  220000 T   2.507 step  1.21 cur    4873.5 best    4873.0
it  240000 T   1.623 step  1.01 cur    4858.0 best    4846.0
it  260000 T   1.050 step  0.83 cur    4822.2 best    4822.1
it  280000 T   0.680 step  0.66 cur    4801.8 best    4800.0
it  300000 T   0.440 step  0.50 cur    4790.0 best    4786.7
it  320000 T   0.285 step  0.36 cur    4775.0 best    4774.5
it  340000 T   0.184 step  0.23 cur    4770.2 best    4769.7
it  360000 T   0.119 step  0.20 cur    4762.1 best    4762.1
it  380000 T   0.077 step  0.20 cur    4758.5 best    4758.2
final exact cost 4757.5 (tracked 4757.5)
