it       0 T 300.000 step  4.00 cur   23771.7 best   23771.7
it   20000 T 194.184 step  3.70 cur   16717.8 best   16717.8
it   40000 T 125.692 step  3.42 cur   13688.1 best   12892.6
it   60000 T  81.358 step  3.13 cur   12960.8 best   11958.0
it   80000 T  52.661 step  2.86 cur   10984.8 best   10900.8
it  100000 T  34.087 step  2.60 cur    9739.2 best    9519.9
it  120000 T  22.064 step  2.34 cur    9678.9 best    9336.7
it  140000 T  14.281 step  2.10 cur    8990.7 best    8941.4
it  160000 T   9.244 step  1.86 cur    8830.4 best    8778.1
it  180000 T   5.983 step  1.63 cur    8652.1 best    8631.4
it  200000 T   3.873 step  1.41 cur    8600.5 best    8568.5
it  220000 T   2.507 step  1.21 cur    8500.1 best    8500.1
it  240000 T   1.623 step  1.01 cur    8450.6 best    8449.8
it  260000 T   1.050 step  0.83 cur    8438.5 best    8438.0
it  280000 T   0.680 step  0.66 cur    8409.1 best    8406.5
it  300000 T   0.440 step  0.50 cur    8397.7 best    8397.0
it  320000 T   0.285 step  0.36 cur    8377.1 best    8377.1
it  340000 T   0.184 step  0.23 cur    8367.2 best    8367.2
it  360000 T   0.119 step  0.20 cur    8361.8 best    8361.7
it  380000 T   0.077 step  0.20 cur    8352.0 best    8352.0
final exact cost 8348.1 (tracked 8348.1)
