it       0 T 300.000 step  4.00 cur    6800.0 best    6800.0
it   20000 T 194.184 step  3.70 cur   12881.3 best    6800.0
it   40000 T 125.692 step  3.42 cur    9409.5 best    6800.0
it   60000 T  81.358 step  3.13 cur    9193.9 best    6800.0
it   80000 T  52.661 step  2.86 cur    8532.0 best    6800.0
it  100000 T  34.087 step  2.60 cur    7463.0 best    6800.0
it  120000 T  22.064 step  2.34 cur    6979.3 best    6800.0
it  140000 T  14.281 step  2.10 cur    6861.1 best    6763.5
it  160000 T   9.244 step  1.86 cur    6755.1 best    6730.3
it  180000 T   5.983 step  1.63 cur    6440.2 best    6439.1
it  200000 T   3.873 step  1.41 cur    6244.4 best    6226.1
it  220000 T   2.507 step  1.21 cur    6163.8 best    6153.4
it  240000 T   1.623 step  1.01 cur    6131.6 best    6125.5
it  260000 T   1.050 step  0.83 cur    6098.7 best    6095.6
it  280000 T   0.680 step  0.66 cur    6073.5 best    6068.8
it  300000 T   0.440 step  0.50 cur    6053.4 best    6052.9
it  320000 T   0.285 step  0.36 cur    6036.7 best    6036.0
it  340000 T   0.184 step  0.23 cur    6020.2 best    6019.8
it  360000 T   0.119 step  0.20 cur    6006.5 best    6006.5
it  380000 T   0.077 step  0.20 cur    5991.9 best    5991.9
final exact cost 5954.7 (tracked 5954.7)
