it       0 T 300.000 step  4.00 cur    5727.0 best    5727.0
it   20000 T 194.184 step  3.70 cur   12453.5 best    5727.0
it   40000 T 125.692 step  3.42 cur   10395.1 best    5727.0
it   60000 T  81.358 step  3.13 cur    9007.6 best    5727.0
it   80000 T  52.661 step  2.86 cur    7659.2 best    5727.0
it  100000 T  34.087 step  2.60 cur    6759.7 best    5727.0
it  120000 T  22.064 step  2.34 cur    6503.4 best    5727.0
it  140000 T  14.281 step  2.10 cur    6305.2 best    5727.0
it  160000 T   9.244 step  1.86 cur    5958.4 best    5727.0
it  180000 T   5.983 step  1.63 cur    5890.0 best    5727.0
it  200000 T   3.873 step  1.41 cur    5838.5 best    5727.0
it  220000 T   2.507 step  1.21 cur    5767.1 best    5727.0
it  240000 T   1.623 step  1.01 cur    5731.9 best    5727.0
it  260000 T   1.050 step  0.83 cur    5663.3 best    5663.3
it  280000 T   0.680 step  0.66 cur    5642.7 best    5641.7
it  300000 T   0.440 step  0.50 cur    5614.3 best    5614.2
it  320000 T   0.285 step  0.36 cur    5592.4 best    5592.4
it  340000 T   0.184 step  0.23 cur    5587.1 best    5587.1
it  360000 T   0.119 step  0.20 cur    5584.6 best    5584.4
it  380000 T   0.077 step  0.20 cur    5577.9 best    5577.9
final exact cost 5572.6 (tracked 5572.6)
