it       0 T 300.000 step  4.00 cur    6119.9 best    6119.9
it   20000 T 194.184 step  3.70 cur   13403.8 best    6119.9
it   40000 T 125.692 step  3.42 cur   11982.4 best    6119.9
it   60000 T  81.358 step  3.13 cur    9059.3 best    6119.9
it   80000 T  52.661 step  2.86 cur    8515.1 best    6119.9
it  100000 T  34.087 step  2.60 cur    7580.2 best    6119.9
it  120000 T  22.064 step  2.34 cur    7476.7 best    6119.9
it  140000 T  14.281 step  2.10 cur    7082.6 best    6119.9
it  160000 T   9.244 step  1.86 cur    7004.4 best    6119.9
it  180000 T   5.983 step  1.63 cur    6886.2 best    6119.9
it  200000 T   3.873 step  1.41 cur    6729.3 best    6119.9
it  220000 T   2.507 step  1.21 cur    6734.1 best    6119.9
it  240000 T   1.623 step  1.01 cur    6728.2 best    6119.9
it  260000 T   1.050 step  0.83 cur    6693.5 best    6119.9
it  280000 T   0.680 step  0.66 cur    6672.7 best    6119.9
it  300000 T   0.440 step  0.50 cur    6654.0 best    6119.9
it  320000 T   0.285 step  0.36 cur    6644.8 best    6119.9
it  340000 T   0.184 step  0.23 cur    6636.6 best    6119.9
it  360000 T   0.119 step  0.20 cur    6628.8 best    6119.9
it  380000 T   0.077 step  0.20 cur    6623.0 best    6119.9
final exact cost 6119.9 (tracked 6119.9)
