it       0 T 300.000 step  4.00 cur    5727.0 best    5727.0
it   20000 T 194.184 step  3.70 cur   10134.3 best    5727.0
it   40000 T 125.692 step  3.42 cur    8021.4 best    5727.0
it   60000 T  81.358 step  3.13 cur    6999.6 best    5727.0
it   80000 T  52.661 step  2.86 cur    5945.0 best    5170.0
it  100000 T  34.087 step  2.60 cur    4946.1 best    4717.2
it  120000 T  22.064 step  2.34 cur    4357.2 best    4357.2
it  140000 T  14.281 step  2.10 cur    4198.4 best    4188.9
it  160000 T   9.244 step  1.86 cur    4140.6 best    4075.8
it  180000 T   5.983 step  1.63 cur    3956.0 best    3951.1
it  200000 T   3.873 step  1.41 cur    3966.5 best    3945.4
it  220000 T   2.507 step  1.21 cur    3899.3 best    3898.1
it  240000 T   1.623 step  1.01 cur    3899.8 best    3891.3
it  260000 T   1.050 step  0.83 cur    3860.7 best    3860.7
it  280000 T   0.680 step  0.66 cur    3847.5 best    3846.4
it  300000 T   0.440 step  0.50 cur    3832.2 best    3831.9
it  320000 T   0.285 step  0.36 cur    3811.0 best    3811.0
it  340000 T   0.184 step  0.23 cur    3809.2 best    3808.7
it  360000 T   0.119 step  0.20 cur    3803.3 best    3802.9
it  380000 T   0.077 step  0.20 cur    3799.9 best    3799.7
final exact cost 3799.7 (tracked 3799.7)
