it       0 T 300.000 step  4.00 cur    5727.0 best    5727.0
it   20000 T 194.184 step  3.70 cur   11009.9 best    5727.0
it   40000 T 125.692 step  3.42 cur   11889.4 best    5727.0
it   60000 T  81.358 step  3.13 cur    8506.5 best    5727.0
it   80000 T  52.661 step  2.86 cur    7628.7 best    5727.0
it  100000 T  34.087 step  2.60 cur    6547.8 best    5727.0
it  120000 T  22.064 step  2.34 cur    6298.8 best    5727.0
it  140000 T  14.281 step  2.10 cur    6119.1 best    5727.0
it  160000 T   9.244 step  1.86 cur    5296.1 best    5239.8
it  180000 T   5.983 step  1.63 cur    4959.4 best    4945.7
it  200000 T   3.873 step  1.41 cur    4915.1 best    4896.8
it  220000 T   2.507 step  1.21 cur    4880.7 best    4861.8
it  240000 T   1.623 step  1.01 cur    4827.3 best    4819.5
it  260000 T   1.050 step  0.83 cur    4794.1 best    4785.9
it  280000 T   0.680 step  0.66 cur    4774.4 best    4768.3
it  300000 T   0.440 step  0.50 cur    4741.2 best    4741.0
it  320000 T   0.285 step  0.36 cur    4707.1 best    4706.4
it  340000 T   0.184 step  0.23 cur    4690.8 best    4690.8
it  360000 T   0.119 step  0.20 cur    4685.3 best    4685.2
it  380000 T   0.077 step  0.20 cur    4679.8 best    4679.7
final exact cost 4678.7 (tracked 4678.7)
