it       0 T 300.000 step  4.00 cur    5727.0 best    5727.0
it   20000 T 194.184 step  3.70 cur   12378.6 best    5727.0
it   40000 T 125.692 step  3.42 cur   10651.5 best    5727.0
it   60000 T  81.358 step  3.13 cur    8378.9 best    5727.0
it   80000 T  52.661 step  2.86 cur    7519.9 best    5727.0
it  100000 T  34.087 step  2.60 cur    7024.1 best    5727.0
it  120000 T  22.064 step  2.34 cur    6350.0 best    5727.0
it  140000 T  14.281 step  2.10 cur    6114.8 best    5727.0
it  160000 T   9.244 step  1.86 cur    5928.0 best    5727.0
it  180000 T   5.983 step  1.63 cur    5668.2 best    5617.8
it  200000 T   3.873 step  1.41 cur    5527.8 best    5518.5
it  220000 T   2.507 step  1.21 cur    5464.6 best    5461.0
it  240000 T   1.623 step  1.01 cur    5441.6 best    5441.6
it  260000 T   1.050 step  0.83 cur    5434.2 best    5430.1
it  280000 T   0.680 step  0.66 cur    5405.3 best    5401.8
it  300000 T   0.440 step  0.50 cur    5357.2 best    5357.0
it  320000 T   0.285 step  0.36 cur    5342.5 best    5341.7
it  340000 T   0.184 step  0.23 cur    5335.2 best    5335.1
it  360000 T   0.119 step  0.20 cur    5322.9 best    5322.9
it  380000 T   0.077 step  0.20 cur    5318.3 best    5318.3
final exact cost 5316.7 (tracked 5316.7)
