it       0 T 300.000 step  4.00 cur    6800.0 best    6800.0
it   20000 T 194.184 step  3.70 cur   12058.5 best    6800.0
it   40000 T 125.692 step  3.42 cur    9394.3 best    6800.0
it   60000 T  81.358 step  3.13 cur    8806.4 best    6800.0
it   80000 T  52.661 step  2.86 cur    7998.9 best    6800.0
it  100000 T  34.087 step  2.60 cur    7735.0 best    6800.0
it  120000 T  22.064 step  2.34 cur    6786.4 best    6728.6
it  140000 T  14.281 step  2.10 cur    6750.1 best    6626.8
it  160000 T   9.244 step  1.86 cur    6420.3 best    6409.8
it  180000 T   5.983 step  1.63 cur    6165.8 best    6160.0
it  200000 T   3.873 step  1.41 cur    5778.2 best    5767.6
it  220000 T   2.507 step  1.21 cur    5712.7 best    5694.7
it  240000 T   1.623 step  1.01 cur    5627.9 best    5620.7
it  260000 T   1.050 step  0.83 cur    5585.7 best    5582.5
it  280000 T   0.680 step  0.66 cur    5571.6 best    5571.2
it  300000 T   0.440 step  0.50 cur    5562.0 best    5561.6
it  320000 T   0.285 step  0.36 cur    5549.5 best    5548.0
it  340000 T   0.184 step  0.23 cur    5537.2 best    5537.1
it  360000 T   0.119 step  0.20 cur    5533.3 best    5533.3
it  380000 T   0.077 step  0.20 cur    5531.9 best    5531.7
final exact cost 5530.1 (tracked 5530.1)
