it       0 T 300.000 step  4.00 cur    6800.0 best    6800.0
it   20000 T 194.184 step  3.70 cur   15419.4 best    6800.0
it   40000 T 125.692 step  3.42 cur   11476.3 best    6800.0
it   60000 T  81.358 step  3.13 cur    9310.3 best    6800.0
it   80000 T  52.661 step  2.86 cur    8362.3 best    6800.0
it  100000 T  34.087 step  2.60 cur    7913.6 best    6800.0
it  120000 T  22.064 step  2.34 cur    7712.6 best    6800.0
it  140000 T  14.281 step  2.10 cur    7105.9 best    6800.0
it  160000 T   9.244 step  1.86 cur    6948.9 best    6800.0
it  180000 T   5.983 step  1.63 cur    6779.5 best    6726.9
it  200000 T   3.873 step  1.41 cur    6733.4 best    6707.2
it  220000 T   2.507 step  1.21 cur    6692.4 best    6686.0
it  240000 T   1.623 step  1.01 cur    6629.1 best    6629.1
it  260000 T   1.050 step  0.83 cur    6605.7 best    6604.8
it  280000 T   0.680 step  0.66 cur    6575.3 best    6575.3
it  300000 T   0.440 step  0.50 cur    6558.9 best    6558.9
it  320000 T   0.285 step  0.36 cur    6545.3 best    6545.2
it  340000 T   0.184 step  0.23 cur    6530.9 best    6530.4
it  360000 T   0.119 step  0.20 cur    6523.6 best    6523.4
it  380000 T   0.077 step  0.20 cur    6521.1 best    6521.1
final exact cost 6518.4 (tracked 6518.4)
