it       0 T 300.000 step  4.00 cur    5727.0 best    5727.0
it   20000 T 194.184 step  3.70 cur   11545.8 best    5727.0
it   40000 T 125.692 step  3.42 cur    8224.3 best    5727.0
it   60000 T  81.358 step  3.13 cur    7092.0 best    5727.0
it   80000 T  52.661 step  2.86 cur    6676.6 best    5727.0
it  100000 T  34.087 step  2.60 cur    5763.5 best    5428.5
it  120000 T  22.064 step  2.34 cur    5214.1 best    5165.9
it  140000 T  14.281 step  2.10 cur    4822.5 best    4769.8
it  160000 T   9.244 step  1.86 cur    4751.5 best    4705.1
it  180000 T   5.983 step  1.63 cur    4699.8 best    4683.8
it  200000 T   3.873 step  1.41 cur    4606.2 best    4595.4
it  220000 T   2.507 step  1.21 cur    4551.7 best    4545.4
it  240000 T   1.623 step  1.01 cur    4500.9 best    4500.7
it  260000 T   1.050 step  0.83 cur    4482.8 best    4482.8
it  280000 T   0.680 step  0.66 cur    4471.5 best    4470.9
it  300000 T   0.440 step  0.50 cur    4468.5 best    4465.5
it  320000 T   0.285 step  0.36 cur    4461.1 best    4459.9
it  340000 T   0.184 step  0.23 cur    4450.3 best    4450.3
it  360000 T   0.119 step  0.20 cur    4441.5 best    4441.3
it  380000 T   0.077 step  0.20 cur    4438.1 best    4438.1
final exact cost 4436.7 (tracked 4436.7)
