it       0 T 300.000 step  4.00 cur    6119.9 best    6119.9
it   20000 T 194.184 step  3.70 cur   11857.7 best    6119.9
it   40000 T 125.692 step  3.42 cur    9965.0 best    6119.9
it   60000 T  81.358 step  3.13 cur    8587.3 best    6119.9
it   80000 T  52.661 step  2.86 cur    6802.3 best    6119.9
it  100000 T  34.087 step  2.60 cur    6545.1 best    6119.9
it  120000 T  22.064 step  2.34 cur    6086.6 best    6021.5
it  140000 T  14.281 step  2.10 cur    6012.7 best    5948.5
it  160000 T   9.244 step  1.86 cur    5845.5 best    5782.7
it  180000 T   5.983 step  1.63 cur    5734.5 best    5734.0
it  200000 T   3.873 step  1.41 cur    5692.1 best    5665.7
it  220000 T   2.507 step  1.21 cur    5647.1 best    5637.5
it  240000 T   1.623 step  1.01 cur    5633.8 best    5626.6
it  260000 T   1.050 step  0.83 cur    5608.1 best    5607.6
it  280000 T   0.680 step  0.66 cur    5599.7 best    5596.2
it  300000 T   0.440 step  0.50 cur    5575.9 best    5575.9
it  320000 T   0.285 step  0.36 cur    5563.0 best    5561.3
it  340000 T   0.184 step  0.23 cur    5559.6 best    5558.8
it  360000 T   0.119 step  0.20 cur    5554.8 best    5554.7
it  380000 T   0.077 step  0.20 cur    5550.4 best    5550.4
final exact cost 5548.8 (tracked 5548.8)
